Archive member included because of file (symbol)

c:/program files (x86)/atmel/studio/7.0/toolchain/avr32/avr32-gnu-toolchain/bin/../lib/gcc/avr32/4.4.7/../../../../avr32/lib/ucr2\libc.a(lib_a-memcpy.o)
                              src/ASF/avr32/drivers/flashc/flashc.o (memcpy)

Allocating common symbols
Common symbol       size              file

file_menu           0xc80             src/SDCard/sdcard.o
data_mem            0x201             src/ASF/avr32/components/memory/sd_mmc/sd_mmc_spi/sd_mmc_spi.o
capacity            0x8               src/ASF/avr32/components/memory/sd_mmc/sd_mmc_spi/sd_mmc_spi.o
file_name           0x24              src/SDCard/sdcard.o
capacity_mult       0x2               src/ASF/avr32/components/memory/sd_mmc/sd_mmc_spi/sd_mmc_spi.o
erase_group_size    0x2               src/ASF/avr32/components/memory/sd_mmc/sd_mmc_spi/sd_mmc_spi.o
FAT                 0x1               src/SDCard/sdcard.o
sd_mmc_spi_last_block_address
                    0x4               src/ASF/avr32/components/memory/sd_mmc/sd_mmc_spi/sd_mmc_spi.o
r2                  0x2               src/ASF/avr32/components/memory/sd_mmc/sd_mmc_spi/sd_mmc_spi.o
card_type           0x1               src/ASF/avr32/components/memory/sd_mmc/sd_mmc_spi/sd_mmc_spi.o
csd                 0x10              src/ASF/avr32/components/memory/sd_mmc/sd_mmc_spi/sd_mmc_spi.o
r1                  0x1               src/ASF/avr32/components/memory/sd_mmc/sd_mmc_spi/sd_mmc_spi.o

Discarded input sections

 .text          0x00000000        0x0 src/ASF/avr32/components/memory/sd_mmc/sd_mmc_spi/sd_mmc_spi.o
 .data          0x00000000        0x0 src/ASF/avr32/components/memory/sd_mmc/sd_mmc_spi/sd_mmc_spi.o
 .bss           0x00000000        0x0 src/ASF/avr32/components/memory/sd_mmc/sd_mmc_spi/sd_mmc_spi.o
 .text.sd_mmc_spi_write_close
                0x00000000        0x2 src/ASF/avr32/components/memory/sd_mmc/sd_mmc_spi/sd_mmc_spi.o
 .text.sd_mmc_spi_read_close_PDCA
                0x00000000       0x48 src/ASF/avr32/components/memory/sd_mmc/sd_mmc_spi/sd_mmc_spi.o
 .text.sd_mmc_spi_write_open
                0x00000000       0x1c src/ASF/avr32/components/memory/sd_mmc/sd_mmc_spi/sd_mmc_spi.o
 .text.sd_mmc_spi_read_close
                0x00000000        0xc src/ASF/avr32/components/memory/sd_mmc/sd_mmc_spi/sd_mmc_spi.o
 .text.sd_mmc_spi_read_open
                0x00000000       0x1c src/ASF/avr32/components/memory/sd_mmc/sd_mmc_spi/sd_mmc_spi.o
 .text.sd_mmc_spi_get_status
                0x00000000       0xd0 src/ASF/avr32/components/memory/sd_mmc/sd_mmc_spi/sd_mmc_spi.o
 .text.is_sd_mmc_spi_write_pwd_locked
                0x00000000       0x40 src/ASF/avr32/components/memory/sd_mmc/sd_mmc_spi/sd_mmc_spi.o
 .text.sd_mmc_spi_erase_sector_group
                0x00000000      0x118 src/ASF/avr32/components/memory/sd_mmc/sd_mmc_spi/sd_mmc_spi.o
 .text.sd_mmc_spi_write_sector_from_ram
                0x00000000      0x160 src/ASF/avr32/components/memory/sd_mmc/sd_mmc_spi/sd_mmc_spi.o
 .text.sd_mmc_spi_read_open_PDCA
                0x00000000       0xdc src/ASF/avr32/components/memory/sd_mmc/sd_mmc_spi/sd_mmc_spi.o
 .text.sd_mmc_spi_lock_operation
                0x00000000      0x1a8 src/ASF/avr32/components/memory/sd_mmc/sd_mmc_spi/sd_mmc_spi.o
 .text.sd_mmc_spi_read_sector_to_ram
                0x00000000      0x164 src/ASF/avr32/components/memory/sd_mmc/sd_mmc_spi/sd_mmc_spi.o
 .text.sd_mmc_spi_get_cid
                0x00000000       0xfc src/ASF/avr32/components/memory/sd_mmc/sd_mmc_spi/sd_mmc_spi.o
 .text.sd_mmc_spi_write_multiple_sector
                0x00000000       0x30 src/ASF/avr32/components/memory/sd_mmc/sd_mmc_spi/sd_mmc_spi.o
 .text.sd_mmc_spi_read_multiple_sector
                0x00000000       0x30 src/ASF/avr32/components/memory/sd_mmc/sd_mmc_spi/sd_mmc_spi.o
 .text.sd_mmc_spi_mem_check
                0x00000000       0x28 src/ASF/avr32/components/memory/sd_mmc/sd_mmc_spi/sd_mmc_spi.o
 .bss.gl_ptr_mem
                0x00000000        0x8 src/ASF/avr32/components/memory/sd_mmc/sd_mmc_spi/sd_mmc_spi.o
 .bss.sector_buf
                0x00000000      0x200 src/ASF/avr32/components/memory/sd_mmc/sd_mmc_spi/sd_mmc_spi.o
 .text          0x00000000        0x0 src/ASF/avr32/components/memory/sd_mmc/sd_mmc_spi/sd_mmc_spi_mem.o
 .data          0x00000000        0x0 src/ASF/avr32/components/memory/sd_mmc/sd_mmc_spi/sd_mmc_spi_mem.o
 .bss           0x00000000        0x0 src/ASF/avr32/components/memory/sd_mmc/sd_mmc_spi/sd_mmc_spi_mem.o
 .debug_abbrev  0x00000000       0xf7 src/ASF/avr32/components/memory/sd_mmc/sd_mmc_spi/sd_mmc_spi_mem.o
 .debug_info    0x00000000      0x195 src/ASF/avr32/components/memory/sd_mmc/sd_mmc_spi/sd_mmc_spi_mem.o
 .debug_line    0x00000000      0x7d3 src/ASF/avr32/components/memory/sd_mmc/sd_mmc_spi/sd_mmc_spi_mem.o
 .debug_macinfo
                0x00000000    0xe3297 src/ASF/avr32/components/memory/sd_mmc/sd_mmc_spi/sd_mmc_spi_mem.o
 .text.sd_mmc_spi_wr_protect
                0x00000000        0x2 src/ASF/avr32/components/memory/sd_mmc/sd_mmc_spi/sd_mmc_spi_mem.o
 .text.sd_mmc_spi_removal
                0x00000000        0x2 src/ASF/avr32/components/memory/sd_mmc/sd_mmc_spi/sd_mmc_spi_mem.o
 .text.sd_mmc_spi_test_unit_ready
                0x00000000       0x6c src/ASF/avr32/components/memory/sd_mmc/sd_mmc_spi/sd_mmc_spi_mem.o
 .text.sd_mmc_spi_mem_init
                0x00000000        0xc src/ASF/avr32/components/memory/sd_mmc/sd_mmc_spi/sd_mmc_spi_mem.o
 .text.sd_mmc_spi_read_capacity
                0x00000000       0x40 src/ASF/avr32/components/memory/sd_mmc/sd_mmc_spi/sd_mmc_spi_mem.o
 .data.sd_mmc_spi_presence_status
                0x00000000        0x1 src/ASF/avr32/components/memory/sd_mmc/sd_mmc_spi/sd_mmc_spi_mem.o
 .debug_frame   0x00000000       0x7c src/ASF/avr32/components/memory/sd_mmc/sd_mmc_spi/sd_mmc_spi_mem.o
 .debug_loc     0x00000000       0x7b src/ASF/avr32/components/memory/sd_mmc/sd_mmc_spi/sd_mmc_spi_mem.o
 .debug_pubnames
                0x00000000       0xb6 src/ASF/avr32/components/memory/sd_mmc/sd_mmc_spi/sd_mmc_spi_mem.o
 .debug_aranges
                0x00000000       0x40 src/ASF/avr32/components/memory/sd_mmc/sd_mmc_spi/sd_mmc_spi_mem.o
 .debug_ranges  0x00000000       0x38 src/ASF/avr32/components/memory/sd_mmc/sd_mmc_spi/sd_mmc_spi_mem.o
 .debug_str     0x00000000      0x236 src/ASF/avr32/components/memory/sd_mmc/sd_mmc_spi/sd_mmc_spi_mem.o
 .comment       0x00000000       0x31 src/ASF/avr32/components/memory/sd_mmc/sd_mmc_spi/sd_mmc_spi_mem.o
 .text          0x00000000        0x0 src/ASF/avr32/drivers/flashc/flashc.o
 .data          0x00000000        0x0 src/ASF/avr32/drivers/flashc/flashc.o
 .bss           0x00000000        0x0 src/ASF/avr32/drivers/flashc/flashc.o
 .text.flashc_get_flash_size
                0x00000000       0x34 src/ASF/avr32/drivers/flashc/flashc.o
 .text.flashc_get_page_count
                0x00000000       0x10 src/ASF/avr32/drivers/flashc/flashc.o
 .text.flashc_get_page_count_per_region
                0x00000000       0x10 src/ASF/avr32/drivers/flashc/flashc.o
 .text.flashc_get_region_first_page_number
                0x00000000       0x14 src/ASF/avr32/drivers/flashc/flashc.o
 .text.flashc_get_wait_state
                0x00000000        0xc src/ASF/avr32/drivers/flashc/flashc.o
 .text.flashc_set_bus_freq
                0x00000000       0x24 src/ASF/avr32/drivers/flashc/flashc.o
 .text.flashc_is_ready_int_enabled
                0x00000000        0xc src/ASF/avr32/drivers/flashc/flashc.o
 .text.flashc_enable_ready_int
                0x00000000        0xe src/ASF/avr32/drivers/flashc/flashc.o
 .text.flashc_is_lock_error_int_enabled
                0x00000000        0xc src/ASF/avr32/drivers/flashc/flashc.o
 .text.flashc_enable_lock_error_int
                0x00000000        0xe src/ASF/avr32/drivers/flashc/flashc.o
 .text.flashc_is_prog_error_int_enabled
                0x00000000        0xc src/ASF/avr32/drivers/flashc/flashc.o
 .text.flashc_enable_prog_error_int
                0x00000000        0xe src/ASF/avr32/drivers/flashc/flashc.o
 .text.flashc_is_ready
                0x00000000        0xc src/ASF/avr32/drivers/flashc/flashc.o
 .text.flashc_default_wait_until_ready
                0x00000000       0x10 src/ASF/avr32/drivers/flashc/flashc.o
 .text.flashc_is_lock_error
                0x00000000       0x10 src/ASF/avr32/drivers/flashc/flashc.o
 .text.flashc_is_programming_error
                0x00000000       0x10 src/ASF/avr32/drivers/flashc/flashc.o
 .text.flashc_get_command
                0x00000000        0xc src/ASF/avr32/drivers/flashc/flashc.o
 .text.flashc_get_page_number
                0x00000000        0xc src/ASF/avr32/drivers/flashc/flashc.o
 .text.flashc_get_page_region
                0x00000000       0x28 src/ASF/avr32/drivers/flashc/flashc.o
 .text.flashc_issue_command
                0x00000000       0x48 src/ASF/avr32/drivers/flashc/flashc.o
 .text.flashc_no_operation
                0x00000000       0x10 src/ASF/avr32/drivers/flashc/flashc.o
 .text.flashc_erase_all
                0x00000000       0x10 src/ASF/avr32/drivers/flashc/flashc.o
 .text.flashc_is_security_bit_active
                0x00000000        0xc src/ASF/avr32/drivers/flashc/flashc.o
 .text.flashc_activate_security_bit
                0x00000000       0x10 src/ASF/avr32/drivers/flashc/flashc.o
 .text.flashc_is_region_locked
                0x00000000       0x1a src/ASF/avr32/drivers/flashc/flashc.o
 .text.flashc_is_page_region_locked
                0x00000000       0x14 src/ASF/avr32/drivers/flashc/flashc.o
 .text.flashc_lock_page_region
                0x00000000       0x1c src/ASF/avr32/drivers/flashc/flashc.o
 .text.flashc_lock_region
                0x00000000       0x1c src/ASF/avr32/drivers/flashc/flashc.o
 .text.flashc_lock_all_regions
                0x00000000       0x2c src/ASF/avr32/drivers/flashc/flashc.o
 .text.flashc_read_all_gp_fuses
                0x00000000       0x26 src/ASF/avr32/drivers/flashc/flashc.o
 .text.flashc_read_gp_fuse_byte
                0x00000000       0x44 src/ASF/avr32/drivers/flashc/flashc.o
 .text.flashc_read_gp_fuse_bitfield
                0x00000000       0x74 src/ASF/avr32/drivers/flashc/flashc.o
 .text.flashc_get_bootloader_protected_size
                0x00000000       0x20 src/ASF/avr32/drivers/flashc/flashc.o
 .text.flashc_read_gp_fuse_bit
                0x00000000       0x3c src/ASF/avr32/drivers/flashc/flashc.o
 .text.flashc_is_external_privileged_fetch_locked
                0x00000000       0x14 src/ASF/avr32/drivers/flashc/flashc.o
 .text.flashc_erase_gp_fuse_bit
                0x00000000       0x2c src/ASF/avr32/drivers/flashc/flashc.o
 .text.flashc_erase_gp_fuse_bitfield
                0x00000000       0x8c src/ASF/avr32/drivers/flashc/flashc.o
 .text.flashc_erase_all_gp_fuses
                0x00000000       0x30 src/ASF/avr32/drivers/flashc/flashc.o
 .text.flashc_write_gp_fuse_bit
                0x00000000       0x18 src/ASF/avr32/drivers/flashc/flashc.o
 .text.flashc_write_gp_fuse_bitfield
                0x00000000       0x4c src/ASF/avr32/drivers/flashc/flashc.o
 .text.flashc_write_gp_fuse_byte
                0x00000000       0x18 src/ASF/avr32/drivers/flashc/flashc.o
 .text.flashc_erase_gp_fuse_byte
                0x00000000       0x74 src/ASF/avr32/drivers/flashc/flashc.o
 .text.flashc_write_all_gp_fuses
                0x00000000       0x3c src/ASF/avr32/drivers/flashc/flashc.o
 .text.flashc_set_gp_fuse_bit
                0x00000000       0x20 src/ASF/avr32/drivers/flashc/flashc.o
 .text.flashc_lock_external_privileged_fetch
                0x00000000       0x18 src/ASF/avr32/drivers/flashc/flashc.o
 .text.flashc_set_gp_fuse_bitfield
                0x00000000       0x4c src/ASF/avr32/drivers/flashc/flashc.o
 .text.flashc_set_gp_fuse_byte
                0x00000000       0x4c src/ASF/avr32/drivers/flashc/flashc.o
 .text.flashc_set_all_gp_fuses
                0x00000000       0x54 src/ASF/avr32/drivers/flashc/flashc.o
 .text.flashc_clear_page_buffer
                0x00000000       0x10 src/ASF/avr32/drivers/flashc/flashc.o
 .text.flashc_is_page_erased
                0x00000000        0xc src/ASF/avr32/drivers/flashc/flashc.o
 .text.flashc_quick_page_read
                0x00000000       0x18 src/ASF/avr32/drivers/flashc/flashc.o
 .text.flashc_erase_page
                0x00000000       0x38 src/ASF/avr32/drivers/flashc/flashc.o
 .text.flashc_erase_all_pages
                0x00000000       0x48 src/ASF/avr32/drivers/flashc/flashc.o
 .text.flashc_write_page
                0x00000000       0x10 src/ASF/avr32/drivers/flashc/flashc.o
 .text.flashc_quick_user_page_read
                0x00000000       0x18 src/ASF/avr32/drivers/flashc/flashc.o
 .text.flashc_erase_user_page
                0x00000000       0x28 src/ASF/avr32/drivers/flashc/flashc.o
 .text.flashc_write_user_page
                0x00000000       0x10 src/ASF/avr32/drivers/flashc/flashc.o
 .text.flashc_memset64
                0x00000000      0x238 src/ASF/avr32/drivers/flashc/flashc.o
 .text.flashc_memset32
                0x00000000       0x20 src/ASF/avr32/drivers/flashc/flashc.o
 .text.flashc_memset16
                0x00000000       0x10 src/ASF/avr32/drivers/flashc/flashc.o
 .text.flashc_memset8
                0x00000000       0x14 src/ASF/avr32/drivers/flashc/flashc.o
 .text.flashc_memcpy
                0x00000000       0xfc src/ASF/avr32/drivers/flashc/flashc.o
 .text.flashc_set_bootloader_protected_size
                0x00000000       0x80 src/ASF/avr32/drivers/flashc/flashc.o
 .rodata.C.36.10254
                0x00000000       0x10 src/ASF/avr32/drivers/flashc/flashc.o
 .data.flashc_wait_until_ready
                0x00000000        0x4 src/ASF/avr32/drivers/flashc/flashc.o
 .bss.flashc_error_status
                0x00000000        0x4 src/ASF/avr32/drivers/flashc/flashc.o
 .text          0x00000000        0x0 src/ASF/avr32/drivers/gpio/gpio.o
 .data          0x00000000        0x0 src/ASF/avr32/drivers/gpio/gpio.o
 .bss           0x00000000        0x0 src/ASF/avr32/drivers/gpio/gpio.o
 .text.gpio_enable_gpio_pin
                0x00000000       0x18 src/ASF/avr32/drivers/gpio/gpio.o
 .text.gpio_enable_gpio
                0x00000000       0x28 src/ASF/avr32/drivers/gpio/gpio.o
 .text.gpio_disable_pin_pull_up
                0x00000000       0x16 src/ASF/avr32/drivers/gpio/gpio.o
 .text.gpio_configure_pin
                0x00000000       0xb8 src/ASF/avr32/drivers/gpio/gpio.o
 .text.gpio_configure_group
                0x00000000       0x6e src/ASF/avr32/drivers/gpio/gpio.o
 .text.gpio_get_pin_value
                0x00000000       0x16 src/ASF/avr32/drivers/gpio/gpio.o
 .text.gpio_get_gpio_pin_output_value
                0x00000000       0x16 src/ASF/avr32/drivers/gpio/gpio.o
 .text.gpio_get_gpio_open_drain_pin_output_value
                0x00000000       0x1a src/ASF/avr32/drivers/gpio/gpio.o
 .text.gpio_set_pin_high
                0x00000000       0x16 src/ASF/avr32/drivers/gpio/gpio.o
 .text.gpio_set_group_high
                0x00000000        0xc src/ASF/avr32/drivers/gpio/gpio.o
 .text.gpio_set_pin_low
                0x00000000       0x16 src/ASF/avr32/drivers/gpio/gpio.o
 .text.gpio_set_group_low
                0x00000000        0xc src/ASF/avr32/drivers/gpio/gpio.o
 .text.gpio_tgl_gpio_pin
                0x00000000       0x1c src/ASF/avr32/drivers/gpio/gpio.o
 .text.gpio_toggle_pin
                0x00000000       0x16 src/ASF/avr32/drivers/gpio/gpio.o
 .text.gpio_toggle_group
                0x00000000        0xc src/ASF/avr32/drivers/gpio/gpio.o
 .text.gpio_set_gpio_open_drain_pin
                0x00000000       0x18 src/ASF/avr32/drivers/gpio/gpio.o
 .text.gpio_clr_gpio_open_drain_pin
                0x00000000       0x1c src/ASF/avr32/drivers/gpio/gpio.o
 .text.gpio_tgl_gpio_open_drain_pin
                0x00000000       0x1c src/ASF/avr32/drivers/gpio/gpio.o
 .text.gpio_disable_pin_glitch_filter
                0x00000000       0x16 src/ASF/avr32/drivers/gpio/gpio.o
 .text.gpio_disable_pin_interrupt
                0x00000000       0x16 src/ASF/avr32/drivers/gpio/gpio.o
 .text.gpio_clear_pin_interrupt_flag
                0x00000000       0x16 src/ASF/avr32/drivers/gpio/gpio.o
 .text          0x00000000        0x0 src/ASF/avr32/drivers/intc/exception.o
 .data          0x00000000        0x0 src/ASF/avr32/drivers/intc/exception.o
 .bss           0x00000000        0x0 src/ASF/avr32/drivers/intc/exception.o
 .text          0x00000000        0x0 src/ASF/avr32/drivers/intc/intc.o
 .data          0x00000000        0x0 src/ASF/avr32/drivers/intc/intc.o
 .bss           0x00000000        0x0 src/ASF/avr32/drivers/intc/intc.o
 .text          0x00000000        0x0 src/ASF/avr32/drivers/pm/pm.o
 .data          0x00000000        0x0 src/ASF/avr32/drivers/pm/pm.o
 .bss           0x00000000        0x0 src/ASF/avr32/drivers/pm/pm.o
 .text.pm_enable_osc0_ext_clock
                0x00000000       0x10 src/ASF/avr32/drivers/pm/pm.o
 .text.pm_disable_clk0
                0x00000000        0x8 src/ASF/avr32/drivers/pm/pm.o
 .text.pm_set_osc1_mode
                0x00000000        0xa src/ASF/avr32/drivers/pm/pm.o
 .text.pm_enable_osc1_ext_clock
                0x00000000       0x10 src/ASF/avr32/drivers/pm/pm.o
 .text.pm_enable_osc1_crystal
                0x00000000       0x3c src/ASF/avr32/drivers/pm/pm.o
 .text.pm_disable_clk1
                0x00000000        0x8 src/ASF/avr32/drivers/pm/pm.o
 .text.pm_enable_clk1_no_wait
                0x00000000       0x10 src/ASF/avr32/drivers/pm/pm.o
 .text.pm_wait_for_clk1_ready
                0x00000000        0xa src/ASF/avr32/drivers/pm/pm.o
 .text.pm_enable_clk1
                0x00000000       0x1c src/ASF/avr32/drivers/pm/pm.o
 .text.pm_set_osc32_mode
                0x00000000        0xa src/ASF/avr32/drivers/pm/pm.o
 .text.pm_enable_osc32_ext_clock
                0x00000000       0x10 src/ASF/avr32/drivers/pm/pm.o
 .text.pm_enable_osc32_crystal
                0x00000000       0x10 src/ASF/avr32/drivers/pm/pm.o
 .text.pm_disable_clk32
                0x00000000        0x8 src/ASF/avr32/drivers/pm/pm.o
 .text.pm_enable_clk32_no_wait
                0x00000000       0x10 src/ASF/avr32/drivers/pm/pm.o
 .text.pm_wait_for_clk32_ready
                0x00000000        0xa src/ASF/avr32/drivers/pm/pm.o
 .text.pm_enable_clk32
                0x00000000       0x1c src/ASF/avr32/drivers/pm/pm.o
 .text.pm_cksel_get
                0x00000000        0x6 src/ASF/avr32/drivers/pm/pm.o
 .text.pm_cksel_set
                0x00000000        0xc src/ASF/avr32/drivers/pm/pm.o
 .text.pm_gc_setup
                0x00000000       0x22 src/ASF/avr32/drivers/pm/pm.o
 .text.pm_gc_enable
                0x00000000        0xe src/ASF/avr32/drivers/pm/pm.o
 .text.pm_gc_disable
                0x00000000        0xe src/ASF/avr32/drivers/pm/pm.o
 .text.pm_pll_get_option
                0x00000000        0xc src/ASF/avr32/drivers/pm/pm.o
 .text.pm_pll_disable
                0x00000000        0xe src/ASF/avr32/drivers/pm/pm.o
 .text.pm_wait_for_pll1_locked
                0x00000000        0xa src/ASF/avr32/drivers/pm/pm.o
 .text.pm_get_clock
                0x00000000        0x8 src/ASF/avr32/drivers/pm/pm.o
 .text.pm_bod_enable_irq
                0x00000000        0xa src/ASF/avr32/drivers/pm/pm.o
 .text.pm_bod_clear_irq
                0x00000000        0xa src/ASF/avr32/drivers/pm/pm.o
 .text.pm_bod_get_irq_status
                0x00000000        0x8 src/ASF/avr32/drivers/pm/pm.o
 .text.pm_bod_get_irq_enable_bit
                0x00000000        0x8 src/ASF/avr32/drivers/pm/pm.o
 .text.pm_bod_get_level
                0x00000000        0xa src/ASF/avr32/drivers/pm/pm.o
 .text.pm_read_gplp
                0x00000000        0x8 src/ASF/avr32/drivers/pm/pm.o
 .text.pm_write_gplp
                0x00000000        0x8 src/ASF/avr32/drivers/pm/pm.o
 .text.pm_enable_module
                0x00000000       0x1a src/ASF/avr32/drivers/pm/pm.o
 .text.pm_disable_module
                0x00000000       0x1c src/ASF/avr32/drivers/pm/pm.o
 .text.pm_bod_disable_irq
                0x00000000       0x26 src/ASF/avr32/drivers/pm/pm.o
 .text          0x00000000        0x0 src/ASF/avr32/drivers/pm/pm_conf_clocks.o
 .data          0x00000000        0x0 src/ASF/avr32/drivers/pm/pm_conf_clocks.o
 .bss           0x00000000        0x0 src/ASF/avr32/drivers/pm/pm_conf_clocks.o
 .debug_abbrev  0x00000000      0x185 src/ASF/avr32/drivers/pm/pm_conf_clocks.o
 .debug_info    0x00000000      0xf50 src/ASF/avr32/drivers/pm/pm_conf_clocks.o
 .debug_line    0x00000000      0x6b5 src/ASF/avr32/drivers/pm/pm_conf_clocks.o
 .debug_macinfo
                0x00000000    0xe0ae3 src/ASF/avr32/drivers/pm/pm_conf_clocks.o
 .text.pm_configure_usb_clock
                0x00000000       0x70 src/ASF/avr32/drivers/pm/pm_conf_clocks.o
 .text.pm_configure_clocks
                0x00000000      0x1d4 src/ASF/avr32/drivers/pm/pm_conf_clocks.o
 .debug_frame   0x00000000       0x7c src/ASF/avr32/drivers/pm/pm_conf_clocks.o
 .debug_loc     0x00000000      0x232 src/ASF/avr32/drivers/pm/pm_conf_clocks.o
 .debug_pubnames
                0x00000000       0x45 src/ASF/avr32/drivers/pm/pm_conf_clocks.o
 .debug_aranges
                0x00000000       0x28 src/ASF/avr32/drivers/pm/pm_conf_clocks.o
 .debug_ranges  0x00000000       0x20 src/ASF/avr32/drivers/pm/pm_conf_clocks.o
 .debug_str     0x00000000      0x51d src/ASF/avr32/drivers/pm/pm_conf_clocks.o
 .comment       0x00000000       0x31 src/ASF/avr32/drivers/pm/pm_conf_clocks.o
 .text          0x00000000        0x0 src/ASF/avr32/drivers/pm/power_clocks_lib.o
 .data          0x00000000        0x0 src/ASF/avr32/drivers/pm/power_clocks_lib.o
 .bss           0x00000000        0x0 src/ASF/avr32/drivers/pm/power_clocks_lib.o
 .debug_abbrev  0x00000000      0x1cd src/ASF/avr32/drivers/pm/power_clocks_lib.o
 .debug_info    0x00000000      0xf89 src/ASF/avr32/drivers/pm/power_clocks_lib.o
 .debug_line    0x00000000      0x6a9 src/ASF/avr32/drivers/pm/power_clocks_lib.o
 .debug_macinfo
                0x00000000    0xe0b72 src/ASF/avr32/drivers/pm/power_clocks_lib.o
 .text.pcl_read_gplp
                0x00000000       0x14 src/ASF/avr32/drivers/pm/power_clocks_lib.o
 .text.pcl_write_gplp
                0x00000000       0x14 src/ASF/avr32/drivers/pm/power_clocks_lib.o
 .text.pcl_configure_usb_clock
                0x00000000        0xc src/ASF/avr32/drivers/pm/power_clocks_lib.o
 .text.pcl_switch_to_osc
                0x00000000       0x1c src/ASF/avr32/drivers/pm/power_clocks_lib.o
 .text.pcl_configure_clocks
                0x00000000        0xc src/ASF/avr32/drivers/pm/power_clocks_lib.o
 .debug_frame   0x00000000       0x88 src/ASF/avr32/drivers/pm/power_clocks_lib.o
 .debug_loc     0x00000000      0x12b src/ASF/avr32/drivers/pm/power_clocks_lib.o
 .debug_pubnames
                0x00000000       0x82 src/ASF/avr32/drivers/pm/power_clocks_lib.o
 .debug_aranges
                0x00000000       0x40 src/ASF/avr32/drivers/pm/power_clocks_lib.o
 .debug_ranges  0x00000000       0x38 src/ASF/avr32/drivers/pm/power_clocks_lib.o
 .debug_str     0x00000000      0x52a src/ASF/avr32/drivers/pm/power_clocks_lib.o
 .comment       0x00000000       0x31 src/ASF/avr32/drivers/pm/power_clocks_lib.o
 .text          0x00000000        0x0 src/ASF/avr32/drivers/pwm/pwm.o
 .data          0x00000000        0x0 src/ASF/avr32/drivers/pwm/pwm.o
 .bss           0x00000000        0x0 src/ASF/avr32/drivers/pwm/pwm.o
 .text.pwm_stop_channels
                0x00000000       0x12 src/ASF/avr32/drivers/pwm/pwm.o
 .text.pwm_sync_update_channel
                0x00000000       0x38 src/ASF/avr32/drivers/pwm/pwm.o
 .text.pwm_async_update_channel
                0x00000000       0x28 src/ASF/avr32/drivers/pwm/pwm.o
 .text          0x00000000        0x0 src/ASF/avr32/drivers/spi/spi.o
 .data          0x00000000        0x0 src/ASF/avr32/drivers/spi/spi.o
 .bss           0x00000000        0x0 src/ASF/avr32/drivers/spi/spi.o
 .text.spi_initSlave
                0x00000000       0x46 src/ASF/avr32/drivers/spi/spi.o
 .text.spi_initTest
                0x00000000       0x10 src/ASF/avr32/drivers/spi/spi.o
 .text.spi_disable
                0x00000000        0x6 src/ASF/avr32/drivers/spi/spi.o
 .text.spi_is_enabled
                0x00000000        0x8 src/ASF/avr32/drivers/spi/spi.o
 .text.spi_writeRegisterEmptyCheck
                0x00000000        0x8 src/ASF/avr32/drivers/spi/spi.o
 .text.spi_variableSlaveWrite
                0x00000000       0x40 src/ASF/avr32/drivers/spi/spi.o
 .text.spi_writeEndCheck
                0x00000000        0x8 src/ASF/avr32/drivers/spi/spi.o
 .text.spi_readRegisterFullCheck
                0x00000000        0x8 src/ASF/avr32/drivers/spi/spi.o
 .text.spi_getStatus
                0x00000000       0x2c src/ASF/avr32/drivers/spi/spi.o
 .text          0x00000000        0x0 src/ASF/avr32/drivers/tc/tc.o
 .data          0x00000000        0x0 src/ASF/avr32/drivers/tc/tc.o
 .bss           0x00000000        0x0 src/ASF/avr32/drivers/tc/tc.o
 .debug_abbrev  0x00000000      0x25c src/ASF/avr32/drivers/tc/tc.o
 .debug_info    0x00000000     0x1183 src/ASF/avr32/drivers/tc/tc.o
 .debug_line    0x00000000      0x79d src/ASF/avr32/drivers/tc/tc.o
 .debug_macinfo
                0x00000000    0xe130c src/ASF/avr32/drivers/tc/tc.o
 .text.tc_get_interrupt_settings
                0x00000000       0x12 src/ASF/avr32/drivers/tc/tc.o
 .text.tc_select_external_clock
                0x00000000       0x2e src/ASF/avr32/drivers/tc/tc.o
 .text.tc_init_capture
                0x00000000       0x58 src/ASF/avr32/drivers/tc/tc.o
 .text.tc_init_waveform
                0x00000000       0x9c src/ASF/avr32/drivers/tc/tc.o
 .text.tc_start
                0x00000000       0x12 src/ASF/avr32/drivers/tc/tc.o
 .text.tc_stop  0x00000000       0x12 src/ASF/avr32/drivers/tc/tc.o
 .text.tc_software_trigger
                0x00000000       0x12 src/ASF/avr32/drivers/tc/tc.o
 .text.tc_sync_trigger
                0x00000000        0x8 src/ASF/avr32/drivers/tc/tc.o
 .text.tc_sync_start
                0x00000000       0x12 src/ASF/avr32/drivers/tc/tc.o
 .text.tc_read_sr
                0x00000000       0x12 src/ASF/avr32/drivers/tc/tc.o
 .text.tc_read_tc
                0x00000000       0x16 src/ASF/avr32/drivers/tc/tc.o
 .text.tc_read_ra
                0x00000000       0x16 src/ASF/avr32/drivers/tc/tc.o
 .text.tc_read_rb
                0x00000000       0x16 src/ASF/avr32/drivers/tc/tc.o
 .text.tc_read_rc
                0x00000000       0x16 src/ASF/avr32/drivers/tc/tc.o
 .text.tc_write_ra
                0x00000000       0x34 src/ASF/avr32/drivers/tc/tc.o
 .text.tc_write_rb
                0x00000000       0x34 src/ASF/avr32/drivers/tc/tc.o
 .text.tc_write_rc
                0x00000000       0x34 src/ASF/avr32/drivers/tc/tc.o
 .text.tc_configure_interrupts
                0x00000000      0x108 src/ASF/avr32/drivers/tc/tc.o
 .debug_frame   0x00000000      0x148 src/ASF/avr32/drivers/tc/tc.o
 .debug_loc     0x00000000      0x3ff src/ASF/avr32/drivers/tc/tc.o
 .debug_pubnames
                0x00000000      0x164 src/ASF/avr32/drivers/tc/tc.o
 .debug_aranges
                0x00000000       0xa8 src/ASF/avr32/drivers/tc/tc.o
 .debug_ranges  0x00000000       0xa0 src/ASF/avr32/drivers/tc/tc.o
 .debug_str     0x00000000      0x4c3 src/ASF/avr32/drivers/tc/tc.o
 .comment       0x00000000       0x31 src/ASF/avr32/drivers/tc/tc.o
 .text          0x00000000        0x0 src/ASF/avr32/utils/startup/startup_uc3.o
 .data          0x00000000        0x0 src/ASF/avr32/utils/startup/startup_uc3.o
 .bss           0x00000000        0x0 src/ASF/avr32/utils/startup/startup_uc3.o
 .reset         0x00000000        0x8 src/ASF/avr32/utils/startup/startup_uc3.o
 .text          0x00000000        0x0 src/ASF/avr32/utils/startup/trampoline_uc3.o
 .data          0x00000000        0x0 src/ASF/avr32/utils/startup/trampoline_uc3.o
 .bss           0x00000000        0x0 src/ASF/avr32/utils/startup/trampoline_uc3.o
 .text          0x00000000        0x0 src/ASF/common/services/storage/ctrl_access/ctrl_access.o
 .data          0x00000000        0x0 src/ASF/common/services/storage/ctrl_access/ctrl_access.o
 .bss           0x00000000        0x0 src/ASF/common/services/storage/ctrl_access/ctrl_access.o
 .debug_abbrev  0x00000000      0x152 src/ASF/common/services/storage/ctrl_access/ctrl_access.o
 .debug_info    0x00000000      0x3b3 src/ASF/common/services/storage/ctrl_access/ctrl_access.o
 .debug_line    0x00000000      0x7d4 src/ASF/common/services/storage/ctrl_access/ctrl_access.o
 .debug_macinfo
                0x00000000    0xe2cab src/ASF/common/services/storage/ctrl_access/ctrl_access.o
 .text.get_nb_lun
                0x00000000        0x2 src/ASF/common/services/storage/ctrl_access/ctrl_access.o
 .text.get_cur_lun
                0x00000000        0x2 src/ASF/common/services/storage/ctrl_access/ctrl_access.o
 .text.mem_test_unit_ready
                0x00000000       0x14 src/ASF/common/services/storage/ctrl_access/ctrl_access.o
 .text.mem_read_capacity
                0x00000000       0x18 src/ASF/common/services/storage/ctrl_access/ctrl_access.o
 .text.mem_sector_size
                0x00000000        0x6 src/ASF/common/services/storage/ctrl_access/ctrl_access.o
 .text.mem_unload
                0x00000000       0x24 src/ASF/common/services/storage/ctrl_access/ctrl_access.o
 .text.mem_wr_protect
                0x00000000       0x14 src/ASF/common/services/storage/ctrl_access/ctrl_access.o
 .text.mem_removal
                0x00000000       0x14 src/ASF/common/services/storage/ctrl_access/ctrl_access.o
 .text.mem_name
                0x00000000       0x10 src/ASF/common/services/storage/ctrl_access/ctrl_access.o
 .rodata.lun_desc
                0x00000000       0x18 src/ASF/common/services/storage/ctrl_access/ctrl_access.o
 .rodata.str1.4
                0x00000000       0x18 src/ASF/common/services/storage/ctrl_access/ctrl_access.o
 .debug_frame   0x00000000       0xc8 src/ASF/common/services/storage/ctrl_access/ctrl_access.o
 .debug_loc     0x00000000      0x208 src/ASF/common/services/storage/ctrl_access/ctrl_access.o
 .debug_pubnames
                0x00000000       0xb2 src/ASF/common/services/storage/ctrl_access/ctrl_access.o
 .debug_aranges
                0x00000000       0x60 src/ASF/common/services/storage/ctrl_access/ctrl_access.o
 .debug_ranges  0x00000000       0x58 src/ASF/common/services/storage/ctrl_access/ctrl_access.o
 .debug_str     0x00000000      0x250 src/ASF/common/services/storage/ctrl_access/ctrl_access.o
 .comment       0x00000000       0x31 src/ASF/common/services/storage/ctrl_access/ctrl_access.o
 .text          0x00000000        0x0 src/audio/audio.o
 .data          0x00000000        0x0 src/audio/audio.o
 .bss           0x00000000        0x0 src/audio/audio.o
 .debug_abbrev  0x00000000      0x177 src/audio/audio.o
 .debug_info    0x00000000     0x1543 src/audio/audio.o
 .debug_line    0x00000000      0x930 src/audio/audio.o
 .debug_macinfo
                0x00000000    0xe429b src/audio/audio.o
 .text.freq_stop
                0x00000000       0x14 src/audio/audio.o
 .text.freq_start
                0x00000000       0x2c src/audio/audio.o
 .text.audio_set_output
                0x00000000       0x98 src/audio/audio.o
 .text.tc0_irq  0x00000000       0x50 src/audio/audio.o
 .text.tc1_irq  0x00000000       0x20 src/audio/audio.o
 .text.audio_set_volume
                0x00000000       0x58 src/audio/audio.o
 .bss.i         0x00000000        0x2 src/audio/audio.o
 .bss.j         0x00000000        0x2 src/audio/audio.o
 .data.sineTable
                0x00000000      0x19e src/audio/audio.o
 .bss.audioL    0x00000000        0x2 src/audio/audio.o
 .bss.audioR    0x00000000        0x2 src/audio/audio.o
 .debug_frame   0x00000000       0xa8 src/audio/audio.o
 .debug_loc     0x00000000      0x127 src/audio/audio.o
 .debug_pubnames
                0x00000000       0xa1 src/audio/audio.o
 .debug_aranges
                0x00000000       0x48 src/audio/audio.o
 .debug_ranges  0x00000000       0x40 src/audio/audio.o
 .debug_str     0x00000000      0x55c src/audio/audio.o
 .comment       0x00000000       0x31 src/audio/audio.o
 .text          0x00000000        0x0 src/GFX/fonts.o
 .data          0x00000000        0x0 src/GFX/fonts.o
 .bss           0x00000000        0x0 src/GFX/fonts.o
 .rodata.Button
                0x00000000      0xe80 src/GFX/fonts.o
 .rodata.Digit  0x00000000      0x1e0 src/GFX/fonts.o
 .rodata.Logo   0x00000000      0x120 src/GFX/fonts.o
 .text          0x00000000        0x0 src/GFX/gfx.o
 .data          0x00000000        0x0 src/GFX/gfx.o
 .bss           0x00000000        0x0 src/GFX/gfx.o
 .text.gfx_DrawRectangle
                0x00000000        0x2 src/GFX/gfx.o
 .text.gfx_DrawTriangle
                0x00000000        0x2 src/GFX/gfx.o
 .text.gfx_FillScreen
                0x00000000        0x2 src/GFX/gfx.o
 .text.gfx_DrawCircle
                0x00000000      0x2a0 src/GFX/gfx.o
 .text.gfx_DrawPixel
                0x00000000       0x20 src/GFX/gfx.o
 .text.gfx_DrawLine
                0x00000000      0x19c src/GFX/gfx.o
 .text          0x00000000        0x0 src/GFX/gui.o
 .data          0x00000000        0x0 src/GFX/gui.o
 .bss           0x00000000        0x0 src/GFX/gui.o
 .text.gui_loadingScreen
                0x00000000      0x1d4 src/GFX/gui.o
 .rodata.C.52.11433
                0x00000000        0x4 src/GFX/gui.o
 .rodata.C.56.11437
                0x00000000        0x4 src/GFX/gui.o
 .rodata.C.53.11434
                0x00000000        0x4 src/GFX/gui.o
 .rodata.C.57.11438
                0x00000000        0x4 src/GFX/gui.o
 .rodata.C.54.11435
                0x00000000        0x4 src/GFX/gui.o
 .rodata.C.50.11431
                0x00000000        0x4 src/GFX/gui.o
 .rodata.C.47.11428
                0x00000000        0x8 src/GFX/gui.o
 .rodata.C.55.11436
                0x00000000        0x4 src/GFX/gui.o
 .rodata.C.51.11432
                0x00000000        0x4 src/GFX/gui.o
 .rodata.C.48.11429
                0x00000000        0x4 src/GFX/gui.o
 .rodata.C.49.11430
                0x00000000        0x4 src/GFX/gui.o
 .text          0x00000000        0x0 src/GFX/rectangle.o
 .data          0x00000000        0x0 src/GFX/rectangle.o
 .bss           0x00000000        0x0 src/GFX/rectangle.o
 .text.rectangle_GetWidth
                0x00000000       0x16 src/GFX/rectangle.o
 .text.rectangle_GetHeight
                0x00000000       0x16 src/GFX/rectangle.o
 .text          0x00000000        0x0 src/GFX/screen.o
 .data          0x00000000        0x0 src/GFX/screen.o
 .bss           0x00000000        0x0 src/GFX/screen.o
 .text.screen_SetBacklightStrength
                0x00000000        0x2 src/GFX/screen.o
 .text.screen_TouchZone
                0x00000000        0x2 src/GFX/screen.o
 .text          0x00000000        0x0 src/GFX/vector2.o
 .data          0x00000000        0x0 src/GFX/vector2.o
 .bss           0x00000000        0x0 src/GFX/vector2.o
 .text          0x00000000        0x0 src/init.o
 .data          0x00000000        0x0 src/init.o
 .bss           0x00000000        0x0 src/init.o
 .debug_abbrev  0x00000000      0x188 src/init.o
 .debug_info    0x00000000     0x1777 src/init.o
 .debug_line    0x00000000      0x920 src/init.o
 .debug_macinfo
                0x00000000    0xe42d5 src/init.o
 .text.tc0_init
                0x00000000       0x50 src/init.o
 .text.tc1_init
                0x00000000       0x60 src/init.o
 .text.spi_init
                0x00000000       0x88 src/init.o
 .text.board_init
                0x00000000       0x38 src/init.o
 .rodata.C.47.11281
                0x00000000       0x20 src/init.o
 .rodata.WAVEFORM_OPT1.11286
                0x00000000        0x8 src/init.o
 .rodata.C.48.11282
                0x00000000       0x10 src/init.o
 .rodata.TC0_INTERRUPT.11292
                0x00000000        0x4 src/init.o
 .rodata.TC1_INTERRUPT.11287
                0x00000000        0x4 src/init.o
 .rodata.WAVEFORM_OPT0.11291
                0x00000000        0x8 src/init.o
 .debug_frame   0x00000000       0x74 src/init.o
 .debug_loc     0x00000000       0x88 src/init.o
 .debug_pubnames
                0x00000000       0x48 src/init.o
 .debug_aranges
                0x00000000       0x38 src/init.o
 .debug_ranges  0x00000000       0x30 src/init.o
 .debug_str     0x00000000      0x5b4 src/init.o
 .comment       0x00000000       0x31 src/init.o
 .text          0x00000000        0x0 src/mainCentre.o
 .data          0x00000000        0x0 src/mainCentre.o
 .bss           0x00000000        0x0 src/mainCentre.o
 .text          0x00000000        0x0 src/mainGauche.o
 .data          0x00000000        0x0 src/mainGauche.o
 .bss           0x00000000        0x0 src/mainGauche.o
 .debug_abbrev  0x00000000       0x4c src/mainGauche.o
 .debug_info    0x00000000       0xa8 src/mainGauche.o
 .debug_line    0x00000000      0x8d5 src/mainGauche.o
 .debug_macinfo
                0x00000000    0xe428e src/mainGauche.o
 .text.mainGauche
                0x00000000       0x54 src/mainGauche.o
 .debug_frame   0x00000000       0x30 src/mainGauche.o
 .debug_loc     0x00000000       0x1f src/mainGauche.o
 .debug_pubnames
                0x00000000       0x21 src/mainGauche.o
 .debug_aranges
                0x00000000       0x20 src/mainGauche.o
 .debug_ranges  0x00000000       0x18 src/mainGauche.o
 .debug_str     0x00000000       0xfb src/mainGauche.o
 .comment       0x00000000       0x31 src/mainGauche.o
 .text          0x00000000        0x0 src/SDCard/sdcard.o
 .data          0x00000000        0x0 src/SDCard/sdcard.o
 .bss           0x00000000        0x0 src/SDCard/sdcard.o
 .text.Root_directory
                0x00000000       0x94 src/SDCard/sdcard.o
 .text          0x00000000        0x0 src/syntax.o
 .data          0x00000000        0x0 src/syntax.o
 .bss           0x00000000        0x0 src/syntax.o
 .debug_abbrev  0x00000000       0xa9 src/syntax.o
 .debug_info    0x00000000       0xfc src/syntax.o
 .debug_line    0x00000000      0x8f5 src/syntax.o
 .debug_macinfo
                0x00000000    0xe439d src/syntax.o
 .text.syntax_fonction
                0x00000000        0x2 src/syntax.o
 .bss.externalVariable
                0x00000000        0x1 src/syntax.o
 .debug_frame   0x00000000       0x20 src/syntax.o
 .debug_pubnames
                0x00000000       0x3b src/syntax.o
 .debug_aranges
                0x00000000       0x20 src/syntax.o
 .debug_ranges  0x00000000       0x18 src/syntax.o
 .debug_str     0x00000000      0x134 src/syntax.o
 .comment       0x00000000       0x31 src/syntax.o
 .text          0x00000000        0x0 src/config/conf_cpu.o
 .data          0x00000000        0x0 src/config/conf_cpu.o
 .bss           0x00000000        0x0 src/config/conf_cpu.o
 .text          0x00000000        0x0 src/main.o
 .data          0x00000000        0x0 src/main.o
 .bss           0x00000000        0x0 src/main.o
 .data          0x00000000        0x0 c:/program files (x86)/atmel/studio/7.0/toolchain/avr32/avr32-gnu-toolchain/bin/../lib/gcc/avr32/4.4.7/../../../../avr32/lib/ucr2\libc.a(lib_a-memcpy.o)
 .bss           0x00000000        0x0 c:/program files (x86)/atmel/studio/7.0/toolchain/avr32/avr32-gnu-toolchain/bin/../lib/gcc/avr32/4.4.7/../../../../avr32/lib/ucr2\libc.a(lib_a-memcpy.o)

Memory Configuration

Name             Origin             Length             Attributes
FLASH            0x80000000         0x00040000         axrl !w
CPUSRAM          0x00000004         0x0000fffc         axw !rl
USERPAGE         0x80800000         0x00000200
FACTORYPAGE      0x80800200         0x00000200
*default*        0x00000000         0xffffffff

Linker script and memory map

                0x00001000                _stack_size = 0x1000
LOAD src/ASF/avr32/components/memory/sd_mmc/sd_mmc_spi/sd_mmc_spi.o
LOAD src/ASF/avr32/components/memory/sd_mmc/sd_mmc_spi/sd_mmc_spi_mem.o
LOAD src/ASF/avr32/drivers/flashc/flashc.o
LOAD src/ASF/avr32/drivers/gpio/gpio.o
LOAD src/ASF/avr32/drivers/intc/exception.o
LOAD src/ASF/avr32/drivers/intc/intc.o
LOAD src/ASF/avr32/drivers/pm/pm.o
LOAD src/ASF/avr32/drivers/pm/pm_conf_clocks.o
LOAD src/ASF/avr32/drivers/pm/power_clocks_lib.o
LOAD src/ASF/avr32/drivers/pwm/pwm.o
LOAD src/ASF/avr32/drivers/spi/spi.o
LOAD src/ASF/avr32/drivers/tc/tc.o
LOAD src/ASF/avr32/utils/startup/startup_uc3.o
LOAD src/ASF/avr32/utils/startup/trampoline_uc3.o
LOAD src/ASF/common/services/storage/ctrl_access/ctrl_access.o
LOAD src/audio/audio.o
LOAD src/GFX/fonts.o
LOAD src/GFX/gfx.o
LOAD src/GFX/gui.o
LOAD src/GFX/rectangle.o
LOAD src/GFX/screen.o
LOAD src/GFX/vector2.o
LOAD src/init.o
LOAD src/mainCentre.o
LOAD src/mainGauche.o
LOAD src/SDCard/sdcard.o
LOAD src/syntax.o
LOAD src/config/conf_cpu.o
LOAD src/main.o
START GROUP
LOAD c:/program files (x86)/atmel/studio/7.0/toolchain/avr32/avr32-gnu-toolchain/bin/../lib/gcc/avr32/4.4.7/../../../../avr32/lib/ucr2\libm.a
END GROUP
LOAD c:/program files (x86)/atmel/studio/7.0/toolchain/avr32/avr32-gnu-toolchain/bin/../lib/gcc/avr32/4.4.7/ucr2\libgcc.a
LOAD c:/program files (x86)/atmel/studio/7.0/toolchain/avr32/avr32-gnu-toolchain/bin/../lib/gcc/avr32/4.4.7/../../../../avr32/lib/ucr2\libc.a
LOAD c:/program files (x86)/atmel/studio/7.0/toolchain/avr32/avr32-gnu-toolchain/bin/../lib/gcc/avr32/4.4.7/ucr2\libgcc.a
                0x80000000                PROVIDE (__executable_start, 0x80000000)
                0x80000000                . = 0x80000000

.interp
 *(.interp)

.reset          0x80000000     0x2004
 *(.reset)
 .reset         0x80000000     0x2004 src/ASF/avr32/utils/startup/trampoline_uc3.o
                               0x2008 (size before relaxing)
                0x80000000                _trampoline

.hash
 *(.hash)

.dynsym
 *(.dynsym)

.dynstr
 *(.dynstr)

.gnu.version
 *(.gnu.version)

.gnu.version_d
 *(.gnu.version_d)

.gnu.version_r
 *(.gnu.version_r)

.rel.init
 *(.rel.init)

.rela.init
 *(.rela.init)

.rel.text
 *(.rel.text .rel.text.* .rel.gnu.linkonce.t.*)

.rela.text
 *(.rela.text .rela.text.* .rela.gnu.linkonce.t.*)

.rel.fini
 *(.rel.fini)

.rela.fini
 *(.rela.fini)

.rel.rodata
 *(.rel.rodata .rel.rodata.* .rel.gnu.linkonce.r.*)

.rela.rodata
 *(.rela.rodata .rela.rodata.* .rela.gnu.linkonce.r.*)

.rel.data.rel.ro
 *(.rel.data.rel.ro*)

.rela.data.rel.ro
 *(.rel.data.rel.ro*)

.rel.data
 *(.rel.data .rel.data.* .rel.gnu.linkonce.d.*)

.rela.data
 *(.rela.data .rela.data.* .rela.gnu.linkonce.d.*)

.rel.tdata
 *(.rel.tdata .rel.tdata.* .rel.gnu.linkonce.td.*)

.rela.tdata
 *(.rela.tdata .rela.tdata.* .rela.gnu.linkonce.td.*)

.rel.tbss
 *(.rel.tbss .rel.tbss.* .rel.gnu.linkonce.tb.*)

.rela.tbss
 *(.rela.tbss .rela.tbss.* .rela.gnu.linkonce.tb.*)

.rel.ctors
 *(.rel.ctors)

.rela.ctors
 *(.rela.ctors)

.rel.dtors
 *(.rel.dtors)

.rela.dtors
 *(.rela.dtors)

.rel.got
 *(.rel.got)

.rela.got       0x80002004        0x0
 *(.rela.got)
 .rela.got      0x80002004        0x0 src/ASF/avr32/drivers/flashc/flashc.o

.rel.bss
 *(.rel.bss .rel.bss.* .rel.gnu.linkonce.b.*)

.rela.bss
 *(.rela.bss .rela.bss.* .rela.gnu.linkonce.b.*)

.rel.plt
 *(.rel.plt)

.rela.plt
 *(.rela.plt)

.init
 *(.init)

.plt
 *(.plt)

.text           0x80002004     0x2500
 *(.text .stub .text.* .gnu.linkonce.t.*)
 .text.sd_mmc_spi_get_capacity
                0x80002004      0x11c src/ASF/avr32/components/memory/sd_mmc/sd_mmc_spi/sd_mmc_spi.o
                0x80002004                sd_mmc_spi_get_capacity
 .text.sd_mmc_spi_send_and_read
                0x80002120       0x34 src/ASF/avr32/components/memory/sd_mmc/sd_mmc_spi/sd_mmc_spi.o
                0x80002120                sd_mmc_spi_send_and_read
 .text.sd_mmc_spi_wait_not_busy
                0x80002154       0x58 src/ASF/avr32/components/memory/sd_mmc/sd_mmc_spi/sd_mmc_spi.o
                0x80002154                sd_mmc_spi_wait_not_busy
 .text.sd_mmc_spi_command
                0x800021ac       0xc8 src/ASF/avr32/components/memory/sd_mmc/sd_mmc_spi/sd_mmc_spi.o
                0x800021ac                sd_mmc_spi_command
 .text.sd_mmc_spi_send_command
                0x80002274       0x40 src/ASF/avr32/components/memory/sd_mmc/sd_mmc_spi/sd_mmc_spi.o
                0x80002274                sd_mmc_spi_send_command
 .text.sd_mmc_spi_check_presence
                0x800022b4       0x7c src/ASF/avr32/components/memory/sd_mmc/sd_mmc_spi/sd_mmc_spi.o
                0x800022b4                sd_mmc_spi_check_presence
 .text.sd_mmc_spi_check_hc
                0x80002330       0x8c src/ASF/avr32/components/memory/sd_mmc/sd_mmc_spi/sd_mmc_spi.o
                0x80002330                sd_mmc_spi_check_hc
 .text.sd_mmc_spi_get_if
                0x800023bc       0xb8 src/ASF/avr32/components/memory/sd_mmc/sd_mmc_spi/sd_mmc_spi.o
                0x800023bc                sd_mmc_spi_get_if
 .text.sd_mmc_spi_get_csd
                0x80002474       0xf4 src/ASF/avr32/components/memory/sd_mmc/sd_mmc_spi/sd_mmc_spi.o
                0x80002474                sd_mmc_spi_get_csd
 .text.sd_mmc_spi_internal_init
                0x80002568      0x2a4 src/ASF/avr32/components/memory/sd_mmc/sd_mmc_spi/sd_mmc_spi.o
                0x80002568                sd_mmc_spi_internal_init
 .text.sd_mmc_spi_init
                0x8000280c       0x34 src/ASF/avr32/components/memory/sd_mmc/sd_mmc_spi/sd_mmc_spi.o
                0x8000280c                sd_mmc_spi_init
 .text.flashc_set_wait_state
                0x80002840        0xe src/ASF/avr32/drivers/flashc/flashc.o
                0x80002840                flashc_set_wait_state
 .text.gpio_enable_module_pin
                0x8000284e       0x52 src/ASF/avr32/drivers/gpio/gpio.o
                0x8000284e                gpio_enable_module_pin
 .text.gpio_enable_module
                0x800028a0       0x30 src/ASF/avr32/drivers/gpio/gpio.o
                0x800028a0                gpio_enable_module
 .text.gpio_enable_pin_pull_up
                0x800028d0       0x16 src/ASF/avr32/drivers/gpio/gpio.o
                0x800028d0                gpio_enable_pin_pull_up
 .text.gpio_set_gpio_pin
                0x800028e6       0x1c src/ASF/avr32/drivers/gpio/gpio.o
                0x800028e6                gpio_set_gpio_pin
 .text.gpio_clr_gpio_pin
                0x80002902       0x1c src/ASF/avr32/drivers/gpio/gpio.o
                0x80002902                gpio_clr_gpio_pin
 .text.gpio_enable_pin_glitch_filter
                0x8000291e       0x16 src/ASF/avr32/drivers/gpio/gpio.o
                0x8000291e                gpio_enable_pin_glitch_filter
 .text.gpio_enable_pin_interrupt
                0x80002934       0x46 src/ASF/avr32/drivers/gpio/gpio.o
                0x80002934                gpio_enable_pin_interrupt
 .text.gpio_get_pin_interrupt_flag
                0x8000297a       0x18 src/ASF/avr32/drivers/gpio/gpio.o
                0x8000297a                gpio_get_pin_interrupt_flag
 .text._unhandled_interrupt
                0x80002992        0x2 src/ASF/avr32/drivers/intc/intc.o
 .text.INTC_register_interrupt
                0x80002994       0x80 src/ASF/avr32/drivers/intc/intc.o
                0x80002994                INTC_register_interrupt
 .text.INTC_init_interrupts
                0x80002a14       0x54 src/ASF/avr32/drivers/intc/intc.o
                0x80002a14                INTC_init_interrupts
 .text._get_interrupt_handler
                0x80002a68       0x38 src/ASF/avr32/drivers/intc/intc.o
                0x80002a68                _get_interrupt_handler
 .text.pm_set_osc0_mode
                0x80002aa0        0xa src/ASF/avr32/drivers/pm/pm.o
 *fill*         0x80002aaa        0x2 d703d703
 .text.pm_enable_osc0_crystal
                0x80002aac       0x3c src/ASF/avr32/drivers/pm/pm.o
                0x80002aac                pm_enable_osc0_crystal
 .text.pm_enable_clk0_no_wait
                0x80002ae8       0x10 src/ASF/avr32/drivers/pm/pm.o
                0x80002ae8                pm_enable_clk0_no_wait
 .text.pm_wait_for_clk0_ready
                0x80002af8        0xa src/ASF/avr32/drivers/pm/pm.o
                0x80002af8                pm_wait_for_clk0_ready
 *fill*         0x80002b02        0x2 d703d703
 .text.pm_enable_clk0
                0x80002b04       0x1c src/ASF/avr32/drivers/pm/pm.o
                0x80002b04                pm_enable_clk0
 .text.pm_cksel
                0x80002b20       0x46 src/ASF/avr32/drivers/pm/pm.o
                0x80002b20                pm_cksel
 .text.pm_pll_setup
                0x80002b66       0x22 src/ASF/avr32/drivers/pm/pm.o
                0x80002b66                pm_pll_setup
 .text.pm_pll_set_option
                0x80002b88       0x1a src/ASF/avr32/drivers/pm/pm.o
                0x80002b88                pm_pll_set_option
 .text.pm_pll_enable
                0x80002ba2        0xe src/ASF/avr32/drivers/pm/pm.o
                0x80002ba2                pm_pll_enable
 .text.pm_wait_for_pll0_locked
                0x80002bb0        0xa src/ASF/avr32/drivers/pm/pm.o
                0x80002bb0                pm_wait_for_pll0_locked
 .text.pm_switch_to_clock
                0x80002bba        0xa src/ASF/avr32/drivers/pm/pm.o
                0x80002bba                pm_switch_to_clock
 .text.pm_switch_to_osc0
                0x80002bc4       0x2c src/ASF/avr32/drivers/pm/pm.o
                0x80002bc4                pm_switch_to_osc0
 .text.pwm_channel_init
                0x80002bf0       0x36 src/ASF/avr32/drivers/pwm/pwm.o
                0x80002bf0                pwm_channel_init
 .text.pwm_start_channels
                0x80002c26       0x12 src/ASF/avr32/drivers/pwm/pwm.o
                0x80002c26                pwm_start_channels
 .text.pwm_init
                0x80002c38       0x46 src/ASF/avr32/drivers/pwm/pwm.o
                0x80002c38                pwm_init
 .text.getBaudDiv
                0x80002c7e       0x20 src/ASF/avr32/drivers/spi/spi.o
                0x80002c7e                getBaudDiv
 .text.spi_initMaster
                0x80002c9e       0x38 src/ASF/avr32/drivers/spi/spi.o
                0x80002c9e                spi_initMaster
 .text.spi_selectionMode
                0x80002cd6       0x2c src/ASF/avr32/drivers/spi/spi.o
                0x80002cd6                spi_selectionMode
 .text.spi_selectChip
                0x80002d02       0x4c src/ASF/avr32/drivers/spi/spi.o
                0x80002d02                spi_selectChip
 .text.spi_unselectChip
                0x80002d4e       0x26 src/ASF/avr32/drivers/spi/spi.o
                0x80002d4e                spi_unselectChip
 .text.spi_setupChipReg
                0x80002d74       0xb8 src/ASF/avr32/drivers/spi/spi.o
                0x80002d74                spi_setupChipReg
 .text.spi_enable
                0x80002e2c        0x6 src/ASF/avr32/drivers/spi/spi.o
                0x80002e2c                spi_enable
 .text.spi_write
                0x80002e32       0x1c src/ASF/avr32/drivers/spi/spi.o
                0x80002e32                spi_write
 .text.spi_read
                0x80002e4e       0x20 src/ASF/avr32/drivers/spi/spi.o
                0x80002e4e                spi_read
 *fill*         0x80002e6e        0x2 d703d703
 .text._stext   0x80002e70       0x3c src/ASF/avr32/utils/startup/startup_uc3.o
                                 0x50 (size before relaxing)
                0x80002e70                _stext
 .text.gfx_BeginNewTerminal
                0x80002eac       0x1c src/GFX/gfx.o
                0x80002eac                gfx_BeginNewTerminal
 .text.gfx_Label
                0x80002ec8      0x180 src/GFX/gfx.o
                0x80002ec8                gfx_Label
 .text.gfx_DrawTerminalButton
                0x80003048       0x80 src/GFX/gfx.o
                0x80003048                gfx_DrawTerminalButton
 .text.gfx_AddLineToTerminal
                0x800030c8       0x6c src/GFX/gfx.o
                0x800030c8                gfx_AddLineToTerminal
 .text.switchISR
                0x80003134       0x58 src/GFX/gui.o
                0x80003134                switchISR
 .text.mainMenu
                0x8000318c      0x1fc src/GFX/gui.o
                0x8000318c                mainMenu
 .text.musicMenu
                0x80003388      0x1c8 src/GFX/gui.o
                0x80003388                musicMenu
 .text.gui_Init
                0x80003550       0x74 src/GFX/gui.o
                0x80003550                gui_Init
 .text.rectangle_GetArea
                0x800035c4       0x2a src/GFX/rectangle.o
                0x800035c4                rectangle_GetArea
 .text.rectangle_VerifySize
                0x800035ee       0x2a src/GFX/rectangle.o
                0x800035ee                rectangle_VerifySize
 .text.Rect     0x80003618        0xe src/GFX/rectangle.o
                0x80003618                Rect
 *fill*         0x80003626        0x2 d703d703
 .text._writeRegister
                0x80003628       0x80 src/GFX/screen.o
 .text._setStart
                0x800036a8       0x20 src/GFX/screen.o
 .text._setLimits
                0x800036c8       0x30 src/GFX/screen.o
 .text._selectRegister
                0x800036f8       0x48 src/GFX/screen.o
 .text._writeRAM
                0x80003740       0x4c src/GFX/screen.o
 .text.screen_SetPixels
                0x8000378c       0xa0 src/GFX/screen.o
                0x8000378c                screen_SetPixels
 .text.screen_SetPixel
                0x8000382c       0x3c src/GFX/screen.o
                0x8000382c                screen_SetPixel
 .text.screen_Init
                0x80003868      0x3dc src/GFX/screen.o
                0x80003868                screen_Init
 .text.vector2_Add
                0x80003c44       0x22 src/GFX/vector2.o
                0x80003c44                vector2_Add
 *fill*         0x80003c66        0x2 d703d703
 .text.mainCentre
                0x80003c68       0x64 src/mainCentre.o
                0x80003c68                mainCentre
 .text.sdcard_ReadSector
                0x80003ccc      0x124 src/SDCard/sdcard.o
                0x80003ccc                sdcard_ReadSector
 .text.sdcard_CheckPresence
                0x80003df0        0xc src/SDCard/sdcard.o
                0x80003df0                sdcard_CheckPresence
 .text.sdcard_Mount
                0x80003dfc      0x498 src/SDCard/sdcard.o
                0x80003dfc                sdcard_Mount
 .text.sdcard_Init
                0x80004294       0x88 src/SDCard/sdcard.o
                0x80004294                sdcard_Init
 .text.sysclk_init
                0x8000431c       0x94 src/config/conf_cpu.o
                0x8000431c                sysclk_init
 .text.main     0x800043b0        0xc src/main.o
                0x800043b0                main
 .text          0x800043bc      0x148 c:/program files (x86)/atmel/studio/7.0/toolchain/avr32/avr32-gnu-toolchain/bin/../lib/gcc/avr32/4.4.7/../../../../avr32/lib/ucr2\libc.a(lib_a-memcpy.o)
                0x800043bc                memcpy
 *(.text.*personality*)
 *(.gnu.warning)

.exception      0x80004600      0x200
 .exception     0x80004600      0x200 src/ASF/avr32/drivers/intc/exception.o
                0x80004600                _evba
                0x80004704                _int0
                0x80004712                _int1
                0x80004720                _int2
                0x8000472e                _int3

.fini
 *(.fini)
                0x80004800                PROVIDE (__etext, .)
                0x80004800                PROVIDE (_etext, .)
                0x80004800                PROVIDE (etext, .)

.rodata         0x80004800     0x33b4
 *(.rodata .rodata.* .gnu.linkonce.r.*)
 .rodata._int_handler_table
                0x80004800       0xa0 src/ASF/avr32/drivers/intc/intc.o
 .rodata.FONT8x8
                0x800048a0      0x308 src/GFX/fonts.o
                0x800048a0                FONT8x8
 .rodata.FONT16x12
                0x80004ba8     0x2ee0 src/GFX/fonts.o
                0x80004ba8                FONT16x12
 .rodata.C.66.11474
                0x80007a88        0x4 src/GFX/gui.o
 .rodata.C.67.11475
                0x80007a8c        0x4 src/GFX/gui.o
 .rodata.C.60.11453
                0x80007a90        0x4 src/GFX/gui.o
 .rodata.str1.4
                0x80007a94       0xb4 src/GFX/gui.o
 .rodata.C.68.11476
                0x80007b48        0x4 src/GFX/gui.o
 .rodata.C.64.11472
                0x80007b4c        0x4 src/GFX/gui.o
 .rodata.C.58.11451
                0x80007b50        0x4 src/GFX/gui.o
 .rodata.C.61.11454
                0x80007b54        0x4 src/GFX/gui.o
 .rodata.C.65.11473
                0x80007b58        0x4 src/GFX/gui.o
 .rodata.C.59.11452
                0x80007b5c        0x4 src/GFX/gui.o
 .rodata.C.62.11455
                0x80007b60        0x4 src/GFX/gui.o
 .rodata.C.47.11308
                0x80007b64       0x20 src/GFX/screen.o
 .rodata.C.48.11309
                0x80007b84       0x10 src/GFX/screen.o
 .rodata.C.47.11345
                0x80007b94       0x20 src/SDCard/sdcard.o

.rodata1
 *(.rodata1)

.eh_frame_hdr
 *(.eh_frame_hdr)

.eh_frame
 *(.eh_frame)

.gcc_except_table
 *(.gcc_except_table)
 *(.gcc_except_table.*)

.dalign         0x80007bb4        0x4
                0x80007bb8                . = ALIGN (0x8)
 *fill*         0x80007bb4        0x4 
                0x80007bb8                PROVIDE (_data_lma, .)
                0x00000004                PROVIDE (_data, ORIGIN (CPUSRAM))
                0x00000004                . = ORIGIN (CPUSRAM)

.eh_frame
 *(.eh_frame)

.gcc_except_table
 *(.gcc_except_table)
 *(.gcc_except_table.*)

.tdata
 *(.tdata .tdata.* .gnu.linkonce.td.*)

.tbss
 *(.tbss .tbss.* .gnu.linkonce.tb.*)
 *(.tcommon)
                0x00000004                PROVIDE (__preinit_array_start, ALIGN (0x4))

.preinit_array
 *(.preinit_array)
                0x00000004                PROVIDE (__preinit_array_end, .)
                0x00000004                PROVIDE (__init_array_start, .)

.init_array
 *(.init_array)
                0x00000004                PROVIDE (__init_array_end, .)
                0x00000004                PROVIDE (__fini_array_start, .)

.fini_array
 *(.fini_array)
                0x00000004                PROVIDE (__fini_array_end, .)

.ctors
 *crtbegin*.o(.ctors)
 *(EXCLUDE_FILE(*crtend*.o) .ctors)
 *(SORT(.ctors.*))
 *(.ctors)

.dtors
 *crtbegin*.o(.dtors)
 *(EXCLUDE_FILE(*crtend*.o) .dtors)
 *(SORT(.dtors.*))
 *(.dtors)

.jcr
 *(.jcr)

.data.rel.ro
 *(.data.rel.ro.local)
 *(.data.rel.ro*)

.dynamic
 *(.dynamic)

.got
 *(.got.plt)
 *(.got)

.data           0x00000004       0x1c load address 0x80007bb8
 *(.data .data.* .gnu.linkonce.d.*)
 .data.menus    0x00000004        0x8 src/GFX/gui.o
                0x00000004                menus
 .data.textColor
                0x0000000c        0x4 src/GFX/gui.o
                0x0000000c                textColor
 .data.sdOptions
                0x00000010       0x10 src/SDCard/sdcard.o
 *(.gnu.linkonce.d.*personality*)

.data1
 *(.data1)

.balign         0x00000020        0x0 load address 0x80007bd4
                0x00000020                . = ALIGN (0x8)
                0x00000020                _edata = .
                0x00000020                _edata = .
                0x00000020                PROVIDE (edata, .)
                0x00000020                __bss_start = .

.bss            0x00000020     0x1230 load address 0x80007bd4
 *(.dynbss)
 *(.bss .bss.* .gnu.linkonce.b.*)
 .bss.sd_mmc_opt
                0x00000020       0x10 src/ASF/avr32/components/memory/sd_mmc/sd_mmc_spi/sd_mmc_spi.o
 .bss.sd_mmc_pba_hz
                0x00000030        0x4 src/ASF/avr32/components/memory/sd_mmc/sd_mmc_spi/sd_mmc_spi.o
 .bss.sd_mmc_spi_init_done
                0x00000034        0x1 src/ASF/avr32/components/memory/sd_mmc/sd_mmc_spi/sd_mmc_spi.o
                0x00000034                sd_mmc_spi_init_done
 *fill*         0x00000035        0x3 
 .bss._int_line_handler_table_6
                0x00000038        0x4 src/ASF/avr32/drivers/intc/intc.o
 .bss._int_line_handler_table_7
                0x0000003c        0x4 src/ASF/avr32/drivers/intc/intc.o
 .bss._int_line_handler_table_8
                0x00000040        0x4 src/ASF/avr32/drivers/intc/intc.o
 .bss._int_line_handler_table_9
                0x00000044        0x4 src/ASF/avr32/drivers/intc/intc.o
 .bss._int_line_handler_table_10
                0x00000048        0x4 src/ASF/avr32/drivers/intc/intc.o
 .bss._int_line_handler_table_11
                0x0000004c        0x4 src/ASF/avr32/drivers/intc/intc.o
 .bss._int_line_handler_table_12
                0x00000050        0x4 src/ASF/avr32/drivers/intc/intc.o
 .bss._int_line_handler_table_13
                0x00000054        0x4 src/ASF/avr32/drivers/intc/intc.o
 .bss._int_line_handler_table_14
                0x00000058        0xc src/ASF/avr32/drivers/intc/intc.o
 .bss._int_line_handler_table_15
                0x00000064        0x4 src/ASF/avr32/drivers/intc/intc.o
 .bss._int_line_handler_table_16
                0x00000068        0x4 src/ASF/avr32/drivers/intc/intc.o
 .bss._int_line_handler_table_17
                0x0000006c        0x4 src/ASF/avr32/drivers/intc/intc.o
 .bss._int_line_handler_table_18
                0x00000070        0x4 src/ASF/avr32/drivers/intc/intc.o
 .bss._int_line_handler_table_19
                0x00000074        0x4 src/ASF/avr32/drivers/intc/intc.o
 .bss._int_line_handler_table_0
                0x00000078        0x4 src/ASF/avr32/drivers/intc/intc.o
 .bss._int_line_handler_table_1
                0x0000007c       0x2c src/ASF/avr32/drivers/intc/intc.o
 .bss._int_line_handler_table_2
                0x000000a8       0x24 src/ASF/avr32/drivers/intc/intc.o
 .bss._int_line_handler_table_3
                0x000000cc       0x3c src/ASF/avr32/drivers/intc/intc.o
 .bss._int_line_handler_table_4
                0x00000108        0x4 src/ASF/avr32/drivers/intc/intc.o
 .bss._int_line_handler_table_5
                0x0000010c        0x4 src/ASF/avr32/drivers/intc/intc.o
 .bss.newLinePosition
                0x00000110        0x4 src/GFX/gfx.o
                0x00000110                newLinePosition
 .bss.menuChanged
                0x00000114        0x1 src/GFX/gui.o
                0x00000114                menuChanged
 .bss.switchState
                0x00000115        0x1 src/GFX/gui.o
 .bss.currentMenuId
                0x00000116        0x1 src/GFX/gui.o
                0x00000116                currentMenuId
 *fill*         0x00000117        0x1 
 .bss.secteur_FAT
                0x00000118        0x4 src/SDCard/sdcard.o
 .bss.data_mem  0x0000011c      0x204 src/SDCard/sdcard.o
 .bss.master_boot
                0x00000320       0x10 src/SDCard/sdcard.o
 .bss.secteur_RDE
                0x00000330        0x4 src/SDCard/sdcard.o
 .bss.secteur_data
                0x00000334        0x4 src/SDCard/sdcard.o
 .bss.sector_boot
                0x00000338       0x3d src/SDCard/sdcard.o
 *fill*         0x00000375        0x3 
 .bss.sectors   0x00000378        0x4 src/SDCard/sdcard.o
 *(COMMON)
 COMMON         0x0000037c      0x229 src/ASF/avr32/components/memory/sd_mmc/sd_mmc_spi/sd_mmc_spi.o
                0x0000037c                data_mem
                0x00000580                capacity
                0x00000588                capacity_mult
                0x0000058a                erase_group_size
                0x0000058c                sd_mmc_spi_last_block_address
                0x00000590                r2
                0x00000592                card_type
                0x00000594                csd
                0x000005a4                r1
 *fill*         0x000005a5        0x3 
 COMMON         0x000005a8      0xca5 src/SDCard/sdcard.o
                0x000005a8                file_menu
                0x00001228                file_name
                0x0000124c                FAT
                0x00001250                . = ALIGN (0x8)
 *fill*         0x0000124d        0x3 
                0x00001250                . = ALIGN (0x8)
                0x00001250                _end = .
                0x00001250                PROVIDE (end, .)
                0x00001250                __heap_start__ = ALIGN (0x8)
                0x0000f000                . = ((ORIGIN (CPUSRAM) + 0xfffc) - _stack_size)
                0x0000f000                __heap_end__ = .

.stab
 *(.stab)

.stabstr
 *(.stabstr)

.stab.excl
 *(.stab.excl)

.stab.exclstr
 *(.stab.exclstr)

.stab.index
 *(.stab.index)

.stab.indexstr
 *(.stab.indexstr)

.comment        0x00000000       0x30
 *(.comment)
 .comment       0x00000000       0x30 src/ASF/avr32/components/memory/sd_mmc/sd_mmc_spi/sd_mmc_spi.o
                                 0x31 (size before relaxing)
 .comment       0x00000000       0x31 src/ASF/avr32/drivers/flashc/flashc.o
 .comment       0x00000000       0x31 src/ASF/avr32/drivers/gpio/gpio.o
 .comment       0x00000000       0x31 src/ASF/avr32/drivers/intc/intc.o
 .comment       0x00000000       0x31 src/ASF/avr32/drivers/pm/pm.o
 .comment       0x00000000       0x31 src/ASF/avr32/drivers/pwm/pwm.o
 .comment       0x00000000       0x31 src/ASF/avr32/drivers/spi/spi.o
 .comment       0x00000000       0x31 src/GFX/fonts.o
 .comment       0x00000000       0x31 src/GFX/gfx.o
 .comment       0x00000000       0x31 src/GFX/gui.o
 .comment       0x00000000       0x31 src/GFX/rectangle.o
 .comment       0x00000000       0x31 src/GFX/screen.o
 .comment       0x00000000       0x31 src/GFX/vector2.o
 .comment       0x00000000       0x31 src/mainCentre.o
 .comment       0x00000000       0x31 src/SDCard/sdcard.o
 .comment       0x00000000       0x31 src/config/conf_cpu.o
 .comment       0x00000000       0x31 src/main.o

.debug
 *(.debug)

.line
 *(.line)

.debug_srcinfo
 *(.debug_srcinfo)

.debug_sfnames
 *(.debug_sfnames)

.debug_aranges  0x00000000      0x938
 *(.debug_aranges)
 .debug_aranges
                0x00000000       0xf0 src/ASF/avr32/components/memory/sd_mmc/sd_mmc_spi/sd_mmc_spi.o
 .debug_aranges
                0x000000f0      0x218 src/ASF/avr32/drivers/flashc/flashc.o
 .debug_aranges
                0x00000308      0x100 src/ASF/avr32/drivers/gpio/gpio.o
 .debug_aranges
                0x00000408       0x20 src/ASF/avr32/drivers/intc/exception.o
 .debug_aranges
                0x00000428       0x38 src/ASF/avr32/drivers/intc/intc.o
 .debug_aranges
                0x00000460      0x190 src/ASF/avr32/drivers/pm/pm.o
 .debug_aranges
                0x000005f0       0x48 src/ASF/avr32/drivers/pwm/pwm.o
 .debug_aranges
                0x00000638       0xa8 src/ASF/avr32/drivers/spi/spi.o
 .debug_aranges
                0x000006e0       0x28 src/ASF/avr32/utils/startup/startup_uc3.o
 .debug_aranges
                0x00000708       0x20 src/ASF/avr32/utils/startup/trampoline_uc3.o
 .debug_aranges
                0x00000728       0x68 src/GFX/gfx.o
 .debug_aranges
                0x00000790       0x40 src/GFX/gui.o
 .debug_aranges
                0x000007d0       0x40 src/GFX/rectangle.o
 .debug_aranges
                0x00000810       0x68 src/GFX/screen.o
 .debug_aranges
                0x00000878       0x20 src/GFX/vector2.o
 .debug_aranges
                0x00000898       0x20 src/mainCentre.o
 .debug_aranges
                0x000008b8       0x40 src/SDCard/sdcard.o
 .debug_aranges
                0x000008f8       0x20 src/config/conf_cpu.o
 .debug_aranges
                0x00000918       0x20 src/main.o

.debug_pubnames
                0x00000000     0x189e
 *(.debug_pubnames)
 .debug_pubnames
                0x00000000      0x3b1 src/ASF/avr32/components/memory/sd_mmc/sd_mmc_spi/sd_mmc_spi.o
 .debug_pubnames
                0x000003b1      0x771 src/ASF/avr32/drivers/flashc/flashc.o
 .debug_pubnames
                0x00000b22      0x330 src/ASF/avr32/drivers/gpio/gpio.o
 .debug_pubnames
                0x00000e52       0x62 src/ASF/avr32/drivers/intc/intc.o
 .debug_pubnames
                0x00000eb4      0x3ee src/ASF/avr32/drivers/pm/pm.o
 .debug_pubnames
                0x000012a2       0x9a src/ASF/avr32/drivers/pwm/pwm.o
 .debug_pubnames
                0x0000133c      0x178 src/ASF/avr32/drivers/spi/spi.o
 .debug_pubnames
                0x000014b4       0x4a src/GFX/fonts.o
 .debug_pubnames
                0x000014fe       0xf6 src/GFX/gfx.o
 .debug_pubnames
                0x000015f4       0x98 src/GFX/gui.o
 .debug_pubnames
                0x0000168c       0x79 src/GFX/rectangle.o
 .debug_pubnames
                0x00001705       0x80 src/GFX/screen.o
 .debug_pubnames
                0x00001785       0x22 src/GFX/vector2.o
 .debug_pubnames
                0x000017a7       0x21 src/mainCentre.o
 .debug_pubnames
                0x000017c8       0x99 src/SDCard/sdcard.o
 .debug_pubnames
                0x00001861       0x22 src/config/conf_cpu.o
 .debug_pubnames
                0x00001883       0x1b src/main.o

.debug_info     0x00000000     0xb521
 *(.debug_info .gnu.linkonce.wi.*)
 .debug_info    0x00000000     0x12d6 src/ASF/avr32/components/memory/sd_mmc/sd_mmc_spi/sd_mmc_spi.o
 .debug_info    0x000012d6     0x1c74 src/ASF/avr32/drivers/flashc/flashc.o
 .debug_info    0x00002f4a      0xb1b src/ASF/avr32/drivers/gpio/gpio.o
 .debug_info    0x00003a65       0x86 src/ASF/avr32/drivers/intc/exception.o
 .debug_info    0x00003aeb      0x5b3 src/ASF/avr32/drivers/intc/intc.o
 .debug_info    0x0000409e     0x1a59 src/ASF/avr32/drivers/pm/pm.o
 .debug_info    0x00005af7      0xa08 src/ASF/avr32/drivers/pwm/pwm.o
 .debug_info    0x000064ff     0x1090 src/ASF/avr32/drivers/spi/spi.o
 .debug_info    0x0000758f       0x85 src/ASF/avr32/utils/startup/startup_uc3.o
 .debug_info    0x00007614       0x8c src/ASF/avr32/utils/startup/trampoline_uc3.o
 .debug_info    0x000076a0      0x184 src/GFX/fonts.o
 .debug_info    0x00007824      0x75f src/GFX/gfx.o
 .debug_info    0x00007f83      0x668 src/GFX/gui.o
 .debug_info    0x000085eb      0x23d src/GFX/rectangle.o
 .debug_info    0x00008828      0x92f src/GFX/screen.o
 .debug_info    0x00009157      0x10d src/GFX/vector2.o
 .debug_info    0x00009264      0x102 src/mainCentre.o
 .debug_info    0x00009366     0x12e3 src/SDCard/sdcard.o
 .debug_info    0x0000a649      0xe2c src/config/conf_cpu.o
 .debug_info    0x0000b475       0xac src/main.o

.debug_abbrev   0x00000000     0x1f9d
 *(.debug_abbrev)
 .debug_abbrev  0x00000000      0x2a4 src/ASF/avr32/components/memory/sd_mmc/sd_mmc_spi/sd_mmc_spi.o
 .debug_abbrev  0x000002a4      0x331 src/ASF/avr32/drivers/flashc/flashc.o
 .debug_abbrev  0x000005d5      0x28b src/ASF/avr32/drivers/gpio/gpio.o
 .debug_abbrev  0x00000860       0x14 src/ASF/avr32/drivers/intc/exception.o
 .debug_abbrev  0x00000874      0x1f2 src/ASF/avr32/drivers/intc/intc.o
 .debug_abbrev  0x00000a66      0x2d1 src/ASF/avr32/drivers/pm/pm.o
 .debug_abbrev  0x00000d37      0x19d src/ASF/avr32/drivers/pwm/pwm.o
 .debug_abbrev  0x00000ed4      0x281 src/ASF/avr32/drivers/spi/spi.o
 .debug_abbrev  0x00001155       0x12 src/ASF/avr32/utils/startup/startup_uc3.o
 .debug_abbrev  0x00001167       0x14 src/ASF/avr32/utils/startup/trampoline_uc3.o
 .debug_abbrev  0x0000117b       0x86 src/GFX/fonts.o
 .debug_abbrev  0x00001201      0x260 src/GFX/gfx.o
 .debug_abbrev  0x00001461      0x1d1 src/GFX/gui.o
 .debug_abbrev  0x00001632       0xf5 src/GFX/rectangle.o
 .debug_abbrev  0x00001727      0x356 src/GFX/screen.o
 .debug_abbrev  0x00001a7d       0x88 src/GFX/vector2.o
 .debug_abbrev  0x00001b05       0x91 src/mainCentre.o
 .debug_abbrev  0x00001b96      0x2ac src/SDCard/sdcard.o
 .debug_abbrev  0x00001e42      0x10d src/config/conf_cpu.o
 .debug_abbrev  0x00001f4f       0x4e src/main.o

.debug_line     0x00000000     0x9db1
 *(.debug_line)
 .debug_line    0x00000000      0xadc src/ASF/avr32/components/memory/sd_mmc/sd_mmc_spi/sd_mmc_spi.o
 .debug_line    0x00000adc      0xbc1 src/ASF/avr32/drivers/flashc/flashc.o
 .debug_line    0x0000169d      0x8aa src/ASF/avr32/drivers/gpio/gpio.o
 .debug_line    0x00001f47      0x109 src/ASF/avr32/drivers/intc/exception.o
 .debug_line    0x00002050      0x678 src/ASF/avr32/drivers/intc/intc.o
 .debug_line    0x000026c8      0x9ad src/ASF/avr32/drivers/pm/pm.o
 .debug_line    0x00003075      0x6a9 src/ASF/avr32/drivers/pwm/pwm.o
 .debug_line    0x0000371e      0x7b4 src/ASF/avr32/drivers/spi/spi.o
 .debug_line    0x00003ed2       0xf2 src/ASF/avr32/utils/startup/startup_uc3.o
 .debug_line    0x00003fc4       0x67 src/ASF/avr32/utils/startup/trampoline_uc3.o
 .debug_line    0x0000402b      0x89a src/GFX/fonts.o
 .debug_line    0x000048c5      0xa3d src/GFX/gfx.o
 .debug_line    0x00005302      0x9be src/GFX/gui.o
 .debug_line    0x00005cc0      0x915 src/GFX/rectangle.o
 .debug_line    0x000065d5      0xa62 src/GFX/screen.o
 .debug_line    0x00007037      0x8bb src/GFX/vector2.o
 .debug_line    0x000078f2      0x94d src/mainCentre.o
 .debug_line    0x0000823f      0x9d6 src/SDCard/sdcard.o
 .debug_line    0x00008c15      0x8bd src/config/conf_cpu.o
 .debug_line    0x000094d2      0x8df src/main.o

.debug_frame    0x00000000     0x19ac
 *(.debug_frame)
 .debug_frame   0x00000000      0x364 src/ASF/avr32/components/memory/sd_mmc/sd_mmc_spi/sd_mmc_spi.o
 .debug_frame   0x00000364      0x6a4 src/ASF/avr32/drivers/flashc/flashc.o
 .debug_frame   0x00000a08      0x204 src/ASF/avr32/drivers/gpio/gpio.o
 .debug_frame   0x00000c0c       0x64 src/ASF/avr32/drivers/intc/intc.o
 .debug_frame   0x00000c70      0x390 src/ASF/avr32/drivers/pm/pm.o
 .debug_frame   0x00001000       0x70 src/ASF/avr32/drivers/pwm/pwm.o
 .debug_frame   0x00001070      0x158 src/ASF/avr32/drivers/spi/spi.o
 .debug_frame   0x000011c8      0x288 src/GFX/gfx.o
 .debug_frame   0x00001450      0x204 src/GFX/gui.o
 .debug_frame   0x00001654       0x84 src/GFX/rectangle.o
 .debug_frame   0x000016d8      0x140 src/GFX/screen.o
 .debug_frame   0x00001818       0x28 src/GFX/vector2.o
 .debug_frame   0x00001840       0x30 src/mainCentre.o
 .debug_frame   0x00001870       0xdc src/SDCard/sdcard.o
 .debug_frame   0x0000194c       0x38 src/config/conf_cpu.o
 .debug_frame   0x00001984       0x28 src/main.o

.debug_str      0x00000000     0x2cc7
 *(.debug_str)
 .debug_str     0x00000000      0x74d src/ASF/avr32/components/memory/sd_mmc/sd_mmc_spi/sd_mmc_spi.o
                                0x7d1 (size before relaxing)
 .debug_str     0x0000074d      0xa82 src/ASF/avr32/drivers/flashc/flashc.o
                                0xc34 (size before relaxing)
 .debug_str     0x000011cf      0x41c src/ASF/avr32/drivers/gpio/gpio.o
                                0x522 (size before relaxing)
 .debug_str     0x000015eb      0x37d src/ASF/avr32/drivers/intc/intc.o
                                0x476 (size before relaxing)
 .debug_str     0x00001968      0x7b5 src/ASF/avr32/drivers/pm/pm.o
                                0x98e (size before relaxing)
 .debug_str     0x0000211d      0x1e3 src/ASF/avr32/drivers/pwm/pwm.o
                                0x330 (size before relaxing)
 .debug_str     0x00002300      0x1c2 src/ASF/avr32/drivers/spi/spi.o
                                0x55b (size before relaxing)
 .debug_str     0x000024c2       0x30 src/GFX/fonts.o
                                0x125 (size before relaxing)
 .debug_str     0x000024f2      0x284 src/GFX/gfx.o
                                0x39b (size before relaxing)
 .debug_str     0x00002776       0xc0 src/GFX/gui.o
                                0x339 (size before relaxing)
 .debug_str     0x00002836       0x7d src/GFX/rectangle.o
                                0x1b6 (size before relaxing)
 .debug_str     0x000028b3       0xf7 src/GFX/screen.o
                                0x3cc (size before relaxing)
 .debug_str     0x000029aa       0x21 src/GFX/vector2.o
                                0x11e (size before relaxing)
 .debug_str     0x000029cb       0x27 src/mainCentre.o
                                0x12d (size before relaxing)
 .debug_str     0x000029f2      0x2a2 src/SDCard/sdcard.o
                                0x613 (size before relaxing)
 .debug_str     0x00002c94       0x25 src/config/conf_cpu.o
                                0x463 (size before relaxing)
 .debug_str     0x00002cb9        0xe src/main.o
                                 0xef (size before relaxing)

.debug_loc      0x00000000     0x3b54
 *(.debug_loc)
 .debug_loc     0x00000000      0x924 src/ASF/avr32/components/memory/sd_mmc/sd_mmc_spi/sd_mmc_spi.o
 .debug_loc     0x00000924     0x10f4 src/ASF/avr32/drivers/flashc/flashc.o
 .debug_loc     0x00001a18      0x368 src/ASF/avr32/drivers/gpio/gpio.o
 .debug_loc     0x00001d80       0xd3 src/ASF/avr32/drivers/intc/intc.o
 .debug_loc     0x00001e53      0x559 src/ASF/avr32/drivers/pm/pm.o
 .debug_loc     0x000023ac       0xb4 src/ASF/avr32/drivers/pwm/pwm.o
 .debug_loc     0x00002460      0x3bd src/ASF/avr32/drivers/spi/spi.o
 .debug_loc     0x0000281d      0x858 src/GFX/gfx.o
 .debug_loc     0x00003075      0x3fb src/GFX/gui.o
 .debug_loc     0x00003470       0x88 src/GFX/rectangle.o
 .debug_loc     0x000034f8      0x29f src/GFX/screen.o
 .debug_loc     0x00003797       0x1f src/GFX/vector2.o
 .debug_loc     0x000037b6       0x1f src/mainCentre.o
 .debug_loc     0x000037d5      0x311 src/SDCard/sdcard.o
 .debug_loc     0x00003ae6       0x4f src/config/conf_cpu.o
 .debug_loc     0x00003b35       0x1f src/main.o

.debug_macinfo  0x00000000   0xf11c5f
 *(.debug_macinfo)
 .debug_macinfo
                0x00000000    0xe3416 src/ASF/avr32/components/memory/sd_mmc/sd_mmc_spi/sd_mmc_spi.o
 .debug_macinfo
                0x000e3416    0xe0b49 src/ASF/avr32/drivers/flashc/flashc.o
 .debug_macinfo
                0x001c3f5f    0xe0c27 src/ASF/avr32/drivers/gpio/gpio.o
 .debug_macinfo
                0x002a4b86    0xe0cd4 src/ASF/avr32/drivers/intc/intc.o
 .debug_macinfo
                0x0038585a    0xe0a91 src/ASF/avr32/drivers/pm/pm.o
 .debug_macinfo
                0x004662eb    0xe0afc src/ASF/avr32/drivers/pwm/pwm.o
 .debug_macinfo
                0x00546de7    0xe0a75 src/ASF/avr32/drivers/spi/spi.o
 .debug_macinfo
                0x0062785c    0xe4244 src/GFX/fonts.o
 .debug_macinfo
                0x0070baa0    0xe437e src/GFX/gfx.o
 .debug_macinfo
                0x007efe1e    0xe43ad src/GFX/gui.o
 .debug_macinfo
                0x008d41cb    0xe426a src/GFX/rectangle.o
 .debug_macinfo
                0x009b8435    0xe4996 src/GFX/screen.o
 .debug_macinfo
                0x00a9cdcb    0xe4256 src/GFX/vector2.o
 .debug_macinfo
                0x00b81021    0xe4425 src/mainCentre.o
 .debug_macinfo
                0x00c65446    0xe4255 src/SDCard/sdcard.o
 .debug_macinfo
                0x00d4969b    0xe42da src/config/conf_cpu.o
 .debug_macinfo
                0x00e2d975    0xe42ea src/main.o

.debug_weaknames
 *(.debug_weaknames)

.debug_funcnames
 *(.debug_funcnames)

.debug_typenames
 *(.debug_typenames)

.debug_varnames
 *(.debug_varnames)

.stack          0x0000f000     0x1000
                0x0000f000                _stack = .
 *(.stack)
                0x00001000                . = _stack_size
 *fill*         0x0000f000     0x1000 
                0x00010000                _estack = .

.userpage
 *(.userpage .userpage.*)

.factorypage
 *(.factorypage .factorypage.*)

/DISCARD/
 *(.note.GNU-stack)
OUTPUT(Command.elf elf32-avr32)

.debug_ranges   0x00000000      0xa30
 .debug_ranges  0x00000000       0xe8 src/ASF/avr32/components/memory/sd_mmc/sd_mmc_spi/sd_mmc_spi.o
 .debug_ranges  0x000000e8      0x210 src/ASF/avr32/drivers/flashc/flashc.o
 .debug_ranges  0x000002f8       0xf8 src/ASF/avr32/drivers/gpio/gpio.o
 .debug_ranges  0x000003f0       0x48 src/ASF/avr32/drivers/intc/intc.o
 .debug_ranges  0x00000438      0x188 src/ASF/avr32/drivers/pm/pm.o
 .debug_ranges  0x000005c0       0x40 src/ASF/avr32/drivers/pwm/pwm.o
 .debug_ranges  0x00000600       0xa0 src/ASF/avr32/drivers/spi/spi.o
 .debug_ranges  0x000006a0       0x20 src/ASF/avr32/utils/startup/startup_uc3.o
 .debug_ranges  0x000006c0       0x90 src/GFX/gfx.o
 .debug_ranges  0x00000750       0x38 src/GFX/gui.o
 .debug_ranges  0x00000788       0x38 src/GFX/rectangle.o
 .debug_ranges  0x000007c0      0x168 src/GFX/screen.o
 .debug_ranges  0x00000928       0x18 src/GFX/vector2.o
 .debug_ranges  0x00000940       0x18 src/mainCentre.o
 .debug_ranges  0x00000958       0xa8 src/SDCard/sdcard.o
 .debug_ranges  0x00000a00       0x18 src/config/conf_cpu.o
 .debug_ranges  0x00000a18       0x18 src/main.o
