Archive member included because of file (symbol)

c:/program files (x86)/atmel/studio/7.0/toolchain/avr32/avr32-gnu-toolchain/bin/../lib/gcc/avr32/4.4.7/../../../../avr32/lib/ucr2\libc.a(lib_a-memcpy.o)
                              src/ASF/avr32/drivers/flashc/flashc.o (memcpy)

Allocating common symbols
Common symbol       size              file

sectorPerClusters   0x1               src/SDCard/sdcard.o
sectorsEnd          0x4               src/SDCard/sdcard.o
data_mem            0x201             src/ASF/avr32/components/memory/sd_mmc/sd_mmc_spi/sd_mmc_spi.o
pt                  0x4               src/audio/audio.o
inter2              0x4               src/audio/audio.o
cluster             0x4               src/SDCard/sdcard.o
capacity            0x8               src/ASF/avr32/components/memory/sd_mmc/sd_mmc_spi/sd_mmc_spi.o
alarm               0x46              src/RTC/rtc.o
inter1              0x4               src/audio/audio.o
sector              0x4               src/SDCard/sdcard.o
files               0xe10             src/SDCard/sdcard.o
capacity_mult       0x2               src/ASF/avr32/components/memory/sd_mmc/sd_mmc_spi/sd_mmc_spi.o
end_secteur         0x4               src/audio/audio.o
data                0x200             src/SDCard/sdcard.o
dataSector          0x4               src/SDCard/sdcard.o
secteur_read        0x4               src/audio/audio.o
retry               0x4               src/audio/audio.o
erase_group_size    0x2               src/ASF/avr32/components/memory/sd_mmc/sd_mmc_spi/sd_mmc_spi.o
sd_mmc_spi_last_block_address
                    0x4               src/ASF/avr32/components/memory/sd_mmc/sd_mmc_spi/sd_mmc_spi.o
r2                  0x2               src/ASF/avr32/components/memory/sd_mmc/sd_mmc_spi/sd_mmc_spi.o
FATSector           0x4               src/SDCard/sdcard.o
card_type           0x1               src/ASF/avr32/components/memory/sd_mmc/sd_mmc_spi/sd_mmc_spi.o
inter4              0x4               src/audio/audio.o
clt_sec             0x4               src/audio/audio.o
rootSector          0x4               src/SDCard/sdcard.o
clustersFirstSector
                    0x4               src/SDCard/sdcard.o
currentTime         0x6               src/RTC/rtc.o
division            0x1               src/audio/audio.o
inter3              0x4               src/audio/audio.o
csd                 0x10              src/ASF/avr32/components/memory/sd_mmc/sd_mmc_spi/sd_mmc_spi.o
r1                  0x1               src/ASF/avr32/components/memory/sd_mmc/sd_mmc_spi/sd_mmc_spi.o

Discarded input sections

 .text          0x00000000        0x0 src/ASF/avr32/components/memory/sd_mmc/sd_mmc_spi/sd_mmc_spi.o
 .data          0x00000000        0x0 src/ASF/avr32/components/memory/sd_mmc/sd_mmc_spi/sd_mmc_spi.o
 .bss           0x00000000        0x0 src/ASF/avr32/components/memory/sd_mmc/sd_mmc_spi/sd_mmc_spi.o
 .text.sd_mmc_spi_write_close
                0x00000000        0x2 src/ASF/avr32/components/memory/sd_mmc/sd_mmc_spi/sd_mmc_spi.o
 .text.sd_mmc_spi_read_close_PDCA
                0x00000000       0x48 src/ASF/avr32/components/memory/sd_mmc/sd_mmc_spi/sd_mmc_spi.o
 .text.sd_mmc_spi_write_open
                0x00000000       0x1c src/ASF/avr32/components/memory/sd_mmc/sd_mmc_spi/sd_mmc_spi.o
 .text.sd_mmc_spi_read_close
                0x00000000        0xc src/ASF/avr32/components/memory/sd_mmc/sd_mmc_spi/sd_mmc_spi.o
 .text.sd_mmc_spi_read_open
                0x00000000       0x1c src/ASF/avr32/components/memory/sd_mmc/sd_mmc_spi/sd_mmc_spi.o
 .text.sd_mmc_spi_get_status
                0x00000000       0xd0 src/ASF/avr32/components/memory/sd_mmc/sd_mmc_spi/sd_mmc_spi.o
 .text.is_sd_mmc_spi_write_pwd_locked
                0x00000000       0x40 src/ASF/avr32/components/memory/sd_mmc/sd_mmc_spi/sd_mmc_spi.o
 .text.sd_mmc_spi_erase_sector_group
                0x00000000      0x118 src/ASF/avr32/components/memory/sd_mmc/sd_mmc_spi/sd_mmc_spi.o
 .text.sd_mmc_spi_write_sector_from_ram
                0x00000000      0x160 src/ASF/avr32/components/memory/sd_mmc/sd_mmc_spi/sd_mmc_spi.o
 .text.sd_mmc_spi_read_open_PDCA
                0x00000000       0xdc src/ASF/avr32/components/memory/sd_mmc/sd_mmc_spi/sd_mmc_spi.o
 .text.sd_mmc_spi_lock_operation
                0x00000000      0x1a8 src/ASF/avr32/components/memory/sd_mmc/sd_mmc_spi/sd_mmc_spi.o
 .text.sd_mmc_spi_read_sector_to_ram
                0x00000000      0x164 src/ASF/avr32/components/memory/sd_mmc/sd_mmc_spi/sd_mmc_spi.o
 .text.sd_mmc_spi_get_cid
                0x00000000       0xfc src/ASF/avr32/components/memory/sd_mmc/sd_mmc_spi/sd_mmc_spi.o
 .text.sd_mmc_spi_write_multiple_sector
                0x00000000       0x30 src/ASF/avr32/components/memory/sd_mmc/sd_mmc_spi/sd_mmc_spi.o
 .text.sd_mmc_spi_read_multiple_sector
                0x00000000       0x30 src/ASF/avr32/components/memory/sd_mmc/sd_mmc_spi/sd_mmc_spi.o
 .text.sd_mmc_spi_mem_check
                0x00000000       0x28 src/ASF/avr32/components/memory/sd_mmc/sd_mmc_spi/sd_mmc_spi.o
 .bss.gl_ptr_mem
                0x00000000        0x8 src/ASF/avr32/components/memory/sd_mmc/sd_mmc_spi/sd_mmc_spi.o
 .bss.sector_buf
                0x00000000      0x200 src/ASF/avr32/components/memory/sd_mmc/sd_mmc_spi/sd_mmc_spi.o
 .text          0x00000000        0x0 src/ASF/avr32/components/memory/sd_mmc/sd_mmc_spi/sd_mmc_spi_mem.o
 .data          0x00000000        0x0 src/ASF/avr32/components/memory/sd_mmc/sd_mmc_spi/sd_mmc_spi_mem.o
 .bss           0x00000000        0x0 src/ASF/avr32/components/memory/sd_mmc/sd_mmc_spi/sd_mmc_spi_mem.o
 .debug_abbrev  0x00000000       0xf7 src/ASF/avr32/components/memory/sd_mmc/sd_mmc_spi/sd_mmc_spi_mem.o
 .debug_info    0x00000000      0x195 src/ASF/avr32/components/memory/sd_mmc/sd_mmc_spi/sd_mmc_spi_mem.o
 .debug_line    0x00000000      0x7d3 src/ASF/avr32/components/memory/sd_mmc/sd_mmc_spi/sd_mmc_spi_mem.o
 .debug_macinfo
                0x00000000    0xe3297 src/ASF/avr32/components/memory/sd_mmc/sd_mmc_spi/sd_mmc_spi_mem.o
 .text.sd_mmc_spi_wr_protect
                0x00000000        0x2 src/ASF/avr32/components/memory/sd_mmc/sd_mmc_spi/sd_mmc_spi_mem.o
 .text.sd_mmc_spi_removal
                0x00000000        0x2 src/ASF/avr32/components/memory/sd_mmc/sd_mmc_spi/sd_mmc_spi_mem.o
 .text.sd_mmc_spi_test_unit_ready
                0x00000000       0x6c src/ASF/avr32/components/memory/sd_mmc/sd_mmc_spi/sd_mmc_spi_mem.o
 .text.sd_mmc_spi_mem_init
                0x00000000        0xc src/ASF/avr32/components/memory/sd_mmc/sd_mmc_spi/sd_mmc_spi_mem.o
 .text.sd_mmc_spi_read_capacity
                0x00000000       0x40 src/ASF/avr32/components/memory/sd_mmc/sd_mmc_spi/sd_mmc_spi_mem.o
 .data.sd_mmc_spi_presence_status
                0x00000000        0x1 src/ASF/avr32/components/memory/sd_mmc/sd_mmc_spi/sd_mmc_spi_mem.o
 .debug_frame   0x00000000       0x7c src/ASF/avr32/components/memory/sd_mmc/sd_mmc_spi/sd_mmc_spi_mem.o
 .debug_loc     0x00000000       0x7b src/ASF/avr32/components/memory/sd_mmc/sd_mmc_spi/sd_mmc_spi_mem.o
 .debug_pubnames
                0x00000000       0xb6 src/ASF/avr32/components/memory/sd_mmc/sd_mmc_spi/sd_mmc_spi_mem.o
 .debug_aranges
                0x00000000       0x40 src/ASF/avr32/components/memory/sd_mmc/sd_mmc_spi/sd_mmc_spi_mem.o
 .debug_ranges  0x00000000       0x38 src/ASF/avr32/components/memory/sd_mmc/sd_mmc_spi/sd_mmc_spi_mem.o
 .debug_str     0x00000000      0x238 src/ASF/avr32/components/memory/sd_mmc/sd_mmc_spi/sd_mmc_spi_mem.o
 .comment       0x00000000       0x31 src/ASF/avr32/components/memory/sd_mmc/sd_mmc_spi/sd_mmc_spi_mem.o
 .text          0x00000000        0x0 src/ASF/avr32/drivers/flashc/flashc.o
 .data          0x00000000        0x0 src/ASF/avr32/drivers/flashc/flashc.o
 .bss           0x00000000        0x0 src/ASF/avr32/drivers/flashc/flashc.o
 .text.flashc_get_flash_size
                0x00000000       0x34 src/ASF/avr32/drivers/flashc/flashc.o
 .text.flashc_get_page_count
                0x00000000       0x10 src/ASF/avr32/drivers/flashc/flashc.o
 .text.flashc_get_page_count_per_region
                0x00000000       0x10 src/ASF/avr32/drivers/flashc/flashc.o
 .text.flashc_get_region_first_page_number
                0x00000000       0x14 src/ASF/avr32/drivers/flashc/flashc.o
 .text.flashc_get_wait_state
                0x00000000        0xc src/ASF/avr32/drivers/flashc/flashc.o
 .text.flashc_set_bus_freq
                0x00000000       0x24 src/ASF/avr32/drivers/flashc/flashc.o
 .text.flashc_is_ready_int_enabled
                0x00000000        0xc src/ASF/avr32/drivers/flashc/flashc.o
 .text.flashc_enable_ready_int
                0x00000000        0xe src/ASF/avr32/drivers/flashc/flashc.o
 .text.flashc_is_lock_error_int_enabled
                0x00000000        0xc src/ASF/avr32/drivers/flashc/flashc.o
 .text.flashc_enable_lock_error_int
                0x00000000        0xe src/ASF/avr32/drivers/flashc/flashc.o
 .text.flashc_is_prog_error_int_enabled
                0x00000000        0xc src/ASF/avr32/drivers/flashc/flashc.o
 .text.flashc_enable_prog_error_int
                0x00000000        0xe src/ASF/avr32/drivers/flashc/flashc.o
 .text.flashc_is_ready
                0x00000000        0xc src/ASF/avr32/drivers/flashc/flashc.o
 .text.flashc_default_wait_until_ready
                0x00000000       0x10 src/ASF/avr32/drivers/flashc/flashc.o
 .text.flashc_is_lock_error
                0x00000000       0x10 src/ASF/avr32/drivers/flashc/flashc.o
 .text.flashc_is_programming_error
                0x00000000       0x10 src/ASF/avr32/drivers/flashc/flashc.o
 .text.flashc_get_command
                0x00000000        0xc src/ASF/avr32/drivers/flashc/flashc.o
 .text.flashc_get_page_number
                0x00000000        0xc src/ASF/avr32/drivers/flashc/flashc.o
 .text.flashc_get_page_region
                0x00000000       0x28 src/ASF/avr32/drivers/flashc/flashc.o
 .text.flashc_issue_command
                0x00000000       0x48 src/ASF/avr32/drivers/flashc/flashc.o
 .text.flashc_no_operation
                0x00000000       0x10 src/ASF/avr32/drivers/flashc/flashc.o
 .text.flashc_erase_all
                0x00000000       0x10 src/ASF/avr32/drivers/flashc/flashc.o
 .text.flashc_is_security_bit_active
                0x00000000        0xc src/ASF/avr32/drivers/flashc/flashc.o
 .text.flashc_activate_security_bit
                0x00000000       0x10 src/ASF/avr32/drivers/flashc/flashc.o
 .text.flashc_is_region_locked
                0x00000000       0x1a src/ASF/avr32/drivers/flashc/flashc.o
 .text.flashc_is_page_region_locked
                0x00000000       0x14 src/ASF/avr32/drivers/flashc/flashc.o
 .text.flashc_lock_page_region
                0x00000000       0x1c src/ASF/avr32/drivers/flashc/flashc.o
 .text.flashc_lock_region
                0x00000000       0x1c src/ASF/avr32/drivers/flashc/flashc.o
 .text.flashc_lock_all_regions
                0x00000000       0x2c src/ASF/avr32/drivers/flashc/flashc.o
 .text.flashc_read_all_gp_fuses
                0x00000000       0x26 src/ASF/avr32/drivers/flashc/flashc.o
 .text.flashc_read_gp_fuse_byte
                0x00000000       0x44 src/ASF/avr32/drivers/flashc/flashc.o
 .text.flashc_read_gp_fuse_bitfield
                0x00000000       0x74 src/ASF/avr32/drivers/flashc/flashc.o
 .text.flashc_get_bootloader_protected_size
                0x00000000       0x20 src/ASF/avr32/drivers/flashc/flashc.o
 .text.flashc_read_gp_fuse_bit
                0x00000000       0x3c src/ASF/avr32/drivers/flashc/flashc.o
 .text.flashc_is_external_privileged_fetch_locked
                0x00000000       0x14 src/ASF/avr32/drivers/flashc/flashc.o
 .text.flashc_erase_gp_fuse_bit
                0x00000000       0x2c src/ASF/avr32/drivers/flashc/flashc.o
 .text.flashc_erase_gp_fuse_bitfield
                0x00000000       0x8c src/ASF/avr32/drivers/flashc/flashc.o
 .text.flashc_erase_all_gp_fuses
                0x00000000       0x30 src/ASF/avr32/drivers/flashc/flashc.o
 .text.flashc_write_gp_fuse_bit
                0x00000000       0x18 src/ASF/avr32/drivers/flashc/flashc.o
 .text.flashc_write_gp_fuse_bitfield
                0x00000000       0x4c src/ASF/avr32/drivers/flashc/flashc.o
 .text.flashc_write_gp_fuse_byte
                0x00000000       0x18 src/ASF/avr32/drivers/flashc/flashc.o
 .text.flashc_erase_gp_fuse_byte
                0x00000000       0x74 src/ASF/avr32/drivers/flashc/flashc.o
 .text.flashc_write_all_gp_fuses
                0x00000000       0x3c src/ASF/avr32/drivers/flashc/flashc.o
 .text.flashc_set_gp_fuse_bit
                0x00000000       0x20 src/ASF/avr32/drivers/flashc/flashc.o
 .text.flashc_lock_external_privileged_fetch
                0x00000000       0x18 src/ASF/avr32/drivers/flashc/flashc.o
 .text.flashc_set_gp_fuse_bitfield
                0x00000000       0x4c src/ASF/avr32/drivers/flashc/flashc.o
 .text.flashc_set_gp_fuse_byte
                0x00000000       0x4c src/ASF/avr32/drivers/flashc/flashc.o
 .text.flashc_set_all_gp_fuses
                0x00000000       0x54 src/ASF/avr32/drivers/flashc/flashc.o
 .text.flashc_clear_page_buffer
                0x00000000       0x10 src/ASF/avr32/drivers/flashc/flashc.o
 .text.flashc_is_page_erased
                0x00000000        0xc src/ASF/avr32/drivers/flashc/flashc.o
 .text.flashc_quick_page_read
                0x00000000       0x18 src/ASF/avr32/drivers/flashc/flashc.o
 .text.flashc_erase_page
                0x00000000       0x38 src/ASF/avr32/drivers/flashc/flashc.o
 .text.flashc_erase_all_pages
                0x00000000       0x48 src/ASF/avr32/drivers/flashc/flashc.o
 .text.flashc_write_page
                0x00000000       0x10 src/ASF/avr32/drivers/flashc/flashc.o
 .text.flashc_quick_user_page_read
                0x00000000       0x18 src/ASF/avr32/drivers/flashc/flashc.o
 .text.flashc_erase_user_page
                0x00000000       0x28 src/ASF/avr32/drivers/flashc/flashc.o
 .text.flashc_write_user_page
                0x00000000       0x10 src/ASF/avr32/drivers/flashc/flashc.o
 .text.flashc_memset64
                0x00000000      0x238 src/ASF/avr32/drivers/flashc/flashc.o
 .text.flashc_memset32
                0x00000000       0x20 src/ASF/avr32/drivers/flashc/flashc.o
 .text.flashc_memset16
                0x00000000       0x10 src/ASF/avr32/drivers/flashc/flashc.o
 .text.flashc_memset8
                0x00000000       0x14 src/ASF/avr32/drivers/flashc/flashc.o
 .text.flashc_memcpy
                0x00000000       0xfc src/ASF/avr32/drivers/flashc/flashc.o
 .text.flashc_set_bootloader_protected_size
                0x00000000       0x80 src/ASF/avr32/drivers/flashc/flashc.o
 .rodata.C.36.10254
                0x00000000       0x10 src/ASF/avr32/drivers/flashc/flashc.o
 .data.flashc_wait_until_ready
                0x00000000        0x4 src/ASF/avr32/drivers/flashc/flashc.o
 .bss.flashc_error_status
                0x00000000        0x4 src/ASF/avr32/drivers/flashc/flashc.o
 .text          0x00000000        0x0 src/ASF/avr32/drivers/gpio/gpio.o
 .data          0x00000000        0x0 src/ASF/avr32/drivers/gpio/gpio.o
 .bss           0x00000000        0x0 src/ASF/avr32/drivers/gpio/gpio.o
 .text.gpio_enable_gpio_pin
                0x00000000       0x18 src/ASF/avr32/drivers/gpio/gpio.o
 .text.gpio_enable_gpio
                0x00000000       0x28 src/ASF/avr32/drivers/gpio/gpio.o
 .text.gpio_disable_pin_pull_up
                0x00000000       0x16 src/ASF/avr32/drivers/gpio/gpio.o
 .text.gpio_configure_pin
                0x00000000       0xb8 src/ASF/avr32/drivers/gpio/gpio.o
 .text.gpio_configure_group
                0x00000000       0x6e src/ASF/avr32/drivers/gpio/gpio.o
 .text.gpio_get_pin_value
                0x00000000       0x16 src/ASF/avr32/drivers/gpio/gpio.o
 .text.gpio_get_gpio_pin_output_value
                0x00000000       0x16 src/ASF/avr32/drivers/gpio/gpio.o
 .text.gpio_get_gpio_open_drain_pin_output_value
                0x00000000       0x1a src/ASF/avr32/drivers/gpio/gpio.o
 .text.gpio_set_pin_high
                0x00000000       0x16 src/ASF/avr32/drivers/gpio/gpio.o
 .text.gpio_set_group_high
                0x00000000        0xc src/ASF/avr32/drivers/gpio/gpio.o
 .text.gpio_set_pin_low
                0x00000000       0x16 src/ASF/avr32/drivers/gpio/gpio.o
 .text.gpio_set_group_low
                0x00000000        0xc src/ASF/avr32/drivers/gpio/gpio.o
 .text.gpio_tgl_gpio_pin
                0x00000000       0x1c src/ASF/avr32/drivers/gpio/gpio.o
 .text.gpio_toggle_pin
                0x00000000       0x16 src/ASF/avr32/drivers/gpio/gpio.o
 .text.gpio_toggle_group
                0x00000000        0xc src/ASF/avr32/drivers/gpio/gpio.o
 .text.gpio_set_gpio_open_drain_pin
                0x00000000       0x18 src/ASF/avr32/drivers/gpio/gpio.o
 .text.gpio_clr_gpio_open_drain_pin
                0x00000000       0x1c src/ASF/avr32/drivers/gpio/gpio.o
 .text.gpio_tgl_gpio_open_drain_pin
                0x00000000       0x1c src/ASF/avr32/drivers/gpio/gpio.o
 .text.gpio_disable_pin_glitch_filter
                0x00000000       0x16 src/ASF/avr32/drivers/gpio/gpio.o
 .text.gpio_disable_pin_interrupt
                0x00000000       0x16 src/ASF/avr32/drivers/gpio/gpio.o
 .text.gpio_clear_pin_interrupt_flag
                0x00000000       0x16 src/ASF/avr32/drivers/gpio/gpio.o
 .text          0x00000000        0x0 src/ASF/avr32/drivers/intc/exception.o
 .data          0x00000000        0x0 src/ASF/avr32/drivers/intc/exception.o
 .bss           0x00000000        0x0 src/ASF/avr32/drivers/intc/exception.o
 .text          0x00000000        0x0 src/ASF/avr32/drivers/intc/intc.o
 .data          0x00000000        0x0 src/ASF/avr32/drivers/intc/intc.o
 .bss           0x00000000        0x0 src/ASF/avr32/drivers/intc/intc.o
 .text          0x00000000        0x0 src/ASF/avr32/drivers/pm/pm.o
 .data          0x00000000        0x0 src/ASF/avr32/drivers/pm/pm.o
 .bss           0x00000000        0x0 src/ASF/avr32/drivers/pm/pm.o
 .text.pm_enable_osc0_ext_clock
                0x00000000       0x10 src/ASF/avr32/drivers/pm/pm.o
 .text.pm_disable_clk0
                0x00000000        0x8 src/ASF/avr32/drivers/pm/pm.o
 .text.pm_set_osc1_mode
                0x00000000        0xa src/ASF/avr32/drivers/pm/pm.o
 .text.pm_enable_osc1_ext_clock
                0x00000000       0x10 src/ASF/avr32/drivers/pm/pm.o
 .text.pm_enable_osc1_crystal
                0x00000000       0x3c src/ASF/avr32/drivers/pm/pm.o
 .text.pm_disable_clk1
                0x00000000        0x8 src/ASF/avr32/drivers/pm/pm.o
 .text.pm_enable_clk1_no_wait
                0x00000000       0x10 src/ASF/avr32/drivers/pm/pm.o
 .text.pm_wait_for_clk1_ready
                0x00000000        0xa src/ASF/avr32/drivers/pm/pm.o
 .text.pm_enable_clk1
                0x00000000       0x1c src/ASF/avr32/drivers/pm/pm.o
 .text.pm_set_osc32_mode
                0x00000000        0xa src/ASF/avr32/drivers/pm/pm.o
 .text.pm_enable_osc32_ext_clock
                0x00000000       0x10 src/ASF/avr32/drivers/pm/pm.o
 .text.pm_enable_osc32_crystal
                0x00000000       0x10 src/ASF/avr32/drivers/pm/pm.o
 .text.pm_disable_clk32
                0x00000000        0x8 src/ASF/avr32/drivers/pm/pm.o
 .text.pm_enable_clk32_no_wait
                0x00000000       0x10 src/ASF/avr32/drivers/pm/pm.o
 .text.pm_wait_for_clk32_ready
                0x00000000        0xa src/ASF/avr32/drivers/pm/pm.o
 .text.pm_enable_clk32
                0x00000000       0x1c src/ASF/avr32/drivers/pm/pm.o
 .text.pm_cksel_get
                0x00000000        0x6 src/ASF/avr32/drivers/pm/pm.o
 .text.pm_cksel_set
                0x00000000        0xc src/ASF/avr32/drivers/pm/pm.o
 .text.pm_gc_setup
                0x00000000       0x22 src/ASF/avr32/drivers/pm/pm.o
 .text.pm_gc_enable
                0x00000000        0xe src/ASF/avr32/drivers/pm/pm.o
 .text.pm_gc_disable
                0x00000000        0xe src/ASF/avr32/drivers/pm/pm.o
 .text.pm_pll_get_option
                0x00000000        0xc src/ASF/avr32/drivers/pm/pm.o
 .text.pm_pll_disable
                0x00000000        0xe src/ASF/avr32/drivers/pm/pm.o
 .text.pm_wait_for_pll1_locked
                0x00000000        0xa src/ASF/avr32/drivers/pm/pm.o
 .text.pm_get_clock
                0x00000000        0x8 src/ASF/avr32/drivers/pm/pm.o
 .text.pm_bod_enable_irq
                0x00000000        0xa src/ASF/avr32/drivers/pm/pm.o
 .text.pm_bod_clear_irq
                0x00000000        0xa src/ASF/avr32/drivers/pm/pm.o
 .text.pm_bod_get_irq_status
                0x00000000        0x8 src/ASF/avr32/drivers/pm/pm.o
 .text.pm_bod_get_irq_enable_bit
                0x00000000        0x8 src/ASF/avr32/drivers/pm/pm.o
 .text.pm_bod_get_level
                0x00000000        0xa src/ASF/avr32/drivers/pm/pm.o
 .text.pm_read_gplp
                0x00000000        0x8 src/ASF/avr32/drivers/pm/pm.o
 .text.pm_write_gplp
                0x00000000        0x8 src/ASF/avr32/drivers/pm/pm.o
 .text.pm_enable_module
                0x00000000       0x1a src/ASF/avr32/drivers/pm/pm.o
 .text.pm_disable_module
                0x00000000       0x1c src/ASF/avr32/drivers/pm/pm.o
 .text.pm_bod_disable_irq
                0x00000000       0x26 src/ASF/avr32/drivers/pm/pm.o
 .text          0x00000000        0x0 src/ASF/avr32/drivers/pm/pm_conf_clocks.o
 .data          0x00000000        0x0 src/ASF/avr32/drivers/pm/pm_conf_clocks.o
 .bss           0x00000000        0x0 src/ASF/avr32/drivers/pm/pm_conf_clocks.o
 .debug_abbrev  0x00000000      0x185 src/ASF/avr32/drivers/pm/pm_conf_clocks.o
 .debug_info    0x00000000      0xf50 src/ASF/avr32/drivers/pm/pm_conf_clocks.o
 .debug_line    0x00000000      0x6b5 src/ASF/avr32/drivers/pm/pm_conf_clocks.o
 .debug_macinfo
                0x00000000    0xe0ae3 src/ASF/avr32/drivers/pm/pm_conf_clocks.o
 .text.pm_configure_usb_clock
                0x00000000       0x70 src/ASF/avr32/drivers/pm/pm_conf_clocks.o
 .text.pm_configure_clocks
                0x00000000      0x1d4 src/ASF/avr32/drivers/pm/pm_conf_clocks.o
 .debug_frame   0x00000000       0x7c src/ASF/avr32/drivers/pm/pm_conf_clocks.o
 .debug_loc     0x00000000      0x232 src/ASF/avr32/drivers/pm/pm_conf_clocks.o
 .debug_pubnames
                0x00000000       0x45 src/ASF/avr32/drivers/pm/pm_conf_clocks.o
 .debug_aranges
                0x00000000       0x28 src/ASF/avr32/drivers/pm/pm_conf_clocks.o
 .debug_ranges  0x00000000       0x20 src/ASF/avr32/drivers/pm/pm_conf_clocks.o
 .debug_str     0x00000000      0x51f src/ASF/avr32/drivers/pm/pm_conf_clocks.o
 .comment       0x00000000       0x31 src/ASF/avr32/drivers/pm/pm_conf_clocks.o
 .text          0x00000000        0x0 src/ASF/avr32/drivers/pm/power_clocks_lib.o
 .data          0x00000000        0x0 src/ASF/avr32/drivers/pm/power_clocks_lib.o
 .bss           0x00000000        0x0 src/ASF/avr32/drivers/pm/power_clocks_lib.o
 .debug_abbrev  0x00000000      0x1cd src/ASF/avr32/drivers/pm/power_clocks_lib.o
 .debug_info    0x00000000      0xf89 src/ASF/avr32/drivers/pm/power_clocks_lib.o
 .debug_line    0x00000000      0x6a9 src/ASF/avr32/drivers/pm/power_clocks_lib.o
 .debug_macinfo
                0x00000000    0xe0b72 src/ASF/avr32/drivers/pm/power_clocks_lib.o
 .text.pcl_read_gplp
                0x00000000       0x14 src/ASF/avr32/drivers/pm/power_clocks_lib.o
 .text.pcl_write_gplp
                0x00000000       0x14 src/ASF/avr32/drivers/pm/power_clocks_lib.o
 .text.pcl_configure_usb_clock
                0x00000000        0xc src/ASF/avr32/drivers/pm/power_clocks_lib.o
 .text.pcl_switch_to_osc
                0x00000000       0x1c src/ASF/avr32/drivers/pm/power_clocks_lib.o
 .text.pcl_configure_clocks
                0x00000000        0xc src/ASF/avr32/drivers/pm/power_clocks_lib.o
 .debug_frame   0x00000000       0x88 src/ASF/avr32/drivers/pm/power_clocks_lib.o
 .debug_loc     0x00000000      0x12b src/ASF/avr32/drivers/pm/power_clocks_lib.o
 .debug_pubnames
                0x00000000       0x82 src/ASF/avr32/drivers/pm/power_clocks_lib.o
 .debug_aranges
                0x00000000       0x40 src/ASF/avr32/drivers/pm/power_clocks_lib.o
 .debug_ranges  0x00000000       0x38 src/ASF/avr32/drivers/pm/power_clocks_lib.o
 .debug_str     0x00000000      0x52c src/ASF/avr32/drivers/pm/power_clocks_lib.o
 .comment       0x00000000       0x31 src/ASF/avr32/drivers/pm/power_clocks_lib.o
 .text          0x00000000        0x0 src/ASF/avr32/drivers/pwm/pwm.o
 .data          0x00000000        0x0 src/ASF/avr32/drivers/pwm/pwm.o
 .bss           0x00000000        0x0 src/ASF/avr32/drivers/pwm/pwm.o
 .text.pwm_stop_channels
                0x00000000       0x12 src/ASF/avr32/drivers/pwm/pwm.o
 .text.pwm_sync_update_channel
                0x00000000       0x38 src/ASF/avr32/drivers/pwm/pwm.o
 .text.pwm_async_update_channel
                0x00000000       0x28 src/ASF/avr32/drivers/pwm/pwm.o
 .text          0x00000000        0x0 src/ASF/avr32/drivers/spi/spi.o
 .data          0x00000000        0x0 src/ASF/avr32/drivers/spi/spi.o
 .bss           0x00000000        0x0 src/ASF/avr32/drivers/spi/spi.o
 .text.spi_initSlave
                0x00000000       0x46 src/ASF/avr32/drivers/spi/spi.o
 .text.spi_initTest
                0x00000000       0x10 src/ASF/avr32/drivers/spi/spi.o
 .text.spi_disable
                0x00000000        0x6 src/ASF/avr32/drivers/spi/spi.o
 .text.spi_is_enabled
                0x00000000        0x8 src/ASF/avr32/drivers/spi/spi.o
 .text.spi_writeRegisterEmptyCheck
                0x00000000        0x8 src/ASF/avr32/drivers/spi/spi.o
 .text.spi_variableSlaveWrite
                0x00000000       0x40 src/ASF/avr32/drivers/spi/spi.o
 .text.spi_writeEndCheck
                0x00000000        0x8 src/ASF/avr32/drivers/spi/spi.o
 .text.spi_readRegisterFullCheck
                0x00000000        0x8 src/ASF/avr32/drivers/spi/spi.o
 .text.spi_getStatus
                0x00000000       0x2c src/ASF/avr32/drivers/spi/spi.o
 .text          0x00000000        0x0 src/ASF/avr32/drivers/tc/tc.o
 .data          0x00000000        0x0 src/ASF/avr32/drivers/tc/tc.o
 .bss           0x00000000        0x0 src/ASF/avr32/drivers/tc/tc.o
 .debug_abbrev  0x00000000      0x25c src/ASF/avr32/drivers/tc/tc.o
 .debug_info    0x00000000     0x1183 src/ASF/avr32/drivers/tc/tc.o
 .debug_line    0x00000000      0x79d src/ASF/avr32/drivers/tc/tc.o
 .debug_macinfo
                0x00000000    0xe130c src/ASF/avr32/drivers/tc/tc.o
 .text.tc_get_interrupt_settings
                0x00000000       0x12 src/ASF/avr32/drivers/tc/tc.o
 .text.tc_select_external_clock
                0x00000000       0x2e src/ASF/avr32/drivers/tc/tc.o
 .text.tc_init_capture
                0x00000000       0x58 src/ASF/avr32/drivers/tc/tc.o
 .text.tc_init_waveform
                0x00000000       0x9c src/ASF/avr32/drivers/tc/tc.o
 .text.tc_start
                0x00000000       0x12 src/ASF/avr32/drivers/tc/tc.o
 .text.tc_stop  0x00000000       0x12 src/ASF/avr32/drivers/tc/tc.o
 .text.tc_software_trigger
                0x00000000       0x12 src/ASF/avr32/drivers/tc/tc.o
 .text.tc_sync_trigger
                0x00000000        0x8 src/ASF/avr32/drivers/tc/tc.o
 .text.tc_sync_start
                0x00000000       0x12 src/ASF/avr32/drivers/tc/tc.o
 .text.tc_read_sr
                0x00000000       0x12 src/ASF/avr32/drivers/tc/tc.o
 .text.tc_read_tc
                0x00000000       0x16 src/ASF/avr32/drivers/tc/tc.o
 .text.tc_read_ra
                0x00000000       0x16 src/ASF/avr32/drivers/tc/tc.o
 .text.tc_read_rb
                0x00000000       0x16 src/ASF/avr32/drivers/tc/tc.o
 .text.tc_read_rc
                0x00000000       0x16 src/ASF/avr32/drivers/tc/tc.o
 .text.tc_write_ra
                0x00000000       0x34 src/ASF/avr32/drivers/tc/tc.o
 .text.tc_write_rb
                0x00000000       0x34 src/ASF/avr32/drivers/tc/tc.o
 .text.tc_write_rc
                0x00000000       0x34 src/ASF/avr32/drivers/tc/tc.o
 .text.tc_configure_interrupts
                0x00000000      0x108 src/ASF/avr32/drivers/tc/tc.o
 .debug_frame   0x00000000      0x148 src/ASF/avr32/drivers/tc/tc.o
 .debug_loc     0x00000000      0x3ff src/ASF/avr32/drivers/tc/tc.o
 .debug_pubnames
                0x00000000      0x164 src/ASF/avr32/drivers/tc/tc.o
 .debug_aranges
                0x00000000       0xa8 src/ASF/avr32/drivers/tc/tc.o
 .debug_ranges  0x00000000       0xa0 src/ASF/avr32/drivers/tc/tc.o
 .debug_str     0x00000000      0x4c5 src/ASF/avr32/drivers/tc/tc.o
 .comment       0x00000000       0x31 src/ASF/avr32/drivers/tc/tc.o
 .text          0x00000000        0x0 src/ASF/avr32/drivers/twi/twi.o
 .data          0x00000000        0x0 src/ASF/avr32/drivers/twi/twi.o
 .bss           0x00000000        0x0 src/ASF/avr32/drivers/twi/twi.o
 .debug_abbrev  0x00000000      0x2cb src/ASF/avr32/drivers/twi/twi.o
 .debug_info    0x00000000      0xfd5 src/ASF/avr32/drivers/twi/twi.o
 .debug_line    0x00000000      0x869 src/ASF/avr32/drivers/twi/twi.o
 .debug_macinfo
                0x00000000    0xe1b60 src/ASF/avr32/drivers/twi/twi.o
 .text.twi_master_interrupt_handler
                0x00000000       0xbc src/ASF/avr32/drivers/twi/twi.o
 .text.twi_slave_interrupt_handler
                0x00000000       0xd4 src/ASF/avr32/drivers/twi/twi.o
 .text.twi_mk_addr
                0x00000000       0x22 src/ASF/avr32/drivers/twi/twi.o
 .text.twi_master_write_ex
                0x00000000       0x94 src/ASF/avr32/drivers/twi/twi.o
 .text.twi_is_busy
                0x00000000        0xc src/ASF/avr32/drivers/twi/twi.o
 .text.twi_master_write
                0x00000000       0xb0 src/ASF/avr32/drivers/twi/twi.o
 .text.twi_probe
                0x00000000       0x28 src/ASF/avr32/drivers/twi/twi.o
 .text.twi_master_read
                0x00000000       0xb8 src/ASF/avr32/drivers/twi/twi.o
 .text.twi_disable_interrupt
                0x00000000       0x1e src/ASF/avr32/drivers/twi/twi.o
 .text.twi_slave_init
                0x00000000       0x88 src/ASF/avr32/drivers/twi/twi.o
 .text.twi_master_init
                0x00000000       0x9c src/ASF/avr32/drivers/twi/twi.o
 .bss.twi_busy  0x00000000        0x1 src/ASF/avr32/drivers/twi/twi.o
 .bss.twi_slave_fct
                0x00000000        0xc src/ASF/avr32/drivers/twi/twi.o
 .bss.twi_nack  0x00000000        0x1 src/ASF/avr32/drivers/twi/twi.o
 .bss.twi_tx_nb_bytes
                0x00000000        0x4 src/ASF/avr32/drivers/twi/twi.o
 .bss.twi_it_mask
                0x00000000        0x4 src/ASF/avr32/drivers/twi/twi.o
 .bss.twi_inst  0x00000000        0x4 src/ASF/avr32/drivers/twi/twi.o
 .bss.twi_tx_data
                0x00000000        0x4 src/ASF/avr32/drivers/twi/twi.o
 .bss.twi_rx_nb_bytes
                0x00000000        0x4 src/ASF/avr32/drivers/twi/twi.o
 .bss.twi_rx_data
                0x00000000        0x4 src/ASF/avr32/drivers/twi/twi.o
 .debug_frame   0x00000000      0x130 src/ASF/avr32/drivers/twi/twi.o
 .debug_loc     0x00000000      0x42e src/ASF/avr32/drivers/twi/twi.o
 .debug_pubnames
                0x00000000       0xb2 src/ASF/avr32/drivers/twi/twi.o
 .debug_aranges
                0x00000000       0x70 src/ASF/avr32/drivers/twi/twi.o
 .debug_ranges  0x00000000       0x68 src/ASF/avr32/drivers/twi/twi.o
 .debug_str     0x00000000      0x4bb src/ASF/avr32/drivers/twi/twi.o
 .comment       0x00000000       0x31 src/ASF/avr32/drivers/twi/twi.o
 .text          0x00000000        0x0 src/ASF/avr32/utils/startup/startup_uc3.o
 .data          0x00000000        0x0 src/ASF/avr32/utils/startup/startup_uc3.o
 .bss           0x00000000        0x0 src/ASF/avr32/utils/startup/startup_uc3.o
 .reset         0x00000000        0x8 src/ASF/avr32/utils/startup/startup_uc3.o
 .text          0x00000000        0x0 src/ASF/avr32/utils/startup/trampoline_uc3.o
 .data          0x00000000        0x0 src/ASF/avr32/utils/startup/trampoline_uc3.o
 .bss           0x00000000        0x0 src/ASF/avr32/utils/startup/trampoline_uc3.o
 .text          0x00000000        0x0 src/ASF/common/services/storage/ctrl_access/ctrl_access.o
 .data          0x00000000        0x0 src/ASF/common/services/storage/ctrl_access/ctrl_access.o
 .bss           0x00000000        0x0 src/ASF/common/services/storage/ctrl_access/ctrl_access.o
 .debug_abbrev  0x00000000      0x152 src/ASF/common/services/storage/ctrl_access/ctrl_access.o
 .debug_info    0x00000000      0x3b3 src/ASF/common/services/storage/ctrl_access/ctrl_access.o
 .debug_line    0x00000000      0x7d4 src/ASF/common/services/storage/ctrl_access/ctrl_access.o
 .debug_macinfo
                0x00000000    0xe2cab src/ASF/common/services/storage/ctrl_access/ctrl_access.o
 .text.get_nb_lun
                0x00000000        0x2 src/ASF/common/services/storage/ctrl_access/ctrl_access.o
 .text.get_cur_lun
                0x00000000        0x2 src/ASF/common/services/storage/ctrl_access/ctrl_access.o
 .text.mem_test_unit_ready
                0x00000000       0x14 src/ASF/common/services/storage/ctrl_access/ctrl_access.o
 .text.mem_read_capacity
                0x00000000       0x18 src/ASF/common/services/storage/ctrl_access/ctrl_access.o
 .text.mem_sector_size
                0x00000000        0x6 src/ASF/common/services/storage/ctrl_access/ctrl_access.o
 .text.mem_unload
                0x00000000       0x24 src/ASF/common/services/storage/ctrl_access/ctrl_access.o
 .text.mem_wr_protect
                0x00000000       0x14 src/ASF/common/services/storage/ctrl_access/ctrl_access.o
 .text.mem_removal
                0x00000000       0x14 src/ASF/common/services/storage/ctrl_access/ctrl_access.o
 .text.mem_name
                0x00000000       0x10 src/ASF/common/services/storage/ctrl_access/ctrl_access.o
 .rodata.lun_desc
                0x00000000       0x18 src/ASF/common/services/storage/ctrl_access/ctrl_access.o
 .rodata.str1.4
                0x00000000       0x18 src/ASF/common/services/storage/ctrl_access/ctrl_access.o
 .debug_frame   0x00000000       0xc8 src/ASF/common/services/storage/ctrl_access/ctrl_access.o
 .debug_loc     0x00000000      0x208 src/ASF/common/services/storage/ctrl_access/ctrl_access.o
 .debug_pubnames
                0x00000000       0xb2 src/ASF/common/services/storage/ctrl_access/ctrl_access.o
 .debug_aranges
                0x00000000       0x60 src/ASF/common/services/storage/ctrl_access/ctrl_access.o
 .debug_ranges  0x00000000       0x58 src/ASF/common/services/storage/ctrl_access/ctrl_access.o
 .debug_str     0x00000000      0x252 src/ASF/common/services/storage/ctrl_access/ctrl_access.o
 .comment       0x00000000       0x31 src/ASF/common/services/storage/ctrl_access/ctrl_access.o
 .text          0x00000000        0x0 src/audio/audio.o
 .data          0x00000000        0x0 src/audio/audio.o
 .bss           0x00000000        0x0 src/audio/audio.o
 .debug_abbrev  0x00000000      0x1ef src/audio/audio.o
 .debug_info    0x00000000     0x1758 src/audio/audio.o
 .debug_line    0x00000000      0x9b7 src/audio/audio.o
 .debug_macinfo
                0x00000000    0xe441c src/audio/audio.o
 .text._findFirstSector
                0x00000000        0x2 src/audio/audio.o
 .text.audio_freqStop
                0x00000000       0x14 src/audio/audio.o
 .text.audio_freqStart
                0x00000000       0x34 src/audio/audio.o
 .text._setOutput
                0x00000000       0x98 src/audio/audio.o
 .text.tc0_irq  0x00000000       0x50 src/audio/audio.o
 .text.tc1_irq  0x00000000       0x28 src/audio/audio.o
 .text.audio_setVolume
                0x00000000       0x58 src/audio/audio.o
 .text.audio_playFile
                0x00000000       0x60 src/audio/audio.o
 .bss.i         0x00000000        0x2 src/audio/audio.o
 .bss.j         0x00000000        0x2 src/audio/audio.o
 .data.volume   0x00000000        0x1 src/audio/audio.o
 .bss.cluster_read
                0x00000000        0x4 src/audio/audio.o
 .bss.slow      0x00000000        0x1 src/audio/audio.o
 .bss.audioL    0x00000000        0x2 src/audio/audio.o
 .bss.progression
                0x00000000        0x4 src/audio/audio.o
 .data.currentVolume.11411
                0x00000000        0x1 src/audio/audio.o
 .bss.audioR    0x00000000        0x2 src/audio/audio.o
 .bss.taille    0x00000000        0x4 src/audio/audio.o
 .bss.ram       0x00000000        0x4 src/audio/audio.o
 .bss.audio_firstCall
                0x00000000        0x1 src/audio/audio.o
 .bss.nextSample
                0x00000000        0x1 src/audio/audio.o
 .rodata.sineTable
                0x00000000      0x19e src/audio/audio.o
 .bss.wavData1  0x00000000      0x200 src/audio/audio.o
 .bss.wavData2  0x00000000      0x200 src/audio/audio.o
 .bss.lecture   0x00000000        0x4 src/audio/audio.o
 .debug_frame   0x00000000       0xd4 src/audio/audio.o
 .debug_loc     0x00000000      0x182 src/audio/audio.o
 .debug_pubnames
                0x00000000      0x1d4 src/audio/audio.o
 .debug_aranges
                0x00000000       0x58 src/audio/audio.o
 .debug_ranges  0x00000000       0x50 src/audio/audio.o
 .debug_str     0x00000000      0x64e src/audio/audio.o
 .comment       0x00000000       0x31 src/audio/audio.o
 COMMON         0x00000000       0x28 src/audio/audio.o
 .text          0x00000000        0x0 src/GFX/fonts.o
 .data          0x00000000        0x0 src/GFX/fonts.o
 .bss           0x00000000        0x0 src/GFX/fonts.o
 .rodata.Button
                0x00000000      0xe80 src/GFX/fonts.o
 .rodata.Digit  0x00000000      0x1e0 src/GFX/fonts.o
 .rodata.Logo   0x00000000      0x120 src/GFX/fonts.o
 .text          0x00000000        0x0 src/GFX/gfx.o
 .data          0x00000000        0x0 src/GFX/gfx.o
 .bss           0x00000000        0x0 src/GFX/gfx.o
 .text.gfx_DrawRectangle
                0x00000000        0x2 src/GFX/gfx.o
 .text.gfx_DrawTriangle
                0x00000000        0x2 src/GFX/gfx.o
 .text.gfx_FillScreen
                0x00000000        0x2 src/GFX/gfx.o
 .text.gfx_DrawPixel
                0x00000000       0x20 src/GFX/gfx.o
 .text          0x00000000        0x0 src/GFX/gui.o
 .data          0x00000000        0x0 src/GFX/gui.o
 .bss           0x00000000        0x0 src/GFX/gui.o
 .text          0x00000000        0x0 src/GFX/rectangle.o
 .data          0x00000000        0x0 src/GFX/rectangle.o
 .bss           0x00000000        0x0 src/GFX/rectangle.o
 .text.rectangle_GetWidth
                0x00000000       0x16 src/GFX/rectangle.o
 .text.rectangle_GetHeight
                0x00000000       0x16 src/GFX/rectangle.o
 .text          0x00000000        0x0 src/GFX/screen.o
 .data          0x00000000        0x0 src/GFX/screen.o
 .bss           0x00000000        0x0 src/GFX/screen.o
 .text.screen_SetBacklightStrength
                0x00000000        0x2 src/GFX/screen.o
 .text.screen_TouchZone
                0x00000000        0x2 src/GFX/screen.o
 .text          0x00000000        0x0 src/GFX/vector2.o
 .data          0x00000000        0x0 src/GFX/vector2.o
 .bss           0x00000000        0x0 src/GFX/vector2.o
 .text          0x00000000        0x0 src/init.o
 .data          0x00000000        0x0 src/init.o
 .bss           0x00000000        0x0 src/init.o
 .debug_abbrev  0x00000000      0x188 src/init.o
 .debug_info    0x00000000     0x2039 src/init.o
 .debug_line    0x00000000      0x98f src/init.o
 .debug_macinfo
                0x00000000    0xe443b src/init.o
 .text.twi_init
                0x00000000       0x54 src/init.o
 .text.tc0_init
                0x00000000       0x50 src/init.o
 .text.tc1_init
                0x00000000       0x60 src/init.o
 .text.spi_init
                0x00000000       0x88 src/init.o
 .text.board_init
                0x00000000       0x40 src/init.o
 .rodata.C.49.11371
                0x00000000        0xc src/init.o
 .rodata.WAVEFORM_OPT0.11364
                0x00000000        0x8 src/init.o
 .rodata.C.47.11354
                0x00000000       0x20 src/init.o
 .rodata.C.50.11372
                0x00000000       0x10 src/init.o
 .rodata.WAVEFORM_OPT1.11359
                0x00000000        0x8 src/init.o
 .rodata.C.48.11355
                0x00000000       0x10 src/init.o
 .rodata.TC1_INTERRUPT.11360
                0x00000000        0x4 src/init.o
 .rodata.TC0_INTERRUPT.11365
                0x00000000        0x4 src/init.o
 .debug_frame   0x00000000       0x90 src/init.o
 .debug_loc     0x00000000       0xb3 src/init.o
 .debug_pubnames
                0x00000000       0x55 src/init.o
 .debug_aranges
                0x00000000       0x40 src/init.o
 .debug_ranges  0x00000000       0x38 src/init.o
 .debug_str     0x00000000      0x763 src/init.o
 .comment       0x00000000       0x31 src/init.o
 .text          0x00000000        0x0 src/mainCentre.o
 .data          0x00000000        0x0 src/mainCentre.o
 .bss           0x00000000        0x0 src/mainCentre.o
 .text          0x00000000        0x0 src/mainGauche.o
 .data          0x00000000        0x0 src/mainGauche.o
 .bss           0x00000000        0x0 src/mainGauche.o
 .debug_abbrev  0x00000000       0x4c src/mainGauche.o
 .debug_info    0x00000000       0xa8 src/mainGauche.o
 .debug_line    0x00000000      0x9a3 src/mainGauche.o
 .debug_macinfo
                0x00000000    0xe4526 src/mainGauche.o
 .text.mainGauche
                0x00000000       0x1c src/mainGauche.o
 .debug_frame   0x00000000       0x28 src/mainGauche.o
 .debug_loc     0x00000000       0x1f src/mainGauche.o
 .debug_pubnames
                0x00000000       0x21 src/mainGauche.o
 .debug_aranges
                0x00000000       0x20 src/mainGauche.o
 .debug_ranges  0x00000000       0x18 src/mainGauche.o
 .debug_str     0x00000000       0xfd src/mainGauche.o
 .comment       0x00000000       0x31 src/mainGauche.o
 .text          0x00000000        0x0 src/RTC/rtc.o
 .data          0x00000000        0x0 src/RTC/rtc.o
 .bss           0x00000000        0x0 src/RTC/rtc.o
 .debug_abbrev  0x00000000      0x20a src/RTC/rtc.o
 .debug_info    0x00000000      0xc2a src/RTC/rtc.o
 .debug_line    0x00000000      0x9b5 src/RTC/rtc.o
 .debug_macinfo
                0x00000000    0xe4742 src/RTC/rtc.o
 .text.rtc_setAddress
                0x00000000        0x2 src/RTC/rtc.o
 .text.rtc_setTime
                0x00000000        0xe src/RTC/rtc.o
 .text.rtc_setNextMinuteInterrupt
                0x00000000        0x2 src/RTC/rtc.o
 .text.rtc_setNextAlarm
                0x00000000        0x2 src/RTC/rtc.o
 .text.rtc_getTime
                0x00000000      0x19c src/RTC/rtc.o
 .data.packet   0x00000000       0x10 src/RTC/rtc.o
 .bss.buffer    0x00000000        0x4 src/RTC/rtc.o
 .debug_frame   0x00000000       0x84 src/RTC/rtc.o
 .debug_loc     0x00000000       0x43 src/RTC/rtc.o
 .debug_pubnames
                0x00000000       0xa9 src/RTC/rtc.o
 .debug_aranges
                0x00000000       0x40 src/RTC/rtc.o
 .debug_ranges  0x00000000       0x38 src/RTC/rtc.o
 .debug_str     0x00000000      0x3c6 src/RTC/rtc.o
 .comment       0x00000000       0x31 src/RTC/rtc.o
 COMMON         0x00000000       0x4c src/RTC/rtc.o
 .text          0x00000000        0x0 src/SDCard/sdcard.o
 .data          0x00000000        0x0 src/SDCard/sdcard.o
 .bss           0x00000000        0x0 src/SDCard/sdcard.o
 .text._getFirstCluster
                0x00000000       0x78 src/SDCard/sdcard.o
 .text.scdcard_setFileToRead
                0x00000000       0x74 src/SDCard/sdcard.o
 .text.sdcard_getNextSector
                0x00000000       0xfc src/SDCard/sdcard.o
 .text          0x00000000        0x0 src/syntax.o
 .data          0x00000000        0x0 src/syntax.o
 .bss           0x00000000        0x0 src/syntax.o
 .debug_abbrev  0x00000000       0xa9 src/syntax.o
 .debug_info    0x00000000       0xfc src/syntax.o
 .debug_line    0x00000000      0x929 src/syntax.o
 .debug_macinfo
                0x00000000    0xe4497 src/syntax.o
 .text.syntax_fonction
                0x00000000        0x2 src/syntax.o
 .bss.externalVariable
                0x00000000        0x1 src/syntax.o
 .debug_frame   0x00000000       0x20 src/syntax.o
 .debug_pubnames
                0x00000000       0x3b src/syntax.o
 .debug_aranges
                0x00000000       0x20 src/syntax.o
 .debug_ranges  0x00000000       0x18 src/syntax.o
 .debug_str     0x00000000      0x134 src/syntax.o
 .comment       0x00000000       0x31 src/syntax.o
 .text          0x00000000        0x0 src/config/conf_cpu.o
 .data          0x00000000        0x0 src/config/conf_cpu.o
 .bss           0x00000000        0x0 src/config/conf_cpu.o
 .text          0x00000000        0x0 src/main.o
 .data          0x00000000        0x0 src/main.o
 .bss           0x00000000        0x0 src/main.o
 .data          0x00000000        0x0 c:/program files (x86)/atmel/studio/7.0/toolchain/avr32/avr32-gnu-toolchain/bin/../lib/gcc/avr32/4.4.7/../../../../avr32/lib/ucr2\libc.a(lib_a-memcpy.o)
 .bss           0x00000000        0x0 c:/program files (x86)/atmel/studio/7.0/toolchain/avr32/avr32-gnu-toolchain/bin/../lib/gcc/avr32/4.4.7/../../../../avr32/lib/ucr2\libc.a(lib_a-memcpy.o)

Memory Configuration

Name             Origin             Length             Attributes
FLASH            0x80000000         0x00040000         axrl !w
CPUSRAM          0x00000004         0x0000fffc         axw !rl
USERPAGE         0x80800000         0x00000200
FACTORYPAGE      0x80800200         0x00000200
*default*        0x00000000         0xffffffff

Linker script and memory map

                0x00001000                _stack_size = 0x1000
LOAD src/ASF/avr32/components/memory/sd_mmc/sd_mmc_spi/sd_mmc_spi.o
LOAD src/ASF/avr32/components/memory/sd_mmc/sd_mmc_spi/sd_mmc_spi_mem.o
LOAD src/ASF/avr32/drivers/flashc/flashc.o
LOAD src/ASF/avr32/drivers/gpio/gpio.o
LOAD src/ASF/avr32/drivers/intc/exception.o
LOAD src/ASF/avr32/drivers/intc/intc.o
LOAD src/ASF/avr32/drivers/pm/pm.o
LOAD src/ASF/avr32/drivers/pm/pm_conf_clocks.o
LOAD src/ASF/avr32/drivers/pm/power_clocks_lib.o
LOAD src/ASF/avr32/drivers/pwm/pwm.o
LOAD src/ASF/avr32/drivers/spi/spi.o
LOAD src/ASF/avr32/drivers/tc/tc.o
LOAD src/ASF/avr32/drivers/twi/twi.o
LOAD src/ASF/avr32/utils/startup/startup_uc3.o
LOAD src/ASF/avr32/utils/startup/trampoline_uc3.o
LOAD src/ASF/common/services/storage/ctrl_access/ctrl_access.o
LOAD src/audio/audio.o
LOAD src/GFX/fonts.o
LOAD src/GFX/gfx.o
LOAD src/GFX/gui.o
LOAD src/GFX/rectangle.o
LOAD src/GFX/screen.o
LOAD src/GFX/vector2.o
LOAD src/init.o
LOAD src/mainCentre.o
LOAD src/mainGauche.o
LOAD src/RTC/rtc.o
LOAD src/SDCard/sdcard.o
LOAD src/syntax.o
LOAD src/config/conf_cpu.o
LOAD src/main.o
START GROUP
LOAD c:/program files (x86)/atmel/studio/7.0/toolchain/avr32/avr32-gnu-toolchain/bin/../lib/gcc/avr32/4.4.7/../../../../avr32/lib/ucr2\libm.a
END GROUP
LOAD c:/program files (x86)/atmel/studio/7.0/toolchain/avr32/avr32-gnu-toolchain/bin/../lib/gcc/avr32/4.4.7/ucr2\libgcc.a
LOAD c:/program files (x86)/atmel/studio/7.0/toolchain/avr32/avr32-gnu-toolchain/bin/../lib/gcc/avr32/4.4.7/../../../../avr32/lib/ucr2\libc.a
LOAD c:/program files (x86)/atmel/studio/7.0/toolchain/avr32/avr32-gnu-toolchain/bin/../lib/gcc/avr32/4.4.7/ucr2\libgcc.a
                0x80000000                PROVIDE (__executable_start, 0x80000000)
                0x80000000                . = 0x80000000

.interp
 *(.interp)

.reset          0x80000000     0x2004
 *(.reset)
 .reset         0x80000000     0x2004 src/ASF/avr32/utils/startup/trampoline_uc3.o
                               0x2008 (size before relaxing)
                0x80000000                _trampoline

.hash
 *(.hash)

.dynsym
 *(.dynsym)

.dynstr
 *(.dynstr)

.gnu.version
 *(.gnu.version)

.gnu.version_d
 *(.gnu.version_d)

.gnu.version_r
 *(.gnu.version_r)

.rel.init
 *(.rel.init)

.rela.init
 *(.rela.init)

.rel.text
 *(.rel.text .rel.text.* .rel.gnu.linkonce.t.*)

.rela.text
 *(.rela.text .rela.text.* .rela.gnu.linkonce.t.*)

.rel.fini
 *(.rel.fini)

.rela.fini
 *(.rela.fini)

.rel.rodata
 *(.rel.rodata .rel.rodata.* .rel.gnu.linkonce.r.*)

.rela.rodata
 *(.rela.rodata .rela.rodata.* .rela.gnu.linkonce.r.*)

.rel.data.rel.ro
 *(.rel.data.rel.ro*)

.rela.data.rel.ro
 *(.rel.data.rel.ro*)

.rel.data
 *(.rel.data .rel.data.* .rel.gnu.linkonce.d.*)

.rela.data
 *(.rela.data .rela.data.* .rela.gnu.linkonce.d.*)

.rel.tdata
 *(.rel.tdata .rel.tdata.* .rel.gnu.linkonce.td.*)

.rela.tdata
 *(.rela.tdata .rela.tdata.* .rela.gnu.linkonce.td.*)

.rel.tbss
 *(.rel.tbss .rel.tbss.* .rel.gnu.linkonce.tb.*)

.rela.tbss
 *(.rela.tbss .rela.tbss.* .rela.gnu.linkonce.tb.*)

.rel.ctors
 *(.rel.ctors)

.rela.ctors
 *(.rela.ctors)

.rel.dtors
 *(.rel.dtors)

.rela.dtors
 *(.rela.dtors)

.rel.got
 *(.rel.got)

.rela.got       0x80002004        0x0
 *(.rela.got)
 .rela.got      0x80002004        0x0 src/ASF/avr32/drivers/flashc/flashc.o

.rel.bss
 *(.rel.bss .rel.bss.* .rel.gnu.linkonce.b.*)

.rela.bss
 *(.rela.bss .rela.bss.* .rela.gnu.linkonce.b.*)

.rel.plt
 *(.rel.plt)

.rela.plt
 *(.rela.plt)

.init
 *(.init)

.plt
 *(.plt)

.text           0x80002004     0x2fd0
 *(.text .stub .text.* .gnu.linkonce.t.*)
 .text.sd_mmc_spi_get_capacity
                0x80002004      0x11c src/ASF/avr32/components/memory/sd_mmc/sd_mmc_spi/sd_mmc_spi.o
                0x80002004                sd_mmc_spi_get_capacity
 .text.sd_mmc_spi_send_and_read
                0x80002120       0x34 src/ASF/avr32/components/memory/sd_mmc/sd_mmc_spi/sd_mmc_spi.o
                0x80002120                sd_mmc_spi_send_and_read
 .text.sd_mmc_spi_wait_not_busy
                0x80002154       0x58 src/ASF/avr32/components/memory/sd_mmc/sd_mmc_spi/sd_mmc_spi.o
                0x80002154                sd_mmc_spi_wait_not_busy
 .text.sd_mmc_spi_command
                0x800021ac       0xc8 src/ASF/avr32/components/memory/sd_mmc/sd_mmc_spi/sd_mmc_spi.o
                0x800021ac                sd_mmc_spi_command
 .text.sd_mmc_spi_send_command
                0x80002274       0x40 src/ASF/avr32/components/memory/sd_mmc/sd_mmc_spi/sd_mmc_spi.o
                0x80002274                sd_mmc_spi_send_command
 .text.sd_mmc_spi_check_presence
                0x800022b4       0x7c src/ASF/avr32/components/memory/sd_mmc/sd_mmc_spi/sd_mmc_spi.o
                0x800022b4                sd_mmc_spi_check_presence
 .text.sd_mmc_spi_check_hc
                0x80002330       0x8c src/ASF/avr32/components/memory/sd_mmc/sd_mmc_spi/sd_mmc_spi.o
                0x80002330                sd_mmc_spi_check_hc
 .text.sd_mmc_spi_get_if
                0x800023bc       0xb8 src/ASF/avr32/components/memory/sd_mmc/sd_mmc_spi/sd_mmc_spi.o
                0x800023bc                sd_mmc_spi_get_if
 .text.sd_mmc_spi_get_csd
                0x80002474       0xf4 src/ASF/avr32/components/memory/sd_mmc/sd_mmc_spi/sd_mmc_spi.o
                0x80002474                sd_mmc_spi_get_csd
 .text.sd_mmc_spi_internal_init
                0x80002568      0x2a4 src/ASF/avr32/components/memory/sd_mmc/sd_mmc_spi/sd_mmc_spi.o
                0x80002568                sd_mmc_spi_internal_init
 .text.sd_mmc_spi_init
                0x8000280c       0x34 src/ASF/avr32/components/memory/sd_mmc/sd_mmc_spi/sd_mmc_spi.o
                0x8000280c                sd_mmc_spi_init
 .text.flashc_set_wait_state
                0x80002840        0xe src/ASF/avr32/drivers/flashc/flashc.o
                0x80002840                flashc_set_wait_state
 .text.gpio_enable_module_pin
                0x8000284e       0x52 src/ASF/avr32/drivers/gpio/gpio.o
                0x8000284e                gpio_enable_module_pin
 .text.gpio_enable_module
                0x800028a0       0x30 src/ASF/avr32/drivers/gpio/gpio.o
                0x800028a0                gpio_enable_module
 .text.gpio_enable_pin_pull_up
                0x800028d0       0x16 src/ASF/avr32/drivers/gpio/gpio.o
                0x800028d0                gpio_enable_pin_pull_up
 .text.gpio_set_gpio_pin
                0x800028e6       0x1c src/ASF/avr32/drivers/gpio/gpio.o
                0x800028e6                gpio_set_gpio_pin
 .text.gpio_clr_gpio_pin
                0x80002902       0x1c src/ASF/avr32/drivers/gpio/gpio.o
                0x80002902                gpio_clr_gpio_pin
 .text.gpio_enable_pin_glitch_filter
                0x8000291e       0x16 src/ASF/avr32/drivers/gpio/gpio.o
                0x8000291e                gpio_enable_pin_glitch_filter
 .text.gpio_enable_pin_interrupt
                0x80002934       0x46 src/ASF/avr32/drivers/gpio/gpio.o
                0x80002934                gpio_enable_pin_interrupt
 .text.gpio_get_pin_interrupt_flag
                0x8000297a       0x18 src/ASF/avr32/drivers/gpio/gpio.o
                0x8000297a                gpio_get_pin_interrupt_flag
 .text._unhandled_interrupt
                0x80002992        0x2 src/ASF/avr32/drivers/intc/intc.o
 .text.INTC_register_interrupt
                0x80002994       0x80 src/ASF/avr32/drivers/intc/intc.o
                0x80002994                INTC_register_interrupt
 .text.INTC_init_interrupts
                0x80002a14       0x54 src/ASF/avr32/drivers/intc/intc.o
                0x80002a14                INTC_init_interrupts
 .text._get_interrupt_handler
                0x80002a68       0x38 src/ASF/avr32/drivers/intc/intc.o
                0x80002a68                _get_interrupt_handler
 .text.pm_set_osc0_mode
                0x80002aa0        0xa src/ASF/avr32/drivers/pm/pm.o
 *fill*         0x80002aaa        0x2 d703d703
 .text.pm_enable_osc0_crystal
                0x80002aac       0x3c src/ASF/avr32/drivers/pm/pm.o
                0x80002aac                pm_enable_osc0_crystal
 .text.pm_enable_clk0_no_wait
                0x80002ae8       0x10 src/ASF/avr32/drivers/pm/pm.o
                0x80002ae8                pm_enable_clk0_no_wait
 .text.pm_wait_for_clk0_ready
                0x80002af8        0xa src/ASF/avr32/drivers/pm/pm.o
                0x80002af8                pm_wait_for_clk0_ready
 *fill*         0x80002b02        0x2 d703d703
 .text.pm_enable_clk0
                0x80002b04       0x1c src/ASF/avr32/drivers/pm/pm.o
                0x80002b04                pm_enable_clk0
 .text.pm_cksel
                0x80002b20       0x46 src/ASF/avr32/drivers/pm/pm.o
                0x80002b20                pm_cksel
 .text.pm_pll_setup
                0x80002b66       0x22 src/ASF/avr32/drivers/pm/pm.o
                0x80002b66                pm_pll_setup
 .text.pm_pll_set_option
                0x80002b88       0x1a src/ASF/avr32/drivers/pm/pm.o
                0x80002b88                pm_pll_set_option
 .text.pm_pll_enable
                0x80002ba2        0xe src/ASF/avr32/drivers/pm/pm.o
                0x80002ba2                pm_pll_enable
 .text.pm_wait_for_pll0_locked
                0x80002bb0        0xa src/ASF/avr32/drivers/pm/pm.o
                0x80002bb0                pm_wait_for_pll0_locked
 .text.pm_switch_to_clock
                0x80002bba        0xa src/ASF/avr32/drivers/pm/pm.o
                0x80002bba                pm_switch_to_clock
 .text.pm_switch_to_osc0
                0x80002bc4       0x2c src/ASF/avr32/drivers/pm/pm.o
                0x80002bc4                pm_switch_to_osc0
 .text.pwm_channel_init
                0x80002bf0       0x36 src/ASF/avr32/drivers/pwm/pwm.o
                0x80002bf0                pwm_channel_init
 .text.pwm_start_channels
                0x80002c26       0x12 src/ASF/avr32/drivers/pwm/pwm.o
                0x80002c26                pwm_start_channels
 .text.pwm_init
                0x80002c38       0x46 src/ASF/avr32/drivers/pwm/pwm.o
                0x80002c38                pwm_init
 .text.getBaudDiv
                0x80002c7e       0x20 src/ASF/avr32/drivers/spi/spi.o
                0x80002c7e                getBaudDiv
 .text.spi_initMaster
                0x80002c9e       0x38 src/ASF/avr32/drivers/spi/spi.o
                0x80002c9e                spi_initMaster
 .text.spi_selectionMode
                0x80002cd6       0x2c src/ASF/avr32/drivers/spi/spi.o
                0x80002cd6                spi_selectionMode
 .text.spi_selectChip
                0x80002d02       0x4c src/ASF/avr32/drivers/spi/spi.o
                0x80002d02                spi_selectChip
 .text.spi_unselectChip
                0x80002d4e       0x26 src/ASF/avr32/drivers/spi/spi.o
                0x80002d4e                spi_unselectChip
 .text.spi_setupChipReg
                0x80002d74       0xb8 src/ASF/avr32/drivers/spi/spi.o
                0x80002d74                spi_setupChipReg
 .text.spi_enable
                0x80002e2c        0x6 src/ASF/avr32/drivers/spi/spi.o
                0x80002e2c                spi_enable
 .text.spi_write
                0x80002e32       0x1c src/ASF/avr32/drivers/spi/spi.o
                0x80002e32                spi_write
 .text.spi_read
                0x80002e4e       0x20 src/ASF/avr32/drivers/spi/spi.o
                0x80002e4e                spi_read
 *fill*         0x80002e6e        0x2 d703d703
 .text._stext   0x80002e70       0x3c src/ASF/avr32/utils/startup/startup_uc3.o
                                 0x50 (size before relaxing)
                0x80002e70                _stext
 .text.gfx_BeginNewTerminal
                0x80002eac       0x1c src/GFX/gfx.o
                0x80002eac                gfx_BeginNewTerminal
 .text.gfx_DrawCircle
                0x80002ec8      0x2a0 src/GFX/gfx.o
                0x80002ec8                gfx_DrawCircle
 .text.gfx_Label
                0x80003168      0x180 src/GFX/gfx.o
                0x80003168                gfx_Label
 .text.gfx_cmdLine
                0x800032e8       0xc0 src/GFX/gfx.o
                0x800032e8                gfx_cmdLine
 .text.gfx_DrawTerminalButton
                0x800033a8       0x80 src/GFX/gfx.o
                0x800033a8                gfx_DrawTerminalButton
 .text.gfx_AddOptionToTerminal
                0x80003428       0xec src/GFX/gfx.o
                0x80003428                gfx_AddOptionToTerminal
 .text.gfx_AddLineToTerminal
                0x80003514       0x70 src/GFX/gfx.o
                0x80003514                gfx_AddLineToTerminal
 .text.gfx_DrawLine
                0x80003584      0x19c src/GFX/gfx.o
                0x80003584                gfx_DrawLine
 .text.switchISR
                0x80003720       0x58 src/GFX/gui.o
                0x80003720                switchISR
 .text._drawButton
                0x80003778       0xe4 src/GFX/gui.o
                0x80003778                _drawButton
 .text._alarmMenu
                0x8000385c      0x1cc src/GFX/gui.o
                0x8000385c                _alarmMenu
 .text._settingsMenu
                0x80003a28      0x110 src/GFX/gui.o
                0x80003a28                _settingsMenu
 .text._musicMenu
                0x80003b38      0x124 src/GFX/gui.o
                0x80003b38                _musicMenu
 .text._mainMenu
                0x80003c5c      0x2c4 src/GFX/gui.o
                0x80003c5c                _mainMenu
 .text.gui_loadingScreen
                0x80003f20      0x1dc src/GFX/gui.o
                0x80003f20                gui_loadingScreen
 .text.gui_Init
                0x800040fc       0x74 src/GFX/gui.o
                0x800040fc                gui_Init
 .text.rectangle_GetArea
                0x80004170       0x2a src/GFX/rectangle.o
                0x80004170                rectangle_GetArea
 .text.rectangle_VerifySize
                0x8000419a       0x2a src/GFX/rectangle.o
                0x8000419a                rectangle_VerifySize
 .text.Rect     0x800041c4        0xe src/GFX/rectangle.o
                0x800041c4                Rect
 *fill*         0x800041d2        0x2 d703d703
 .text._writeRegister
                0x800041d4       0x80 src/GFX/screen.o
 .text._setStart
                0x80004254       0x20 src/GFX/screen.o
 .text._setLimits
                0x80004274       0x30 src/GFX/screen.o
 .text._selectRegister
                0x800042a4       0x48 src/GFX/screen.o
 .text._writeRAM
                0x800042ec       0x4c src/GFX/screen.o
 .text.screen_SetPixels
                0x80004338       0xa0 src/GFX/screen.o
                0x80004338                screen_SetPixels
 .text.screen_SetPixel
                0x800043d8       0x3c src/GFX/screen.o
                0x800043d8                screen_SetPixel
 .text.screen_Init
                0x80004414      0x3dc src/GFX/screen.o
                0x80004414                screen_Init
 .text.vector2_Add
                0x800047f0       0x22 src/GFX/vector2.o
                0x800047f0                vector2_Add
 *fill*         0x80004812        0x2 d703d703
 .text.mainCentre
                0x80004814       0xa0 src/mainCentre.o
                0x80004814                mainCentre
 .text.sdcard_ReadSector
                0x800048b4      0x124 src/SDCard/sdcard.o
                0x800048b4                sdcard_ReadSector
 .text._getFilesInfos
                0x800049d8      0x1f8 src/SDCard/sdcard.o
                0x800049d8                _getFilesInfos
 .text._initFat
                0x80004bd0      0x138 src/SDCard/sdcard.o
                0x80004bd0                _initFat
 .text.sdcard_CheckPresence
                0x80004d08        0xc src/SDCard/sdcard.o
                0x80004d08                sdcard_CheckPresence
 .text.sdcard_Mount
                0x80004d14       0x50 src/SDCard/sdcard.o
                0x80004d14                sdcard_Mount
 .text.sdcard_Init
                0x80004d64       0x88 src/SDCard/sdcard.o
                0x80004d64                sdcard_Init
 .text.sysclk_init
                0x80004dec       0x94 src/config/conf_cpu.o
                0x80004dec                sysclk_init
 .text.main     0x80004e80        0xc src/main.o
                0x80004e80                main
 .text          0x80004e8c      0x148 c:/program files (x86)/atmel/studio/7.0/toolchain/avr32/avr32-gnu-toolchain/bin/../lib/gcc/avr32/4.4.7/../../../../avr32/lib/ucr2\libc.a(lib_a-memcpy.o)
                0x80004e8c                memcpy
 *(.text.*personality*)
 *(.gnu.warning)

.exception      0x80005000      0x200
 .exception     0x80005000      0x200 src/ASF/avr32/drivers/intc/exception.o
                0x80005000                _evba
                0x80005104                _int0
                0x80005112                _int1
                0x80005120                _int2
                0x8000512e                _int3

.fini
 *(.fini)
                0x80005200                PROVIDE (__etext, .)
                0x80005200                PROVIDE (_etext, .)
                0x80005200                PROVIDE (etext, .)

.rodata         0x80005200     0x34a8
 *(.rodata .rodata.* .gnu.linkonce.r.*)
 .rodata._int_handler_table
                0x80005200       0xa0 src/ASF/avr32/drivers/intc/intc.o
 .rodata.FONT8x8
                0x800052a0      0x308 src/GFX/fonts.o
                0x800052a0                FONT8x8
 .rodata.FONT16x12
                0x800055a8     0x2ee0 src/GFX/fonts.o
                0x800055a8                FONT16x12
 .rodata.C.60.11879
                0x80008488        0x4 src/GFX/gfx.o
 .rodata.str1.4
                0x8000848c        0x6 src/GFX/gfx.o
                                  0x8 (size before relaxing)
 .rodata.C.54.11486
                0x80008492        0x4 src/GFX/gui.o
 .rodata.C.62.11512
                0x80008496        0x4 src/GFX/gui.o
 .rodata.C.74.11597
                0x8000849a        0x4 src/GFX/gui.o
 .rodata.C.47.11479
                0x8000849e        0x8 src/GFX/gui.o
 .rodata.C.50.11482
                0x800084a6        0x4 src/GFX/gui.o
 .rodata.C.58.11497
                0x800084aa        0x4 src/GFX/gui.o
 .rodata.C.69.11562
                0x800084ae        0x4 src/GFX/gui.o
 .rodata.C.55.11487
                0x800084b2        0x4 src/GFX/gui.o
 .rodata.C.48.11480
                0x800084b6        0x4 src/GFX/gui.o
 .rodata.C.51.11483
                0x800084ba        0x4 src/GFX/gui.o
 .rodata.C.63.11514
                0x800084be        0x4 src/GFX/gui.o
 .rodata.C.59.11498
                0x800084c2        0x4 src/GFX/gui.o
 .rodata.C.49.11481
                0x800084c6        0x4 src/GFX/gui.o
 *fill*         0x800084ca        0x2 
 .rodata.str1.4
                0x800084cc      0x16c src/GFX/gui.o
                                0x170 (size before relaxing)
 .rodata.C.56.11488
                0x80008638        0x4 src/GFX/gui.o
 .rodata.C.52.11484
                0x8000863c        0x4 src/GFX/gui.o
 .rodata.C.61.11500
                0x80008640        0x4 src/GFX/gui.o
 .rodata.C.71.11581
                0x80008644        0x4 src/GFX/gui.o
 .rodata.C.53.11485
                0x80008648        0x4 src/GFX/gui.o
 .rodata.C.73.11595
                0x8000864c        0x4 src/GFX/gui.o
 .rodata.C.60.11499
                0x80008650        0x4 src/GFX/gui.o
 .rodata.C.57.11489
                0x80008654        0x4 src/GFX/gui.o
 .rodata.C.47.11357
                0x80008658       0x20 src/GFX/screen.o
 .rodata.C.48.11358
                0x80008678       0x10 src/GFX/screen.o
 .rodata.C.47.11372
                0x80008688       0x20 src/SDCard/sdcard.o

.rodata1
 *(.rodata1)

.eh_frame_hdr
 *(.eh_frame_hdr)

.eh_frame
 *(.eh_frame)

.gcc_except_table
 *(.gcc_except_table)
 *(.gcc_except_table.*)

.dalign         0x800086a8        0x0
                0x800086a8                . = ALIGN (0x8)
                0x800086a8                PROVIDE (_data_lma, .)
                0x00000004                PROVIDE (_data, ORIGIN (CPUSRAM))
                0x00000004                . = ORIGIN (CPUSRAM)

.eh_frame
 *(.eh_frame)

.gcc_except_table
 *(.gcc_except_table)
 *(.gcc_except_table.*)

.tdata
 *(.tdata .tdata.* .gnu.linkonce.td.*)

.tbss
 *(.tbss .tbss.* .gnu.linkonce.tb.*)
 *(.tcommon)
                0x00000004                PROVIDE (__preinit_array_start, ALIGN (0x4))

.preinit_array
 *(.preinit_array)
                0x00000004                PROVIDE (__preinit_array_end, .)
                0x00000004                PROVIDE (__init_array_start, .)

.init_array
 *(.init_array)
                0x00000004                PROVIDE (__init_array_end, .)
                0x00000004                PROVIDE (__fini_array_start, .)

.fini_array
 *(.fini_array)
                0x00000004                PROVIDE (__fini_array_end, .)

.ctors
 *crtbegin*.o(.ctors)
 *(EXCLUDE_FILE(*crtend*.o) .ctors)
 *(SORT(.ctors.*))
 *(.ctors)

.dtors
 *crtbegin*.o(.dtors)
 *(EXCLUDE_FILE(*crtend*.o) .dtors)
 *(SORT(.dtors.*))
 *(.dtors)

.jcr
 *(.jcr)

.data.rel.ro
 *(.data.rel.ro.local)
 *(.data.rel.ro*)

.dynamic
 *(.dynamic)

.got
 *(.got.plt)
 *(.got)

.data           0x00000004       0x28 load address 0x800086a8
 *(.data .data.* .gnu.linkonce.d.*)
 .data.menus    0x00000004       0x10 src/GFX/gui.o
                0x00000004                menus
 .data.selectedOption
                0x00000014        0x1 src/GFX/gui.o
 .data.commandChanged
                0x00000015        0x1 src/GFX/gui.o
 .data.textColor
                0x00000016        0x4 src/GFX/gui.o
                0x00000016                textColor
 *fill*         0x0000001a        0x2 
 .data.sdOptions
                0x0000001c       0x10 src/SDCard/sdcard.o
 *(.gnu.linkonce.d.*personality*)

.data1
 *(.data1)

.balign         0x0000002c        0x4 load address 0x800086d0
                0x00000030                . = ALIGN (0x8)
 *fill*         0x0000002c        0x4 
                0x00000030                _edata = .
                0x00000030                _edata = .
                0x00000030                PROVIDE (edata, .)
                0x00000030                __bss_start = .

.bss            0x00000030     0x1360 load address 0x800086d0
 *(.dynbss)
 *(.bss .bss.* .gnu.linkonce.b.*)
 .bss.sd_mmc_opt
                0x00000030       0x10 src/ASF/avr32/components/memory/sd_mmc/sd_mmc_spi/sd_mmc_spi.o
 .bss.sd_mmc_pba_hz
                0x00000040        0x4 src/ASF/avr32/components/memory/sd_mmc/sd_mmc_spi/sd_mmc_spi.o
 .bss.sd_mmc_spi_init_done
                0x00000044        0x1 src/ASF/avr32/components/memory/sd_mmc/sd_mmc_spi/sd_mmc_spi.o
                0x00000044                sd_mmc_spi_init_done
 *fill*         0x00000045        0x3 
 .bss._int_line_handler_table_6
                0x00000048        0x4 src/ASF/avr32/drivers/intc/intc.o
 .bss._int_line_handler_table_7
                0x0000004c        0x4 src/ASF/avr32/drivers/intc/intc.o
 .bss._int_line_handler_table_8
                0x00000050        0x4 src/ASF/avr32/drivers/intc/intc.o
 .bss._int_line_handler_table_9
                0x00000054        0x4 src/ASF/avr32/drivers/intc/intc.o
 .bss._int_line_handler_table_10
                0x00000058        0x4 src/ASF/avr32/drivers/intc/intc.o
 .bss._int_line_handler_table_11
                0x0000005c        0x4 src/ASF/avr32/drivers/intc/intc.o
 .bss._int_line_handler_table_12
                0x00000060        0x4 src/ASF/avr32/drivers/intc/intc.o
 .bss._int_line_handler_table_13
                0x00000064        0x4 src/ASF/avr32/drivers/intc/intc.o
 .bss._int_line_handler_table_14
                0x00000068        0xc src/ASF/avr32/drivers/intc/intc.o
 .bss._int_line_handler_table_15
                0x00000074        0x4 src/ASF/avr32/drivers/intc/intc.o
 .bss._int_line_handler_table_16
                0x00000078        0x4 src/ASF/avr32/drivers/intc/intc.o
 .bss._int_line_handler_table_17
                0x0000007c        0x4 src/ASF/avr32/drivers/intc/intc.o
 .bss._int_line_handler_table_18
                0x00000080        0x4 src/ASF/avr32/drivers/intc/intc.o
 .bss._int_line_handler_table_19
                0x00000084        0x4 src/ASF/avr32/drivers/intc/intc.o
 .bss._int_line_handler_table_0
                0x00000088        0x4 src/ASF/avr32/drivers/intc/intc.o
 .bss._int_line_handler_table_1
                0x0000008c       0x2c src/ASF/avr32/drivers/intc/intc.o
 .bss._int_line_handler_table_2
                0x000000b8       0x24 src/ASF/avr32/drivers/intc/intc.o
 .bss._int_line_handler_table_3
                0x000000dc       0x3c src/ASF/avr32/drivers/intc/intc.o
 .bss._int_line_handler_table_4
                0x00000118        0x4 src/ASF/avr32/drivers/intc/intc.o
 .bss._int_line_handler_table_5
                0x0000011c        0x4 src/ASF/avr32/drivers/intc/intc.o
 .bss.counter.11870
                0x00000120        0x4 src/GFX/gfx.o
 .bss.newLinePosition
                0x00000124        0x4 src/GFX/gfx.o
 .bss.menuChanged
                0x00000128        0x1 src/GFX/gui.o
                0x00000128                menuChanged
 .bss.selectedCommand
                0x00000129        0x1 src/GFX/gui.o
 .bss.switchState
                0x0000012a        0x1 src/GFX/gui.o
 .bss.currentMenuId
                0x0000012b        0x1 src/GFX/gui.o
                0x0000012b                currentMenuId
 .bss.isFAT32   0x0000012c        0x1 src/SDCard/sdcard.o
                0x0000012c                isFAT32
 *(COMMON)
 *fill*         0x0000012d        0x3 
 COMMON         0x00000130      0x229 src/ASF/avr32/components/memory/sd_mmc/sd_mmc_spi/sd_mmc_spi.o
                0x00000130                data_mem
                0x00000334                capacity
                0x0000033c                capacity_mult
                0x0000033e                erase_group_size
                0x00000340                sd_mmc_spi_last_block_address
                0x00000344                r2
                0x00000346                card_type
                0x00000348                csd
                0x00000358                r1
 *fill*         0x00000359        0x3 
 COMMON         0x0000035c     0x1030 src/SDCard/sdcard.o
                0x0000035c                sectorPerClusters
                0x00000360                sectorsEnd
                0x00000364                cluster
                0x00000368                sector
                0x0000036c                files
                0x0000117c                data
                0x0000137c                dataSector
                0x00001380                FATSector
                0x00001384                rootSector
                0x00001388                clustersFirstSector
                0x00001390                . = ALIGN (0x8)
 *fill*         0x0000138c        0x4 
                0x00001390                . = ALIGN (0x8)
                0x00001390                _end = .
                0x00001390                PROVIDE (end, .)
                0x00001390                __heap_start__ = ALIGN (0x8)
                0x0000f000                . = ((ORIGIN (CPUSRAM) + 0xfffc) - _stack_size)
                0x0000f000                __heap_end__ = .

.stab
 *(.stab)

.stabstr
 *(.stabstr)

.stab.excl
 *(.stab.excl)

.stab.exclstr
 *(.stab.exclstr)

.stab.index
 *(.stab.index)

.stab.indexstr
 *(.stab.indexstr)

.comment        0x00000000       0x30
 *(.comment)
 .comment       0x00000000       0x30 src/ASF/avr32/components/memory/sd_mmc/sd_mmc_spi/sd_mmc_spi.o
                                 0x31 (size before relaxing)
 .comment       0x00000000       0x31 src/ASF/avr32/drivers/flashc/flashc.o
 .comment       0x00000000       0x31 src/ASF/avr32/drivers/gpio/gpio.o
 .comment       0x00000000       0x31 src/ASF/avr32/drivers/intc/intc.o
 .comment       0x00000000       0x31 src/ASF/avr32/drivers/pm/pm.o
 .comment       0x00000000       0x31 src/ASF/avr32/drivers/pwm/pwm.o
 .comment       0x00000000       0x31 src/ASF/avr32/drivers/spi/spi.o
 .comment       0x00000000       0x31 src/GFX/fonts.o
 .comment       0x00000000       0x31 src/GFX/gfx.o
 .comment       0x00000000       0x31 src/GFX/gui.o
 .comment       0x00000000       0x31 src/GFX/rectangle.o
 .comment       0x00000000       0x31 src/GFX/screen.o
 .comment       0x00000000       0x31 src/GFX/vector2.o
 .comment       0x00000000       0x31 src/mainCentre.o
 .comment       0x00000000       0x31 src/SDCard/sdcard.o
 .comment       0x00000000       0x31 src/config/conf_cpu.o
 .comment       0x00000000       0x31 src/main.o

.debug
 *(.debug)

.line
 *(.line)

.debug_srcinfo
 *(.debug_srcinfo)

.debug_sfnames
 *(.debug_sfnames)

.debug_aranges  0x00000000      0x980
 *(.debug_aranges)
 .debug_aranges
                0x00000000       0xf0 src/ASF/avr32/components/memory/sd_mmc/sd_mmc_spi/sd_mmc_spi.o
 .debug_aranges
                0x000000f0      0x218 src/ASF/avr32/drivers/flashc/flashc.o
 .debug_aranges
                0x00000308      0x100 src/ASF/avr32/drivers/gpio/gpio.o
 .debug_aranges
                0x00000408       0x20 src/ASF/avr32/drivers/intc/exception.o
 .debug_aranges
                0x00000428       0x38 src/ASF/avr32/drivers/intc/intc.o
 .debug_aranges
                0x00000460      0x190 src/ASF/avr32/drivers/pm/pm.o
 .debug_aranges
                0x000005f0       0x48 src/ASF/avr32/drivers/pwm/pwm.o
 .debug_aranges
                0x00000638       0xa8 src/ASF/avr32/drivers/spi/spi.o
 .debug_aranges
                0x000006e0       0x28 src/ASF/avr32/utils/startup/startup_uc3.o
 .debug_aranges
                0x00000708       0x20 src/ASF/avr32/utils/startup/trampoline_uc3.o
 .debug_aranges
                0x00000728       0x78 src/GFX/gfx.o
 .debug_aranges
                0x000007a0       0x58 src/GFX/gui.o
 .debug_aranges
                0x000007f8       0x40 src/GFX/rectangle.o
 .debug_aranges
                0x00000838       0x68 src/GFX/screen.o
 .debug_aranges
                0x000008a0       0x20 src/GFX/vector2.o
 .debug_aranges
                0x000008c0       0x20 src/mainCentre.o
 .debug_aranges
                0x000008e0       0x60 src/SDCard/sdcard.o
 .debug_aranges
                0x00000940       0x20 src/config/conf_cpu.o
 .debug_aranges
                0x00000960       0x20 src/main.o

.debug_pubnames
                0x00000000     0x19c6
 *(.debug_pubnames)
 .debug_pubnames
                0x00000000      0x3b1 src/ASF/avr32/components/memory/sd_mmc/sd_mmc_spi/sd_mmc_spi.o
 .debug_pubnames
                0x000003b1      0x771 src/ASF/avr32/drivers/flashc/flashc.o
 .debug_pubnames
                0x00000b22      0x330 src/ASF/avr32/drivers/gpio/gpio.o
 .debug_pubnames
                0x00000e52       0x62 src/ASF/avr32/drivers/intc/intc.o
 .debug_pubnames
                0x00000eb4      0x3ee src/ASF/avr32/drivers/pm/pm.o
 .debug_pubnames
                0x000012a2       0x9a src/ASF/avr32/drivers/pwm/pwm.o
 .debug_pubnames
                0x0000133c      0x178 src/ASF/avr32/drivers/spi/spi.o
 .debug_pubnames
                0x000014b4       0x4a src/GFX/fonts.o
 .debug_pubnames
                0x000014fe      0x10e src/GFX/gfx.o
 .debug_pubnames
                0x0000160c       0xcb src/GFX/gui.o
 .debug_pubnames
                0x000016d7       0x79 src/GFX/rectangle.o
 .debug_pubnames
                0x00001750       0x80 src/GFX/screen.o
 .debug_pubnames
                0x000017d0       0x22 src/GFX/vector2.o
 .debug_pubnames
                0x000017f2       0x21 src/mainCentre.o
 .debug_pubnames
                0x00001813      0x176 src/SDCard/sdcard.o
 .debug_pubnames
                0x00001989       0x22 src/config/conf_cpu.o
 .debug_pubnames
                0x000019ab       0x1b src/main.o

.debug_info     0x00000000     0xb7ec
 *(.debug_info .gnu.linkonce.wi.*)
 .debug_info    0x00000000     0x12d6 src/ASF/avr32/components/memory/sd_mmc/sd_mmc_spi/sd_mmc_spi.o
 .debug_info    0x000012d6     0x1c74 src/ASF/avr32/drivers/flashc/flashc.o
 .debug_info    0x00002f4a      0xb1b src/ASF/avr32/drivers/gpio/gpio.o
 .debug_info    0x00003a65       0x88 src/ASF/avr32/drivers/intc/exception.o
 .debug_info    0x00003aed      0x5b3 src/ASF/avr32/drivers/intc/intc.o
 .debug_info    0x000040a0     0x1a59 src/ASF/avr32/drivers/pm/pm.o
 .debug_info    0x00005af9      0xa08 src/ASF/avr32/drivers/pwm/pwm.o
 .debug_info    0x00006501     0x1090 src/ASF/avr32/drivers/spi/spi.o
 .debug_info    0x00007591       0x87 src/ASF/avr32/utils/startup/startup_uc3.o
 .debug_info    0x00007618       0x8e src/ASF/avr32/utils/startup/trampoline_uc3.o
 .debug_info    0x000076a6      0x184 src/GFX/fonts.o
 .debug_info    0x0000782a      0x8b3 src/GFX/gfx.o
 .debug_info    0x000080dd      0x702 src/GFX/gui.o
 .debug_info    0x000087df      0x23d src/GFX/rectangle.o
 .debug_info    0x00008a1c      0x92f src/GFX/screen.o
 .debug_info    0x0000934b      0x10d src/GFX/vector2.o
 .debug_info    0x00009458      0x267 src/mainCentre.o
 .debug_info    0x000096bf     0x1255 src/SDCard/sdcard.o
 .debug_info    0x0000a914      0xe2c src/config/conf_cpu.o
 .debug_info    0x0000b740       0xac src/main.o

.debug_abbrev   0x00000000     0x2097
 *(.debug_abbrev)
 .debug_abbrev  0x00000000      0x2a4 src/ASF/avr32/components/memory/sd_mmc/sd_mmc_spi/sd_mmc_spi.o
 .debug_abbrev  0x000002a4      0x331 src/ASF/avr32/drivers/flashc/flashc.o
 .debug_abbrev  0x000005d5      0x28b src/ASF/avr32/drivers/gpio/gpio.o
 .debug_abbrev  0x00000860       0x14 src/ASF/avr32/drivers/intc/exception.o
 .debug_abbrev  0x00000874      0x1f2 src/ASF/avr32/drivers/intc/intc.o
 .debug_abbrev  0x00000a66      0x2d1 src/ASF/avr32/drivers/pm/pm.o
 .debug_abbrev  0x00000d37      0x19d src/ASF/avr32/drivers/pwm/pwm.o
 .debug_abbrev  0x00000ed4      0x281 src/ASF/avr32/drivers/spi/spi.o
 .debug_abbrev  0x00001155       0x12 src/ASF/avr32/utils/startup/startup_uc3.o
 .debug_abbrev  0x00001167       0x14 src/ASF/avr32/utils/startup/trampoline_uc3.o
 .debug_abbrev  0x0000117b       0x86 src/GFX/fonts.o
 .debug_abbrev  0x00001201      0x24f src/GFX/gfx.o
 .debug_abbrev  0x00001450      0x1f5 src/GFX/gui.o
 .debug_abbrev  0x00001645       0xf5 src/GFX/rectangle.o
 .debug_abbrev  0x0000173a      0x356 src/GFX/screen.o
 .debug_abbrev  0x00001a90       0x88 src/GFX/vector2.o
 .debug_abbrev  0x00001b18      0x13a src/mainCentre.o
 .debug_abbrev  0x00001c52      0x2ea src/SDCard/sdcard.o
 .debug_abbrev  0x00001f3c      0x10d src/config/conf_cpu.o
 .debug_abbrev  0x00002049       0x4e src/main.o

.debug_line     0x00000000     0xa134
 *(.debug_line)
 .debug_line    0x00000000      0xadc src/ASF/avr32/components/memory/sd_mmc/sd_mmc_spi/sd_mmc_spi.o
 .debug_line    0x00000adc      0xbc1 src/ASF/avr32/drivers/flashc/flashc.o
 .debug_line    0x0000169d      0x8aa src/ASF/avr32/drivers/gpio/gpio.o
 .debug_line    0x00001f47      0x109 src/ASF/avr32/drivers/intc/exception.o
 .debug_line    0x00002050      0x678 src/ASF/avr32/drivers/intc/intc.o
 .debug_line    0x000026c8      0x9ad src/ASF/avr32/drivers/pm/pm.o
 .debug_line    0x00003075      0x6a9 src/ASF/avr32/drivers/pwm/pwm.o
 .debug_line    0x0000371e      0x7b4 src/ASF/avr32/drivers/spi/spi.o
 .debug_line    0x00003ed2       0xf2 src/ASF/avr32/utils/startup/startup_uc3.o
 .debug_line    0x00003fc4       0x67 src/ASF/avr32/utils/startup/trampoline_uc3.o
 .debug_line    0x0000402b      0x8ce src/GFX/fonts.o
 .debug_line    0x000048f9      0xad8 src/GFX/gfx.o
 .debug_line    0x000053d1      0xa77 src/GFX/gui.o
 .debug_line    0x00005e48      0x949 src/GFX/rectangle.o
 .debug_line    0x00006791      0xa96 src/GFX/screen.o
 .debug_line    0x00007227      0x8ef src/GFX/vector2.o
 .debug_line    0x00007b16      0x9be src/mainCentre.o
 .debug_line    0x000084d4      0xa39 src/SDCard/sdcard.o
 .debug_line    0x00008f0d      0x8f1 src/config/conf_cpu.o
 .debug_line    0x000097fe      0x936 src/main.o

.debug_frame    0x00000000     0x1b80
 *(.debug_frame)
 .debug_frame   0x00000000      0x364 src/ASF/avr32/components/memory/sd_mmc/sd_mmc_spi/sd_mmc_spi.o
 .debug_frame   0x00000364      0x6a4 src/ASF/avr32/drivers/flashc/flashc.o
 .debug_frame   0x00000a08      0x204 src/ASF/avr32/drivers/gpio/gpio.o
 .debug_frame   0x00000c0c       0x64 src/ASF/avr32/drivers/intc/intc.o
 .debug_frame   0x00000c70      0x390 src/ASF/avr32/drivers/pm/pm.o
 .debug_frame   0x00001000       0x70 src/ASF/avr32/drivers/pwm/pwm.o
 .debug_frame   0x00001070      0x158 src/ASF/avr32/drivers/spi/spi.o
 .debug_frame   0x000011c8      0x328 src/GFX/gfx.o
 .debug_frame   0x000014f0      0x2e0 src/GFX/gui.o
 .debug_frame   0x000017d0       0x84 src/GFX/rectangle.o
 .debug_frame   0x00001854      0x140 src/GFX/screen.o
 .debug_frame   0x00001994       0x28 src/GFX/vector2.o
 .debug_frame   0x000019bc       0x30 src/mainCentre.o
 .debug_frame   0x000019ec      0x134 src/SDCard/sdcard.o
 .debug_frame   0x00001b20       0x38 src/config/conf_cpu.o
 .debug_frame   0x00001b58       0x28 src/main.o

.debug_str      0x00000000     0x2dbf
 *(.debug_str)
 .debug_str     0x00000000      0x751 src/ASF/avr32/components/memory/sd_mmc/sd_mmc_spi/sd_mmc_spi.o
                                0x7d3 (size before relaxing)
 .debug_str     0x00000751      0xa82 src/ASF/avr32/drivers/flashc/flashc.o
                                0xc36 (size before relaxing)
 .debug_str     0x000011d3      0x41c src/ASF/avr32/drivers/gpio/gpio.o
                                0x524 (size before relaxing)
 .debug_str     0x000015ef      0x37d src/ASF/avr32/drivers/intc/intc.o
                                0x478 (size before relaxing)
 .debug_str     0x0000196c      0x7b5 src/ASF/avr32/drivers/pm/pm.o
                                0x990 (size before relaxing)
 .debug_str     0x00002121      0x1e3 src/ASF/avr32/drivers/pwm/pwm.o
                                0x332 (size before relaxing)
 .debug_str     0x00002304      0x1c7 src/ASF/avr32/drivers/spi/spi.o
                                0x55d (size before relaxing)
 .debug_str     0x000024cb       0x30 src/GFX/fonts.o
                                0x127 (size before relaxing)
 .debug_str     0x000024fb      0x299 src/GFX/gfx.o
                                0x3e6 (size before relaxing)
 .debug_str     0x00002794      0x120 src/GFX/gui.o
                                0x3a1 (size before relaxing)
 .debug_str     0x000028b4       0x7d src/GFX/rectangle.o
                                0x1b8 (size before relaxing)
 .debug_str     0x00002931       0xf7 src/GFX/screen.o
                                0x3ce (size before relaxing)
 .debug_str     0x00002a28       0x21 src/GFX/vector2.o
                                0x120 (size before relaxing)
 .debug_str     0x00002a49       0x27 src/mainCentre.o
                                0x1d8 (size before relaxing)
 .debug_str     0x00002a70      0x31c src/SDCard/sdcard.o
                                0x681 (size before relaxing)
 .debug_str     0x00002d8c       0x25 src/config/conf_cpu.o
                                0x465 (size before relaxing)
 .debug_str     0x00002db1        0xe src/main.o
                                 0xf1 (size before relaxing)

.debug_loc      0x00000000     0x40ab
 *(.debug_loc)
 .debug_loc     0x00000000      0x924 src/ASF/avr32/components/memory/sd_mmc/sd_mmc_spi/sd_mmc_spi.o
 .debug_loc     0x00000924     0x10f4 src/ASF/avr32/drivers/flashc/flashc.o
 .debug_loc     0x00001a18      0x368 src/ASF/avr32/drivers/gpio/gpio.o
 .debug_loc     0x00001d80       0xd3 src/ASF/avr32/drivers/intc/intc.o
 .debug_loc     0x00001e53      0x559 src/ASF/avr32/drivers/pm/pm.o
 .debug_loc     0x000023ac       0xb4 src/ASF/avr32/drivers/pwm/pwm.o
 .debug_loc     0x00002460      0x3bd src/ASF/avr32/drivers/spi/spi.o
 .debug_loc     0x0000281d      0xae1 src/GFX/gfx.o
 .debug_loc     0x000032fe      0x603 src/GFX/gui.o
 .debug_loc     0x00003901       0x88 src/GFX/rectangle.o
 .debug_loc     0x00003989      0x29f src/GFX/screen.o
 .debug_loc     0x00003c28       0x1f src/GFX/vector2.o
 .debug_loc     0x00003c47       0x3d src/mainCentre.o
 .debug_loc     0x00003c84      0x3b9 src/SDCard/sdcard.o
 .debug_loc     0x0000403d       0x4f src/config/conf_cpu.o
 .debug_loc     0x0000408c       0x1f src/main.o

.debug_macinfo  0x00000000   0xf127d7
 *(.debug_macinfo)
 .debug_macinfo
                0x00000000    0xe3416 src/ASF/avr32/components/memory/sd_mmc/sd_mmc_spi/sd_mmc_spi.o
 .debug_macinfo
                0x000e3416    0xe0b49 src/ASF/avr32/drivers/flashc/flashc.o
 .debug_macinfo
                0x001c3f5f    0xe0c27 src/ASF/avr32/drivers/gpio/gpio.o
 .debug_macinfo
                0x002a4b86    0xe0cd4 src/ASF/avr32/drivers/intc/intc.o
 .debug_macinfo
                0x0038585a    0xe0a91 src/ASF/avr32/drivers/pm/pm.o
 .debug_macinfo
                0x004662eb    0xe0afc src/ASF/avr32/drivers/pwm/pwm.o
 .debug_macinfo
                0x00546de7    0xe0a75 src/ASF/avr32/drivers/spi/spi.o
 .debug_macinfo
                0x0062785c    0xe433e src/GFX/fonts.o
 .debug_macinfo
                0x0070bb9a    0xe4598 src/GFX/gfx.o
 .debug_macinfo
                0x007f0132    0xe4497 src/GFX/gui.o
 .debug_macinfo
                0x008d45c9    0xe4364 src/GFX/rectangle.o
 .debug_macinfo
                0x009b892d    0xe4a90 src/GFX/screen.o
 .debug_macinfo
                0x00a9d3bd    0xe4350 src/GFX/vector2.o
 .debug_macinfo
                0x00b8170d    0xe454b src/mainCentre.o
 .debug_macinfo
                0x00c65c58    0xe438e src/SDCard/sdcard.o
 .debug_macinfo
                0x00d49fe6    0xe43d4 src/config/conf_cpu.o
 .debug_macinfo
                0x00e2e3ba    0xe441d src/main.o

.debug_weaknames
 *(.debug_weaknames)

.debug_funcnames
 *(.debug_funcnames)

.debug_typenames
 *(.debug_typenames)

.debug_varnames
 *(.debug_varnames)

.stack          0x0000f000     0x1000
                0x0000f000                _stack = .
 *(.stack)
                0x00001000                . = _stack_size
 *fill*         0x0000f000     0x1000 
                0x00010000                _estack = .

.userpage
 *(.userpage .userpage.*)

.factorypage
 *(.factorypage .factorypage.*)

/DISCARD/
 *(.note.GNU-stack)
OUTPUT(Command.elf elf32-avr32)

.debug_ranges   0x00000000      0xa08
 .debug_ranges  0x00000000       0xe8 src/ASF/avr32/components/memory/sd_mmc/sd_mmc_spi/sd_mmc_spi.o
 .debug_ranges  0x000000e8      0x210 src/ASF/avr32/drivers/flashc/flashc.o
 .debug_ranges  0x000002f8       0xf8 src/ASF/avr32/drivers/gpio/gpio.o
 .debug_ranges  0x000003f0       0x48 src/ASF/avr32/drivers/intc/intc.o
 .debug_ranges  0x00000438      0x188 src/ASF/avr32/drivers/pm/pm.o
 .debug_ranges  0x000005c0       0x40 src/ASF/avr32/drivers/pwm/pwm.o
 .debug_ranges  0x00000600       0xa0 src/ASF/avr32/drivers/spi/spi.o
 .debug_ranges  0x000006a0       0x20 src/ASF/avr32/utils/startup/startup_uc3.o
 .debug_ranges  0x000006c0       0xa0 src/GFX/gfx.o
 .debug_ranges  0x00000760       0x50 src/GFX/gui.o
 .debug_ranges  0x000007b0       0x38 src/GFX/rectangle.o
 .debug_ranges  0x000007e8      0x168 src/GFX/screen.o
 .debug_ranges  0x00000950       0x18 src/GFX/vector2.o
 .debug_ranges  0x00000968       0x18 src/mainCentre.o
 .debug_ranges  0x00000980       0x58 src/SDCard/sdcard.o
 .debug_ranges  0x000009d8       0x18 src/config/conf_cpu.o
 .debug_ranges  0x000009f0       0x18 src/main.o
