Archive member included because of file (symbol)

c:/program files (x86)/atmel/studio/7.0/toolchain/avr32/avr32-gnu-toolchain/bin/../lib/gcc/avr32/4.4.7/../../../../avr32/lib/ucr2\libc.a(lib_a-memcpy.o)
                              src/ASF/avr32/drivers/flashc/flashc.o (memcpy)

Allocating common symbols
Common symbol       size              file

sectorsEnd          0x4               src/SDCard/sdcard.o
data_mem            0x201             src/ASF/avr32/components/memory/sd_mmc/sd_mmc_spi/sd_mmc_spi.o
fileData            0x14              src/audio/audio.o
cluster             0x4               src/SDCard/sdcard.o
capacity            0x8               src/ASF/avr32/components/memory/sd_mmc/sd_mmc_spi/sd_mmc_spi.o
alarm               0x50              src/RTC/rtc.o
sector              0x4               src/SDCard/sdcard.o
sectorPerCluster    0x1               src/SDCard/sdcard.o
files               0xc80             src/SDCard/sdcard.o
capacity_mult       0x2               src/ASF/avr32/components/memory/sd_mmc/sd_mmc_spi/sd_mmc_spi.o
data                0x200             src/SDCard/sdcard.o
dataSector          0x4               src/SDCard/sdcard.o
erase_group_size    0x2               src/ASF/avr32/components/memory/sd_mmc/sd_mmc_spi/sd_mmc_spi.o
sd_mmc_spi_last_block_address
                    0x4               src/ASF/avr32/components/memory/sd_mmc/sd_mmc_spi/sd_mmc_spi.o
r2                  0x2               src/ASF/avr32/components/memory/sd_mmc/sd_mmc_spi/sd_mmc_spi.o
FATSector           0x4               src/SDCard/sdcard.o
card_type           0x1               src/ASF/avr32/components/memory/sd_mmc/sd_mmc_spi/sd_mmc_spi.o
rootSector          0x4               src/SDCard/sdcard.o
clustersFirstSector
                    0x4               src/SDCard/sdcard.o
currentTime         0x7               src/RTC/rtc.o
division            0x1               src/SDCard/sdcard.o
csd                 0x10              src/ASF/avr32/components/memory/sd_mmc/sd_mmc_spi/sd_mmc_spi.o
r1                  0x1               src/ASF/avr32/components/memory/sd_mmc/sd_mmc_spi/sd_mmc_spi.o

Discarded input sections

 .text          0x00000000        0x0 src/ASF/avr32/components/memory/sd_mmc/sd_mmc_spi/sd_mmc_spi.o
 .data          0x00000000        0x0 src/ASF/avr32/components/memory/sd_mmc/sd_mmc_spi/sd_mmc_spi.o
 .bss           0x00000000        0x0 src/ASF/avr32/components/memory/sd_mmc/sd_mmc_spi/sd_mmc_spi.o
 .text.sd_mmc_spi_write_close
                0x00000000        0x2 src/ASF/avr32/components/memory/sd_mmc/sd_mmc_spi/sd_mmc_spi.o
 .text.sd_mmc_spi_write_open
                0x00000000       0x1c src/ASF/avr32/components/memory/sd_mmc/sd_mmc_spi/sd_mmc_spi.o
 .text.sd_mmc_spi_read_close
                0x00000000        0xc src/ASF/avr32/components/memory/sd_mmc/sd_mmc_spi/sd_mmc_spi.o
 .text.sd_mmc_spi_read_open
                0x00000000       0x1c src/ASF/avr32/components/memory/sd_mmc/sd_mmc_spi/sd_mmc_spi.o
 .text.sd_mmc_spi_get_status
                0x00000000       0xd0 src/ASF/avr32/components/memory/sd_mmc/sd_mmc_spi/sd_mmc_spi.o
 .text.is_sd_mmc_spi_write_pwd_locked
                0x00000000       0x40 src/ASF/avr32/components/memory/sd_mmc/sd_mmc_spi/sd_mmc_spi.o
 .text.sd_mmc_spi_erase_sector_group
                0x00000000      0x118 src/ASF/avr32/components/memory/sd_mmc/sd_mmc_spi/sd_mmc_spi.o
 .text.sd_mmc_spi_write_sector_from_ram
                0x00000000      0x160 src/ASF/avr32/components/memory/sd_mmc/sd_mmc_spi/sd_mmc_spi.o
 .text.sd_mmc_spi_read_open_PDCA
                0x00000000       0xdc src/ASF/avr32/components/memory/sd_mmc/sd_mmc_spi/sd_mmc_spi.o
 .text.sd_mmc_spi_lock_operation
                0x00000000      0x1a8 src/ASF/avr32/components/memory/sd_mmc/sd_mmc_spi/sd_mmc_spi.o
 .text.sd_mmc_spi_read_sector_to_ram
                0x00000000      0x164 src/ASF/avr32/components/memory/sd_mmc/sd_mmc_spi/sd_mmc_spi.o
 .text.sd_mmc_spi_get_cid
                0x00000000       0xfc src/ASF/avr32/components/memory/sd_mmc/sd_mmc_spi/sd_mmc_spi.o
 .text.sd_mmc_spi_write_multiple_sector
                0x00000000       0x30 src/ASF/avr32/components/memory/sd_mmc/sd_mmc_spi/sd_mmc_spi.o
 .text.sd_mmc_spi_read_multiple_sector
                0x00000000       0x30 src/ASF/avr32/components/memory/sd_mmc/sd_mmc_spi/sd_mmc_spi.o
 .text.sd_mmc_spi_mem_check
                0x00000000       0x28 src/ASF/avr32/components/memory/sd_mmc/sd_mmc_spi/sd_mmc_spi.o
 .bss.gl_ptr_mem
                0x00000000        0x8 src/ASF/avr32/components/memory/sd_mmc/sd_mmc_spi/sd_mmc_spi.o
 .bss.sector_buf
                0x00000000      0x200 src/ASF/avr32/components/memory/sd_mmc/sd_mmc_spi/sd_mmc_spi.o
 .text          0x00000000        0x0 src/ASF/avr32/components/memory/sd_mmc/sd_mmc_spi/sd_mmc_spi_mem.o
 .data          0x00000000        0x0 src/ASF/avr32/components/memory/sd_mmc/sd_mmc_spi/sd_mmc_spi_mem.o
 .bss           0x00000000        0x0 src/ASF/avr32/components/memory/sd_mmc/sd_mmc_spi/sd_mmc_spi_mem.o
 .debug_abbrev  0x00000000       0xf7 src/ASF/avr32/components/memory/sd_mmc/sd_mmc_spi/sd_mmc_spi_mem.o
 .debug_info    0x00000000      0x195 src/ASF/avr32/components/memory/sd_mmc/sd_mmc_spi/sd_mmc_spi_mem.o
 .debug_line    0x00000000      0x7d3 src/ASF/avr32/components/memory/sd_mmc/sd_mmc_spi/sd_mmc_spi_mem.o
 .debug_macinfo
                0x00000000    0xe3297 src/ASF/avr32/components/memory/sd_mmc/sd_mmc_spi/sd_mmc_spi_mem.o
 .text.sd_mmc_spi_wr_protect
                0x00000000        0x2 src/ASF/avr32/components/memory/sd_mmc/sd_mmc_spi/sd_mmc_spi_mem.o
 .text.sd_mmc_spi_removal
                0x00000000        0x2 src/ASF/avr32/components/memory/sd_mmc/sd_mmc_spi/sd_mmc_spi_mem.o
 .text.sd_mmc_spi_test_unit_ready
                0x00000000       0x6c src/ASF/avr32/components/memory/sd_mmc/sd_mmc_spi/sd_mmc_spi_mem.o
 .text.sd_mmc_spi_mem_init
                0x00000000        0xc src/ASF/avr32/components/memory/sd_mmc/sd_mmc_spi/sd_mmc_spi_mem.o
 .text.sd_mmc_spi_read_capacity
                0x00000000       0x40 src/ASF/avr32/components/memory/sd_mmc/sd_mmc_spi/sd_mmc_spi_mem.o
 .data.sd_mmc_spi_presence_status
                0x00000000        0x1 src/ASF/avr32/components/memory/sd_mmc/sd_mmc_spi/sd_mmc_spi_mem.o
 .debug_frame   0x00000000       0x7c src/ASF/avr32/components/memory/sd_mmc/sd_mmc_spi/sd_mmc_spi_mem.o
 .debug_loc     0x00000000       0x7b src/ASF/avr32/components/memory/sd_mmc/sd_mmc_spi/sd_mmc_spi_mem.o
 .debug_pubnames
                0x00000000       0xb6 src/ASF/avr32/components/memory/sd_mmc/sd_mmc_spi/sd_mmc_spi_mem.o
 .debug_aranges
                0x00000000       0x40 src/ASF/avr32/components/memory/sd_mmc/sd_mmc_spi/sd_mmc_spi_mem.o
 .debug_ranges  0x00000000       0x38 src/ASF/avr32/components/memory/sd_mmc/sd_mmc_spi/sd_mmc_spi_mem.o
 .debug_str     0x00000000      0x238 src/ASF/avr32/components/memory/sd_mmc/sd_mmc_spi/sd_mmc_spi_mem.o
 .comment       0x00000000       0x31 src/ASF/avr32/components/memory/sd_mmc/sd_mmc_spi/sd_mmc_spi_mem.o
 .text          0x00000000        0x0 src/ASF/avr32/drivers/flashc/flashc.o
 .data          0x00000000        0x0 src/ASF/avr32/drivers/flashc/flashc.o
 .bss           0x00000000        0x0 src/ASF/avr32/drivers/flashc/flashc.o
 .text.flashc_get_flash_size
                0x00000000       0x34 src/ASF/avr32/drivers/flashc/flashc.o
 .text.flashc_get_page_count
                0x00000000       0x10 src/ASF/avr32/drivers/flashc/flashc.o
 .text.flashc_get_page_count_per_region
                0x00000000       0x10 src/ASF/avr32/drivers/flashc/flashc.o
 .text.flashc_get_region_first_page_number
                0x00000000       0x14 src/ASF/avr32/drivers/flashc/flashc.o
 .text.flashc_get_wait_state
                0x00000000        0xc src/ASF/avr32/drivers/flashc/flashc.o
 .text.flashc_set_bus_freq
                0x00000000       0x24 src/ASF/avr32/drivers/flashc/flashc.o
 .text.flashc_is_ready_int_enabled
                0x00000000        0xc src/ASF/avr32/drivers/flashc/flashc.o
 .text.flashc_enable_ready_int
                0x00000000        0xe src/ASF/avr32/drivers/flashc/flashc.o
 .text.flashc_is_lock_error_int_enabled
                0x00000000        0xc src/ASF/avr32/drivers/flashc/flashc.o
 .text.flashc_enable_lock_error_int
                0x00000000        0xe src/ASF/avr32/drivers/flashc/flashc.o
 .text.flashc_is_prog_error_int_enabled
                0x00000000        0xc src/ASF/avr32/drivers/flashc/flashc.o
 .text.flashc_enable_prog_error_int
                0x00000000        0xe src/ASF/avr32/drivers/flashc/flashc.o
 .text.flashc_is_ready
                0x00000000        0xc src/ASF/avr32/drivers/flashc/flashc.o
 .text.flashc_default_wait_until_ready
                0x00000000       0x10 src/ASF/avr32/drivers/flashc/flashc.o
 .text.flashc_is_lock_error
                0x00000000       0x10 src/ASF/avr32/drivers/flashc/flashc.o
 .text.flashc_is_programming_error
                0x00000000       0x10 src/ASF/avr32/drivers/flashc/flashc.o
 .text.flashc_get_command
                0x00000000        0xc src/ASF/avr32/drivers/flashc/flashc.o
 .text.flashc_get_page_number
                0x00000000        0xc src/ASF/avr32/drivers/flashc/flashc.o
 .text.flashc_get_page_region
                0x00000000       0x28 src/ASF/avr32/drivers/flashc/flashc.o
 .text.flashc_issue_command
                0x00000000       0x48 src/ASF/avr32/drivers/flashc/flashc.o
 .text.flashc_no_operation
                0x00000000       0x10 src/ASF/avr32/drivers/flashc/flashc.o
 .text.flashc_erase_all
                0x00000000       0x10 src/ASF/avr32/drivers/flashc/flashc.o
 .text.flashc_is_security_bit_active
                0x00000000        0xc src/ASF/avr32/drivers/flashc/flashc.o
 .text.flashc_activate_security_bit
                0x00000000       0x10 src/ASF/avr32/drivers/flashc/flashc.o
 .text.flashc_is_region_locked
                0x00000000       0x1a src/ASF/avr32/drivers/flashc/flashc.o
 .text.flashc_is_page_region_locked
                0x00000000       0x14 src/ASF/avr32/drivers/flashc/flashc.o
 .text.flashc_lock_page_region
                0x00000000       0x1c src/ASF/avr32/drivers/flashc/flashc.o
 .text.flashc_lock_region
                0x00000000       0x1c src/ASF/avr32/drivers/flashc/flashc.o
 .text.flashc_lock_all_regions
                0x00000000       0x2c src/ASF/avr32/drivers/flashc/flashc.o
 .text.flashc_read_all_gp_fuses
                0x00000000       0x26 src/ASF/avr32/drivers/flashc/flashc.o
 .text.flashc_read_gp_fuse_byte
                0x00000000       0x44 src/ASF/avr32/drivers/flashc/flashc.o
 .text.flashc_read_gp_fuse_bitfield
                0x00000000       0x74 src/ASF/avr32/drivers/flashc/flashc.o
 .text.flashc_get_bootloader_protected_size
                0x00000000       0x20 src/ASF/avr32/drivers/flashc/flashc.o
 .text.flashc_read_gp_fuse_bit
                0x00000000       0x3c src/ASF/avr32/drivers/flashc/flashc.o
 .text.flashc_is_external_privileged_fetch_locked
                0x00000000       0x14 src/ASF/avr32/drivers/flashc/flashc.o
 .text.flashc_erase_gp_fuse_bit
                0x00000000       0x2c src/ASF/avr32/drivers/flashc/flashc.o
 .text.flashc_erase_gp_fuse_bitfield
                0x00000000       0x8c src/ASF/avr32/drivers/flashc/flashc.o
 .text.flashc_erase_all_gp_fuses
                0x00000000       0x30 src/ASF/avr32/drivers/flashc/flashc.o
 .text.flashc_write_gp_fuse_bit
                0x00000000       0x18 src/ASF/avr32/drivers/flashc/flashc.o
 .text.flashc_write_gp_fuse_bitfield
                0x00000000       0x4c src/ASF/avr32/drivers/flashc/flashc.o
 .text.flashc_write_gp_fuse_byte
                0x00000000       0x18 src/ASF/avr32/drivers/flashc/flashc.o
 .text.flashc_erase_gp_fuse_byte
                0x00000000       0x74 src/ASF/avr32/drivers/flashc/flashc.o
 .text.flashc_write_all_gp_fuses
                0x00000000       0x3c src/ASF/avr32/drivers/flashc/flashc.o
 .text.flashc_set_gp_fuse_bit
                0x00000000       0x20 src/ASF/avr32/drivers/flashc/flashc.o
 .text.flashc_lock_external_privileged_fetch
                0x00000000       0x18 src/ASF/avr32/drivers/flashc/flashc.o
 .text.flashc_set_gp_fuse_bitfield
                0x00000000       0x4c src/ASF/avr32/drivers/flashc/flashc.o
 .text.flashc_set_gp_fuse_byte
                0x00000000       0x4c src/ASF/avr32/drivers/flashc/flashc.o
 .text.flashc_set_all_gp_fuses
                0x00000000       0x54 src/ASF/avr32/drivers/flashc/flashc.o
 .text.flashc_clear_page_buffer
                0x00000000       0x10 src/ASF/avr32/drivers/flashc/flashc.o
 .text.flashc_is_page_erased
                0x00000000        0xc src/ASF/avr32/drivers/flashc/flashc.o
 .text.flashc_quick_page_read
                0x00000000       0x18 src/ASF/avr32/drivers/flashc/flashc.o
 .text.flashc_erase_page
                0x00000000       0x38 src/ASF/avr32/drivers/flashc/flashc.o
 .text.flashc_erase_all_pages
                0x00000000       0x48 src/ASF/avr32/drivers/flashc/flashc.o
 .text.flashc_write_page
                0x00000000       0x10 src/ASF/avr32/drivers/flashc/flashc.o
 .text.flashc_quick_user_page_read
                0x00000000       0x18 src/ASF/avr32/drivers/flashc/flashc.o
 .text.flashc_erase_user_page
                0x00000000       0x28 src/ASF/avr32/drivers/flashc/flashc.o
 .text.flashc_write_user_page
                0x00000000       0x10 src/ASF/avr32/drivers/flashc/flashc.o
 .text.flashc_memset64
                0x00000000      0x238 src/ASF/avr32/drivers/flashc/flashc.o
 .text.flashc_memset32
                0x00000000       0x20 src/ASF/avr32/drivers/flashc/flashc.o
 .text.flashc_memset16
                0x00000000       0x10 src/ASF/avr32/drivers/flashc/flashc.o
 .text.flashc_memset8
                0x00000000       0x14 src/ASF/avr32/drivers/flashc/flashc.o
 .text.flashc_memcpy
                0x00000000       0xfc src/ASF/avr32/drivers/flashc/flashc.o
 .text.flashc_set_bootloader_protected_size
                0x00000000       0x80 src/ASF/avr32/drivers/flashc/flashc.o
 .rodata.C.36.10254
                0x00000000       0x10 src/ASF/avr32/drivers/flashc/flashc.o
 .data.flashc_wait_until_ready
                0x00000000        0x4 src/ASF/avr32/drivers/flashc/flashc.o
 .bss.flashc_error_status
                0x00000000        0x4 src/ASF/avr32/drivers/flashc/flashc.o
 .text          0x00000000        0x0 src/ASF/avr32/drivers/gpio/gpio.o
 .data          0x00000000        0x0 src/ASF/avr32/drivers/gpio/gpio.o
 .bss           0x00000000        0x0 src/ASF/avr32/drivers/gpio/gpio.o
 .text.gpio_enable_gpio_pin
                0x00000000       0x18 src/ASF/avr32/drivers/gpio/gpio.o
 .text.gpio_enable_gpio
                0x00000000       0x28 src/ASF/avr32/drivers/gpio/gpio.o
 .text.gpio_enable_pin_pull_up
                0x00000000       0x16 src/ASF/avr32/drivers/gpio/gpio.o
 .text.gpio_disable_pin_pull_up
                0x00000000       0x16 src/ASF/avr32/drivers/gpio/gpio.o
 .text.gpio_configure_pin
                0x00000000       0xb8 src/ASF/avr32/drivers/gpio/gpio.o
 .text.gpio_get_pin_value
                0x00000000       0x16 src/ASF/avr32/drivers/gpio/gpio.o
 .text.gpio_get_gpio_pin_output_value
                0x00000000       0x16 src/ASF/avr32/drivers/gpio/gpio.o
 .text.gpio_get_gpio_open_drain_pin_output_value
                0x00000000       0x1a src/ASF/avr32/drivers/gpio/gpio.o
 .text.gpio_set_pin_high
                0x00000000       0x16 src/ASF/avr32/drivers/gpio/gpio.o
 .text.gpio_set_pin_low
                0x00000000       0x16 src/ASF/avr32/drivers/gpio/gpio.o
 .text.gpio_tgl_gpio_pin
                0x00000000       0x1c src/ASF/avr32/drivers/gpio/gpio.o
 .text.gpio_toggle_pin
                0x00000000       0x16 src/ASF/avr32/drivers/gpio/gpio.o
 .text.gpio_toggle_group
                0x00000000        0xc src/ASF/avr32/drivers/gpio/gpio.o
 .text.gpio_set_gpio_open_drain_pin
                0x00000000       0x18 src/ASF/avr32/drivers/gpio/gpio.o
 .text.gpio_clr_gpio_open_drain_pin
                0x00000000       0x1c src/ASF/avr32/drivers/gpio/gpio.o
 .text.gpio_tgl_gpio_open_drain_pin
                0x00000000       0x1c src/ASF/avr32/drivers/gpio/gpio.o
 .text.gpio_enable_pin_glitch_filter
                0x00000000       0x16 src/ASF/avr32/drivers/gpio/gpio.o
 .text.gpio_disable_pin_glitch_filter
                0x00000000       0x16 src/ASF/avr32/drivers/gpio/gpio.o
 .text.gpio_enable_pin_interrupt
                0x00000000       0x46 src/ASF/avr32/drivers/gpio/gpio.o
 .text.gpio_disable_pin_interrupt
                0x00000000       0x16 src/ASF/avr32/drivers/gpio/gpio.o
 .text.gpio_get_pin_interrupt_flag
                0x00000000       0x18 src/ASF/avr32/drivers/gpio/gpio.o
 .text.gpio_clear_pin_interrupt_flag
                0x00000000       0x16 src/ASF/avr32/drivers/gpio/gpio.o
 .text          0x00000000        0x0 src/ASF/avr32/drivers/intc/exception.o
 .data          0x00000000        0x0 src/ASF/avr32/drivers/intc/exception.o
 .bss           0x00000000        0x0 src/ASF/avr32/drivers/intc/exception.o
 .text          0x00000000        0x0 src/ASF/avr32/drivers/intc/intc.o
 .data          0x00000000        0x0 src/ASF/avr32/drivers/intc/intc.o
 .bss           0x00000000        0x0 src/ASF/avr32/drivers/intc/intc.o
 .text          0x00000000        0x0 src/ASF/avr32/drivers/pdca/pdca.o
 .data          0x00000000        0x0 src/ASF/avr32/drivers/pdca/pdca.o
 .bss           0x00000000        0x0 src/ASF/avr32/drivers/pdca/pdca.o
 .text.pdca_get_channel_status
                0x00000000       0x14 src/ASF/avr32/drivers/pdca/pdca.o
 .text.pdca_enable
                0x00000000       0x10 src/ASF/avr32/drivers/pdca/pdca.o
 .text.pdca_get_load_size
                0x00000000       0x10 src/ASF/avr32/drivers/pdca/pdca.o
 .text.pdca_get_reload_size
                0x00000000       0x10 src/ASF/avr32/drivers/pdca/pdca.o
 .text.pdca_set_peripheral_select
                0x00000000       0x14 src/ASF/avr32/drivers/pdca/pdca.o
 .text.pdca_set_transfer_size
                0x00000000       0x1c src/ASF/avr32/drivers/pdca/pdca.o
 .text.pdca_enable_interrupt_transfer_error
                0x00000000       0x10 src/ASF/avr32/drivers/pdca/pdca.o
 .text.pdca_enable_interrupt_transfer_complete
                0x00000000       0x10 src/ASF/avr32/drivers/pdca/pdca.o
 .text.pdca_enable_interrupt_reload_counter_zero
                0x00000000       0x10 src/ASF/avr32/drivers/pdca/pdca.o
 .text.pdca_get_transfer_status
                0x00000000       0x10 src/ASF/avr32/drivers/pdca/pdca.o
 .text.pdca_disable_interrupt_transfer_error
                0x00000000       0x28 src/ASF/avr32/drivers/pdca/pdca.o
 .text.pdca_reload_channel
                0x00000000       0x38 src/ASF/avr32/drivers/pdca/pdca.o
 .text.pdca_load_channel
                0x00000000       0x38 src/ASF/avr32/drivers/pdca/pdca.o
 .text          0x00000000        0x0 src/ASF/avr32/drivers/pm/pm.o
 .data          0x00000000        0x0 src/ASF/avr32/drivers/pm/pm.o
 .bss           0x00000000        0x0 src/ASF/avr32/drivers/pm/pm.o
 .text.pm_enable_osc0_ext_clock
                0x00000000       0x10 src/ASF/avr32/drivers/pm/pm.o
 .text.pm_disable_clk0
                0x00000000        0x8 src/ASF/avr32/drivers/pm/pm.o
 .text.pm_set_osc1_mode
                0x00000000        0xa src/ASF/avr32/drivers/pm/pm.o
 .text.pm_enable_osc1_ext_clock
                0x00000000       0x10 src/ASF/avr32/drivers/pm/pm.o
 .text.pm_enable_osc1_crystal
                0x00000000       0x3c src/ASF/avr32/drivers/pm/pm.o
 .text.pm_disable_clk1
                0x00000000        0x8 src/ASF/avr32/drivers/pm/pm.o
 .text.pm_enable_clk1_no_wait
                0x00000000       0x10 src/ASF/avr32/drivers/pm/pm.o
 .text.pm_wait_for_clk1_ready
                0x00000000        0xa src/ASF/avr32/drivers/pm/pm.o
 .text.pm_enable_clk1
                0x00000000       0x1c src/ASF/avr32/drivers/pm/pm.o
 .text.pm_set_osc32_mode
                0x00000000        0xa src/ASF/avr32/drivers/pm/pm.o
 .text.pm_enable_osc32_ext_clock
                0x00000000       0x10 src/ASF/avr32/drivers/pm/pm.o
 .text.pm_enable_osc32_crystal
                0x00000000       0x10 src/ASF/avr32/drivers/pm/pm.o
 .text.pm_disable_clk32
                0x00000000        0x8 src/ASF/avr32/drivers/pm/pm.o
 .text.pm_enable_clk32_no_wait
                0x00000000       0x10 src/ASF/avr32/drivers/pm/pm.o
 .text.pm_wait_for_clk32_ready
                0x00000000        0xa src/ASF/avr32/drivers/pm/pm.o
 .text.pm_enable_clk32
                0x00000000       0x1c src/ASF/avr32/drivers/pm/pm.o
 .text.pm_cksel_get
                0x00000000        0x6 src/ASF/avr32/drivers/pm/pm.o
 .text.pm_cksel_set
                0x00000000        0xc src/ASF/avr32/drivers/pm/pm.o
 .text.pm_gc_setup
                0x00000000       0x22 src/ASF/avr32/drivers/pm/pm.o
 .text.pm_gc_enable
                0x00000000        0xe src/ASF/avr32/drivers/pm/pm.o
 .text.pm_gc_disable
                0x00000000        0xe src/ASF/avr32/drivers/pm/pm.o
 .text.pm_pll_get_option
                0x00000000        0xc src/ASF/avr32/drivers/pm/pm.o
 .text.pm_pll_disable
                0x00000000        0xe src/ASF/avr32/drivers/pm/pm.o
 .text.pm_wait_for_pll1_locked
                0x00000000        0xa src/ASF/avr32/drivers/pm/pm.o
 .text.pm_get_clock
                0x00000000        0x8 src/ASF/avr32/drivers/pm/pm.o
 .text.pm_bod_enable_irq
                0x00000000        0xa src/ASF/avr32/drivers/pm/pm.o
 .text.pm_bod_clear_irq
                0x00000000        0xa src/ASF/avr32/drivers/pm/pm.o
 .text.pm_bod_get_irq_status
                0x00000000        0x8 src/ASF/avr32/drivers/pm/pm.o
 .text.pm_bod_get_irq_enable_bit
                0x00000000        0x8 src/ASF/avr32/drivers/pm/pm.o
 .text.pm_bod_get_level
                0x00000000        0xa src/ASF/avr32/drivers/pm/pm.o
 .text.pm_read_gplp
                0x00000000        0x8 src/ASF/avr32/drivers/pm/pm.o
 .text.pm_write_gplp
                0x00000000        0x8 src/ASF/avr32/drivers/pm/pm.o
 .text.pm_enable_module
                0x00000000       0x1a src/ASF/avr32/drivers/pm/pm.o
 .text.pm_disable_module
                0x00000000       0x1c src/ASF/avr32/drivers/pm/pm.o
 .text.pm_bod_disable_irq
                0x00000000       0x26 src/ASF/avr32/drivers/pm/pm.o
 .text          0x00000000        0x0 src/ASF/avr32/drivers/pm/pm_conf_clocks.o
 .data          0x00000000        0x0 src/ASF/avr32/drivers/pm/pm_conf_clocks.o
 .bss           0x00000000        0x0 src/ASF/avr32/drivers/pm/pm_conf_clocks.o
 .debug_abbrev  0x00000000      0x185 src/ASF/avr32/drivers/pm/pm_conf_clocks.o
 .debug_info    0x00000000      0xf50 src/ASF/avr32/drivers/pm/pm_conf_clocks.o
 .debug_line    0x00000000      0x6b5 src/ASF/avr32/drivers/pm/pm_conf_clocks.o
 .debug_macinfo
                0x00000000    0xe0ae3 src/ASF/avr32/drivers/pm/pm_conf_clocks.o
 .text.pm_configure_usb_clock
                0x00000000       0x70 src/ASF/avr32/drivers/pm/pm_conf_clocks.o
 .text.pm_configure_clocks
                0x00000000      0x1d4 src/ASF/avr32/drivers/pm/pm_conf_clocks.o
 .debug_frame   0x00000000       0x7c src/ASF/avr32/drivers/pm/pm_conf_clocks.o
 .debug_loc     0x00000000      0x232 src/ASF/avr32/drivers/pm/pm_conf_clocks.o
 .debug_pubnames
                0x00000000       0x45 src/ASF/avr32/drivers/pm/pm_conf_clocks.o
 .debug_aranges
                0x00000000       0x28 src/ASF/avr32/drivers/pm/pm_conf_clocks.o
 .debug_ranges  0x00000000       0x20 src/ASF/avr32/drivers/pm/pm_conf_clocks.o
 .debug_str     0x00000000      0x51f src/ASF/avr32/drivers/pm/pm_conf_clocks.o
 .comment       0x00000000       0x31 src/ASF/avr32/drivers/pm/pm_conf_clocks.o
 .text          0x00000000        0x0 src/ASF/avr32/drivers/pm/power_clocks_lib.o
 .data          0x00000000        0x0 src/ASF/avr32/drivers/pm/power_clocks_lib.o
 .bss           0x00000000        0x0 src/ASF/avr32/drivers/pm/power_clocks_lib.o
 .debug_abbrev  0x00000000      0x1cd src/ASF/avr32/drivers/pm/power_clocks_lib.o
 .debug_info    0x00000000      0xf89 src/ASF/avr32/drivers/pm/power_clocks_lib.o
 .debug_line    0x00000000      0x6a9 src/ASF/avr32/drivers/pm/power_clocks_lib.o
 .debug_macinfo
                0x00000000    0xe0b72 src/ASF/avr32/drivers/pm/power_clocks_lib.o
 .text.pcl_read_gplp
                0x00000000       0x14 src/ASF/avr32/drivers/pm/power_clocks_lib.o
 .text.pcl_write_gplp
                0x00000000       0x14 src/ASF/avr32/drivers/pm/power_clocks_lib.o
 .text.pcl_configure_usb_clock
                0x00000000        0xc src/ASF/avr32/drivers/pm/power_clocks_lib.o
 .text.pcl_switch_to_osc
                0x00000000       0x1c src/ASF/avr32/drivers/pm/power_clocks_lib.o
 .text.pcl_configure_clocks
                0x00000000        0xc src/ASF/avr32/drivers/pm/power_clocks_lib.o
 .debug_frame   0x00000000       0x88 src/ASF/avr32/drivers/pm/power_clocks_lib.o
 .debug_loc     0x00000000      0x12b src/ASF/avr32/drivers/pm/power_clocks_lib.o
 .debug_pubnames
                0x00000000       0x82 src/ASF/avr32/drivers/pm/power_clocks_lib.o
 .debug_aranges
                0x00000000       0x40 src/ASF/avr32/drivers/pm/power_clocks_lib.o
 .debug_ranges  0x00000000       0x38 src/ASF/avr32/drivers/pm/power_clocks_lib.o
 .debug_str     0x00000000      0x52c src/ASF/avr32/drivers/pm/power_clocks_lib.o
 .comment       0x00000000       0x31 src/ASF/avr32/drivers/pm/power_clocks_lib.o
 .text          0x00000000        0x0 src/ASF/avr32/drivers/pwm/pwm.o
 .data          0x00000000        0x0 src/ASF/avr32/drivers/pwm/pwm.o
 .bss           0x00000000        0x0 src/ASF/avr32/drivers/pwm/pwm.o
 .text.pwm_stop_channels
                0x00000000       0x12 src/ASF/avr32/drivers/pwm/pwm.o
 .text.pwm_sync_update_channel
                0x00000000       0x38 src/ASF/avr32/drivers/pwm/pwm.o
 .text.pwm_async_update_channel
                0x00000000       0x28 src/ASF/avr32/drivers/pwm/pwm.o
 .text          0x00000000        0x0 src/ASF/avr32/drivers/spi/spi.o
 .data          0x00000000        0x0 src/ASF/avr32/drivers/spi/spi.o
 .bss           0x00000000        0x0 src/ASF/avr32/drivers/spi/spi.o
 .text.spi_initSlave
                0x00000000       0x46 src/ASF/avr32/drivers/spi/spi.o
 .text.spi_initTest
                0x00000000       0x10 src/ASF/avr32/drivers/spi/spi.o
 .text.spi_disable
                0x00000000        0x6 src/ASF/avr32/drivers/spi/spi.o
 .text.spi_is_enabled
                0x00000000        0x8 src/ASF/avr32/drivers/spi/spi.o
 .text.spi_writeRegisterEmptyCheck
                0x00000000        0x8 src/ASF/avr32/drivers/spi/spi.o
 .text.spi_variableSlaveWrite
                0x00000000       0x40 src/ASF/avr32/drivers/spi/spi.o
 .text.spi_writeEndCheck
                0x00000000        0x8 src/ASF/avr32/drivers/spi/spi.o
 .text.spi_readRegisterFullCheck
                0x00000000        0x8 src/ASF/avr32/drivers/spi/spi.o
 .text.spi_getStatus
                0x00000000       0x2c src/ASF/avr32/drivers/spi/spi.o
 .text          0x00000000        0x0 src/ASF/avr32/drivers/tc/tc.o
 .data          0x00000000        0x0 src/ASF/avr32/drivers/tc/tc.o
 .bss           0x00000000        0x0 src/ASF/avr32/drivers/tc/tc.o
 .text.tc_get_interrupt_settings
                0x00000000       0x12 src/ASF/avr32/drivers/tc/tc.o
 .text.tc_select_external_clock
                0x00000000       0x2e src/ASF/avr32/drivers/tc/tc.o
 .text.tc_init_capture
                0x00000000       0x58 src/ASF/avr32/drivers/tc/tc.o
 .text.tc_software_trigger
                0x00000000       0x12 src/ASF/avr32/drivers/tc/tc.o
 .text.tc_sync_trigger
                0x00000000        0x8 src/ASF/avr32/drivers/tc/tc.o
 .text.tc_sync_start
                0x00000000       0x12 src/ASF/avr32/drivers/tc/tc.o
 .text.tc_read_sr
                0x00000000       0x12 src/ASF/avr32/drivers/tc/tc.o
 .text.tc_read_tc
                0x00000000       0x16 src/ASF/avr32/drivers/tc/tc.o
 .text.tc_read_ra
                0x00000000       0x16 src/ASF/avr32/drivers/tc/tc.o
 .text.tc_read_rb
                0x00000000       0x16 src/ASF/avr32/drivers/tc/tc.o
 .text.tc_read_rc
                0x00000000       0x16 src/ASF/avr32/drivers/tc/tc.o
 .text.tc_write_ra
                0x00000000       0x34 src/ASF/avr32/drivers/tc/tc.o
 .text.tc_write_rb
                0x00000000       0x34 src/ASF/avr32/drivers/tc/tc.o
 .text          0x00000000        0x0 src/ASF/avr32/drivers/twi/twi.o
 .data          0x00000000        0x0 src/ASF/avr32/drivers/twi/twi.o
 .bss           0x00000000        0x0 src/ASF/avr32/drivers/twi/twi.o
 .text.twi_slave_interrupt_handler
                0x00000000       0xd4 src/ASF/avr32/drivers/twi/twi.o
 .text.twi_mk_addr
                0x00000000       0x22 src/ASF/avr32/drivers/twi/twi.o
 .text.twi_master_write_ex
                0x00000000       0x94 src/ASF/avr32/drivers/twi/twi.o
 .text.twi_is_busy
                0x00000000        0xc src/ASF/avr32/drivers/twi/twi.o
 .text.twi_master_write
                0x00000000       0xb0 src/ASF/avr32/drivers/twi/twi.o
 .text.twi_probe
                0x00000000       0x28 src/ASF/avr32/drivers/twi/twi.o
 .text.twi_master_read
                0x00000000       0xb8 src/ASF/avr32/drivers/twi/twi.o
 .text.twi_disable_interrupt
                0x00000000       0x1e src/ASF/avr32/drivers/twi/twi.o
 .text.twi_slave_init
                0x00000000       0x88 src/ASF/avr32/drivers/twi/twi.o
 .bss.twi_slave_fct
                0x00000000        0xc src/ASF/avr32/drivers/twi/twi.o
 .text          0x00000000        0x0 src/ASF/avr32/utils/startup/startup_uc3.o
 .data          0x00000000        0x0 src/ASF/avr32/utils/startup/startup_uc3.o
 .bss           0x00000000        0x0 src/ASF/avr32/utils/startup/startup_uc3.o
 .reset         0x00000000        0x8 src/ASF/avr32/utils/startup/startup_uc3.o
 .text          0x00000000        0x0 src/ASF/avr32/utils/startup/trampoline_uc3.o
 .data          0x00000000        0x0 src/ASF/avr32/utils/startup/trampoline_uc3.o
 .bss           0x00000000        0x0 src/ASF/avr32/utils/startup/trampoline_uc3.o
 .text          0x00000000        0x0 src/ASF/common/services/storage/ctrl_access/ctrl_access.o
 .data          0x00000000        0x0 src/ASF/common/services/storage/ctrl_access/ctrl_access.o
 .bss           0x00000000        0x0 src/ASF/common/services/storage/ctrl_access/ctrl_access.o
 .debug_abbrev  0x00000000      0x152 src/ASF/common/services/storage/ctrl_access/ctrl_access.o
 .debug_info    0x00000000      0x3b3 src/ASF/common/services/storage/ctrl_access/ctrl_access.o
 .debug_line    0x00000000      0x7d4 src/ASF/common/services/storage/ctrl_access/ctrl_access.o
 .debug_macinfo
                0x00000000    0xe2cab src/ASF/common/services/storage/ctrl_access/ctrl_access.o
 .text.get_nb_lun
                0x00000000        0x2 src/ASF/common/services/storage/ctrl_access/ctrl_access.o
 .text.get_cur_lun
                0x00000000        0x2 src/ASF/common/services/storage/ctrl_access/ctrl_access.o
 .text.mem_test_unit_ready
                0x00000000       0x14 src/ASF/common/services/storage/ctrl_access/ctrl_access.o
 .text.mem_read_capacity
                0x00000000       0x18 src/ASF/common/services/storage/ctrl_access/ctrl_access.o
 .text.mem_sector_size
                0x00000000        0x6 src/ASF/common/services/storage/ctrl_access/ctrl_access.o
 .text.mem_unload
                0x00000000       0x24 src/ASF/common/services/storage/ctrl_access/ctrl_access.o
 .text.mem_wr_protect
                0x00000000       0x14 src/ASF/common/services/storage/ctrl_access/ctrl_access.o
 .text.mem_removal
                0x00000000       0x14 src/ASF/common/services/storage/ctrl_access/ctrl_access.o
 .text.mem_name
                0x00000000       0x10 src/ASF/common/services/storage/ctrl_access/ctrl_access.o
 .rodata.lun_desc
                0x00000000       0x18 src/ASF/common/services/storage/ctrl_access/ctrl_access.o
 .rodata.str1.4
                0x00000000       0x18 src/ASF/common/services/storage/ctrl_access/ctrl_access.o
 .debug_frame   0x00000000       0xc8 src/ASF/common/services/storage/ctrl_access/ctrl_access.o
 .debug_loc     0x00000000      0x208 src/ASF/common/services/storage/ctrl_access/ctrl_access.o
 .debug_pubnames
                0x00000000       0xb2 src/ASF/common/services/storage/ctrl_access/ctrl_access.o
 .debug_aranges
                0x00000000       0x60 src/ASF/common/services/storage/ctrl_access/ctrl_access.o
 .debug_ranges  0x00000000       0x58 src/ASF/common/services/storage/ctrl_access/ctrl_access.o
 .debug_str     0x00000000      0x252 src/ASF/common/services/storage/ctrl_access/ctrl_access.o
 .comment       0x00000000       0x31 src/ASF/common/services/storage/ctrl_access/ctrl_access.o
 .text          0x00000000        0x0 src/audio/audio.o
 .data          0x00000000        0x0 src/audio/audio.o
 .bss           0x00000000        0x0 src/audio/audio.o
 .text.tc0_irq  0x00000000       0x50 src/audio/audio.o
 .text.audio_freqStop
                0x00000000       0x14 src/audio/audio.o
 .text.audio_pauseFile
                0x00000000       0x14 src/audio/audio.o
 .text.audio_freqStart
                0x00000000       0x34 src/audio/audio.o
 .text          0x00000000        0x0 src/GFX/fonts.o
 .data          0x00000000        0x0 src/GFX/fonts.o
 .bss           0x00000000        0x0 src/GFX/fonts.o
 .debug_abbrev  0x00000000       0x86 src/GFX/fonts.o
 .debug_info    0x00000000      0x184 src/GFX/fonts.o
 .debug_line    0x00000000      0x8f6 src/GFX/fonts.o
 .debug_macinfo
                0x00000000    0xe4495 src/GFX/fonts.o
 .rodata.FONT8x8
                0x00000000      0x308 src/GFX/fonts.o
 .rodata.Button
                0x00000000      0xe80 src/GFX/fonts.o
 .rodata.Digit  0x00000000      0x1e0 src/GFX/fonts.o
 .rodata.FONT16x12
                0x00000000     0x2ee0 src/GFX/fonts.o
 .rodata.Logo   0x00000000      0x120 src/GFX/fonts.o
 .debug_pubnames
                0x00000000       0x4a src/GFX/fonts.o
 .debug_str     0x00000000      0x127 src/GFX/fonts.o
 .comment       0x00000000       0x31 src/GFX/fonts.o
 .text          0x00000000        0x0 src/GFX/gfx.o
 .data          0x00000000        0x0 src/GFX/gfx.o
 .bss           0x00000000        0x0 src/GFX/gfx.o
 .debug_abbrev  0x00000000      0x24f src/GFX/gfx.o
 .debug_info    0x00000000      0x8b3 src/GFX/gfx.o
 .debug_line    0x00000000      0xb00 src/GFX/gfx.o
 .debug_macinfo
                0x00000000    0xe46ef src/GFX/gfx.o
 .text.gfx_DrawRectangle
                0x00000000        0x2 src/GFX/gfx.o
 .text.gfx_DrawTriangle
                0x00000000        0x2 src/GFX/gfx.o
 .text.gfx_FillScreen
                0x00000000        0x2 src/GFX/gfx.o
 .text.gfx_BeginNewTerminal
                0x00000000       0x1c src/GFX/gfx.o
 .text.gfx_DrawCircle
                0x00000000      0x2a0 src/GFX/gfx.o
 .text.gfx_Label
                0x00000000      0x180 src/GFX/gfx.o
 .text.gfx_cmdLine
                0x00000000       0xc0 src/GFX/gfx.o
 .text.gfx_DrawTerminalButton
                0x00000000       0x80 src/GFX/gfx.o
 .text.gfx_AddOptionToTerminal
                0x00000000       0xec src/GFX/gfx.o
 .text.gfx_AddLineToTerminal
                0x00000000       0x70 src/GFX/gfx.o
 .text.gfx_DrawPixel
                0x00000000       0x20 src/GFX/gfx.o
 .text.gfx_DrawLine
                0x00000000      0x19c src/GFX/gfx.o
 .bss.counter.11921
                0x00000000        0x4 src/GFX/gfx.o
 .rodata.str1.4
                0x00000000        0x8 src/GFX/gfx.o
 .rodata.C.60.11930
                0x00000000        0x4 src/GFX/gfx.o
 .bss.newLinePosition
                0x00000000        0x4 src/GFX/gfx.o
 .debug_frame   0x00000000      0x328 src/GFX/gfx.o
 .debug_loc     0x00000000      0xae1 src/GFX/gfx.o
 .debug_pubnames
                0x00000000      0x10e src/GFX/gfx.o
 .debug_aranges
                0x00000000       0x78 src/GFX/gfx.o
 .debug_ranges  0x00000000       0xa0 src/GFX/gfx.o
 .debug_str     0x00000000      0x3e6 src/GFX/gfx.o
 .comment       0x00000000       0x31 src/GFX/gfx.o
 .text          0x00000000        0x0 src/GFX/gui.o
 .data          0x00000000        0x0 src/GFX/gui.o
 .bss           0x00000000        0x0 src/GFX/gui.o
 .debug_abbrev  0x00000000      0x230 src/GFX/gui.o
 .debug_info    0x00000000      0x7b9 src/GFX/gui.o
 .debug_line    0x00000000      0xae2 src/GFX/gui.o
 .debug_macinfo
                0x00000000    0xe45ee src/GFX/gui.o
 .text._musicInput
                0x00000000       0x34 src/GFX/gui.o
 .text._settingsInput
                0x00000000       0x34 src/GFX/gui.o
 .text._alarmInput
                0x00000000       0x88 src/GFX/gui.o
 .text.switchISR
                0x00000000       0x64 src/GFX/gui.o
 .text._mainInput
                0x00000000      0x100 src/GFX/gui.o
 .text._drawButton
                0x00000000       0xe4 src/GFX/gui.o
 .text._alarmMenu
                0x00000000      0x150 src/GFX/gui.o
 .text._settingsMenu
                0x00000000       0xe4 src/GFX/gui.o
 .text._musicMenu
                0x00000000       0xf8 src/GFX/gui.o
 .text._mainMenu
                0x00000000      0x1dc src/GFX/gui.o
 .text.gui_loadingScreen
                0x00000000      0x1dc src/GFX/gui.o
 .text.gui_Init
                0x00000000       0x74 src/GFX/gui.o
 .data.selectedOption
                0x00000000        0x1 src/GFX/gui.o
 .bss.binding   0x00000000        0x0 src/GFX/gui.o
 .rodata.C.60.11560
                0x00000000        0x4 src/GFX/gui.o
 .rodata.C.67.11612
                0x00000000        0x4 src/GFX/gui.o
 .rodata.C.68.11623
                0x00000000        0x4 src/GFX/gui.o
 .rodata.C.47.11540
                0x00000000        0x8 src/GFX/gui.o
 .rodata.C.50.11543
                0x00000000        0x4 src/GFX/gui.o
 .rodata.C.61.11561
                0x00000000        0x4 src/GFX/gui.o
 .rodata.C.58.11558
                0x00000000        0x4 src/GFX/gui.o
 .data.menus    0x00000000       0x10 src/GFX/gui.o
 .rodata.C.66.11596
                0x00000000        0x4 src/GFX/gui.o
 .rodata.C.69.11625
                0x00000000        0x4 src/GFX/gui.o
 .rodata.C.48.11541
                0x00000000        0x4 src/GFX/gui.o
 .rodata.C.51.11544
                0x00000000        0x4 src/GFX/gui.o
 .rodata.C.57.11550
                0x00000000        0x4 src/GFX/gui.o
 .rodata.str1.4
                0x00000000      0x170 src/GFX/gui.o
 .bss.menuChanged
                0x00000000        0x1 src/GFX/gui.o
 .rodata.C.59.11559
                0x00000000        0x4 src/GFX/gui.o
 .rodata.C.62.11571
                0x00000000        0x4 src/GFX/gui.o
 .data.commandChanged
                0x00000000        0x1 src/GFX/gui.o
 .data.textColor
                0x00000000        0x4 src/GFX/gui.o
 .bss.selectedCommand
                0x00000000        0x1 src/GFX/gui.o
 .rodata.C.49.11542
                0x00000000        0x4 src/GFX/gui.o
 .rodata.C.52.11545
                0x00000000        0x4 src/GFX/gui.o
 .rodata.C.54.11547
                0x00000000        0x4 src/GFX/gui.o
 .rodata.C.56.11549
                0x00000000        0x4 src/GFX/gui.o
 .bss.switchState
                0x00000000        0x1 src/GFX/gui.o
 .rodata.C.63.11573
                0x00000000        0x4 src/GFX/gui.o
 .bss.currentMenuId
                0x00000000        0x1 src/GFX/gui.o
 .data.input    0x00000000       0x10 src/GFX/gui.o
 .bss.needRepaint
                0x00000000        0x1 src/GFX/gui.o
 .rodata.C.53.11546
                0x00000000        0x4 src/GFX/gui.o
 .rodata.C.55.11548
                0x00000000        0x4 src/GFX/gui.o
 .debug_frame   0x00000000      0x32c src/GFX/gui.o
 .debug_loc     0x00000000      0x61d src/GFX/gui.o
 .debug_pubnames
                0x00000000      0x133 src/GFX/gui.o
 .debug_aranges
                0x00000000       0x78 src/GFX/gui.o
 .debug_ranges  0x00000000       0x70 src/GFX/gui.o
 .debug_str     0x00000000      0x3ec src/GFX/gui.o
 .comment       0x00000000       0x31 src/GFX/gui.o
 .text          0x00000000        0x0 src/GFX/rectangle.o
 .data          0x00000000        0x0 src/GFX/rectangle.o
 .bss           0x00000000        0x0 src/GFX/rectangle.o
 .text.rectangle_GetWidth
                0x00000000       0x16 src/GFX/rectangle.o
 .text.rectangle_GetHeight
                0x00000000       0x16 src/GFX/rectangle.o
 .text          0x00000000        0x0 src/GFX/screen.o
 .data          0x00000000        0x0 src/GFX/screen.o
 .bss           0x00000000        0x0 src/GFX/screen.o
 .text.screen_SetBacklightStrength
                0x00000000        0x2 src/GFX/screen.o
 .text.screen_TouchZone
                0x00000000        0x2 src/GFX/screen.o
 .text.screen_SetPixel
                0x00000000       0x3c src/GFX/screen.o
 .text          0x00000000        0x0 src/GFX/vector2.o
 .data          0x00000000        0x0 src/GFX/vector2.o
 .bss           0x00000000        0x0 src/GFX/vector2.o
 .debug_abbrev  0x00000000       0x88 src/GFX/vector2.o
 .debug_info    0x00000000      0x10d src/GFX/vector2.o
 .debug_line    0x00000000      0x917 src/GFX/vector2.o
 .debug_macinfo
                0x00000000    0xe44a7 src/GFX/vector2.o
 .text.vector2_Add
                0x00000000       0x22 src/GFX/vector2.o
 .debug_frame   0x00000000       0x28 src/GFX/vector2.o
 .debug_loc     0x00000000       0x1f src/GFX/vector2.o
 .debug_pubnames
                0x00000000       0x22 src/GFX/vector2.o
 .debug_aranges
                0x00000000       0x20 src/GFX/vector2.o
 .debug_ranges  0x00000000       0x18 src/GFX/vector2.o
 .debug_str     0x00000000      0x120 src/GFX/vector2.o
 .comment       0x00000000       0x31 src/GFX/vector2.o
 .text          0x00000000        0x0 src/init.o
 .data          0x00000000        0x0 src/init.o
 .bss           0x00000000        0x0 src/init.o
 .text.tc0_Init
                0x00000000       0x50 src/init.o
 .rodata.WAVEFORM_OPT0.11416
                0x00000000        0x8 src/init.o
 .rodata.TC0_INTERRUPT.11417
                0x00000000        0x4 src/init.o
 .text          0x00000000        0x0 src/mainCentre.o
 .data          0x00000000        0x0 src/mainCentre.o
 .bss           0x00000000        0x0 src/mainCentre.o
 .debug_abbrev  0x00000000      0x146 src/mainCentre.o
 .debug_info    0x00000000      0x2a4 src/mainCentre.o
 .debug_line    0x00000000      0x9c8 src/mainCentre.o
 .debug_macinfo
                0x00000000    0xe47b5 src/mainCentre.o
 .text.mainCentre
                0x00000000       0xc0 src/mainCentre.o
 .debug_frame   0x00000000       0x38 src/mainCentre.o
 .debug_loc     0x00000000       0x3d src/mainCentre.o
 .debug_pubnames
                0x00000000       0x21 src/mainCentre.o
 .debug_aranges
                0x00000000       0x20 src/mainCentre.o
 .debug_ranges  0x00000000       0x18 src/mainCentre.o
 .debug_str     0x00000000      0x1f7 src/mainCentre.o
 .comment       0x00000000       0x31 src/mainCentre.o
 .text          0x00000000        0x0 src/mainGauche.o
 .data          0x00000000        0x0 src/mainGauche.o
 .bss           0x00000000        0x0 src/mainGauche.o
 .text          0x00000000        0x0 src/RTC/rtc.o
 .data          0x00000000        0x0 src/RTC/rtc.o
 .bss           0x00000000        0x0 src/RTC/rtc.o
 .debug_abbrev  0x00000000      0x211 src/RTC/rtc.o
 .debug_info    0x00000000      0xc57 src/RTC/rtc.o
 .debug_line    0x00000000      0x9e2 src/RTC/rtc.o
 .debug_macinfo
                0x00000000    0xe489f src/RTC/rtc.o
 .text.rtc_setTime
                0x00000000        0x2 src/RTC/rtc.o
 .text.rtc_setNextMinuteInterrupt
                0x00000000        0x2 src/RTC/rtc.o
 .text.rtc_setNextAlarm
                0x00000000        0x2 src/RTC/rtc.o
 .text.rtc_write
                0x00000000       0x30 src/RTC/rtc.o
 .text.rtc_read
                0x00000000       0x4c src/RTC/rtc.o
 .text.rtc_getTime
                0x00000000      0x184 src/RTC/rtc.o
 .bss.buffer    0x00000000       0x10 src/RTC/rtc.o
 .bss.sentData  0x00000000       0x10 src/RTC/rtc.o
 .debug_frame   0x00000000       0xa8 src/RTC/rtc.o
 .debug_loc     0x00000000       0xe5 src/RTC/rtc.o
 .debug_pubnames
                0x00000000       0xb3 src/RTC/rtc.o
 .debug_aranges
                0x00000000       0x48 src/RTC/rtc.o
 .debug_ranges  0x00000000       0x40 src/RTC/rtc.o
 .debug_str     0x00000000      0x3e8 src/RTC/rtc.o
 .comment       0x00000000       0x31 src/RTC/rtc.o
 COMMON         0x00000000       0x57 src/RTC/rtc.o
 .text          0x00000000        0x0 src/SDCard/sdcard.o
 .data          0x00000000        0x0 src/SDCard/sdcard.o
 .bss           0x00000000        0x0 src/SDCard/sdcard.o
 .text.sdcard_getNextSectorFast
                0x00000000       0x94 src/SDCard/sdcard.o
 .text          0x00000000        0x0 src/syntax.o
 .data          0x00000000        0x0 src/syntax.o
 .bss           0x00000000        0x0 src/syntax.o
 .debug_abbrev  0x00000000       0xa9 src/syntax.o
 .debug_info    0x00000000       0xfc src/syntax.o
 .debug_line    0x00000000      0x951 src/syntax.o
 .debug_macinfo
                0x00000000    0xe45ee src/syntax.o
 .text.syntax_fonction
                0x00000000        0x2 src/syntax.o
 .bss.externalVariable
                0x00000000        0x1 src/syntax.o
 .debug_frame   0x00000000       0x20 src/syntax.o
 .debug_pubnames
                0x00000000       0x3b src/syntax.o
 .debug_aranges
                0x00000000       0x20 src/syntax.o
 .debug_ranges  0x00000000       0x18 src/syntax.o
 .debug_str     0x00000000      0x134 src/syntax.o
 .comment       0x00000000       0x31 src/syntax.o
 .text          0x00000000        0x0 src/config/conf_cpu.o
 .data          0x00000000        0x0 src/config/conf_cpu.o
 .bss           0x00000000        0x0 src/config/conf_cpu.o
 .text          0x00000000        0x0 src/main.o
 .data          0x00000000        0x0 src/main.o
 .bss           0x00000000        0x0 src/main.o
 .text          0x00000000      0x148 c:/program files (x86)/atmel/studio/7.0/toolchain/avr32/avr32-gnu-toolchain/bin/../lib/gcc/avr32/4.4.7/../../../../avr32/lib/ucr2\libc.a(lib_a-memcpy.o)
 .data          0x00000000        0x0 c:/program files (x86)/atmel/studio/7.0/toolchain/avr32/avr32-gnu-toolchain/bin/../lib/gcc/avr32/4.4.7/../../../../avr32/lib/ucr2\libc.a(lib_a-memcpy.o)
 .bss           0x00000000        0x0 c:/program files (x86)/atmel/studio/7.0/toolchain/avr32/avr32-gnu-toolchain/bin/../lib/gcc/avr32/4.4.7/../../../../avr32/lib/ucr2\libc.a(lib_a-memcpy.o)

Memory Configuration

Name             Origin             Length             Attributes
FLASH            0x80000000         0x00040000         axrl !w
CPUSRAM          0x00000004         0x0000fffc         axw !rl
USERPAGE         0x80800000         0x00000200
FACTORYPAGE      0x80800200         0x00000200
*default*        0x00000000         0xffffffff

Linker script and memory map

                0x00001000                _stack_size = 0x1000
LOAD src/ASF/avr32/components/memory/sd_mmc/sd_mmc_spi/sd_mmc_spi.o
LOAD src/ASF/avr32/components/memory/sd_mmc/sd_mmc_spi/sd_mmc_spi_mem.o
LOAD src/ASF/avr32/drivers/flashc/flashc.o
LOAD src/ASF/avr32/drivers/gpio/gpio.o
LOAD src/ASF/avr32/drivers/intc/exception.o
LOAD src/ASF/avr32/drivers/intc/intc.o
LOAD src/ASF/avr32/drivers/pdca/pdca.o
LOAD src/ASF/avr32/drivers/pm/pm.o
LOAD src/ASF/avr32/drivers/pm/pm_conf_clocks.o
LOAD src/ASF/avr32/drivers/pm/power_clocks_lib.o
LOAD src/ASF/avr32/drivers/pwm/pwm.o
LOAD src/ASF/avr32/drivers/spi/spi.o
LOAD src/ASF/avr32/drivers/tc/tc.o
LOAD src/ASF/avr32/drivers/twi/twi.o
LOAD src/ASF/avr32/utils/startup/startup_uc3.o
LOAD src/ASF/avr32/utils/startup/trampoline_uc3.o
LOAD src/ASF/common/services/storage/ctrl_access/ctrl_access.o
LOAD src/audio/audio.o
LOAD src/GFX/fonts.o
LOAD src/GFX/gfx.o
LOAD src/GFX/gui.o
LOAD src/GFX/rectangle.o
LOAD src/GFX/screen.o
LOAD src/GFX/vector2.o
LOAD src/init.o
LOAD src/mainCentre.o
LOAD src/mainGauche.o
LOAD src/RTC/rtc.o
LOAD src/SDCard/sdcard.o
LOAD src/syntax.o
LOAD src/config/conf_cpu.o
LOAD src/main.o
START GROUP
LOAD c:/program files (x86)/atmel/studio/7.0/toolchain/avr32/avr32-gnu-toolchain/bin/../lib/gcc/avr32/4.4.7/../../../../avr32/lib/ucr2\libm.a
END GROUP
LOAD c:/program files (x86)/atmel/studio/7.0/toolchain/avr32/avr32-gnu-toolchain/bin/../lib/gcc/avr32/4.4.7/ucr2\libgcc.a
LOAD c:/program files (x86)/atmel/studio/7.0/toolchain/avr32/avr32-gnu-toolchain/bin/../lib/gcc/avr32/4.4.7/../../../../avr32/lib/ucr2\libc.a
LOAD c:/program files (x86)/atmel/studio/7.0/toolchain/avr32/avr32-gnu-toolchain/bin/../lib/gcc/avr32/4.4.7/ucr2\libgcc.a
                0x80000000                PROVIDE (__executable_start, 0x80000000)
                0x80000000                . = 0x80000000

.interp
 *(.interp)

.reset          0x80000000     0x2004
 *(.reset)
 .reset         0x80000000     0x2004 src/ASF/avr32/utils/startup/trampoline_uc3.o
                               0x2008 (size before relaxing)
                0x80000000                _trampoline

.hash
 *(.hash)

.dynsym
 *(.dynsym)

.dynstr
 *(.dynstr)

.gnu.version
 *(.gnu.version)

.gnu.version_d
 *(.gnu.version_d)

.gnu.version_r
 *(.gnu.version_r)

.rel.init
 *(.rel.init)

.rela.init
 *(.rela.init)

.rel.text
 *(.rel.text .rel.text.* .rel.gnu.linkonce.t.*)

.rela.text
 *(.rela.text .rela.text.* .rela.gnu.linkonce.t.*)

.rel.fini
 *(.rel.fini)

.rela.fini
 *(.rela.fini)

.rel.rodata
 *(.rel.rodata .rel.rodata.* .rel.gnu.linkonce.r.*)

.rela.rodata
 *(.rela.rodata .rela.rodata.* .rela.gnu.linkonce.r.*)

.rel.data.rel.ro
 *(.rel.data.rel.ro*)

.rela.data.rel.ro
 *(.rel.data.rel.ro*)

.rel.data
 *(.rel.data .rel.data.* .rel.gnu.linkonce.d.*)

.rela.data
 *(.rela.data .rela.data.* .rela.gnu.linkonce.d.*)

.rel.tdata
 *(.rel.tdata .rel.tdata.* .rel.gnu.linkonce.td.*)

.rela.tdata
 *(.rela.tdata .rela.tdata.* .rela.gnu.linkonce.td.*)

.rel.tbss
 *(.rel.tbss .rel.tbss.* .rel.gnu.linkonce.tb.*)

.rela.tbss
 *(.rela.tbss .rela.tbss.* .rela.gnu.linkonce.tb.*)

.rel.ctors
 *(.rel.ctors)

.rela.ctors
 *(.rela.ctors)

.rel.dtors
 *(.rel.dtors)

.rela.dtors
 *(.rela.dtors)

.rel.got
 *(.rel.got)

.rela.got       0x80002004        0x0
 *(.rela.got)
 .rela.got      0x80002004        0x0 src/ASF/avr32/drivers/flashc/flashc.o

.rel.bss
 *(.rel.bss .rel.bss.* .rel.gnu.linkonce.b.*)

.rela.bss
 *(.rela.bss .rela.bss.* .rela.gnu.linkonce.b.*)

.rel.plt
 *(.rel.plt)

.rela.plt
 *(.rela.plt)

.init
 *(.init)

.plt
 *(.plt)

.text           0x80002004     0x2864
 *(.text .stub .text.* .gnu.linkonce.t.*)
 .text.sd_mmc_spi_get_capacity
                0x80002004      0x11c src/ASF/avr32/components/memory/sd_mmc/sd_mmc_spi/sd_mmc_spi.o
                0x80002004                sd_mmc_spi_get_capacity
 .text.sd_mmc_spi_read_close_PDCA
                0x80002120       0x48 src/ASF/avr32/components/memory/sd_mmc/sd_mmc_spi/sd_mmc_spi.o
                0x80002120                sd_mmc_spi_read_close_PDCA
 .text.sd_mmc_spi_send_and_read
                0x80002168       0x34 src/ASF/avr32/components/memory/sd_mmc/sd_mmc_spi/sd_mmc_spi.o
                0x80002168                sd_mmc_spi_send_and_read
 .text.sd_mmc_spi_wait_not_busy
                0x8000219c       0x58 src/ASF/avr32/components/memory/sd_mmc/sd_mmc_spi/sd_mmc_spi.o
                0x8000219c                sd_mmc_spi_wait_not_busy
 .text.sd_mmc_spi_command
                0x800021f4       0xc8 src/ASF/avr32/components/memory/sd_mmc/sd_mmc_spi/sd_mmc_spi.o
                0x800021f4                sd_mmc_spi_command
 .text.sd_mmc_spi_send_command
                0x800022bc       0x40 src/ASF/avr32/components/memory/sd_mmc/sd_mmc_spi/sd_mmc_spi.o
                0x800022bc                sd_mmc_spi_send_command
 .text.sd_mmc_spi_check_presence
                0x800022fc       0x7c src/ASF/avr32/components/memory/sd_mmc/sd_mmc_spi/sd_mmc_spi.o
                0x800022fc                sd_mmc_spi_check_presence
 .text.sd_mmc_spi_check_hc
                0x80002378       0x8c src/ASF/avr32/components/memory/sd_mmc/sd_mmc_spi/sd_mmc_spi.o
                0x80002378                sd_mmc_spi_check_hc
 .text.sd_mmc_spi_get_if
                0x80002404       0xb8 src/ASF/avr32/components/memory/sd_mmc/sd_mmc_spi/sd_mmc_spi.o
                0x80002404                sd_mmc_spi_get_if
 .text.sd_mmc_spi_get_csd
                0x800024bc       0xf4 src/ASF/avr32/components/memory/sd_mmc/sd_mmc_spi/sd_mmc_spi.o
                0x800024bc                sd_mmc_spi_get_csd
 .text.sd_mmc_spi_internal_init
                0x800025b0      0x2a4 src/ASF/avr32/components/memory/sd_mmc/sd_mmc_spi/sd_mmc_spi.o
                0x800025b0                sd_mmc_spi_internal_init
 .text.sd_mmc_spi_init
                0x80002854       0x34 src/ASF/avr32/components/memory/sd_mmc/sd_mmc_spi/sd_mmc_spi.o
                0x80002854                sd_mmc_spi_init
 .text.flashc_set_wait_state
                0x80002888        0xe src/ASF/avr32/drivers/flashc/flashc.o
                0x80002888                flashc_set_wait_state
 .text.gpio_enable_module_pin
                0x80002896       0x52 src/ASF/avr32/drivers/gpio/gpio.o
                0x80002896                gpio_enable_module_pin
 .text.gpio_enable_module
                0x800028e8       0x30 src/ASF/avr32/drivers/gpio/gpio.o
                0x800028e8                gpio_enable_module
 .text.gpio_configure_group
                0x80002918       0x6e src/ASF/avr32/drivers/gpio/gpio.o
                0x80002918                gpio_configure_group
 .text.gpio_set_gpio_pin
                0x80002986       0x1c src/ASF/avr32/drivers/gpio/gpio.o
                0x80002986                gpio_set_gpio_pin
 .text.gpio_set_group_high
                0x800029a2        0xc src/ASF/avr32/drivers/gpio/gpio.o
                0x800029a2                gpio_set_group_high
 .text.gpio_clr_gpio_pin
                0x800029ae       0x1c src/ASF/avr32/drivers/gpio/gpio.o
                0x800029ae                gpio_clr_gpio_pin
 .text.gpio_set_group_low
                0x800029ca        0xc src/ASF/avr32/drivers/gpio/gpio.o
                0x800029ca                gpio_set_group_low
 .text._unhandled_interrupt
                0x800029d6        0x2 src/ASF/avr32/drivers/intc/intc.o
 .text.INTC_register_interrupt
                0x800029d8       0x80 src/ASF/avr32/drivers/intc/intc.o
                0x800029d8                INTC_register_interrupt
 .text.INTC_init_interrupts
                0x80002a58       0x54 src/ASF/avr32/drivers/intc/intc.o
                0x80002a58                INTC_init_interrupts
 .text._get_interrupt_handler
                0x80002aac       0x38 src/ASF/avr32/drivers/intc/intc.o
                0x80002aac                _get_interrupt_handler
 .text.pdca_get_handler
                0x80002ae4       0x14 src/ASF/avr32/drivers/pdca/pdca.o
                0x80002ae4                pdca_get_handler
 .text.pdca_disable
                0x80002af8       0x10 src/ASF/avr32/drivers/pdca/pdca.o
                0x80002af8                pdca_disable
 .text.pdca_disable_interrupt_reload_counter_zero
                0x80002b08       0x28 src/ASF/avr32/drivers/pdca/pdca.o
                0x80002b08                pdca_disable_interrupt_reload_counter_zero
 .text.pdca_disable_interrupt_transfer_complete
                0x80002b30       0x28 src/ASF/avr32/drivers/pdca/pdca.o
                0x80002b30                pdca_disable_interrupt_transfer_complete
 .text.pdca_init_channel
                0x80002b58       0x60 src/ASF/avr32/drivers/pdca/pdca.o
                0x80002b58                pdca_init_channel
 .text.pm_set_osc0_mode
                0x80002bb8        0xa src/ASF/avr32/drivers/pm/pm.o
 *fill*         0x80002bc2        0x2 d703d703
 .text.pm_enable_osc0_crystal
                0x80002bc4       0x3c src/ASF/avr32/drivers/pm/pm.o
                0x80002bc4                pm_enable_osc0_crystal
 .text.pm_enable_clk0_no_wait
                0x80002c00       0x10 src/ASF/avr32/drivers/pm/pm.o
                0x80002c00                pm_enable_clk0_no_wait
 .text.pm_wait_for_clk0_ready
                0x80002c10        0xa src/ASF/avr32/drivers/pm/pm.o
                0x80002c10                pm_wait_for_clk0_ready
 *fill*         0x80002c1a        0x2 d703d703
 .text.pm_enable_clk0
                0x80002c1c       0x1c src/ASF/avr32/drivers/pm/pm.o
                0x80002c1c                pm_enable_clk0
 .text.pm_cksel
                0x80002c38       0x46 src/ASF/avr32/drivers/pm/pm.o
                0x80002c38                pm_cksel
 .text.pm_pll_setup
                0x80002c7e       0x22 src/ASF/avr32/drivers/pm/pm.o
                0x80002c7e                pm_pll_setup
 .text.pm_pll_set_option
                0x80002ca0       0x1a src/ASF/avr32/drivers/pm/pm.o
                0x80002ca0                pm_pll_set_option
 .text.pm_pll_enable
                0x80002cba        0xe src/ASF/avr32/drivers/pm/pm.o
                0x80002cba                pm_pll_enable
 .text.pm_wait_for_pll0_locked
                0x80002cc8        0xa src/ASF/avr32/drivers/pm/pm.o
                0x80002cc8                pm_wait_for_pll0_locked
 .text.pm_switch_to_clock
                0x80002cd2        0xa src/ASF/avr32/drivers/pm/pm.o
                0x80002cd2                pm_switch_to_clock
 .text.pm_switch_to_osc0
                0x80002cdc       0x2c src/ASF/avr32/drivers/pm/pm.o
                0x80002cdc                pm_switch_to_osc0
 .text.pwm_channel_init
                0x80002d08       0x36 src/ASF/avr32/drivers/pwm/pwm.o
                0x80002d08                pwm_channel_init
 .text.pwm_start_channels
                0x80002d3e       0x12 src/ASF/avr32/drivers/pwm/pwm.o
                0x80002d3e                pwm_start_channels
 .text.pwm_init
                0x80002d50       0x46 src/ASF/avr32/drivers/pwm/pwm.o
                0x80002d50                pwm_init
 .text.getBaudDiv
                0x80002d96       0x20 src/ASF/avr32/drivers/spi/spi.o
                0x80002d96                getBaudDiv
 .text.spi_initMaster
                0x80002db6       0x38 src/ASF/avr32/drivers/spi/spi.o
                0x80002db6                spi_initMaster
 .text.spi_selectionMode
                0x80002dee       0x2c src/ASF/avr32/drivers/spi/spi.o
                0x80002dee                spi_selectionMode
 .text.spi_selectChip
                0x80002e1a       0x4c src/ASF/avr32/drivers/spi/spi.o
                0x80002e1a                spi_selectChip
 .text.spi_unselectChip
                0x80002e66       0x26 src/ASF/avr32/drivers/spi/spi.o
                0x80002e66                spi_unselectChip
 .text.spi_setupChipReg
                0x80002e8c       0xb8 src/ASF/avr32/drivers/spi/spi.o
                0x80002e8c                spi_setupChipReg
 .text.spi_enable
                0x80002f44        0x6 src/ASF/avr32/drivers/spi/spi.o
                0x80002f44                spi_enable
 .text.spi_write
                0x80002f4a       0x1c src/ASF/avr32/drivers/spi/spi.o
                0x80002f4a                spi_write
 .text.spi_read
                0x80002f66       0x20 src/ASF/avr32/drivers/spi/spi.o
                0x80002f66                spi_read
 .text.tc_init_waveform
                0x80002f86       0x9c src/ASF/avr32/drivers/tc/tc.o
                0x80002f86                tc_init_waveform
 .text.tc_start
                0x80003022       0x12 src/ASF/avr32/drivers/tc/tc.o
                0x80003022                tc_start
 .text.tc_stop  0x80003034       0x12 src/ASF/avr32/drivers/tc/tc.o
                0x80003034                tc_stop
 .text.tc_write_rc
                0x80003046       0x34 src/ASF/avr32/drivers/tc/tc.o
                0x80003046                tc_write_rc
 .text.tc_configure_interrupts
                0x8000307a      0x108 src/ASF/avr32/drivers/tc/tc.o
                0x8000307a                tc_configure_interrupts
 *fill*         0x80003182        0x2 d703d703
 .text.twi_master_interrupt_handler
                0x80003184       0xbc src/ASF/avr32/drivers/twi/twi.o
 .text.twi_master_init
                0x80003240       0x9c src/ASF/avr32/drivers/twi/twi.o
                0x80003240                twi_master_init
 .text._stext   0x800032dc       0x40 src/ASF/avr32/utils/startup/startup_uc3.o
                                 0x50 (size before relaxing)
                0x800032dc                _stext
 .text._fileVerification
                0x8000331c      0x1d0 src/audio/audio.o
                0x8000331c                _fileVerification
 .text._setOutput
                0x800034ec       0x98 src/audio/audio.o
                0x800034ec                _setOutput
 .text.tc1_irq  0x80003584       0x34 src/audio/audio.o
                0x80003584                tc1_irq
 .text.audio_setVolume
                0x800035b8       0x6c src/audio/audio.o
                0x800035b8                audio_setVolume
 .text.audio_playFile
                0x80003624      0x1e0 src/audio/audio.o
                0x80003624                audio_playFile
 .text.rectangle_GetArea
                0x80003804       0x2a src/GFX/rectangle.o
                0x80003804                rectangle_GetArea
 .text.rectangle_VerifySize
                0x8000382e       0x2a src/GFX/rectangle.o
                0x8000382e                rectangle_VerifySize
 .text.Rect     0x80003858        0xe src/GFX/rectangle.o
                0x80003858                Rect
 *fill*         0x80003866        0x2 d703d703
 .text._writeRegister
                0x80003868       0x80 src/GFX/screen.o
 .text._setStart
                0x800038e8       0x20 src/GFX/screen.o
 .text._setLimits
                0x80003908       0x30 src/GFX/screen.o
 .text._selectRegister
                0x80003938       0x48 src/GFX/screen.o
 .text._writeRAM
                0x80003980       0x4c src/GFX/screen.o
 .text.screen_SetPixels
                0x800039cc       0xa0 src/GFX/screen.o
                0x800039cc                screen_SetPixels
 .text.screen_Init
                0x80003a6c      0x3dc src/GFX/screen.o
                0x80003a6c                screen_Init
 .text.twi_Init
                0x80003e48       0x6c src/init.o
                0x80003e48                twi_Init
 .text.tc1_Init
                0x80003eb4       0x50 src/init.o
                0x80003eb4                tc1_Init
 .text.spi_Init
                0x80003f04       0x88 src/init.o
                0x80003f04                spi_Init
 .text.board_init
                0x80003f8c       0x40 src/init.o
                0x80003f8c                board_init
 .text.mainGauche
                0x80003fcc       0x5c src/mainGauche.o
                0x80003fcc                mainGauche
 .text.sdcard_setFileToRead
                0x80004028       0x80 src/SDCard/sdcard.o
                0x80004028                sdcard_setFileToRead
 .text.pdcaISR  0x800040a8       0x38 src/SDCard/sdcard.o
                0x800040a8                pdcaISR
 .text._pdcaInit
                0x800040e0       0x74 src/SDCard/sdcard.o
                0x800040e0                _pdcaInit
 .text._readSector
                0x80004154      0x124 src/SDCard/sdcard.o
 .text.sdcard_getNextSector
                0x80004278      0x114 src/SDCard/sdcard.o
                0x80004278                sdcard_getNextSector
 .text.sdcard_checkPresence
                0x8000438c        0xc src/SDCard/sdcard.o
                0x8000438c                sdcard_checkPresence
 .text.sdcard_mount
                0x80004398      0x3a8 src/SDCard/sdcard.o
                0x80004398                sdcard_mount
 .text.sdcard_init
                0x80004740       0x88 src/SDCard/sdcard.o
                0x80004740                sdcard_init
 .text.sysclk_init
                0x800047c8       0x94 src/config/conf_cpu.o
                0x800047c8                sysclk_init
 .text.main     0x8000485c        0xc src/main.o
                0x8000485c                main
 *(.text.*personality*)
 *(.gnu.warning)

.exception      0x80004a00      0x200
 .exception     0x80004a00      0x200 src/ASF/avr32/drivers/intc/exception.o
                0x80004a00                _evba
                0x80004b04                _int0
                0x80004b12                _int1
                0x80004b20                _int2
                0x80004b2e                _int3

.fini
 *(.fini)
                0x80004c00                PROVIDE (__etext, .)
                0x80004c00                PROVIDE (_etext, .)
                0x80004c00                PROVIDE (etext, .)

.rodata         0x80004c00      0x178
 *(.rodata .rodata.* .gnu.linkonce.r.*)
 .rodata._int_handler_table
                0x80004c00       0xa0 src/ASF/avr32/drivers/intc/intc.o
 .rodata.C.47.11408
                0x80004ca0       0x20 src/GFX/screen.o
 .rodata.C.48.11409
                0x80004cc0       0x10 src/GFX/screen.o
 .rodata.C.49.11423
                0x80004cd0        0xc src/init.o
 .rodata.C.47.11406
                0x80004cdc       0x20 src/init.o
 .rodata.WAVEFORM_OPT1.11411
                0x80004cfc        0x8 src/init.o
 .rodata.C.50.11424
                0x80004d04       0x10 src/init.o
 .rodata.C.48.11407
                0x80004d14       0x10 src/init.o
 .rodata.TC1_INTERRUPT.11412
                0x80004d24        0x4 src/init.o
 .rodata.C.101.11896
                0x80004d28       0x18 src/SDCard/sdcard.o
 .rodata.C.47.11430
                0x80004d40       0x20 src/SDCard/sdcard.o
 .rodata.C.100.11895
                0x80004d60       0x18 src/SDCard/sdcard.o

.rodata1
 *(.rodata1)

.eh_frame_hdr
 *(.eh_frame_hdr)

.eh_frame
 *(.eh_frame)

.gcc_except_table
 *(.gcc_except_table)
 *(.gcc_except_table.*)

.dalign         0x80004d78        0x0
                0x80004d78                . = ALIGN (0x8)
                0x80004d78                PROVIDE (_data_lma, .)
                0x00000004                PROVIDE (_data, ORIGIN (CPUSRAM))
                0x00000004                . = ORIGIN (CPUSRAM)

.eh_frame
 *(.eh_frame)

.gcc_except_table
 *(.gcc_except_table)
 *(.gcc_except_table.*)

.tdata
 *(.tdata .tdata.* .gnu.linkonce.td.*)

.tbss
 *(.tbss .tbss.* .gnu.linkonce.tb.*)
 *(.tcommon)
                0x00000004                PROVIDE (__preinit_array_start, ALIGN (0x4))

.preinit_array
 *(.preinit_array)
                0x00000004                PROVIDE (__preinit_array_end, .)
                0x00000004                PROVIDE (__init_array_start, .)

.init_array
 *(.init_array)
                0x00000004                PROVIDE (__init_array_end, .)
                0x00000004                PROVIDE (__fini_array_start, .)

.fini_array
 *(.fini_array)
                0x00000004                PROVIDE (__fini_array_end, .)

.ctors
 *crtbegin*.o(.ctors)
 *(EXCLUDE_FILE(*crtend*.o) .ctors)
 *(SORT(.ctors.*))
 *(.ctors)

.dtors
 *crtbegin*.o(.dtors)
 *(EXCLUDE_FILE(*crtend*.o) .dtors)
 *(SORT(.dtors.*))
 *(.dtors)

.jcr
 *(.jcr)

.data.rel.ro
 *(.data.rel.ro.local)
 *(.data.rel.ro*)

.dynamic
 *(.dynamic)

.got
 *(.got.plt)
 *(.got)

.data           0x00000004      0x21c load address 0x80004d78
 *(.data .data.* .gnu.linkonce.d.*)
 .data.currentVolume
                0x00000004        0x1 src/audio/audio.o
                0x00000004                currentVolume
 *fill*         0x00000005        0x3 
 .data.wavDataPointer.11413
                0x00000008        0x4 src/audio/audio.o
 .data.audio_firstCall.11412
                0x0000000c        0x4 src/audio/audio.o
 .data.sdOptions
                0x00000010       0x10 src/SDCard/sdcard.o
 .data.dummyData
                0x00000020      0x200 src/SDCard/sdcard.o
                0x00000020                dummyData
 *(.gnu.linkonce.d.*personality*)

.data1
 *(.data1)

.balign         0x00000220        0x0 load address 0x80004f94
                0x00000220                . = ALIGN (0x8)
                0x00000220                _edata = .
                0x00000220                _edata = .
                0x00000220                PROVIDE (edata, .)
                0x00000220                __bss_start = .

.bss            0x00000220     0x1600 load address 0x80004f94
 *(.dynbss)
 *(.bss .bss.* .gnu.linkonce.b.*)
 .bss.sd_mmc_opt
                0x00000220       0x10 src/ASF/avr32/components/memory/sd_mmc/sd_mmc_spi/sd_mmc_spi.o
 .bss.sd_mmc_pba_hz
                0x00000230        0x4 src/ASF/avr32/components/memory/sd_mmc/sd_mmc_spi/sd_mmc_spi.o
 .bss.sd_mmc_spi_init_done
                0x00000234        0x1 src/ASF/avr32/components/memory/sd_mmc/sd_mmc_spi/sd_mmc_spi.o
                0x00000234                sd_mmc_spi_init_done
 *fill*         0x00000235        0x3 
 .bss._int_line_handler_table_6
                0x00000238        0x4 src/ASF/avr32/drivers/intc/intc.o
 .bss._int_line_handler_table_7
                0x0000023c        0x4 src/ASF/avr32/drivers/intc/intc.o
 .bss._int_line_handler_table_8
                0x00000240        0x4 src/ASF/avr32/drivers/intc/intc.o
 .bss._int_line_handler_table_9
                0x00000244        0x4 src/ASF/avr32/drivers/intc/intc.o
 .bss._int_line_handler_table_10
                0x00000248        0x4 src/ASF/avr32/drivers/intc/intc.o
 .bss._int_line_handler_table_11
                0x0000024c        0x4 src/ASF/avr32/drivers/intc/intc.o
 .bss._int_line_handler_table_12
                0x00000250        0x4 src/ASF/avr32/drivers/intc/intc.o
 .bss._int_line_handler_table_13
                0x00000254        0x4 src/ASF/avr32/drivers/intc/intc.o
 .bss._int_line_handler_table_14
                0x00000258        0xc src/ASF/avr32/drivers/intc/intc.o
 .bss._int_line_handler_table_15
                0x00000264        0x4 src/ASF/avr32/drivers/intc/intc.o
 .bss._int_line_handler_table_16
                0x00000268        0x4 src/ASF/avr32/drivers/intc/intc.o
 .bss._int_line_handler_table_17
                0x0000026c        0x4 src/ASF/avr32/drivers/intc/intc.o
 .bss._int_line_handler_table_18
                0x00000270        0x4 src/ASF/avr32/drivers/intc/intc.o
 .bss._int_line_handler_table_19
                0x00000274        0x4 src/ASF/avr32/drivers/intc/intc.o
 .bss._int_line_handler_table_0
                0x00000278        0x4 src/ASF/avr32/drivers/intc/intc.o
 .bss._int_line_handler_table_1
                0x0000027c       0x2c src/ASF/avr32/drivers/intc/intc.o
 .bss._int_line_handler_table_2
                0x000002a8       0x24 src/ASF/avr32/drivers/intc/intc.o
 .bss._int_line_handler_table_3
                0x000002cc       0x3c src/ASF/avr32/drivers/intc/intc.o
 .bss._int_line_handler_table_4
                0x00000308        0x4 src/ASF/avr32/drivers/intc/intc.o
 .bss._int_line_handler_table_5
                0x0000030c        0x4 src/ASF/avr32/drivers/intc/intc.o
 .bss.twi_busy  0x00000310        0x1 src/ASF/avr32/drivers/twi/twi.o
 .bss.twi_nack  0x00000311        0x1 src/ASF/avr32/drivers/twi/twi.o
 *fill*         0x00000312        0x2 
 .bss.twi_tx_nb_bytes
                0x00000314        0x4 src/ASF/avr32/drivers/twi/twi.o
 .bss.twi_it_mask
                0x00000318        0x4 src/ASF/avr32/drivers/twi/twi.o
 .bss.twi_inst  0x0000031c        0x4 src/ASF/avr32/drivers/twi/twi.o
 .bss.twi_tx_data
                0x00000320        0x4 src/ASF/avr32/drivers/twi/twi.o
 .bss.twi_rx_nb_bytes
                0x00000324        0x4 src/ASF/avr32/drivers/twi/twi.o
 .bss.twi_rx_data
                0x00000328        0x4 src/ASF/avr32/drivers/twi/twi.o
 .bss.loadNextSample
                0x0000032c        0x1 src/audio/audio.o
                0x0000032c                loadNextSample
 *fill*         0x0000032d        0x1 
 .bss.audioL    0x0000032e        0x2 src/audio/audio.o
                0x0000032e                audioL
 .bss.audioR    0x00000330        0x2 src/audio/audio.o
                0x00000330                audioR
 *fill*         0x00000332        0x2 
 .bss.wavData1  0x00000334      0x200 src/audio/audio.o
                0x00000334                wavData1
 .bss.wavData2  0x00000534      0x200 src/audio/audio.o
                0x00000534                wavData2
 .bss.wavDataIndex.11414
                0x00000734        0x4 src/audio/audio.o
 .bss.isFAT32   0x00000738        0x1 src/SDCard/sdcard.o
                0x00000738                isFAT32
 .bss.endOfTransfer
                0x00000739        0x1 src/SDCard/sdcard.o
                0x00000739                endOfTransfer
 *(COMMON)
 *fill*         0x0000073a        0x2 
 COMMON         0x0000073c      0x229 src/ASF/avr32/components/memory/sd_mmc/sd_mmc_spi/sd_mmc_spi.o
                0x0000073c                data_mem
                0x00000940                capacity
                0x00000948                capacity_mult
                0x0000094a                erase_group_size
                0x0000094c                sd_mmc_spi_last_block_address
                0x00000950                r2
                0x00000952                card_type
                0x00000954                csd
                0x00000964                r1
 *fill*         0x00000965        0x3 
 COMMON         0x00000968       0x14 src/audio/audio.o
                0x00000968                fileData
 COMMON         0x0000097c      0xea1 src/SDCard/sdcard.o
                0x0000097c                sectorsEnd
                0x00000980                cluster
                0x00000984                sector
                0x00000988                sectorPerCluster
                0x0000098c                files
                0x0000160c                data
                0x0000180c                dataSector
                0x00001810                FATSector
                0x00001814                rootSector
                0x00001818                clustersFirstSector
                0x0000181c                division
                0x00001820                . = ALIGN (0x8)
 *fill*         0x0000181d        0x3 
                0x00001820                . = ALIGN (0x8)
                0x00001820                _end = .
                0x00001820                PROVIDE (end, .)
                0x00001820                __heap_start__ = ALIGN (0x8)
                0x0000f000                . = ((ORIGIN (CPUSRAM) + 0xfffc) - _stack_size)
                0x0000f000                __heap_end__ = .

.stab
 *(.stab)

.stabstr
 *(.stabstr)

.stab.excl
 *(.stab.excl)

.stab.exclstr
 *(.stab.exclstr)

.stab.index
 *(.stab.index)

.stab.indexstr
 *(.stab.indexstr)

.comment        0x00000000       0x30
 *(.comment)
 .comment       0x00000000       0x30 src/ASF/avr32/components/memory/sd_mmc/sd_mmc_spi/sd_mmc_spi.o
                                 0x31 (size before relaxing)
 .comment       0x00000000       0x31 src/ASF/avr32/drivers/flashc/flashc.o
 .comment       0x00000000       0x31 src/ASF/avr32/drivers/gpio/gpio.o
 .comment       0x00000000       0x31 src/ASF/avr32/drivers/intc/intc.o
 .comment       0x00000000       0x31 src/ASF/avr32/drivers/pdca/pdca.o
 .comment       0x00000000       0x31 src/ASF/avr32/drivers/pm/pm.o
 .comment       0x00000000       0x31 src/ASF/avr32/drivers/pwm/pwm.o
 .comment       0x00000000       0x31 src/ASF/avr32/drivers/spi/spi.o
 .comment       0x00000000       0x31 src/ASF/avr32/drivers/tc/tc.o
 .comment       0x00000000       0x31 src/ASF/avr32/drivers/twi/twi.o
 .comment       0x00000000       0x31 src/audio/audio.o
 .comment       0x00000000       0x31 src/GFX/rectangle.o
 .comment       0x00000000       0x31 src/GFX/screen.o
 .comment       0x00000000       0x31 src/init.o
 .comment       0x00000000       0x31 src/mainGauche.o
 .comment       0x00000000       0x31 src/SDCard/sdcard.o
 .comment       0x00000000       0x31 src/config/conf_cpu.o
 .comment       0x00000000       0x31 src/main.o

.debug
 *(.debug)

.line
 *(.line)

.debug_srcinfo
 *(.debug_srcinfo)

.debug_sfnames
 *(.debug_sfnames)

.debug_aranges  0x00000000      0xaf0
 *(.debug_aranges)
 .debug_aranges
                0x00000000       0xf0 src/ASF/avr32/components/memory/sd_mmc/sd_mmc_spi/sd_mmc_spi.o
 .debug_aranges
                0x000000f0      0x218 src/ASF/avr32/drivers/flashc/flashc.o
 .debug_aranges
                0x00000308      0x100 src/ASF/avr32/drivers/gpio/gpio.o
 .debug_aranges
                0x00000408       0x20 src/ASF/avr32/drivers/intc/exception.o
 .debug_aranges
                0x00000428       0x38 src/ASF/avr32/drivers/intc/intc.o
 .debug_aranges
                0x00000460       0xa8 src/ASF/avr32/drivers/pdca/pdca.o
 .debug_aranges
                0x00000508      0x190 src/ASF/avr32/drivers/pm/pm.o
 .debug_aranges
                0x00000698       0x48 src/ASF/avr32/drivers/pwm/pwm.o
 .debug_aranges
                0x000006e0       0xa8 src/ASF/avr32/drivers/spi/spi.o
 .debug_aranges
                0x00000788       0xa8 src/ASF/avr32/drivers/tc/tc.o
 .debug_aranges
                0x00000830       0x70 src/ASF/avr32/drivers/twi/twi.o
 .debug_aranges
                0x000008a0       0x28 src/ASF/avr32/utils/startup/startup_uc3.o
 .debug_aranges
                0x000008c8       0x20 src/ASF/avr32/utils/startup/trampoline_uc3.o
 .debug_aranges
                0x000008e8       0x60 src/audio/audio.o
 .debug_aranges
                0x00000948       0x40 src/GFX/rectangle.o
 .debug_aranges
                0x00000988       0x68 src/GFX/screen.o
 .debug_aranges
                0x000009f0       0x40 src/init.o
 .debug_aranges
                0x00000a30       0x20 src/mainGauche.o
 .debug_aranges
                0x00000a50       0x60 src/SDCard/sdcard.o
 .debug_aranges
                0x00000ab0       0x20 src/config/conf_cpu.o
 .debug_aranges
                0x00000ad0       0x20 src/main.o

.debug_pubnames
                0x00000000     0x1d41
 *(.debug_pubnames)
 .debug_pubnames
                0x00000000      0x3b1 src/ASF/avr32/components/memory/sd_mmc/sd_mmc_spi/sd_mmc_spi.o
 .debug_pubnames
                0x000003b1      0x771 src/ASF/avr32/drivers/flashc/flashc.o
 .debug_pubnames
                0x00000b22      0x330 src/ASF/avr32/drivers/gpio/gpio.o
 .debug_pubnames
                0x00000e52       0x62 src/ASF/avr32/drivers/intc/intc.o
 .debug_pubnames
                0x00000eb4      0x238 src/ASF/avr32/drivers/pdca/pdca.o
 .debug_pubnames
                0x000010ec      0x3ee src/ASF/avr32/drivers/pm/pm.o
 .debug_pubnames
                0x000014da       0x9a src/ASF/avr32/drivers/pwm/pwm.o
 .debug_pubnames
                0x00001574      0x178 src/ASF/avr32/drivers/spi/spi.o
 .debug_pubnames
                0x000016ec      0x164 src/ASF/avr32/drivers/tc/tc.o
 .debug_pubnames
                0x00001850       0xb2 src/ASF/avr32/drivers/twi/twi.o
 .debug_pubnames
                0x00001902      0x113 src/audio/audio.o
 .debug_pubnames
                0x00001a15       0x79 src/GFX/rectangle.o
 .debug_pubnames
                0x00001a8e       0x80 src/GFX/screen.o
 .debug_pubnames
                0x00001b0e       0x55 src/init.o
 .debug_pubnames
                0x00001b63       0x21 src/mainGauche.o
 .debug_pubnames
                0x00001b84      0x180 src/SDCard/sdcard.o
 .debug_pubnames
                0x00001d04       0x22 src/config/conf_cpu.o
 .debug_pubnames
                0x00001d26       0x1b src/main.o

.debug_info     0x00000000    0x108e4
 *(.debug_info .gnu.linkonce.wi.*)
 .debug_info    0x00000000     0x12d6 src/ASF/avr32/components/memory/sd_mmc/sd_mmc_spi/sd_mmc_spi.o
 .debug_info    0x000012d6     0x1c74 src/ASF/avr32/drivers/flashc/flashc.o
 .debug_info    0x00002f4a      0xb1b src/ASF/avr32/drivers/gpio/gpio.o
 .debug_info    0x00003a65       0x88 src/ASF/avr32/drivers/intc/exception.o
 .debug_info    0x00003aed      0x5b3 src/ASF/avr32/drivers/intc/intc.o
 .debug_info    0x000040a0      0xc29 src/ASF/avr32/drivers/pdca/pdca.o
 .debug_info    0x00004cc9     0x1a59 src/ASF/avr32/drivers/pm/pm.o
 .debug_info    0x00006722      0xa08 src/ASF/avr32/drivers/pwm/pwm.o
 .debug_info    0x0000712a     0x1090 src/ASF/avr32/drivers/spi/spi.o
 .debug_info    0x000081ba     0x1183 src/ASF/avr32/drivers/tc/tc.o
 .debug_info    0x0000933d      0xfd5 src/ASF/avr32/drivers/twi/twi.o
 .debug_info    0x0000a312       0x87 src/ASF/avr32/utils/startup/startup_uc3.o
 .debug_info    0x0000a399       0x8e src/ASF/avr32/utils/startup/trampoline_uc3.o
 .debug_info    0x0000a427     0x1684 src/audio/audio.o
 .debug_info    0x0000baab      0x23d src/GFX/rectangle.o
 .debug_info    0x0000bce8      0x92f src/GFX/screen.o
 .debug_info    0x0000c617     0x2039 src/init.o
 .debug_info    0x0000e650      0x117 src/mainGauche.o
 .debug_info    0x0000e767     0x12a5 src/SDCard/sdcard.o
 .debug_info    0x0000fa0c      0xe2c src/config/conf_cpu.o
 .debug_info    0x00010838       0xac src/main.o

.debug_abbrev   0x00000000     0x26a2
 *(.debug_abbrev)
 .debug_abbrev  0x00000000      0x2a4 src/ASF/avr32/components/memory/sd_mmc/sd_mmc_spi/sd_mmc_spi.o
 .debug_abbrev  0x000002a4      0x331 src/ASF/avr32/drivers/flashc/flashc.o
 .debug_abbrev  0x000005d5      0x28b src/ASF/avr32/drivers/gpio/gpio.o
 .debug_abbrev  0x00000860       0x14 src/ASF/avr32/drivers/intc/exception.o
 .debug_abbrev  0x00000874      0x1f2 src/ASF/avr32/drivers/intc/intc.o
 .debug_abbrev  0x00000a66      0x2f2 src/ASF/avr32/drivers/pdca/pdca.o
 .debug_abbrev  0x00000d58      0x2d1 src/ASF/avr32/drivers/pm/pm.o
 .debug_abbrev  0x00001029      0x19d src/ASF/avr32/drivers/pwm/pwm.o
 .debug_abbrev  0x000011c6      0x281 src/ASF/avr32/drivers/spi/spi.o
 .debug_abbrev  0x00001447      0x25c src/ASF/avr32/drivers/tc/tc.o
 .debug_abbrev  0x000016a3      0x2cb src/ASF/avr32/drivers/twi/twi.o
 .debug_abbrev  0x0000196e       0x12 src/ASF/avr32/utils/startup/startup_uc3.o
 .debug_abbrev  0x00001980       0x14 src/ASF/avr32/utils/startup/trampoline_uc3.o
 .debug_abbrev  0x00001994      0x1f9 src/audio/audio.o
 .debug_abbrev  0x00001b8d       0xf5 src/GFX/rectangle.o
 .debug_abbrev  0x00001c82      0x356 src/GFX/screen.o
 .debug_abbrev  0x00001fd8      0x188 src/init.o
 .debug_abbrev  0x00002160       0x97 src/mainGauche.o
 .debug_abbrev  0x000021f7      0x350 src/SDCard/sdcard.o
 .debug_abbrev  0x00002547      0x10d src/config/conf_cpu.o
 .debug_abbrev  0x00002654       0x4e src/main.o

.debug_line     0x00000000     0xa6d4
 *(.debug_line)
 .debug_line    0x00000000      0xadc src/ASF/avr32/components/memory/sd_mmc/sd_mmc_spi/sd_mmc_spi.o
 .debug_line    0x00000adc      0xbc1 src/ASF/avr32/drivers/flashc/flashc.o
 .debug_line    0x0000169d      0x8aa src/ASF/avr32/drivers/gpio/gpio.o
 .debug_line    0x00001f47      0x109 src/ASF/avr32/drivers/intc/exception.o
 .debug_line    0x00002050      0x678 src/ASF/avr32/drivers/intc/intc.o
 .debug_line    0x000026c8      0x824 src/ASF/avr32/drivers/pdca/pdca.o
 .debug_line    0x00002eec      0x9ad src/ASF/avr32/drivers/pm/pm.o
 .debug_line    0x00003899      0x6a9 src/ASF/avr32/drivers/pwm/pwm.o
 .debug_line    0x00003f42      0x7b4 src/ASF/avr32/drivers/spi/spi.o
 .debug_line    0x000046f6      0x79d src/ASF/avr32/drivers/tc/tc.o
 .debug_line    0x00004e93      0x869 src/ASF/avr32/drivers/twi/twi.o
 .debug_line    0x000056fc       0xf2 src/ASF/avr32/utils/startup/startup_uc3.o
 .debug_line    0x000057ee       0x67 src/ASF/avr32/utils/startup/trampoline_uc3.o
 .debug_line    0x00005855      0xa3f src/audio/audio.o
 .debug_line    0x00006294      0x971 src/GFX/rectangle.o
 .debug_line    0x00006c05      0xabe src/GFX/screen.o
 .debug_line    0x000076c3      0x9b0 src/init.o
 .debug_line    0x00008073      0x9ac src/mainGauche.o
 .debug_line    0x00008a1f      0xa91 src/SDCard/sdcard.o
 .debug_line    0x000094b0      0x919 src/config/conf_cpu.o
 .debug_line    0x00009dc9      0x90b src/main.o

.debug_frame    0x00000000     0x1b54
 *(.debug_frame)
 .debug_frame   0x00000000      0x364 src/ASF/avr32/components/memory/sd_mmc/sd_mmc_spi/sd_mmc_spi.o
 .debug_frame   0x00000364      0x6a4 src/ASF/avr32/drivers/flashc/flashc.o
 .debug_frame   0x00000a08      0x204 src/ASF/avr32/drivers/gpio/gpio.o
 .debug_frame   0x00000c0c       0x64 src/ASF/avr32/drivers/intc/intc.o
 .debug_frame   0x00000c70      0x1e8 src/ASF/avr32/drivers/pdca/pdca.o
 .debug_frame   0x00000e58      0x390 src/ASF/avr32/drivers/pm/pm.o
 .debug_frame   0x000011e8       0x70 src/ASF/avr32/drivers/pwm/pwm.o
 .debug_frame   0x00001258      0x158 src/ASF/avr32/drivers/spi/spi.o
 .debug_frame   0x000013b0      0x148 src/ASF/avr32/drivers/tc/tc.o
 .debug_frame   0x000014f8      0x130 src/ASF/avr32/drivers/twi/twi.o
 .debug_frame   0x00001628      0x10c src/audio/audio.o
 .debug_frame   0x00001734       0x84 src/GFX/rectangle.o
 .debug_frame   0x000017b8      0x140 src/GFX/screen.o
 .debug_frame   0x000018f8       0x90 src/init.o
 .debug_frame   0x00001988       0x3c src/mainGauche.o
 .debug_frame   0x000019c4      0x130 src/SDCard/sdcard.o
 .debug_frame   0x00001af4       0x38 src/config/conf_cpu.o
 .debug_frame   0x00001b2c       0x28 src/main.o

.debug_str      0x00000000     0x3632
 *(.debug_str)
 .debug_str     0x00000000      0x751 src/ASF/avr32/components/memory/sd_mmc/sd_mmc_spi/sd_mmc_spi.o
                                0x7d3 (size before relaxing)
 .debug_str     0x00000751      0xa82 src/ASF/avr32/drivers/flashc/flashc.o
                                0xc36 (size before relaxing)
 .debug_str     0x000011d3      0x417 src/ASF/avr32/drivers/gpio/gpio.o
                                0x524 (size before relaxing)
 .debug_str     0x000015ea      0x37d src/ASF/avr32/drivers/intc/intc.o
                                0x478 (size before relaxing)
 .debug_str     0x00001967      0x36b src/ASF/avr32/drivers/pdca/pdca.o
                                0x487 (size before relaxing)
 .debug_str     0x00001cd2      0x791 src/ASF/avr32/drivers/pm/pm.o
                                0x990 (size before relaxing)
 .debug_str     0x00002463      0x1e3 src/ASF/avr32/drivers/pwm/pwm.o
                                0x332 (size before relaxing)
 .debug_str     0x00002646      0x1ba src/ASF/avr32/drivers/spi/spi.o
                                0x55d (size before relaxing)
 .debug_str     0x00002800      0x350 src/ASF/avr32/drivers/tc/tc.o
                                0x4c5 (size before relaxing)
 .debug_str     0x00002b50      0x311 src/ASF/avr32/drivers/twi/twi.o
                                0x4bb (size before relaxing)
 .debug_str     0x00002e61      0x19f src/audio/audio.o
                                0x66d (size before relaxing)
 .debug_str     0x00003000       0xba src/GFX/rectangle.o
                                0x1b8 (size before relaxing)
 .debug_str     0x000030ba      0x1aa src/GFX/screen.o
                                0x3ce (size before relaxing)
 .debug_str     0x00003264       0xae src/init.o
                                0x763 (size before relaxing)
 .debug_str     0x00003312       0x1f src/mainGauche.o
                                0x125 (size before relaxing)
 .debug_str     0x00003331      0x2ce src/SDCard/sdcard.o
                                0x659 (size before relaxing)
 .debug_str     0x000035ff       0x25 src/config/conf_cpu.o
                                0x465 (size before relaxing)
 .debug_str     0x00003624        0xe src/main.o
                                 0xf1 (size before relaxing)

.debug_loc      0x00000000     0x4119
 *(.debug_loc)
 .debug_loc     0x00000000      0x924 src/ASF/avr32/components/memory/sd_mmc/sd_mmc_spi/sd_mmc_spi.o
 .debug_loc     0x00000924     0x10f4 src/ASF/avr32/drivers/flashc/flashc.o
 .debug_loc     0x00001a18      0x368 src/ASF/avr32/drivers/gpio/gpio.o
 .debug_loc     0x00001d80       0xd3 src/ASF/avr32/drivers/intc/intc.o
 .debug_loc     0x00001e53      0x5e5 src/ASF/avr32/drivers/pdca/pdca.o
 .debug_loc     0x00002438      0x559 src/ASF/avr32/drivers/pm/pm.o
 .debug_loc     0x00002991       0xb4 src/ASF/avr32/drivers/pwm/pwm.o
 .debug_loc     0x00002a45      0x3bd src/ASF/avr32/drivers/spi/spi.o
 .debug_loc     0x00002e02      0x3ff src/ASF/avr32/drivers/tc/tc.o
 .debug_loc     0x00003201      0x42e src/ASF/avr32/drivers/twi/twi.o
 .debug_loc     0x0000362f      0x25a src/audio/audio.o
 .debug_loc     0x00003889       0x88 src/GFX/rectangle.o
 .debug_loc     0x00003911      0x29f src/GFX/screen.o
 .debug_loc     0x00003bb0       0xb3 src/init.o
 .debug_loc     0x00003c63       0x4f src/mainGauche.o
 .debug_loc     0x00003cb2      0x3f9 src/SDCard/sdcard.o
 .debug_loc     0x000040ab       0x4f src/config/conf_cpu.o
 .debug_loc     0x000040fa       0x1f src/main.o

.debug_macinfo  0x00000000   0xfee65d
 *(.debug_macinfo)
 .debug_macinfo
                0x00000000    0xe3416 src/ASF/avr32/components/memory/sd_mmc/sd_mmc_spi/sd_mmc_spi.o
 .debug_macinfo
                0x000e3416    0xe0b49 src/ASF/avr32/drivers/flashc/flashc.o
 .debug_macinfo
                0x001c3f5f    0xe0c27 src/ASF/avr32/drivers/gpio/gpio.o
 .debug_macinfo
                0x002a4b86    0xe0cd4 src/ASF/avr32/drivers/intc/intc.o
 .debug_macinfo
                0x0038585a    0xe0b69 src/ASF/avr32/drivers/pdca/pdca.o
 .debug_macinfo
                0x004663c3    0xe0a91 src/ASF/avr32/drivers/pm/pm.o
 .debug_macinfo
                0x00546e54    0xe0afc src/ASF/avr32/drivers/pwm/pwm.o
 .debug_macinfo
                0x00627950    0xe0a75 src/ASF/avr32/drivers/spi/spi.o
 .debug_macinfo
                0x007083c5    0xe130c src/ASF/avr32/drivers/tc/tc.o
 .debug_macinfo
                0x007e96d1    0xe1b60 src/ASF/avr32/drivers/twi/twi.o
 .debug_macinfo
                0x008cb231    0xe4651 src/audio/audio.o
 .debug_macinfo
                0x009af882    0xe44bb src/GFX/rectangle.o
 .debug_macinfo
                0x00a93d3d    0xe4be7 src/GFX/screen.o
 .debug_macinfo
                0x00b78924    0xe46a5 src/init.o
 .debug_macinfo
                0x00c5cfc9    0xe4790 src/mainGauche.o
 .debug_macinfo
                0x00d41759    0xe4517 src/SDCard/sdcard.o
 .debug_macinfo
                0x00e25c70    0xe452b src/config/conf_cpu.o
 .debug_macinfo
                0x00f0a19b    0xe44c2 src/main.o

.debug_weaknames
 *(.debug_weaknames)

.debug_funcnames
 *(.debug_funcnames)

.debug_typenames
 *(.debug_typenames)

.debug_varnames
 *(.debug_varnames)

.stack          0x0000f000     0x1000
                0x0000f000                _stack = .
 *(.stack)
                0x00001000                . = _stack_size
 *fill*         0x0000f000     0x1000 
                0x00010000                _estack = .

.userpage
 *(.userpage .userpage.*)

.factorypage
 *(.factorypage .factorypage.*)

/DISCARD/
 *(.note.GNU-stack)
OUTPUT(Command.elf elf32-avr32)

.debug_ranges   0x00000000      0xb50
 .debug_ranges  0x00000000       0xe8 src/ASF/avr32/components/memory/sd_mmc/sd_mmc_spi/sd_mmc_spi.o
 .debug_ranges  0x000000e8      0x210 src/ASF/avr32/drivers/flashc/flashc.o
 .debug_ranges  0x000002f8       0xf8 src/ASF/avr32/drivers/gpio/gpio.o
 .debug_ranges  0x000003f0       0x48 src/ASF/avr32/drivers/intc/intc.o
 .debug_ranges  0x00000438       0xa0 src/ASF/avr32/drivers/pdca/pdca.o
 .debug_ranges  0x000004d8      0x188 src/ASF/avr32/drivers/pm/pm.o
 .debug_ranges  0x00000660       0x40 src/ASF/avr32/drivers/pwm/pwm.o
 .debug_ranges  0x000006a0       0xa0 src/ASF/avr32/drivers/spi/spi.o
 .debug_ranges  0x00000740       0xa0 src/ASF/avr32/drivers/tc/tc.o
 .debug_ranges  0x000007e0       0x68 src/ASF/avr32/drivers/twi/twi.o
 .debug_ranges  0x00000848       0x20 src/ASF/avr32/utils/startup/startup_uc3.o
 .debug_ranges  0x00000868       0x58 src/audio/audio.o
 .debug_ranges  0x000008c0       0x38 src/GFX/rectangle.o
 .debug_ranges  0x000008f8      0x168 src/GFX/screen.o
 .debug_ranges  0x00000a60       0x38 src/init.o
 .debug_ranges  0x00000a98       0x18 src/mainGauche.o
 .debug_ranges  0x00000ab0       0x70 src/SDCard/sdcard.o
 .debug_ranges  0x00000b20       0x18 src/config/conf_cpu.o
 .debug_ranges  0x00000b38       0x18 src/main.o
