Archive member included because of file (symbol)

c:/program files (x86)/atmel/studio/7.0/toolchain/avr32/avr32-gnu-toolchain/bin/../lib/gcc/avr32/4.4.7/../../../../avr32/lib/ucr2\libc.a(lib_a-memcpy.o)
                              src/ASF/avr32/drivers/flashc/flashc.o (memcpy)

Allocating common symbols
Common symbol       size              file

sectorsEnd          0x4               src/SDCard/sdcard.o
data_mem            0x201             src/ASF/avr32/components/memory/sd_mmc/sd_mmc_spi/sd_mmc_spi.o
fileData            0x18              src/audio/audio.o
cluster             0x4               src/SDCard/sdcard.o
capacity            0x8               src/ASF/avr32/components/memory/sd_mmc/sd_mmc_spi/sd_mmc_spi.o
alarm               0x5a              src/RTC/rtc.o
sector              0x4               src/SDCard/sdcard.o
sectorPerCluster    0x1               src/SDCard/sdcard.o
files               0xc80             src/SDCard/sdcard.o
nbrOfFiles          0x1               src/SDCard/sdcard.o
capacity_mult       0x2               src/ASF/avr32/components/memory/sd_mmc/sd_mmc_spi/sd_mmc_spi.o
data                0x200             src/SDCard/sdcard.o
dataSector          0x4               src/SDCard/sdcard.o
erase_group_size    0x2               src/ASF/avr32/components/memory/sd_mmc/sd_mmc_spi/sd_mmc_spi.o
isFilePlaying       0x1               src/audio/audio.o
sd_mmc_spi_last_block_address
                    0x4               src/ASF/avr32/components/memory/sd_mmc/sd_mmc_spi/sd_mmc_spi.o
r2                  0x2               src/ASF/avr32/components/memory/sd_mmc/sd_mmc_spi/sd_mmc_spi.o
FATSector           0x4               src/SDCard/sdcard.o
card_type           0x1               src/ASF/avr32/components/memory/sd_mmc/sd_mmc_spi/sd_mmc_spi.o
rootSector          0x4               src/SDCard/sdcard.o
clustersFirstSector
                    0x4               src/SDCard/sdcard.o
currentTime         0x7               src/RTC/rtc.o
division            0x1               src/SDCard/sdcard.o
csd                 0x10              src/ASF/avr32/components/memory/sd_mmc/sd_mmc_spi/sd_mmc_spi.o
r1                  0x1               src/ASF/avr32/components/memory/sd_mmc/sd_mmc_spi/sd_mmc_spi.o

Discarded input sections

 .text          0x00000000        0x0 src/ASF/avr32/components/memory/sd_mmc/sd_mmc_spi/sd_mmc_spi.o
 .data          0x00000000        0x0 src/ASF/avr32/components/memory/sd_mmc/sd_mmc_spi/sd_mmc_spi.o
 .bss           0x00000000        0x0 src/ASF/avr32/components/memory/sd_mmc/sd_mmc_spi/sd_mmc_spi.o
 .text.sd_mmc_spi_write_close
                0x00000000        0x2 src/ASF/avr32/components/memory/sd_mmc/sd_mmc_spi/sd_mmc_spi.o
 .text.sd_mmc_spi_write_open
                0x00000000       0x1c src/ASF/avr32/components/memory/sd_mmc/sd_mmc_spi/sd_mmc_spi.o
 .text.sd_mmc_spi_read_close
                0x00000000        0xc src/ASF/avr32/components/memory/sd_mmc/sd_mmc_spi/sd_mmc_spi.o
 .text.sd_mmc_spi_read_open
                0x00000000       0x1c src/ASF/avr32/components/memory/sd_mmc/sd_mmc_spi/sd_mmc_spi.o
 .text.sd_mmc_spi_get_status
                0x00000000       0xd0 src/ASF/avr32/components/memory/sd_mmc/sd_mmc_spi/sd_mmc_spi.o
 .text.is_sd_mmc_spi_write_pwd_locked
                0x00000000       0x40 src/ASF/avr32/components/memory/sd_mmc/sd_mmc_spi/sd_mmc_spi.o
 .text.sd_mmc_spi_erase_sector_group
                0x00000000      0x118 src/ASF/avr32/components/memory/sd_mmc/sd_mmc_spi/sd_mmc_spi.o
 .text.sd_mmc_spi_write_sector_from_ram
                0x00000000      0x160 src/ASF/avr32/components/memory/sd_mmc/sd_mmc_spi/sd_mmc_spi.o
 .text.sd_mmc_spi_lock_operation
                0x00000000      0x1a8 src/ASF/avr32/components/memory/sd_mmc/sd_mmc_spi/sd_mmc_spi.o
 .text.sd_mmc_spi_read_sector_to_ram
                0x00000000      0x164 src/ASF/avr32/components/memory/sd_mmc/sd_mmc_spi/sd_mmc_spi.o
 .text.sd_mmc_spi_get_cid
                0x00000000       0xfc src/ASF/avr32/components/memory/sd_mmc/sd_mmc_spi/sd_mmc_spi.o
 .text.sd_mmc_spi_write_multiple_sector
                0x00000000       0x30 src/ASF/avr32/components/memory/sd_mmc/sd_mmc_spi/sd_mmc_spi.o
 .text.sd_mmc_spi_read_multiple_sector
                0x00000000       0x30 src/ASF/avr32/components/memory/sd_mmc/sd_mmc_spi/sd_mmc_spi.o
 .text.sd_mmc_spi_mem_check
                0x00000000       0x28 src/ASF/avr32/components/memory/sd_mmc/sd_mmc_spi/sd_mmc_spi.o
 .bss.sector_buf
                0x00000000      0x200 src/ASF/avr32/components/memory/sd_mmc/sd_mmc_spi/sd_mmc_spi.o
 .text          0x00000000        0x0 src/ASF/avr32/components/memory/sd_mmc/sd_mmc_spi/sd_mmc_spi_mem.o
 .data          0x00000000        0x0 src/ASF/avr32/components/memory/sd_mmc/sd_mmc_spi/sd_mmc_spi_mem.o
 .bss           0x00000000        0x0 src/ASF/avr32/components/memory/sd_mmc/sd_mmc_spi/sd_mmc_spi_mem.o
[...]
Memory Configuration

Name             Origin             Length             Attributes
FLASH            0x80000000         0x00040000         axrl !w
CPUSRAM          0x00000004         0x0000fffc         axw !rl
USERPAGE         0x80800000         0x00000200
FACTORYPAGE      0x80800200         0x00000200
*default*        0x00000000         0xffffffff

Linker script and memory map

                0x00001000                _stack_size = 0x1000
LOAD src/ASF/avr32/components/memory/sd_mmc/sd_mmc_spi/sd_mmc_spi.o
LOAD src/ASF/avr32/components/memory/sd_mmc/sd_mmc_spi/sd_mmc_spi_mem.o
LOAD src/ASF/avr32/drivers/flashc/flashc.o
LOAD src/ASF/avr32/drivers/gpio/gpio.o
LOAD src/ASF/avr32/drivers/intc/exception.o
LOAD src/ASF/avr32/drivers/intc/intc.o
LOAD src/ASF/avr32/drivers/pdca/pdca.o
LOAD src/ASF/avr32/drivers/pm/pm.o
LOAD src/ASF/avr32/drivers/pm/pm_conf_clocks.o
LOAD src/ASF/avr32/drivers/pm/power_clocks_lib.o
LOAD src/ASF/avr32/drivers/pwm/pwm.o
LOAD src/ASF/avr32/drivers/spi/spi.o
LOAD src/ASF/avr32/drivers/tc/tc.o
LOAD src/ASF/avr32/drivers/twi/twi.o
LOAD src/ASF/avr32/drivers/usart/usart.o
LOAD src/ASF/avr32/utils/startup/startup_uc3.o
LOAD src/ASF/avr32/utils/startup/trampoline_uc3.o
LOAD src/ASF/common/services/storage/ctrl_access/ctrl_access.o
LOAD src/audio/audio.o
LOAD src/GFX/fonts.o
LOAD src/GFX/gfx.o
LOAD src/GFX/gui.o
LOAD src/GFX/rectangle.o
LOAD src/GFX/screen.o
LOAD src/GFX/vector2.o
LOAD src/init.o
LOAD src/mainCentre.o
LOAD src/mainGauche.o
LOAD src/RTC/rtc.o
LOAD src/SDCard/sdcard.o
LOAD src/syntax.o
LOAD src/config/conf_cpu.o
LOAD src/main.o
START GROUP
LOAD c:/program files (x86)/atmel/studio/7.0/toolchain/avr32/avr32-gnu-toolchain/bin/../lib/gcc/avr32/4.4.7/../../../../avr32/lib/ucr2\libm.a
END GROUP
LOAD c:/program files (x86)/atmel/studio/7.0/toolchain/avr32/avr32-gnu-toolchain/bin/../lib/gcc/avr32/4.4.7/ucr2\libgcc.a
LOAD c:/program files (x86)/atmel/studio/7.0/toolchain/avr32/avr32-gnu-toolchain/bin/../lib/gcc/avr32/4.4.7/../../../../avr32/lib/ucr2\libc.a
LOAD c:/program files (x86)/atmel/studio/7.0/toolchain/avr32/avr32-gnu-toolchain/bin/../lib/gcc/avr32/4.4.7/ucr2\libgcc.a
                0x80000000                PROVIDE (__executable_start, 0x80000000)
                0x80000000                . = 0x80000000

.interp
 *(.interp)

.reset          0x80000000     0x2004
 *(.reset)
 .reset         0x80000000     0x2004 src/ASF/avr32/utils/startup/trampoline_uc3.o
                               0x2008 (size before relaxing)
                0x80000000                _trampoline

.hash
 *(.hash)

.dynsym
 *(.dynsym)

.dynstr
 *(.dynstr)

.gnu.version
 *(.gnu.version)

.gnu.version_d
 *(.gnu.version_d)

.gnu.version_r
 *(.gnu.version_r)

.rel.init
 *(.rel.init)

.rela.init
 *(.rela.init)

.rel.text
 *(.rel.text .rel.text.* .rel.gnu.linkonce.t.*)

.rela.text
 *(.rela.text .rela.text.* .rela.gnu.linkonce.t.*)

.rel.fini
 *(.rel.fini)

.rela.fini
 *(.rela.fini)

.rel.rodata
 *(.rel.rodata .rel.rodata.* .rel.gnu.linkonce.r.*)

.rela.rodata
 *(.rela.rodata .rela.rodata.* .rela.gnu.linkonce.r.*)

.rel.data.rel.ro
 *(.rel.data.rel.ro*)

.rela.data.rel.ro
 *(.rel.data.rel.ro*)

.rel.data
 *(.rel.data .rel.data.* .rel.gnu.linkonce.d.*)

.rela.data
 *(.rela.data .rela.data.* .rela.gnu.linkonce.d.*)

.rel.tdata
 *(.rel.tdata .rel.tdata.* .rel.gnu.linkonce.td.*)

.rela.tdata
 *(.rela.tdata .rela.tdata.* .rela.gnu.linkonce.td.*)

.rel.tbss
 *(.rel.tbss .rel.tbss.* .rel.gnu.linkonce.tb.*)

.rela.tbss
 *(.rela.tbss .rela.tbss.* .rela.gnu.linkonce.tb.*)

.rel.ctors
 *(.rel.ctors)

.rela.ctors
 *(.rela.ctors)

.rel.dtors
 *(.rel.dtors)

.rela.dtors
 *(.rela.dtors)

.rel.got
 *(.rel.got)

.rela.got       0x80002004        0x0
 *(.rela.got)
 .rela.got      0x80002004        0x0 src/ASF/avr32/drivers/flashc/flashc.o

.rel.bss
 *(.rel.bss .rel.bss.* .rel.gnu.linkonce.b.*)

.rela.bss
 *(.rela.bss .rela.bss.* .rela.gnu.linkonce.b.*)

.rel.plt
 *(.rel.plt)

.rela.plt
 *(.rela.plt)

.init
 *(.init)

.plt
 *(.plt)

.text           0x80002004     0x52f8
 *(.text .stub .text.* .gnu.linkonce.t.*)
 .text.sd_mmc_spi_get_capacity
                0x80002004      0x11c src/ASF/avr32/components/memory/sd_mmc/sd_mmc_spi/sd_mmc_spi.o
                0x80002004                sd_mmc_spi_get_capacity
 .text.sd_mmc_spi_read_close_PDCA
                0x80002120       0x48 src/ASF/avr32/components/memory/sd_mmc/sd_mmc_spi/sd_mmc_spi.o
                0x80002120                sd_mmc_spi_read_close_PDCA
 .text.sd_mmc_spi_send_and_read
                0x80002168       0x34 src/ASF/avr32/components/memory/sd_mmc/sd_mmc_spi/sd_mmc_spi.o
                0x80002168                sd_mmc_spi_send_and_read
 .text.sd_mmc_spi_wait_not_busy
                0x8000219c       0x58 src/ASF/avr32/components/memory/sd_mmc/sd_mmc_spi/sd_mmc_spi.o
                0x8000219c                sd_mmc_spi_wait_not_busy
 .text.sd_mmc_spi_command
                0x800021f4       0xc8 src/ASF/avr32/components/memory/sd_mmc/sd_mmc_spi/sd_mmc_spi.o
                0x800021f4                sd_mmc_spi_command
 .text.sd_mmc_spi_send_command
                0x800022bc       0x40 src/ASF/avr32/components/memory/sd_mmc/sd_mmc_spi/sd_mmc_spi.o
                0x800022bc                sd_mmc_spi_send_command
 .text.sd_mmc_spi_check_presence
                0x800022fc       0x7c src/ASF/avr32/components/memory/sd_mmc/sd_mmc_spi/sd_mmc_spi.o
                0x800022fc                sd_mmc_spi_check_presence
 .text.sd_mmc_spi_read_open_PDCA
                0x80002378       0xdc src/ASF/avr32/components/memory/sd_mmc/sd_mmc_spi/sd_mmc_spi.o
                0x80002378                sd_mmc_spi_read_open_PDCA
 .text.sd_mmc_spi_check_hc
                0x80002454       0x8c src/ASF/avr32/components/memory/sd_mmc/sd_mmc_spi/sd_mmc_spi.o
                0x80002454                sd_mmc_spi_check_hc
 .text.sd_mmc_spi_get_if
                0x800024e0       0xb8 src/ASF/avr32/components/memory/sd_mmc/sd_mmc_spi/sd_mmc_spi.o
                0x800024e0                sd_mmc_spi_get_if
 .text.sd_mmc_spi_get_csd
                0x80002598       0xf4 src/ASF/avr32/components/memory/sd_mmc/sd_mmc_spi/sd_mmc_spi.o
                0x80002598                sd_mmc_spi_get_csd
 .text.sd_mmc_spi_internal_init
                0x8000268c      0x2a4 src/ASF/avr32/components/memory/sd_mmc/sd_mmc_spi/sd_mmc_spi.o
                0x8000268c                sd_mmc_spi_internal_init
 .text.sd_mmc_spi_init
                0x80002930       0x34 src/ASF/avr32/components/memory/sd_mmc/sd_mmc_spi/sd_mmc_spi.o
                0x80002930                sd_mmc_spi_init
 .text.flashc_set_wait_state
                0x80002964        0xe src/ASF/avr32/drivers/flashc/flashc.o
                0x80002964                flashc_set_wait_state
 .text.gpio_enable_module_pin
                0x80002972       0x52 src/ASF/avr32/drivers/gpio/gpio.o
                0x80002972                gpio_enable_module_pin
 .text.gpio_enable_module
                0x800029c4       0x30 src/ASF/avr32/drivers/gpio/gpio.o
                0x800029c4                gpio_enable_module
 .text.gpio_enable_pin_pull_up
                0x800029f4       0x16 src/ASF/avr32/drivers/gpio/gpio.o
                0x800029f4                gpio_enable_pin_pull_up
 .text.gpio_set_gpio_pin
                0x80002a0a       0x1c src/ASF/avr32/drivers/gpio/gpio.o
                0x80002a0a                gpio_set_gpio_pin
 .text.gpio_clr_gpio_pin
                0x80002a26       0x1c src/ASF/avr32/drivers/gpio/gpio.o
                0x80002a26                gpio_clr_gpio_pin
 .text.gpio_enable_pin_glitch_filter
                0x80002a42       0x16 src/ASF/avr32/drivers/gpio/gpio.o
                0x80002a42                gpio_enable_pin_glitch_filter
 .text.gpio_enable_pin_interrupt
                0x80002a58       0x46 src/ASF/avr32/drivers/gpio/gpio.o
                0x80002a58                gpio_enable_pin_interrupt
 .text.gpio_disable_pin_interrupt
                0x80002a9e       0x16 src/ASF/avr32/drivers/gpio/gpio.o
                0x80002a9e                gpio_disable_pin_interrupt
 .text.gpio_get_pin_interrupt_flag
                0x80002ab4       0x18 src/ASF/avr32/drivers/gpio/gpio.o
                0x80002ab4                gpio_get_pin_interrupt_flag
 .text.gpio_clear_pin_interrupt_flag
                0x80002acc       0x16 src/ASF/avr32/drivers/gpio/gpio.o
                0x80002acc                gpio_clear_pin_interrupt_flag
 .text._unhandled_interrupt
                0x80002ae2        0x2 src/ASF/avr32/drivers/intc/intc.o
 .text.INTC_register_interrupt
                0x80002ae4       0x80 src/ASF/avr32/drivers/intc/intc.o
                0x80002ae4                INTC_register_interrupt
 .text.INTC_init_interrupts
                0x80002b64       0x54 src/ASF/avr32/drivers/intc/intc.o
                0x80002b64                INTC_init_interrupts
 .text._get_interrupt_handler
                0x80002bb8       0x38 src/ASF/avr32/drivers/intc/intc.o
                0x80002bb8                _get_interrupt_handler
 .text.pdca_get_handler
                0x80002bf0       0x14 src/ASF/avr32/drivers/pdca/pdca.o
                0x80002bf0                pdca_get_handler
 .text.pdca_disable
                0x80002c04       0x10 src/ASF/avr32/drivers/pdca/pdca.o
                0x80002c04                pdca_disable
 .text.pdca_enable
                0x80002c14       0x10 src/ASF/avr32/drivers/pdca/pdca.o
                0x80002c14                pdca_enable
 .text.pdca_enable_interrupt_transfer_complete
                0x80002c24       0x10 src/ASF/avr32/drivers/pdca/pdca.o
                0x80002c24                pdca_enable_interrupt_transfer_complete
 .text.pdca_disable_interrupt_reload_counter_zero
                0x80002c34       0x28 src/ASF/avr32/drivers/pdca/pdca.o
                0x80002c34                pdca_disable_interrupt_reload_counter_zero
 .text.pdca_disable_interrupt_transfer_complete
                0x80002c5c       0x28 src/ASF/avr32/drivers/pdca/pdca.o
                0x80002c5c                pdca_disable_interrupt_transfer_complete
 .text.pdca_load_channel
                0x80002c84       0x38 src/ASF/avr32/drivers/pdca/pdca.o
                0x80002c84                pdca_load_channel
 .text.pdca_init_channel
                0x80002cbc       0x60 src/ASF/avr32/drivers/pdca/pdca.o
                0x80002cbc                pdca_init_channel
 .text.pm_set_osc0_mode
                0x80002d1c        0xa src/ASF/avr32/drivers/pm/pm.o
 *fill*         0x80002d26        0x2 d703d703
 .text.pm_enable_osc0_crystal
                0x80002d28       0x3c src/ASF/avr32/drivers/pm/pm.o
                0x80002d28                pm_enable_osc0_crystal
 .text.pm_enable_clk0_no_wait
                0x80002d64       0x10 src/ASF/avr32/drivers/pm/pm.o
                0x80002d64                pm_enable_clk0_no_wait
 .text.pm_wait_for_clk0_ready
                0x80002d74        0xa src/ASF/avr32/drivers/pm/pm.o
                0x80002d74                pm_wait_for_clk0_ready
 *fill*         0x80002d7e        0x2 d703d703
 .text.pm_enable_clk0
                0x80002d80       0x1c src/ASF/avr32/drivers/pm/pm.o
                0x80002d80                pm_enable_clk0
 .text.pm_cksel
                0x80002d9c       0x46 src/ASF/avr32/drivers/pm/pm.o
                0x80002d9c                pm_cksel
 .text.pm_pll_setup
                0x80002de2       0x22 src/ASF/avr32/drivers/pm/pm.o
                0x80002de2                pm_pll_setup
 .text.pm_pll_set_option
                0x80002e04       0x1a src/ASF/avr32/drivers/pm/pm.o
                0x80002e04                pm_pll_set_option
 .text.pm_pll_enable
                0x80002e1e        0xe src/ASF/avr32/drivers/pm/pm.o
                0x80002e1e                pm_pll_enable
 .text.pm_wait_for_pll0_locked
                0x80002e2c        0xa src/ASF/avr32/drivers/pm/pm.o
                0x80002e2c                pm_wait_for_pll0_locked
 .text.pm_switch_to_clock
                0x80002e36        0xa src/ASF/avr32/drivers/pm/pm.o
                0x80002e36                pm_switch_to_clock
 .text.pm_switch_to_osc0
                0x80002e40       0x2c src/ASF/avr32/drivers/pm/pm.o
                0x80002e40                pm_switch_to_osc0
 .text.pwm_channel_init
                0x80002e6c       0x36 src/ASF/avr32/drivers/pwm/pwm.o
                0x80002e6c                pwm_channel_init
 .text.pwm_start_channels
                0x80002ea2       0x12 src/ASF/avr32/drivers/pwm/pwm.o
                0x80002ea2                pwm_start_channels
 .text.pwm_init
                0x80002eb4       0x46 src/ASF/avr32/drivers/pwm/pwm.o
                0x80002eb4                pwm_init
 .text.getBaudDiv
                0x80002efa       0x20 src/ASF/avr32/drivers/spi/spi.o
                0x80002efa                getBaudDiv
 .text.spi_initMaster
                0x80002f1a       0x38 src/ASF/avr32/drivers/spi/spi.o
                0x80002f1a                spi_initMaster
 .text.spi_selectionMode
                0x80002f52       0x2c src/ASF/avr32/drivers/spi/spi.o
                0x80002f52                spi_selectionMode
 .text.spi_selectChip
                0x80002f7e       0x4c src/ASF/avr32/drivers/spi/spi.o
                0x80002f7e                spi_selectChip
 .text.spi_unselectChip
                0x80002fca       0x26 src/ASF/avr32/drivers/spi/spi.o
                0x80002fca                spi_unselectChip
 .text.spi_setupChipReg
                0x80002ff0       0xb8 src/ASF/avr32/drivers/spi/spi.o
                0x80002ff0                spi_setupChipReg
 .text.spi_enable
                0x800030a8        0x6 src/ASF/avr32/drivers/spi/spi.o
                0x800030a8                spi_enable
 .text.spi_write
                0x800030ae       0x1c src/ASF/avr32/drivers/spi/spi.o
                0x800030ae                spi_write
 .text.spi_read
                0x800030ca       0x20 src/ASF/avr32/drivers/spi/spi.o
                0x800030ca                spi_read
 .text.tc_init_waveform
                0x800030ea       0x9c src/ASF/avr32/drivers/tc/tc.o
                0x800030ea                tc_init_waveform
 .text.tc_start
                0x80003186       0x12 src/ASF/avr32/drivers/tc/tc.o
                0x80003186                tc_start
 .text.tc_stop  0x80003198       0x12 src/ASF/avr32/drivers/tc/tc.o
                0x80003198                tc_stop
 .text.tc_write_rc
                0x800031aa       0x34 src/ASF/avr32/drivers/tc/tc.o
                0x800031aa                tc_write_rc
 .text.tc_configure_interrupts
                0x800031de      0x108 src/ASF/avr32/drivers/tc/tc.o
                0x800031de                tc_configure_interrupts
 *fill*         0x800032e6        0x2 d703d703
 .text.twi_master_interrupt_handler
                0x800032e8       0xbc src/ASF/avr32/drivers/twi/twi.o
 .text.twi_mk_addr
                0x800033a4       0x22 src/ASF/avr32/drivers/twi/twi.o
 *fill*         0x800033c6        0x2 d703d703
 .text.twi_is_busy
                0x800033c8        0xc src/ASF/avr32/drivers/twi/twi.o
                0x800033c8                twi_is_busy
 .text.twi_master_write
                0x800033d4       0xb0 src/ASF/avr32/drivers/twi/twi.o
                0x800033d4                twi_master_write
 .text.twi_master_read
                0x80003484       0xb8 src/ASF/avr32/drivers/twi/twi.o
                0x80003484                twi_master_read
 .text.twi_master_init
                0x8000353c       0x9c src/ASF/avr32/drivers/twi/twi.o
                0x8000353c                twi_master_init
 .text.usart_set_async_baudrate
                0x800035d8       0x5a src/ASF/avr32/drivers/usart/usart.o
 .text.usart_write_char
                0x80003632       0x14 src/ASF/avr32/drivers/usart/usart.o
                0x80003632                usart_write_char
 *fill*         0x80003646        0x2 d703d703
 .text.usart_putchar
                0x80003648       0x2c src/ASF/avr32/drivers/usart/usart.o
                0x80003648                usart_putchar
 .text.usart_reset
                0x80003674       0x2c src/ASF/avr32/drivers/usart/usart.o
                0x80003674                usart_reset
 .text.usart_init_rs232
                0x800036a0       0xcc src/ASF/avr32/drivers/usart/usart.o
                0x800036a0                usart_init_rs232
 .text._stext   0x8000376c       0x40 src/ASF/avr32/utils/startup/startup_uc3.o
                                 0x50 (size before relaxing)
                0x8000376c                _stext
 .text._setOutput
                0x800037ac       0x66 src/audio/audio.o
                0x800037ac                _setOutput
 *fill*         0x80003812        0x2 d703d703
 .text._fileVerification
                0x80003814      0x1c8 src/audio/audio.o
                0x80003814                _fileVerification
 .text.tc1_irq  0x800039dc      0x100 src/audio/audio.o
                0x800039dc                tc1_irq
 .text.audio_togglePausePlay
                0x80003adc       0x3c src/audio/audio.o
                0x80003adc                audio_togglePausePlay
 .text.audio_stop
                0x80003b18       0x38 src/audio/audio.o
                0x80003b18                audio_stop
 .text.audio_playFile
                0x80003b50       0xb0 src/audio/audio.o
                0x80003b50                audio_playFile
 .text.audio_setVolume
                0x80003c00       0x68 src/audio/audio.o
                0x80003c00                audio_setVolume
 .text.audio_setFileToPlay
                0x80003c68       0x78 src/audio/audio.o
                0x80003c68                audio_setFileToPlay
 .text.gfx_BeginNewTerminal
                0x80003ce0       0x1c src/GFX/gfx.o
                0x80003ce0                gfx_BeginNewTerminal
 .text.gfx_Label
                0x80003cfc      0x180 src/GFX/gfx.o
                0x80003cfc                gfx_Label
 .text.gfx_cmdLine
                0x80003e7c       0x44 src/GFX/gfx.o
                0x80003e7c                gfx_cmdLine
 .text.gfx_DrawTerminalButton
                0x80003ec0       0x80 src/GFX/gfx.o
                0x80003ec0                gfx_DrawTerminalButton
 .text.gfx_AddOptionToTerminal
                0x80003f40       0xec src/GFX/gfx.o
                0x80003f40                gfx_AddOptionToTerminal
 .text.gfx_AddLineToTerminal
                0x8000402c       0x70 src/GFX/gfx.o
                0x8000402c                gfx_AddLineToTerminal
 .text._musicInput
                0x8000409c       0xd4 src/GFX/gui.o
                0x8000409c                _musicInput
 .text._settingsInput
                0x80004170      0x118 src/GFX/gui.o
                0x80004170                _settingsInput
 .text._alarmInput
                0x80004288       0x94 src/GFX/gui.o
                0x80004288                _alarmInput
 .text.tc2_irq  0x8000431c       0x40 src/GFX/gui.o
                0x8000431c                tc2_irq
 .text.switch_irq
                0x8000435c       0x84 src/GFX/gui.o
                0x8000435c                switch_irq
 .text._playFile
                0x800043e0       0x4c src/GFX/gui.o
                0x800043e0                _playFile
 .text._settingsDateInput
                0x8000442c      0x194 src/GFX/gui.o
                0x8000442c                _settingsDateInput
 .text._settingsHourInput
                0x800045c0      0x188 src/GFX/gui.o
                0x800045c0                _settingsHourInput
 .text._musicPlayerInput
                0x80004748       0x88 src/GFX/gui.o
                0x80004748                _musicPlayerInput
 .text._mainInput
                0x800047d0      0x104 src/GFX/gui.o
                0x800047d0                _mainInput
 .text._drawSettingsButton
                0x800048d4       0xe4 src/GFX/gui.o
                0x800048d4                _drawSettingsButton
 .text._settingsDateMenu
                0x800049b8      0x318 src/GFX/gui.o
                0x800049b8                _settingsDateMenu
 .text._settingsHourMenu
                0x80004cd0      0x204 src/GFX/gui.o
                0x80004cd0                _settingsHourMenu
 .text._drawMusicButton
                0x80004ed4       0xe4 src/GFX/gui.o
                0x80004ed4                _drawMusicButton
 .text._musicPlayerMenu
                0x80004fb8       0x9c src/GFX/gui.o
                0x80004fb8                _musicPlayerMenu
 .text._drawCommonButton
                0x80005054       0xe4 src/GFX/gui.o
                0x80005054                _drawCommonButton
 .text._alarmMenu
                0x80005138      0x150 src/GFX/gui.o
                0x80005138                _alarmMenu
 .text._settingsMenu
                0x80005288      0x2a8 src/GFX/gui.o
                0x80005288                _settingsMenu
 .text._musicMenu
                0x80005530      0x1a4 src/GFX/gui.o
                0x80005530                _musicMenu
 .text._mainMenu
                0x800056d4      0x364 src/GFX/gui.o
                0x800056d4                _mainMenu
 .text.gui_Init
                0x80005a38       0xd8 src/GFX/gui.o
                0x80005a38                gui_Init
 .text.rectangle_GetArea
                0x80005b10       0x2a src/GFX/rectangle.o
                0x80005b10                rectangle_GetArea
 .text.rectangle_VerifySize
                0x80005b3a       0x2a src/GFX/rectangle.o
                0x80005b3a                rectangle_VerifySize
 .text.Rect     0x80005b64        0xe src/GFX/rectangle.o
                0x80005b64                Rect
 *fill*         0x80005b72        0x2 d703d703
 .text._writeRegister
                0x80005b74       0x80 src/GFX/screen.o
 .text._setStart
                0x80005bf4       0x20 src/GFX/screen.o
 .text._setLimits
                0x80005c14       0x30 src/GFX/screen.o
 .text._selectRegister
                0x80005c44       0x48 src/GFX/screen.o
 .text._writeRAM
                0x80005c8c       0x4c src/GFX/screen.o
 .text.screen_SetPixels
                0x80005cd8       0xa0 src/GFX/screen.o
                0x80005cd8                screen_SetPixels
 .text.screen_SetPixel
                0x80005d78       0x3c src/GFX/screen.o
                0x80005d78                screen_SetPixel
 .text.screen_Init
                0x80005db4      0x3dc src/GFX/screen.o
                0x80005db4                screen_Init
 .text.vector2_Add
                0x80006190       0x22 src/GFX/vector2.o
                0x80006190                vector2_Add
 *fill*         0x800061b2        0x2 d703d703
 .text.dac_Init
                0x800061b4       0x48 src/init.o
                0x800061b4                dac_Init
 .text.usart_Init
                0x800061fc       0x70 src/init.o
                0x800061fc                usart_Init
 .text.twi_Init
                0x8000626c       0x8c src/init.o
                0x8000626c                twi_Init
 .text.tc1_Init
                0x800062f8       0x50 src/init.o
                0x800062f8                tc1_Init
 .text.spi1_Init
                0x80006348       0xd0 src/init.o
                0x80006348                spi1_Init
 .text.board_init
                0x80006418       0x40 src/init.o
                0x80006418                board_init
 .text.mainCentre
                0x80006458       0xb0 src/mainCentre.o
                0x80006458                mainCentre
 .text.rtc_setNextAlarm
                0x80006508        0x2 src/RTC/rtc.o
                0x80006508                rtc_setNextAlarm
 .text._timeToBCD
                0x8000650a       0xf8 src/RTC/rtc.o
                0x8000650a                _timeToBCD
 .text._BCDToTime
                0x80006602       0xb0 src/RTC/rtc.o
                0x80006602                _BCDToTime
 *fill*         0x800066b2        0x2 d703d703
 .text._usartWrite
                0x800066b4       0x28 src/RTC/rtc.o
                0x800066b4                _usartWrite
 .text.rtc_write
                0x800066dc       0x30 src/RTC/rtc.o
                0x800066dc                rtc_write
 .text.rtc_setTime
                0x8000670c       0x48 src/RTC/rtc.o
                0x8000670c                rtc_setTime
 .text.rtc_read
                0x80006754       0x4c src/RTC/rtc.o
                0x80006754                rtc_read
 .text.rtc_rtcISR
                0x800067a0       0x68 src/RTC/rtc.o
                0x800067a0                rtc_rtcISR
 .text.rtc_setMinutesInterrupt
                0x80006808       0x58 src/RTC/rtc.o
                0x80006808                rtc_setMinutesInterrupt
 .text.rtc_getTime
                0x80006860       0x48 src/RTC/rtc.o
                0x80006860                rtc_getTime
 .text.rtc_usart_sendTimeToDisplay
                0x800068a8       0xbc src/RTC/rtc.o
                0x800068a8                rtc_usart_sendTimeToDisplay
 .text.sdcard_setFileToRead
                0x80006964       0x80 src/SDCard/sdcard.o
                0x80006964                sdcard_setFileToRead
 .text.pdcaISR  0x800069e4       0x34 src/SDCard/sdcard.o
                0x800069e4                pdcaISR
 .text._pdcaInit
                0x80006a18       0x74 src/SDCard/sdcard.o
                0x80006a18                _pdcaInit
 .text._readSectorFast
                0x80006a8c       0x8c src/SDCard/sdcard.o
                0x80006a8c                _readSectorFast
 .text.sdcard_getNextSectorFast
                0x80006b18      0x114 src/SDCard/sdcard.o
                0x80006b18                sdcard_getNextSectorFast
 .text._readSector
                0x80006c2c      0x124 src/SDCard/sdcard.o
 .text.sdcard_checkPresence
                0x80006d50        0xc src/SDCard/sdcard.o
                0x80006d50                sdcard_checkPresence
 .text.sdcard_mount
                0x80006d5c      0x3b8 src/SDCard/sdcard.o
                0x80006d5c                sdcard_mount
 .text.sysclk_init
                0x80007114       0x94 src/config/conf_cpu.o
                0x80007114                sysclk_init
 .text.main     0x800071a8        0xc src/main.o
                0x800071a8                main
 .text          0x800071b4      0x148 c:/program files (x86)/atmel/studio/7.0/toolchain/avr32/avr32-gnu-toolchain/bin/../lib/gcc/avr32/4.4.7/../../../../avr32/lib/ucr2\libc.a(lib_a-memcpy.o)
                0x800071b4                memcpy
 *(.text.*personality*)
 *(.gnu.warning)

.exception      0x80007400      0x200
 .exception     0x80007400      0x200 src/ASF/avr32/drivers/intc/exception.o
                0x80007400                _evba
                0x80007504                _int0
                0x80007512                _int1
                0x80007520                _int2
                0x8000752e                _int3

.fini
 *(.fini)
                0x80007600                PROVIDE (__etext, .)
                0x80007600                PROVIDE (_etext, .)
                0x80007600                PROVIDE (etext, .)

.rodata         0x80007600     0x35d0
 *(.rodata .rodata.* .gnu.linkonce.r.*)
 .rodata._int_handler_table
                0x80007600       0xa0 src/ASF/avr32/drivers/intc/intc.o
 .rodata.FONT8x8
                0x800076a0      0x308 src/GFX/fonts.o
                0x800076a0                FONT8x8
 .rodata.FONT16x12
                0x800079a8     0x2ee0 src/GFX/fonts.o
                0x800079a8                FONT16x12
 .rodata.str1.4
                0x8000a888        0x2 src/GFX/gfx.o
                                  0x4 (size before relaxing)
 .rodata.C.61.12195
                0x8000a88a        0x4 src/GFX/gfx.o
 .rodata.C.63.11929
                0x8000a88e        0x4 src/GFX/gui.o
 .rodata.C.96.12228
                0x8000a892        0x4 src/GFX/gui.o
 .rodata.C.90.12156
                0x8000a896        0x4 src/GFX/gui.o
 .rodata.C.94.12202
                0x8000a89a        0x4 src/GFX/gui.o
 .rodata.C.72.11952
                0x8000a89e        0x4 src/GFX/gui.o
 .rodata.C.71.11951
                0x8000a8a2        0x4 src/GFX/gui.o
 .rodata.C.91.12175
                0x8000a8a6        0x4 src/GFX/gui.o
 .rodata.C.67.11940
                0x8000a8aa        0x4 src/GFX/gui.o
 .rodata.C.78.12041
                0x8000a8ae        0x4 src/GFX/gui.o
 .rodata.C.88.12136
                0x8000a8b2        0x4 src/GFX/gui.o
 .rodata.C.95.12204
                0x8000a8b6        0x4 src/GFX/gui.o
 .rodata.C.84.12076
                0x8000a8ba        0x4 src/GFX/gui.o
 .rodata.C.68.11941
                0x8000a8be        0x4 src/GFX/gui.o
 .rodata.C.79.12043
                0x8000a8c2        0x4 src/GFX/gui.o
 .rodata.C.92.12177
                0x8000a8c6        0x4 src/GFX/gui.o
 .rodata.C.64.11930
                0x8000a8ca        0x4 src/GFX/gui.o
 .rodata.C.69.11949
                0x8000a8ce        0x4 src/GFX/gui.o
 .rodata.C.65.11938
                0x8000a8d2        0x4 src/GFX/gui.o
 .rodata.C.85.12115
                0x8000a8d6        0x4 src/GFX/gui.o
 .rodata.C.70.11950
                0x8000a8da        0x4 src/GFX/gui.o
 .rodata.C.66.11939
                0x8000a8de        0x4 src/GFX/gui.o
 .rodata.C.74.12003
                0x8000a8e2        0x4 src/GFX/gui.o
 .rodata.C.99.12260
                0x8000a8e6        0x4 src/GFX/gui.o
 .rodata.C.73.11964
                0x8000a8ea        0x4 src/GFX/gui.o
 .rodata.C.61.11927
                0x8000a8ee        0x4 src/GFX/gui.o
 .rodata.C.87.12134
                0x8000a8f2        0x4 src/GFX/gui.o
 .rodata.C.62.11928
                0x8000a8f6        0x4 src/GFX/gui.o
 .rodata.C.101.12272
                0x8000a8fa        0x4 src/GFX/gui.o
 *fill*         0x8000a8fe        0x2 
 .rodata.str1.4
                0x8000a900      0x1c4 src/GFX/gui.o
                                0x1c8 (size before relaxing)
 .rodata.C.97.12230
                0x8000aac4        0x4 src/GFX/gui.o
 .rodata.C.100.12266
                0x8000aac8        0x4 src/GFX/gui.o
 .rodata.C.50.11677
                0x8000aacc       0x20 src/GFX/screen.o
 .rodata.C.51.11678
                0x8000aaec       0x10 src/GFX/screen.o
 .rodata.C.50.11837
                0x8000aafc       0x28 src/init.o
 .rodata.C.56.11863
                0x8000ab24       0x28 src/init.o
 .rodata.C.53.11855
                0x8000ab4c        0xc src/init.o
 .rodata.C.52.11839
                0x8000ab58       0x10 src/init.o
 .rodata.C.51.11838
                0x8000ab68       0x10 src/init.o
 .rodata.WAVEFORM_OPT1.11843
                0x8000ab78        0x8 src/init.o
 .rodata.TC1_INTERRUPT.11844
                0x8000ab80        0x4 src/init.o
 .rodata.C.54.11856
                0x8000ab84       0x10 src/init.o
 .rodata.C.55.11862
                0x8000ab94        0xc src/init.o
 .rodata.C.105.12176
                0x8000aba0       0x18 src/SDCard/sdcard.o
 .rodata.C.106.12177
                0x8000abb8       0x18 src/SDCard/sdcard.o

.rodata1
 *(.rodata1)

.eh_frame_hdr
 *(.eh_frame_hdr)

.eh_frame
 *(.eh_frame)

.gcc_except_table
 *(.gcc_except_table)
 *(.gcc_except_table.*)

.dalign         0x8000abd0        0x0
                0x8000abd0                . = ALIGN (0x8)
                0x8000abd0                PROVIDE (_data_lma, .)
                0x00000004                PROVIDE (_data, ORIGIN (CPUSRAM))
                0x00000004                . = ORIGIN (CPUSRAM)

.eh_frame
 *(.eh_frame)

.gcc_except_table
 *(.gcc_except_table)
 *(.gcc_except_table.*)

.tdata
 *(.tdata .tdata.* .gnu.linkonce.td.*)

.tbss
 *(.tbss .tbss.* .gnu.linkonce.tb.*)
 *(.tcommon)
                0x00000004                PROVIDE (__preinit_array_start, ALIGN (0x4))

.preinit_array
 *(.preinit_array)
                0x00000004                PROVIDE (__preinit_array_end, .)
                0x00000004                PROVIDE (__init_array_start, .)

.init_array
 *(.init_array)
                0x00000004                PROVIDE (__init_array_end, .)
                0x00000004                PROVIDE (__fini_array_start, .)

.fini_array
 *(.fini_array)
                0x00000004                PROVIDE (__fini_array_end, .)

.ctors
 *crtbegin*.o(.ctors)
 *(EXCLUDE_FILE(*crtend*.o) .ctors)
 *(SORT(.ctors.*))
 *(.ctors)

.dtors
 *crtbegin*.o(.dtors)
 *(EXCLUDE_FILE(*crtend*.o) .dtors)
 *(SORT(.dtors.*))
 *(.dtors)

.jcr
 *(.jcr)

.data.rel.ro
 *(.data.rel.ro.local)
 *(.data.rel.ro*)

.dynamic
 *(.dynamic)

.got
 *(.got.plt)
 *(.got)

.data           0x00000004      0x6d0 load address 0x8000abd0
 *(.data .data.* .gnu.linkonce.d.*)
 .data.wavDataPointer
                0x00000004        0x4 src/audio/audio.o
                0x00000004                wavDataPointer
 .data.loadNextSector
                0x00000008        0x1 src/audio/audio.o
                0x00000008                loadNextSector
 *fill*         0x00000009        0x3 
 .data.wavData1
                0x0000000c      0x200 src/audio/audio.o
                0x0000000c                wavData1
 .data.wavData2
                0x0000020c      0x200 src/audio/audio.o
                0x0000020c                wavData2
 .data.textColor
                0x0000040c        0x4 src/GFX/gui.o
                0x0000040c                textColor
 .data.days     0x00000410       0x3f src/GFX/gui.o
 .data.selectedOption
                0x0000044f        0x1 src/GFX/gui.o
 .data.input    0x00000450       0x1c src/GFX/gui.o
                0x00000450                input
 .data.commandChanged
                0x0000046c        0x1 src/GFX/gui.o
 *fill*         0x0000046d        0x3 
 .data.menus    0x00000470       0x1c src/GFX/gui.o
                0x00000470                menus
 .data.binding  0x0000048c       0x38 src/GFX/gui.o
                0x0000048c                binding
 .data.sdOptions
                0x000004c4       0x10 src/SDCard/sdcard.o
 .data.dummyData
                0x000004d4      0x200 src/SDCard/sdcard.o
                0x000004d4                dummyData
 *(.gnu.linkonce.d.*personality*)

.data1
 *(.data1)

.balign         0x000006d4        0x4 load address 0x8000b2a0
                0x000006d8                . = ALIGN (0x8)
 *fill*         0x000006d4        0x4 
                0x000006d8                _edata = .
                0x000006d8                _edata = .
                0x000006d8                PROVIDE (edata, .)
                0x000006d8                __bss_start = .

.bss            0x000006d8     0x12a8 load address 0x8000b2a0
 *(.dynbss)
 *(.bss .bss.* .gnu.linkonce.b.*)
 .bss.gl_ptr_mem
                0x000006d8        0x8 src/ASF/avr32/components/memory/sd_mmc/sd_mmc_spi/sd_mmc_spi.o
 .bss.sd_mmc_opt
                0x000006e0       0x10 src/ASF/avr32/components/memory/sd_mmc/sd_mmc_spi/sd_mmc_spi.o
 .bss.sd_mmc_pba_hz
                0x000006f0        0x4 src/ASF/avr32/components/memory/sd_mmc/sd_mmc_spi/sd_mmc_spi.o
 .bss.sd_mmc_spi_init_done
                0x000006f4        0x1 src/ASF/avr32/components/memory/sd_mmc/sd_mmc_spi/sd_mmc_spi.o
                0x000006f4                sd_mmc_spi_init_done
 *fill*         0x000006f5        0x3 
 .bss._int_line_handler_table_6
                0x000006f8        0x4 src/ASF/avr32/drivers/intc/intc.o
 .bss._int_line_handler_table_7
                0x000006fc        0x4 src/ASF/avr32/drivers/intc/intc.o
 .bss._int_line_handler_table_8
                0x00000700        0x4 src/ASF/avr32/drivers/intc/intc.o
 .bss._int_line_handler_table_9
                0x00000704        0x4 src/ASF/avr32/drivers/intc/intc.o
 .bss._int_line_handler_table_10
                0x00000708        0x4 src/ASF/avr32/drivers/intc/intc.o
 .bss._int_line_handler_table_11
                0x0000070c        0x4 src/ASF/avr32/drivers/intc/intc.o
 .bss._int_line_handler_table_12
                0x00000710        0x4 src/ASF/avr32/drivers/intc/intc.o
 .bss._int_line_handler_table_13
                0x00000714        0x4 src/ASF/avr32/drivers/intc/intc.o
 .bss._int_line_handler_table_14
                0x00000718        0xc src/ASF/avr32/drivers/intc/intc.o
 .bss._int_line_handler_table_15
                0x00000724        0x4 src/ASF/avr32/drivers/intc/intc.o
 .bss._int_line_handler_table_16
                0x00000728        0x4 src/ASF/avr32/drivers/intc/intc.o
 .bss._int_line_handler_table_17
                0x0000072c        0x4 src/ASF/avr32/drivers/intc/intc.o
 .bss._int_line_handler_table_18
                0x00000730        0x4 src/ASF/avr32/drivers/intc/intc.o
 .bss._int_line_handler_table_19
                0x00000734        0x4 src/ASF/avr32/drivers/intc/intc.o
 .bss._int_line_handler_table_0
                0x00000738        0x4 src/ASF/avr32/drivers/intc/intc.o
 .bss._int_line_handler_table_1
                0x0000073c       0x2c src/ASF/avr32/drivers/intc/intc.o
 .bss._int_line_handler_table_2
                0x00000768       0x24 src/ASF/avr32/drivers/intc/intc.o
 .bss._int_line_handler_table_3
                0x0000078c       0x3c src/ASF/avr32/drivers/intc/intc.o
 .bss._int_line_handler_table_4
                0x000007c8        0x4 src/ASF/avr32/drivers/intc/intc.o
 .bss._int_line_handler_table_5
                0x000007cc        0x4 src/ASF/avr32/drivers/intc/intc.o
 .bss.twi_busy  0x000007d0        0x1 src/ASF/avr32/drivers/twi/twi.o
 .bss.twi_nack  0x000007d1        0x1 src/ASF/avr32/drivers/twi/twi.o
 *fill*         0x000007d2        0x2 
 .bss.twi_tx_nb_bytes
                0x000007d4        0x4 src/ASF/avr32/drivers/twi/twi.o
 .bss.twi_it_mask
                0x000007d8        0x4 src/ASF/avr32/drivers/twi/twi.o
 .bss.twi_inst  0x000007dc        0x4 src/ASF/avr32/drivers/twi/twi.o
 .bss.twi_tx_data
                0x000007e0        0x4 src/ASF/avr32/drivers/twi/twi.o
 .bss.twi_rx_nb_bytes
                0x000007e4        0x4 src/ASF/avr32/drivers/twi/twi.o
 .bss.twi_rx_data
                0x000007e8        0x4 src/ASF/avr32/drivers/twi/twi.o
 .bss.wavDataIndex
                0x000007ec        0x4 src/audio/audio.o
                0x000007ec                wavDataIndex
 .bss.audioR.12001
                0x000007f0        0x2 src/audio/audio.o
 .bss.audioL.12002
                0x000007f2        0x2 src/audio/audio.o
 .bss.currentVolume
                0x000007f4        0x1 src/audio/audio.o
                0x000007f4                currentVolume
 *fill*         0x000007f5        0x1 
 .bss.newLinePosition
                0x000007f6        0x4 src/GFX/gfx.o
 .bss.needRepaint
                0x000007fa        0x1 src/GFX/gui.o
                0x000007fa                needRepaint
 .bss.wasSDCardConnected.12021
                0x000007fb        0x1 src/GFX/gui.o
 .bss.switchState
                0x000007fc        0x1 src/GFX/gui.o
 .bss.currentMenuId
                0x000007fd        0x1 src/GFX/gui.o
                0x000007fd                currentMenuId
 .bss.selectedCommand
                0x000007fe        0x1 src/GFX/gui.o
 .bss.menuChanged
                0x000007ff        0x1 src/GFX/gui.o
                0x000007ff                menuChanged
 .bss.editedTime
                0x00000800        0x7 src/GFX/gui.o
 *fill*         0x00000807        0x1 
 .bss.buffer    0x00000808       0x10 src/RTC/rtc.o
                0x00000808                buffer
 .bss.timeChanged
                0x00000818        0x1 src/RTC/rtc.o
                0x00000818                timeChanged
 *fill*         0x00000819        0x3 
 .bss.sentData  0x0000081c       0x10 src/RTC/rtc.o
                0x0000081c                sentData
 .bss.alarmReached
                0x0000082c        0x1 src/RTC/rtc.o
                0x0000082c                alarmReached
 .bss.isFAT32   0x0000082d        0x1 src/SDCard/sdcard.o
                0x0000082d                isFAT32
 .bss.endOfTransfer
                0x0000082e        0x1 src/SDCard/sdcard.o
                0x0000082e                endOfTransfer
 *(COMMON)
 *fill*         0x0000082f        0x1 
 COMMON         0x00000830      0x229 src/ASF/avr32/components/memory/sd_mmc/sd_mmc_spi/sd_mmc_spi.o
                0x00000830                data_mem
                0x00000a34                capacity
                0x00000a3c                capacity_mult
                0x00000a3e                erase_group_size
                0x00000a40                sd_mmc_spi_last_block_address
                0x00000a44                r2
                0x00000a46                card_type
                0x00000a48                csd
                0x00000a58                r1
 *fill*         0x00000a59        0x3 
 COMMON         0x00000a5c       0x19 src/audio/audio.o
                0x00000a5c                fileData
                0x00000a74                isFilePlaying
 COMMON         0x00000a75       0x61 src/RTC/rtc.o
                0x00000a75                alarm
                0x00000acf                currentTime
 *fill*         0x00000ad6        0x2 
 COMMON         0x00000ad8      0xea5 src/SDCard/sdcard.o
                0x00000ad8                sectorsEnd
                0x00000adc                cluster
                0x00000ae0                sector
                0x00000ae4                sectorPerCluster
                0x00000ae8                files
                0x00001768                nbrOfFiles
                0x0000176c                data
                0x0000196c                dataSector
                0x00001970                FATSector
                0x00001974                rootSector
                0x00001978                clustersFirstSector
                0x0000197c                division
                0x00001980                . = ALIGN (0x8)
 *fill*         0x0000197d        0x3 
                0x00001980                . = ALIGN (0x8)
                0x00001980                _end = .
                0x00001980                PROVIDE (end, .)
                0x00001980                __heap_start__ = ALIGN (0x8)
                0x0000f000                . = ((ORIGIN (CPUSRAM) + 0xfffc) - _stack_size)
                0x0000f000                __heap_end__ = .

.stab
 *(.stab)

.stabstr
 *(.stabstr)

.stab.excl
 *(.stab.excl)

.stab.exclstr
 *(.stab.exclstr)

.stab.index
 *(.stab.index)

.stab.indexstr
 *(.stab.indexstr)

.comment        0x00000000       0x30
 *(.comment)
 .comment       0x00000000       0x30 src/ASF/avr32/components/memory/sd_mmc/sd_mmc_spi/sd_mmc_spi.o
                                 0x31 (size before relaxing)
 .comment       0x00000000       0x31 src/ASF/avr32/drivers/flashc/flashc.o
 .comment       0x00000000       0x31 src/ASF/avr32/drivers/gpio/gpio.o
 .comment       0x00000000       0x31 src/ASF/avr32/drivers/intc/intc.o
 .comment       0x00000000       0x31 src/ASF/avr32/drivers/pdca/pdca.o
 .comment       0x00000000       0x31 src/ASF/avr32/drivers/pm/pm.o
 .comment       0x00000000       0x31 src/ASF/avr32/drivers/pwm/pwm.o
 .comment       0x00000000       0x31 src/ASF/avr32/drivers/spi/spi.o
 .comment       0x00000000       0x31 src/ASF/avr32/drivers/tc/tc.o
 .comment       0x00000000       0x31 src/ASF/avr32/drivers/twi/twi.o
 .comment       0x00000000       0x31 src/ASF/avr32/drivers/usart/usart.o
 .comment       0x00000000       0x31 src/audio/audio.o
 .comment       0x00000000       0x31 src/GFX/fonts.o
 .comment       0x00000000       0x31 src/GFX/gfx.o
 .comment       0x00000000       0x31 src/GFX/gui.o
 .comment       0x00000000       0x31 src/GFX/rectangle.o
 .comment       0x00000000       0x31 src/GFX/screen.o
 .comment       0x00000000       0x31 src/GFX/vector2.o
 .comment       0x00000000       0x31 src/init.o
 .comment       0x00000000       0x31 src/mainCentre.o
 .comment       0x00000000       0x31 src/RTC/rtc.o
 .comment       0x00000000       0x31 src/SDCard/sdcard.o
 .comment       0x00000000       0x31 src/config/conf_cpu.o
 .comment       0x00000000       0x31 src/main.o

.debug
 *(.debug)

.line
 *(.line)

.debug_srcinfo
 *(.debug_srcinfo)

.debug_sfnames
 *(.debug_sfnames)

.debug_aranges  0x00000000      0xdd8
 *(.debug_aranges)
 .debug_aranges
                0x00000000       0xf0 src/ASF/avr32/components/memory/sd_mmc/sd_mmc_spi/sd_mmc_spi.o
 .debug_aranges
                0x000000f0      0x218 src/ASF/avr32/drivers/flashc/flashc.o
 .debug_aranges
                0x00000308      0x100 src/ASF/avr32/drivers/gpio/gpio.o
 .debug_aranges
                0x00000408       0x20 src/ASF/avr32/drivers/intc/exception.o
 .debug_aranges
                0x00000428       0x38 src/ASF/avr32/drivers/intc/intc.o
 .debug_aranges
                0x00000460       0xa8 src/ASF/avr32/drivers/pdca/pdca.o
 .debug_aranges
                0x00000508      0x190 src/ASF/avr32/drivers/pm/pm.o
 .debug_aranges
                0x00000698       0x48 src/ASF/avr32/drivers/pwm/pwm.o
 .debug_aranges
                0x000006e0       0xa8 src/ASF/avr32/drivers/spi/spi.o
 .debug_aranges
                0x00000788       0xa8 src/ASF/avr32/drivers/tc/tc.o
 .debug_aranges
                0x00000830       0x70 src/ASF/avr32/drivers/twi/twi.o
 .debug_aranges
                0x000008a0       0xe0 src/ASF/avr32/drivers/usart/usart.o
 .debug_aranges
                0x00000980       0x28 src/ASF/avr32/utils/startup/startup_uc3.o
 .debug_aranges
                0x000009a8       0x20 src/ASF/avr32/utils/startup/trampoline_uc3.o
 .debug_aranges
                0x000009c8       0x78 src/audio/audio.o
 .debug_aranges
                0x00000a40       0x78 src/GFX/gfx.o
 .debug_aranges
                0x00000ab8       0xc8 src/GFX/gui.o
 .debug_aranges
                0x00000b80       0x40 src/GFX/rectangle.o
 .debug_aranges
                0x00000bc0       0x68 src/GFX/screen.o
 .debug_aranges
                0x00000c28       0x20 src/GFX/vector2.o
 .debug_aranges
                0x00000c48       0x50 src/init.o
 .debug_aranges
                0x00000c98       0x20 src/mainCentre.o
 .debug_aranges
                0x00000cb8       0x78 src/RTC/rtc.o
 .debug_aranges
                0x00000d30       0x68 src/SDCard/sdcard.o
 .debug_aranges
                0x00000d98       0x20 src/config/conf_cpu.o
 .debug_aranges
                0x00000db8       0x20 src/main.o

.debug_pubnames
                0x00000000     0x24d6
 *(.debug_pubnames)
 .debug_pubnames
                0x00000000      0x3b1 src/ASF/avr32/components/memory/sd_mmc/sd_mmc_spi/sd_mmc_spi.o
 .debug_pubnames
                0x000003b1      0x771 src/ASF/avr32/drivers/flashc/flashc.o
 .debug_pubnames
                0x00000b22      0x330 src/ASF/avr32/drivers/gpio/gpio.o
 .debug_pubnames
                0x00000e52       0x62 src/ASF/avr32/drivers/intc/intc.o
 .debug_pubnames
                0x00000eb4      0x238 src/ASF/avr32/drivers/pdca/pdca.o
 .debug_pubnames
                0x000010ec      0x3ee src/ASF/avr32/drivers/pm/pm.o
 .debug_pubnames
                0x000014da       0x9a src/ASF/avr32/drivers/pwm/pwm.o
 .debug_pubnames
                0x00001574      0x178 src/ASF/avr32/drivers/spi/spi.o
 .debug_pubnames
                0x000016ec      0x164 src/ASF/avr32/drivers/tc/tc.o
 .debug_pubnames
                0x00001850       0xb2 src/ASF/avr32/drivers/twi/twi.o
 .debug_pubnames
                0x00001902      0x227 src/ASF/avr32/drivers/usart/usart.o
 .debug_pubnames
                0x00001b29      0x174 src/audio/audio.o
 .debug_pubnames
                0x00001c9d       0x4a src/GFX/fonts.o
 .debug_pubnames
                0x00001ce7      0x10e src/GFX/gfx.o
 .debug_pubnames
                0x00001df5      0x206 src/GFX/gui.o
 .debug_pubnames
                0x00001ffb       0x79 src/GFX/rectangle.o
 .debug_pubnames
                0x00002074       0x80 src/GFX/screen.o
 .debug_pubnames
                0x000020f4       0x22 src/GFX/vector2.o
 .debug_pubnames
                0x00002116       0x72 src/init.o
 .debug_pubnames
                0x00002188       0x21 src/mainCentre.o
 .debug_pubnames
                0x000021a9      0x14d src/RTC/rtc.o
 .debug_pubnames
                0x000022f6      0x1a3 src/SDCard/sdcard.o
 .debug_pubnames
                0x00002499       0x22 src/config/conf_cpu.o
 .debug_pubnames
                0x000024bb       0x1b src/main.o

.debug_info     0x00000000    0x1828b
 *(.debug_info .gnu.linkonce.wi.*)
 .debug_info    0x00000000     0x12d6 src/ASF/avr32/components/memory/sd_mmc/sd_mmc_spi/sd_mmc_spi.o
 .debug_info    0x000012d6     0x1c74 src/ASF/avr32/drivers/flashc/flashc.o
 .debug_info    0x00002f4a      0xb1b src/ASF/avr32/drivers/gpio/gpio.o
 .debug_info    0x00003a65       0x88 src/ASF/avr32/drivers/intc/exception.o
 .debug_info    0x00003aed      0x5b3 src/ASF/avr32/drivers/intc/intc.o
 .debug_info    0x000040a0      0xc29 src/ASF/avr32/drivers/pdca/pdca.o
 .debug_info    0x00004cc9     0x1a59 src/ASF/avr32/drivers/pm/pm.o
 .debug_info    0x00006722      0xa08 src/ASF/avr32/drivers/pwm/pwm.o
 .debug_info    0x0000712a     0x1090 src/ASF/avr32/drivers/spi/spi.o
 .debug_info    0x000081ba     0x1183 src/ASF/avr32/drivers/tc/tc.o
 .debug_info    0x0000933d      0xfd5 src/ASF/avr32/drivers/twi/twi.o
 .debug_info    0x0000a312     0x1dcf src/ASF/avr32/drivers/usart/usart.o
 .debug_info    0x0000c0e1       0x87 src/ASF/avr32/utils/startup/startup_uc3.o
 .debug_info    0x0000c168       0x8e src/ASF/avr32/utils/startup/trampoline_uc3.o
 .debug_info    0x0000c1f6     0x1a08 src/audio/audio.o
 .debug_info    0x0000dbfe      0x184 src/GFX/fonts.o
 .debug_info    0x0000dd82      0x8a2 src/GFX/gfx.o
 .debug_info    0x0000e624     0x176a src/GFX/gui.o
 .debug_info    0x0000fd8e      0x23d src/GFX/rectangle.o
 .debug_info    0x0000ffcb      0x92f src/GFX/screen.o
 .debug_info    0x000108fa      0x10d src/GFX/vector2.o
 .debug_info    0x00010a07     0x359d src/init.o
 .debug_info    0x00013fa4      0x159 src/mainCentre.o
 .debug_info    0x000140fd     0x1fbb src/RTC/rtc.o
 .debug_info    0x000160b8     0x12fb src/SDCard/sdcard.o
 .debug_info    0x000173b3      0xe2c src/config/conf_cpu.o
 .debug_info    0x000181df       0xac src/main.o

.debug_abbrev   0x00000000     0x33e0
 *(.debug_abbrev)
 .debug_abbrev  0x00000000      0x2a4 src/ASF/avr32/components/memory/sd_mmc/sd_mmc_spi/sd_mmc_spi.o
 .debug_abbrev  0x000002a4      0x331 src/ASF/avr32/drivers/flashc/flashc.o
 .debug_abbrev  0x000005d5      0x28b src/ASF/avr32/drivers/gpio/gpio.o
 .debug_abbrev  0x00000860       0x14 src/ASF/avr32/drivers/intc/exception.o
 .debug_abbrev  0x00000874      0x1f2 src/ASF/avr32/drivers/intc/intc.o
 .debug_abbrev  0x00000a66      0x2f2 src/ASF/avr32/drivers/pdca/pdca.o
 .debug_abbrev  0x00000d58      0x2d1 src/ASF/avr32/drivers/pm/pm.o
 .debug_abbrev  0x00001029      0x19d src/ASF/avr32/drivers/pwm/pwm.o
 .debug_abbrev  0x000011c6      0x281 src/ASF/avr32/drivers/spi/spi.o
 .debug_abbrev  0x00001447      0x25c src/ASF/avr32/drivers/tc/tc.o
 .debug_abbrev  0x000016a3      0x2cb src/ASF/avr32/drivers/twi/twi.o
 .debug_abbrev  0x0000196e      0x32d src/ASF/avr32/drivers/usart/usart.o
 .debug_abbrev  0x00001c9b       0x12 src/ASF/avr32/utils/startup/startup_uc3.o
 .debug_abbrev  0x00001cad       0x14 src/ASF/avr32/utils/startup/trampoline_uc3.o
 .debug_abbrev  0x00001cc1      0x261 src/audio/audio.o
 .debug_abbrev  0x00001f22       0x86 src/GFX/fonts.o
 .debug_abbrev  0x00001fa8      0x24f src/GFX/gfx.o
 .debug_abbrev  0x000021f7      0x324 src/GFX/gui.o
 .debug_abbrev  0x0000251b       0xf5 src/GFX/rectangle.o
 .debug_abbrev  0x00002610      0x356 src/GFX/screen.o
 .debug_abbrev  0x00002966       0x88 src/GFX/vector2.o
 .debug_abbrev  0x000029ee      0x1bb src/init.o
 .debug_abbrev  0x00002ba9       0x9d src/mainCentre.o
 .debug_abbrev  0x00002c46      0x2d6 src/RTC/rtc.o
 .debug_abbrev  0x00002f1c      0x369 src/SDCard/sdcard.o
 .debug_abbrev  0x00003285      0x10d src/config/conf_cpu.o
 .debug_abbrev  0x00003392       0x4e src/main.o

.debug_line     0x00000000     0xe7f8
 *(.debug_line)
 .debug_line    0x00000000      0xadc src/ASF/avr32/components/memory/sd_mmc/sd_mmc_spi/sd_mmc_spi.o
 .debug_line    0x00000adc      0xbc1 src/ASF/avr32/drivers/flashc/flashc.o
 .debug_line    0x0000169d      0x8aa src/ASF/avr32/drivers/gpio/gpio.o
 .debug_line    0x00001f47      0x109 src/ASF/avr32/drivers/intc/exception.o
 .debug_line    0x00002050      0x678 src/ASF/avr32/drivers/intc/intc.o
 .debug_line    0x000026c8      0x824 src/ASF/avr32/drivers/pdca/pdca.o
 .debug_line    0x00002eec      0x9ad src/ASF/avr32/drivers/pm/pm.o
 .debug_line    0x00003899      0x6a9 src/ASF/avr32/drivers/pwm/pwm.o
 .debug_line    0x00003f42      0x7b4 src/ASF/avr32/drivers/spi/spi.o
 .debug_line    0x000046f6      0x79d src/ASF/avr32/drivers/tc/tc.o
 .debug_line    0x00004e93      0x869 src/ASF/avr32/drivers/twi/twi.o
 .debug_line    0x000056fc      0x8fc src/ASF/avr32/drivers/usart/usart.o
 .debug_line    0x00005ff8       0xf2 src/ASF/avr32/utils/startup/startup_uc3.o
 .debug_line    0x000060ea       0x67 src/ASF/avr32/utils/startup/trampoline_uc3.o
 .debug_line    0x00006151      0xac6 src/audio/audio.o
 .debug_line    0x00006c17      0x920 src/GFX/fonts.o
 .debug_line    0x00007537      0xb21 src/GFX/gfx.o
 .debug_line    0x00008058      0xd2e src/GFX/gui.o
 .debug_line    0x00008d86      0x99b src/GFX/rectangle.o
 .debug_line    0x00009721      0xae8 src/GFX/screen.o
 .debug_line    0x0000a209      0x941 src/GFX/vector2.o
 .debug_line    0x0000ab4a      0xa75 src/init.o
 .debug_line    0x0000b5bf      0xa00 src/mainCentre.o
 .debug_line    0x0000bfbf      0xae7 src/RTC/rtc.o
 .debug_line    0x0000caa6      0xada src/SDCard/sdcard.o
 .debug_line    0x0000d580      0x943 src/config/conf_cpu.o
 .debug_line    0x0000dec3      0x935 src/main.o

.debug_frame    0x00000000     0x2978
 *(.debug_frame)
 .debug_frame   0x00000000      0x364 src/ASF/avr32/components/memory/sd_mmc/sd_mmc_spi/sd_mmc_spi.o
 .debug_frame   0x00000364      0x6a4 src/ASF/avr32/drivers/flashc/flashc.o
 .debug_frame   0x00000a08      0x204 src/ASF/avr32/drivers/gpio/gpio.o
 .debug_frame   0x00000c0c       0x64 src/ASF/avr32/drivers/intc/intc.o
 .debug_frame   0x00000c70      0x1e8 src/ASF/avr32/drivers/pdca/pdca.o
 .debug_frame   0x00000e58      0x390 src/ASF/avr32/drivers/pm/pm.o
 .debug_frame   0x000011e8       0x70 src/ASF/avr32/drivers/pwm/pwm.o
 .debug_frame   0x00001258      0x158 src/ASF/avr32/drivers/spi/spi.o
 .debug_frame   0x000013b0      0x148 src/ASF/avr32/drivers/tc/tc.o
 .debug_frame   0x000014f8      0x130 src/ASF/avr32/drivers/twi/twi.o
 .debug_frame   0x00001628      0x2ac src/ASF/avr32/drivers/usart/usart.o
 .debug_frame   0x000018d4      0x144 src/audio/audio.o
 .debug_frame   0x00001a18      0x30c src/GFX/gfx.o
 .debug_frame   0x00001d24      0x620 src/GFX/gui.o
 .debug_frame   0x00002344       0x84 src/GFX/rectangle.o
 .debug_frame   0x000023c8      0x140 src/GFX/screen.o
 .debug_frame   0x00002508       0x28 src/GFX/vector2.o
 .debug_frame   0x00002530       0xd4 src/init.o
 .debug_frame   0x00002604       0x40 src/mainCentre.o
 .debug_frame   0x00002644      0x188 src/RTC/rtc.o
 .debug_frame   0x000027cc      0x14c src/SDCard/sdcard.o
 .debug_frame   0x00002918       0x38 src/config/conf_cpu.o
 .debug_frame   0x00002950       0x28 src/main.o

.debug_str      0x00000000     0x445e
 *(.debug_str)
 .debug_str     0x00000000      0x73a src/ASF/avr32/components/memory/sd_mmc/sd_mmc_spi/sd_mmc_spi.o
                                0x7d3 (size before relaxing)
 .debug_str     0x0000073a      0xa82 src/ASF/avr32/drivers/flashc/flashc.o
                                0xc36 (size before relaxing)
 .debug_str     0x000011bc      0x417 src/ASF/avr32/drivers/gpio/gpio.o
                                0x524 (size before relaxing)
 .debug_str     0x000015d3      0x37d src/ASF/avr32/drivers/intc/intc.o
                                0x478 (size before relaxing)
 .debug_str     0x00001950      0x36b src/ASF/avr32/drivers/pdca/pdca.o
                                0x487 (size before relaxing)
 .debug_str     0x00001cbb      0x791 src/ASF/avr32/drivers/pm/pm.o
                                0x990 (size before relaxing)
 .debug_str     0x0000244c      0x1e3 src/ASF/avr32/drivers/pwm/pwm.o
                                0x332 (size before relaxing)
 .debug_str     0x0000262f      0x19a src/ASF/avr32/drivers/spi/spi.o
                                0x55d (size before relaxing)
 .debug_str     0x000027c9      0x34b src/ASF/avr32/drivers/tc/tc.o
                                0x4c5 (size before relaxing)
 .debug_str     0x00002b14      0x311 src/ASF/avr32/drivers/twi/twi.o
                                0x4bb (size before relaxing)
 .debug_str     0x00002e25      0x74c src/ASF/avr32/drivers/usart/usart.o
                                0x8f7 (size before relaxing)
 .debug_str     0x00003571      0x1e7 src/audio/audio.o
                                0x7cf (size before relaxing)
 .debug_str     0x00003758       0x30 src/GFX/fonts.o
                                0x127 (size before relaxing)
 .debug_str     0x00003788      0x291 src/GFX/gfx.o
                                0x3de (size before relaxing)
 .debug_str     0x00003a19      0x2f5 src/GFX/gui.o
                                0x7f5 (size before relaxing)
 .debug_str     0x00003d0e       0x7d src/GFX/rectangle.o
                                0x1b8 (size before relaxing)
 .debug_str     0x00003d8b       0xf0 src/GFX/screen.o
                                0x3ce (size before relaxing)
 .debug_str     0x00003e7b       0x21 src/GFX/vector2.o
                                0x120 (size before relaxing)
 .debug_str     0x00003e9c       0xe9 src/init.o
                                0xc83 (size before relaxing)
 .debug_str     0x00003f85       0x6c src/mainCentre.o
                                0x163 (size before relaxing)
 .debug_str     0x00003ff1      0x179 src/RTC/rtc.o
                                0x835 (size before relaxing)
 .debug_str     0x0000416a      0x2c1 src/SDCard/sdcard.o
                                0x674 (size before relaxing)
 .debug_str     0x0000442b       0x25 src/config/conf_cpu.o
                                0x465 (size before relaxing)
 .debug_str     0x00004450        0xe src/main.o
                                 0xf1 (size before relaxing)

.debug_loc      0x00000000     0x64d5
 *(.debug_loc)
 .debug_loc     0x00000000      0x924 src/ASF/avr32/components/memory/sd_mmc/sd_mmc_spi/sd_mmc_spi.o
 .debug_loc     0x00000924     0x10f4 src/ASF/avr32/drivers/flashc/flashc.o
 .debug_loc     0x00001a18      0x368 src/ASF/avr32/drivers/gpio/gpio.o
 .debug_loc     0x00001d80       0xd3 src/ASF/avr32/drivers/intc/intc.o
 .debug_loc     0x00001e53      0x5e5 src/ASF/avr32/drivers/pdca/pdca.o
 .debug_loc     0x00002438      0x559 src/ASF/avr32/drivers/pm/pm.o
 .debug_loc     0x00002991       0xb4 src/ASF/avr32/drivers/pwm/pwm.o
 .debug_loc     0x00002a45      0x3bd src/ASF/avr32/drivers/spi/spi.o
 .debug_loc     0x00002e02      0x3ff src/ASF/avr32/drivers/tc/tc.o
 .debug_loc     0x00003201      0x42e src/ASF/avr32/drivers/twi/twi.o
 .debug_loc     0x0000362f      0x9c5 src/ASF/avr32/drivers/usart/usart.o
 .debug_loc     0x00003ff4      0x2be src/audio/audio.o
 .debug_loc     0x000042b2      0xa57 src/GFX/gfx.o
 .debug_loc     0x00004d09      0xc75 src/GFX/gui.o
 .debug_loc     0x0000597e       0x88 src/GFX/rectangle.o
 .debug_loc     0x00005a06      0x29f src/GFX/screen.o
 .debug_loc     0x00005ca5       0x1f src/GFX/vector2.o
 .debug_loc     0x00005cc4       0xff src/init.o
 .debug_loc     0x00005dc3       0x1f src/mainCentre.o
 .debug_loc     0x00005de2      0x23c src/RTC/rtc.o
 .debug_loc     0x0000601e      0x449 src/SDCard/sdcard.o
 .debug_loc     0x00006467       0x4f src/config/conf_cpu.o
 .debug_loc     0x000064b6       0x1f src/main.o

.debug_macinfo  0x00000000  0x1549053
 *(.debug_macinfo)
 .debug_macinfo
                0x00000000    0xe3439 src/ASF/avr32/components/memory/sd_mmc/sd_mmc_spi/sd_mmc_spi.o
 .debug_macinfo
                0x000e3439    0xe0b49 src/ASF/avr32/drivers/flashc/flashc.o
 .debug_macinfo
                0x001c3f82    0xe0c27 src/ASF/avr32/drivers/gpio/gpio.o
 .debug_macinfo
                0x002a4ba9    0xe0cd4 src/ASF/avr32/drivers/intc/intc.o
 .debug_macinfo
                0x0038587d    0xe0b69 src/ASF/avr32/drivers/pdca/pdca.o
 .debug_macinfo
                0x004663e6    0xe0a91 src/ASF/avr32/drivers/pm/pm.o
 .debug_macinfo
                0x00546e77    0xe0afc src/ASF/avr32/drivers/pwm/pwm.o
 .debug_macinfo
                0x00627973    0xe0a75 src/ASF/avr32/drivers/spi/spi.o
 .debug_macinfo
                0x007083e8    0xe130c src/ASF/avr32/drivers/tc/tc.o
 .debug_macinfo
                0x007e96f4    0xe1b83 src/ASF/avr32/drivers/twi/twi.o
 .debug_macinfo
                0x008cb277    0xe0e3a src/ASF/avr32/drivers/usart/usart.o
 .debug_macinfo
                0x009ac0b1    0xe4b24 src/audio/audio.o
 .debug_macinfo
                0x00a90bd5    0xe48e0 src/GFX/fonts.o
 .debug_macinfo
                0x00b754b5    0xe4b3a src/GFX/gfx.o
 .debug_macinfo
                0x00c59fef    0xe4c22 src/GFX/gui.o
 .debug_macinfo
                0x00d3ec11    0xe4906 src/GFX/rectangle.o
 .debug_macinfo
                0x00e23517    0xe5032 src/GFX/screen.o
 .debug_macinfo
                0x00f08549    0xe48f2 src/GFX/vector2.o
 .debug_macinfo
                0x00fece3b    0xe4ca1 src/init.o
 .debug_macinfo
                0x010d1adc    0xe4c95 src/mainCentre.o
 .debug_macinfo
                0x011b6771    0xe4d00 src/RTC/rtc.o
 .debug_macinfo
                0x0129b471    0xe4962 src/SDCard/sdcard.o
 .debug_macinfo
                0x0137fdd3    0xe498b src/config/conf_cpu.o
 .debug_macinfo
                0x0146475e    0xe48f5 src/main.o

.debug_weaknames
 *(.debug_weaknames)

.debug_funcnames
 *(.debug_funcnames)

.debug_typenames
 *(.debug_typenames)

.debug_varnames
 *(.debug_varnames)

.stack          0x0000f000     0x1000
                0x0000f000                _stack = .
 *(.stack)
                0x00001000                . = _stack_size
 *fill*         0x0000f000     0x1000 
                0x00010000                _estack = .

.userpage
 *(.userpage .userpage.*)

.factorypage
 *(.factorypage .factorypage.*)

/DISCARD/
 *(.note.GNU-stack)
OUTPUT(Command.elf elf32-avr32)

.debug_ranges   0x00000000      0xe80
 .debug_ranges  0x00000000       0xe8 src/ASF/avr32/components/memory/sd_mmc/sd_mmc_spi/sd_mmc_spi.o
 .debug_ranges  0x000000e8      0x210 src/ASF/avr32/drivers/flashc/flashc.o
 .debug_ranges  0x000002f8       0xf8 src/ASF/avr32/drivers/gpio/gpio.o
 .debug_ranges  0x000003f0       0x48 src/ASF/avr32/drivers/intc/intc.o
 .debug_ranges  0x00000438       0xa0 src/ASF/avr32/drivers/pdca/pdca.o
 .debug_ranges  0x000004d8      0x188 src/ASF/avr32/drivers/pm/pm.o
 .debug_ranges  0x00000660       0x40 src/ASF/avr32/drivers/pwm/pwm.o
 .debug_ranges  0x000006a0       0xa0 src/ASF/avr32/drivers/spi/spi.o
 .debug_ranges  0x00000740       0xa0 src/ASF/avr32/drivers/tc/tc.o
 .debug_ranges  0x000007e0       0x68 src/ASF/avr32/drivers/twi/twi.o
 .debug_ranges  0x00000848       0xd8 src/ASF/avr32/drivers/usart/usart.o
 .debug_ranges  0x00000920       0x20 src/ASF/avr32/utils/startup/startup_uc3.o
 .debug_ranges  0x00000940       0x70 src/audio/audio.o
 .debug_ranges  0x000009b0       0xa0 src/GFX/gfx.o
 .debug_ranges  0x00000a50      0x100 src/GFX/gui.o
 .debug_ranges  0x00000b50       0x38 src/GFX/rectangle.o
 .debug_ranges  0x00000b88      0x168 src/GFX/screen.o
 .debug_ranges  0x00000cf0       0x18 src/GFX/vector2.o
 .debug_ranges  0x00000d08       0x48 src/init.o
 .debug_ranges  0x00000d50       0x18 src/mainCentre.o
 .debug_ranges  0x00000d68       0x70 src/RTC/rtc.o
 .debug_ranges  0x00000dd8       0x78 src/SDCard/sdcard.o
 .debug_ranges  0x00000e50       0x18 src/config/conf_cpu.o
 .debug_ranges  0x00000e68       0x18 src/main.o
