Archive member included because of file (symbol)

c:/program files (x86)/atmel/studio/7.0/toolchain/avr32/avr32-gnu-toolchain/bin/../lib/gcc/avr32/4.4.7/../../../../avr32/lib/ucr2\libc.a(lib_a-memcpy.o)
                              src/ASF/avr32/drivers/flashc/flashc.o (memcpy)

Allocating common symbols
Common symbol       size              file

sectorsEnd          0x4               src/SDCard/sdcard.o
data_mem            0x201             src/ASF/avr32/components/memory/sd_mmc/sd_mmc_spi/sd_mmc_spi.o
fileData            0x14              src/audio/audio.o
cluster             0x4               src/SDCard/sdcard.o
capacity            0x8               src/ASF/avr32/components/memory/sd_mmc/sd_mmc_spi/sd_mmc_spi.o
alarm               0x50              src/RTC/rtc.o
sector              0x4               src/SDCard/sdcard.o
sectorPerCluster    0x1               src/SDCard/sdcard.o
files               0xc80             src/SDCard/sdcard.o
capacity_mult       0x2               src/ASF/avr32/components/memory/sd_mmc/sd_mmc_spi/sd_mmc_spi.o
data                0x200             src/SDCard/sdcard.o
dataSector          0x4               src/SDCard/sdcard.o
erase_group_size    0x2               src/ASF/avr32/components/memory/sd_mmc/sd_mmc_spi/sd_mmc_spi.o
sd_mmc_spi_last_block_address
                    0x4               src/ASF/avr32/components/memory/sd_mmc/sd_mmc_spi/sd_mmc_spi.o
r2                  0x2               src/ASF/avr32/components/memory/sd_mmc/sd_mmc_spi/sd_mmc_spi.o
FATSector           0x4               src/SDCard/sdcard.o
card_type           0x1               src/ASF/avr32/components/memory/sd_mmc/sd_mmc_spi/sd_mmc_spi.o
rootSector          0x4               src/SDCard/sdcard.o
clustersFirstSector
                    0x4               src/SDCard/sdcard.o
currentTime         0x7               src/RTC/rtc.o
division            0x1               src/SDCard/sdcard.o
csd                 0x10              src/ASF/avr32/components/memory/sd_mmc/sd_mmc_spi/sd_mmc_spi.o
r1                  0x1               src/ASF/avr32/components/memory/sd_mmc/sd_mmc_spi/sd_mmc_spi.o

Discarded input sections

 .text          0x00000000        0x0 src/ASF/avr32/components/memory/sd_mmc/sd_mmc_spi/sd_mmc_spi.o
 .data          0x00000000        0x0 src/ASF/avr32/components/memory/sd_mmc/sd_mmc_spi/sd_mmc_spi.o
 .bss           0x00000000        0x0 src/ASF/avr32/components/memory/sd_mmc/sd_mmc_spi/sd_mmc_spi.o
 .text.sd_mmc_spi_write_close
                0x00000000        0x2 src/ASF/avr32/components/memory/sd_mmc/sd_mmc_spi/sd_mmc_spi.o
 .text.sd_mmc_spi_read_close_PDCA
                0x00000000       0x48 src/ASF/avr32/components/memory/sd_mmc/sd_mmc_spi/sd_mmc_spi.o
 .text.sd_mmc_spi_write_open
                0x00000000       0x1c src/ASF/avr32/components/memory/sd_mmc/sd_mmc_spi/sd_mmc_spi.o
 .text.sd_mmc_spi_read_close
                0x00000000        0xc src/ASF/avr32/components/memory/sd_mmc/sd_mmc_spi/sd_mmc_spi.o
 .text.sd_mmc_spi_read_open
                0x00000000       0x1c src/ASF/avr32/components/memory/sd_mmc/sd_mmc_spi/sd_mmc_spi.o
 .text.sd_mmc_spi_get_status
                0x00000000       0xd0 src/ASF/avr32/components/memory/sd_mmc/sd_mmc_spi/sd_mmc_spi.o
 .text.is_sd_mmc_spi_write_pwd_locked
                0x00000000       0x40 src/ASF/avr32/components/memory/sd_mmc/sd_mmc_spi/sd_mmc_spi.o
 .text.sd_mmc_spi_erase_sector_group
                0x00000000      0x118 src/ASF/avr32/components/memory/sd_mmc/sd_mmc_spi/sd_mmc_spi.o
 .text.sd_mmc_spi_write_sector_from_ram
                0x00000000      0x160 src/ASF/avr32/components/memory/sd_mmc/sd_mmc_spi/sd_mmc_spi.o
 .text.sd_mmc_spi_read_open_PDCA
                0x00000000       0xdc src/ASF/avr32/components/memory/sd_mmc/sd_mmc_spi/sd_mmc_spi.o
 .text.sd_mmc_spi_lock_operation
                0x00000000      0x1a8 src/ASF/avr32/components/memory/sd_mmc/sd_mmc_spi/sd_mmc_spi.o
 .text.sd_mmc_spi_read_sector_to_ram
                0x00000000      0x164 src/ASF/avr32/components/memory/sd_mmc/sd_mmc_spi/sd_mmc_spi.o
 .text.sd_mmc_spi_get_cid
                0x00000000       0xfc src/ASF/avr32/components/memory/sd_mmc/sd_mmc_spi/sd_mmc_spi.o
 .text.sd_mmc_spi_write_multiple_sector
                0x00000000       0x30 src/ASF/avr32/components/memory/sd_mmc/sd_mmc_spi/sd_mmc_spi.o
 .text.sd_mmc_spi_read_multiple_sector
                0x00000000       0x30 src/ASF/avr32/components/memory/sd_mmc/sd_mmc_spi/sd_mmc_spi.o
 .text.sd_mmc_spi_mem_check
                0x00000000       0x28 src/ASF/avr32/components/memory/sd_mmc/sd_mmc_spi/sd_mmc_spi.o
 .bss.gl_ptr_mem
                0x00000000        0x8 src/ASF/avr32/components/memory/sd_mmc/sd_mmc_spi/sd_mmc_spi.o
 .bss.sector_buf
                0x00000000      0x200 src/ASF/avr32/components/memory/sd_mmc/sd_mmc_spi/sd_mmc_spi.o
 .text          0x00000000        0x0 src/ASF/avr32/components/memory/sd_mmc/sd_mmc_spi/sd_mmc_spi_mem.o
 .data          0x00000000        0x0 src/ASF/avr32/components/memory/sd_mmc/sd_mmc_spi/sd_mmc_spi_mem.o
 .bss           0x00000000        0x0 src/ASF/avr32/components/memory/sd_mmc/sd_mmc_spi/sd_mmc_spi_mem.o
 .debug_abbrev  0x00000000       0xf7 src/ASF/avr32/components/memory/sd_mmc/sd_mmc_spi/sd_mmc_spi_mem.o
 .debug_info    0x00000000      0x195 src/ASF/avr32/components/memory/sd_mmc/sd_mmc_spi/sd_mmc_spi_mem.o
 .debug_line    0x00000000      0x7d3 src/ASF/avr32/components/memory/sd_mmc/sd_mmc_spi/sd_mmc_spi_mem.o
 .debug_macinfo
                0x00000000    0xe3297 src/ASF/avr32/components/memory/sd_mmc/sd_mmc_spi/sd_mmc_spi_mem.o
 .text.sd_mmc_spi_wr_protect
                0x00000000        0x2 src/ASF/avr32/components/memory/sd_mmc/sd_mmc_spi/sd_mmc_spi_mem.o
 .text.sd_mmc_spi_removal
                0x00000000        0x2 src/ASF/avr32/components/memory/sd_mmc/sd_mmc_spi/sd_mmc_spi_mem.o
 .text.sd_mmc_spi_test_unit_ready
                0x00000000       0x6c src/ASF/avr32/components/memory/sd_mmc/sd_mmc_spi/sd_mmc_spi_mem.o
 .text.sd_mmc_spi_mem_init
                0x00000000        0xc src/ASF/avr32/components/memory/sd_mmc/sd_mmc_spi/sd_mmc_spi_mem.o
 .text.sd_mmc_spi_read_capacity
                0x00000000       0x40 src/ASF/avr32/components/memory/sd_mmc/sd_mmc_spi/sd_mmc_spi_mem.o
 .data.sd_mmc_spi_presence_status
                0x00000000        0x1 src/ASF/avr32/components/memory/sd_mmc/sd_mmc_spi/sd_mmc_spi_mem.o
 .debug_frame   0x00000000       0x7c src/ASF/avr32/components/memory/sd_mmc/sd_mmc_spi/sd_mmc_spi_mem.o
 .debug_loc     0x00000000       0x7b src/ASF/avr32/components/memory/sd_mmc/sd_mmc_spi/sd_mmc_spi_mem.o
 .debug_pubnames
                0x00000000       0xb6 src/ASF/avr32/components/memory/sd_mmc/sd_mmc_spi/sd_mmc_spi_mem.o
 .debug_aranges
                0x00000000       0x40 src/ASF/avr32/components/memory/sd_mmc/sd_mmc_spi/sd_mmc_spi_mem.o
 .debug_ranges  0x00000000       0x38 src/ASF/avr32/components/memory/sd_mmc/sd_mmc_spi/sd_mmc_spi_mem.o
 .debug_str     0x00000000      0x238 src/ASF/avr32/components/memory/sd_mmc/sd_mmc_spi/sd_mmc_spi_mem.o
 .comment       0x00000000       0x31 src/ASF/avr32/components/memory/sd_mmc/sd_mmc_spi/sd_mmc_spi_mem.o
 .text          0x00000000        0x0 src/ASF/avr32/drivers/flashc/flashc.o
 .data          0x00000000        0x0 src/ASF/avr32/drivers/flashc/flashc.o
 .bss           0x00000000        0x0 src/ASF/avr32/drivers/flashc/flashc.o
 .text.flashc_get_flash_size
                0x00000000       0x34 src/ASF/avr32/drivers/flashc/flashc.o
 .text.flashc_get_page_count
                0x00000000       0x10 src/ASF/avr32/drivers/flashc/flashc.o
 .text.flashc_get_page_count_per_region
                0x00000000       0x10 src/ASF/avr32/drivers/flashc/flashc.o
 .text.flashc_get_region_first_page_number
                0x00000000       0x14 src/ASF/avr32/drivers/flashc/flashc.o
 .text.flashc_get_wait_state
                0x00000000        0xc src/ASF/avr32/drivers/flashc/flashc.o
 .text.flashc_set_bus_freq
                0x00000000       0x24 src/ASF/avr32/drivers/flashc/flashc.o
 .text.flashc_is_ready_int_enabled
                0x00000000        0xc src/ASF/avr32/drivers/flashc/flashc.o
 .text.flashc_enable_ready_int
                0x00000000        0xe src/ASF/avr32/drivers/flashc/flashc.o
 .text.flashc_is_lock_error_int_enabled
                0x00000000        0xc src/ASF/avr32/drivers/flashc/flashc.o
 .text.flashc_enable_lock_error_int
                0x00000000        0xe src/ASF/avr32/drivers/flashc/flashc.o
 .text.flashc_is_prog_error_int_enabled
                0x00000000        0xc src/ASF/avr32/drivers/flashc/flashc.o
 .text.flashc_enable_prog_error_int
                0x00000000        0xe src/ASF/avr32/drivers/flashc/flashc.o
 .text.flashc_is_ready
                0x00000000        0xc src/ASF/avr32/drivers/flashc/flashc.o
 .text.flashc_default_wait_until_ready
                0x00000000       0x10 src/ASF/avr32/drivers/flashc/flashc.o
 .text.flashc_is_lock_error
                0x00000000       0x10 src/ASF/avr32/drivers/flashc/flashc.o
 .text.flashc_is_programming_error
                0x00000000       0x10 src/ASF/avr32/drivers/flashc/flashc.o
 .text.flashc_get_command
                0x00000000        0xc src/ASF/avr32/drivers/flashc/flashc.o
 .text.flashc_get_page_number
                0x00000000        0xc src/ASF/avr32/drivers/flashc/flashc.o
 .text.flashc_get_page_region
                0x00000000       0x28 src/ASF/avr32/drivers/flashc/flashc.o
 .text.flashc_issue_command
                0x00000000       0x48 src/ASF/avr32/drivers/flashc/flashc.o
 .text.flashc_no_operation
                0x00000000       0x10 src/ASF/avr32/drivers/flashc/flashc.o
 .text.flashc_erase_all
                0x00000000       0x10 src/ASF/avr32/drivers/flashc/flashc.o
 .text.flashc_is_security_bit_active
                0x00000000        0xc src/ASF/avr32/drivers/flashc/flashc.o
 .text.flashc_activate_security_bit
                0x00000000       0x10 src/ASF/avr32/drivers/flashc/flashc.o
 .text.flashc_is_region_locked
                0x00000000       0x1a src/ASF/avr32/drivers/flashc/flashc.o
 .text.flashc_is_page_region_locked
                0x00000000       0x14 src/ASF/avr32/drivers/flashc/flashc.o
 .text.flashc_lock_page_region
                0x00000000       0x1c src/ASF/avr32/drivers/flashc/flashc.o
 .text.flashc_lock_region
                0x00000000       0x1c src/ASF/avr32/drivers/flashc/flashc.o
 .text.flashc_lock_all_regions
                0x00000000       0x2c src/ASF/avr32/drivers/flashc/flashc.o
 .text.flashc_read_all_gp_fuses
                0x00000000       0x26 src/ASF/avr32/drivers/flashc/flashc.o
 .text.flashc_read_gp_fuse_byte
                0x00000000       0x44 src/ASF/avr32/drivers/flashc/flashc.o
 .text.flashc_read_gp_fuse_bitfield
                0x00000000       0x74 src/ASF/avr32/drivers/flashc/flashc.o
 .text.flashc_get_bootloader_protected_size
                0x00000000       0x20 src/ASF/avr32/drivers/flashc/flashc.o
 .text.flashc_read_gp_fuse_bit
                0x00000000       0x3c src/ASF/avr32/drivers/flashc/flashc.o
 .text.flashc_is_external_privileged_fetch_locked
                0x00000000       0x14 src/ASF/avr32/drivers/flashc/flashc.o
 .text.flashc_erase_gp_fuse_bit
                0x00000000       0x2c src/ASF/avr32/drivers/flashc/flashc.o
 .text.flashc_erase_gp_fuse_bitfield
                0x00000000       0x8c src/ASF/avr32/drivers/flashc/flashc.o
 .text.flashc_erase_all_gp_fuses
                0x00000000       0x30 src/ASF/avr32/drivers/flashc/flashc.o
 .text.flashc_write_gp_fuse_bit
                0x00000000       0x18 src/ASF/avr32/drivers/flashc/flashc.o
 .text.flashc_write_gp_fuse_bitfield
                0x00000000       0x4c src/ASF/avr32/drivers/flashc/flashc.o
 .text.flashc_write_gp_fuse_byte
                0x00000000       0x18 src/ASF/avr32/drivers/flashc/flashc.o
 .text.flashc_erase_gp_fuse_byte
                0x00000000       0x74 src/ASF/avr32/drivers/flashc/flashc.o
 .text.flashc_write_all_gp_fuses
                0x00000000       0x3c src/ASF/avr32/drivers/flashc/flashc.o
 .text.flashc_set_gp_fuse_bit
                0x00000000       0x20 src/ASF/avr32/drivers/flashc/flashc.o
 .text.flashc_lock_external_privileged_fetch
                0x00000000       0x18 src/ASF/avr32/drivers/flashc/flashc.o
 .text.flashc_set_gp_fuse_bitfield
                0x00000000       0x4c src/ASF/avr32/drivers/flashc/flashc.o
 .text.flashc_set_gp_fuse_byte
                0x00000000       0x4c src/ASF/avr32/drivers/flashc/flashc.o
 .text.flashc_set_all_gp_fuses
                0x00000000       0x54 src/ASF/avr32/drivers/flashc/flashc.o
 .text.flashc_clear_page_buffer
                0x00000000       0x10 src/ASF/avr32/drivers/flashc/flashc.o
 .text.flashc_is_page_erased
                0x00000000        0xc src/ASF/avr32/drivers/flashc/flashc.o
 .text.flashc_quick_page_read
                0x00000000       0x18 src/ASF/avr32/drivers/flashc/flashc.o
 .text.flashc_erase_page
                0x00000000       0x38 src/ASF/avr32/drivers/flashc/flashc.o
 .text.flashc_erase_all_pages
                0x00000000       0x48 src/ASF/avr32/drivers/flashc/flashc.o
 .text.flashc_write_page
                0x00000000       0x10 src/ASF/avr32/drivers/flashc/flashc.o
 .text.flashc_quick_user_page_read
                0x00000000       0x18 src/ASF/avr32/drivers/flashc/flashc.o
 .text.flashc_erase_user_page
                0x00000000       0x28 src/ASF/avr32/drivers/flashc/flashc.o
 .text.flashc_write_user_page
                0x00000000       0x10 src/ASF/avr32/drivers/flashc/flashc.o
 .text.flashc_memset64
                0x00000000      0x238 src/ASF/avr32/drivers/flashc/flashc.o
 .text.flashc_memset32
                0x00000000       0x20 src/ASF/avr32/drivers/flashc/flashc.o
 .text.flashc_memset16
                0x00000000       0x10 src/ASF/avr32/drivers/flashc/flashc.o
 .text.flashc_memset8
                0x00000000       0x14 src/ASF/avr32/drivers/flashc/flashc.o
 .text.flashc_memcpy
                0x00000000       0xfc src/ASF/avr32/drivers/flashc/flashc.o
 .text.flashc_set_bootloader_protected_size
                0x00000000       0x80 src/ASF/avr32/drivers/flashc/flashc.o
 .rodata.C.36.10254
                0x00000000       0x10 src/ASF/avr32/drivers/flashc/flashc.o
 .data.flashc_wait_until_ready
                0x00000000        0x4 src/ASF/avr32/drivers/flashc/flashc.o
 .bss.flashc_error_status
                0x00000000        0x4 src/ASF/avr32/drivers/flashc/flashc.o
 .text          0x00000000        0x0 src/ASF/avr32/drivers/gpio/gpio.o
 .data          0x00000000        0x0 src/ASF/avr32/drivers/gpio/gpio.o
 .bss           0x00000000        0x0 src/ASF/avr32/drivers/gpio/gpio.o
 .text.gpio_enable_gpio_pin
                0x00000000       0x18 src/ASF/avr32/drivers/gpio/gpio.o
 .text.gpio_enable_gpio
                0x00000000       0x28 src/ASF/avr32/drivers/gpio/gpio.o
 .text.gpio_enable_pin_pull_up
                0x00000000       0x16 src/ASF/avr32/drivers/gpio/gpio.o
 .text.gpio_disable_pin_pull_up
                0x00000000       0x16 src/ASF/avr32/drivers/gpio/gpio.o
 .text.gpio_configure_pin
                0x00000000       0xb8 src/ASF/avr32/drivers/gpio/gpio.o
 .text.gpio_get_pin_value
                0x00000000       0x16 src/ASF/avr32/drivers/gpio/gpio.o
 .text.gpio_get_gpio_pin_output_value
                0x00000000       0x16 src/ASF/avr32/drivers/gpio/gpio.o
 .text.gpio_get_gpio_open_drain_pin_output_value
                0x00000000       0x1a src/ASF/avr32/drivers/gpio/gpio.o
 .text.gpio_set_pin_high
                0x00000000       0x16 src/ASF/avr32/drivers/gpio/gpio.o
 .text.gpio_set_pin_low
                0x00000000       0x16 src/ASF/avr32/drivers/gpio/gpio.o
 .text.gpio_tgl_gpio_pin
                0x00000000       0x1c src/ASF/avr32/drivers/gpio/gpio.o
 .text.gpio_toggle_pin
                0x00000000       0x16 src/ASF/avr32/drivers/gpio/gpio.o
 .text.gpio_toggle_group
                0x00000000        0xc src/ASF/avr32/drivers/gpio/gpio.o
 .text.gpio_set_gpio_open_drain_pin
                0x00000000       0x18 src/ASF/avr32/drivers/gpio/gpio.o
 .text.gpio_clr_gpio_open_drain_pin
                0x00000000       0x1c src/ASF/avr32/drivers/gpio/gpio.o
 .text.gpio_tgl_gpio_open_drain_pin
                0x00000000       0x1c src/ASF/avr32/drivers/gpio/gpio.o
 .text.gpio_enable_pin_glitch_filter
                0x00000000       0x16 src/ASF/avr32/drivers/gpio/gpio.o
 .text.gpio_disable_pin_glitch_filter
                0x00000000       0x16 src/ASF/avr32/drivers/gpio/gpio.o
 .text.gpio_enable_pin_interrupt
                0x00000000       0x46 src/ASF/avr32/drivers/gpio/gpio.o
 .text.gpio_disable_pin_interrupt
                0x00000000       0x16 src/ASF/avr32/drivers/gpio/gpio.o
 .text.gpio_get_pin_interrupt_flag
                0x00000000       0x18 src/ASF/avr32/drivers/gpio/gpio.o
 .text.gpio_clear_pin_interrupt_flag
                0x00000000       0x16 src/ASF/avr32/drivers/gpio/gpio.o
 .text          0x00000000        0x0 src/ASF/avr32/drivers/intc/exception.o
 .data          0x00000000        0x0 src/ASF/avr32/drivers/intc/exception.o
 .bss           0x00000000        0x0 src/ASF/avr32/drivers/intc/exception.o
 .text          0x00000000        0x0 src/ASF/avr32/drivers/intc/intc.o
 .data          0x00000000        0x0 src/ASF/avr32/drivers/intc/intc.o
 .bss           0x00000000        0x0 src/ASF/avr32/drivers/intc/intc.o
 .text          0x00000000        0x0 src/ASF/avr32/drivers/pm/pm.o
 .data          0x00000000        0x0 src/ASF/avr32/drivers/pm/pm.o
 .bss           0x00000000        0x0 src/ASF/avr32/drivers/pm/pm.o
 .text.pm_enable_osc0_ext_clock
                0x00000000       0x10 src/ASF/avr32/drivers/pm/pm.o
 .text.pm_disable_clk0
                0x00000000        0x8 src/ASF/avr32/drivers/pm/pm.o
 .text.pm_set_osc1_mode
                0x00000000        0xa src/ASF/avr32/drivers/pm/pm.o
 .text.pm_enable_osc1_ext_clock
                0x00000000       0x10 src/ASF/avr32/drivers/pm/pm.o
 .text.pm_enable_osc1_crystal
                0x00000000       0x3c src/ASF/avr32/drivers/pm/pm.o
 .text.pm_disable_clk1
                0x00000000        0x8 src/ASF/avr32/drivers/pm/pm.o
 .text.pm_enable_clk1_no_wait
                0x00000000       0x10 src/ASF/avr32/drivers/pm/pm.o
 .text.pm_wait_for_clk1_ready
                0x00000000        0xa src/ASF/avr32/drivers/pm/pm.o
 .text.pm_enable_clk1
                0x00000000       0x1c src/ASF/avr32/drivers/pm/pm.o
 .text.pm_set_osc32_mode
                0x00000000        0xa src/ASF/avr32/drivers/pm/pm.o
 .text.pm_enable_osc32_ext_clock
                0x00000000       0x10 src/ASF/avr32/drivers/pm/pm.o
 .text.pm_enable_osc32_crystal
                0x00000000       0x10 src/ASF/avr32/drivers/pm/pm.o
 .text.pm_disable_clk32
                0x00000000        0x8 src/ASF/avr32/drivers/pm/pm.o
 .text.pm_enable_clk32_no_wait
                0x00000000       0x10 src/ASF/avr32/drivers/pm/pm.o
 .text.pm_wait_for_clk32_ready
                0x00000000        0xa src/ASF/avr32/drivers/pm/pm.o
 .text.pm_enable_clk32
                0x00000000       0x1c src/ASF/avr32/drivers/pm/pm.o
 .text.pm_cksel_get
                0x00000000        0x6 src/ASF/avr32/drivers/pm/pm.o
 .text.pm_cksel_set
                0x00000000        0xc src/ASF/avr32/drivers/pm/pm.o
 .text.pm_gc_setup
                0x00000000       0x22 src/ASF/avr32/drivers/pm/pm.o
 .text.pm_gc_enable
                0x00000000        0xe src/ASF/avr32/drivers/pm/pm.o
 .text.pm_gc_disable
                0x00000000        0xe src/ASF/avr32/drivers/pm/pm.o
 .text.pm_pll_get_option
                0x00000000        0xc src/ASF/avr32/drivers/pm/pm.o
 .text.pm_pll_disable
                0x00000000        0xe src/ASF/avr32/drivers/pm/pm.o
 .text.pm_wait_for_pll1_locked
                0x00000000        0xa src/ASF/avr32/drivers/pm/pm.o
 .text.pm_get_clock
                0x00000000        0x8 src/ASF/avr32/drivers/pm/pm.o
 .text.pm_bod_enable_irq
                0x00000000        0xa src/ASF/avr32/drivers/pm/pm.o
 .text.pm_bod_clear_irq
                0x00000000        0xa src/ASF/avr32/drivers/pm/pm.o
 .text.pm_bod_get_irq_status
                0x00000000        0x8 src/ASF/avr32/drivers/pm/pm.o
 .text.pm_bod_get_irq_enable_bit
                0x00000000        0x8 src/ASF/avr32/drivers/pm/pm.o
 .text.pm_bod_get_level
                0x00000000        0xa src/ASF/avr32/drivers/pm/pm.o
 .text.pm_read_gplp
                0x00000000        0x8 src/ASF/avr32/drivers/pm/pm.o
 .text.pm_write_gplp
                0x00000000        0x8 src/ASF/avr32/drivers/pm/pm.o
 .text.pm_enable_module
                0x00000000       0x1a src/ASF/avr32/drivers/pm/pm.o
 .text.pm_disable_module
                0x00000000       0x1c src/ASF/avr32/drivers/pm/pm.o
 .text.pm_bod_disable_irq
                0x00000000       0x26 src/ASF/avr32/drivers/pm/pm.o
 .text          0x00000000        0x0 src/ASF/avr32/drivers/pm/pm_conf_clocks.o
 .data          0x00000000        0x0 src/ASF/avr32/drivers/pm/pm_conf_clocks.o
 .bss           0x00000000        0x0 src/ASF/avr32/drivers/pm/pm_conf_clocks.o
 .debug_abbrev  0x00000000      0x185 src/ASF/avr32/drivers/pm/pm_conf_clocks.o
 .debug_info    0x00000000      0xf50 src/ASF/avr32/drivers/pm/pm_conf_clocks.o
 .debug_line    0x00000000      0x6b5 src/ASF/avr32/drivers/pm/pm_conf_clocks.o
 .debug_macinfo
                0x00000000    0xe0ae3 src/ASF/avr32/drivers/pm/pm_conf_clocks.o
 .text.pm_configure_usb_clock
                0x00000000       0x70 src/ASF/avr32/drivers/pm/pm_conf_clocks.o
 .text.pm_configure_clocks
                0x00000000      0x1d4 src/ASF/avr32/drivers/pm/pm_conf_clocks.o
 .debug_frame   0x00000000       0x7c src/ASF/avr32/drivers/pm/pm_conf_clocks.o
 .debug_loc     0x00000000      0x232 src/ASF/avr32/drivers/pm/pm_conf_clocks.o
 .debug_pubnames
                0x00000000       0x45 src/ASF/avr32/drivers/pm/pm_conf_clocks.o
 .debug_aranges
                0x00000000       0x28 src/ASF/avr32/drivers/pm/pm_conf_clocks.o
 .debug_ranges  0x00000000       0x20 src/ASF/avr32/drivers/pm/pm_conf_clocks.o
 .debug_str     0x00000000      0x51f src/ASF/avr32/drivers/pm/pm_conf_clocks.o
 .comment       0x00000000       0x31 src/ASF/avr32/drivers/pm/pm_conf_clocks.o
 .text          0x00000000        0x0 src/ASF/avr32/drivers/pm/power_clocks_lib.o
 .data          0x00000000        0x0 src/ASF/avr32/drivers/pm/power_clocks_lib.o
 .bss           0x00000000        0x0 src/ASF/avr32/drivers/pm/power_clocks_lib.o
 .debug_abbrev  0x00000000      0x1cd src/ASF/avr32/drivers/pm/power_clocks_lib.o
 .debug_info    0x00000000      0xf89 src/ASF/avr32/drivers/pm/power_clocks_lib.o
 .debug_line    0x00000000      0x6a9 src/ASF/avr32/drivers/pm/power_clocks_lib.o
 .debug_macinfo
                0x00000000    0xe0b72 src/ASF/avr32/drivers/pm/power_clocks_lib.o
 .text.pcl_read_gplp
                0x00000000       0x14 src/ASF/avr32/drivers/pm/power_clocks_lib.o
 .text.pcl_write_gplp
                0x00000000       0x14 src/ASF/avr32/drivers/pm/power_clocks_lib.o
 .text.pcl_configure_usb_clock
                0x00000000        0xc src/ASF/avr32/drivers/pm/power_clocks_lib.o
 .text.pcl_switch_to_osc
                0x00000000       0x1c src/ASF/avr32/drivers/pm/power_clocks_lib.o
 .text.pcl_configure_clocks
                0x00000000        0xc src/ASF/avr32/drivers/pm/power_clocks_lib.o
 .debug_frame   0x00000000       0x88 src/ASF/avr32/drivers/pm/power_clocks_lib.o
 .debug_loc     0x00000000      0x12b src/ASF/avr32/drivers/pm/power_clocks_lib.o
 .debug_pubnames
                0x00000000       0x82 src/ASF/avr32/drivers/pm/power_clocks_lib.o
 .debug_aranges
                0x00000000       0x40 src/ASF/avr32/drivers/pm/power_clocks_lib.o
 .debug_ranges  0x00000000       0x38 src/ASF/avr32/drivers/pm/power_clocks_lib.o
 .debug_str     0x00000000      0x52c src/ASF/avr32/drivers/pm/power_clocks_lib.o
 .comment       0x00000000       0x31 src/ASF/avr32/drivers/pm/power_clocks_lib.o
 .text          0x00000000        0x0 src/ASF/avr32/drivers/pwm/pwm.o
 .data          0x00000000        0x0 src/ASF/avr32/drivers/pwm/pwm.o
 .bss           0x00000000        0x0 src/ASF/avr32/drivers/pwm/pwm.o
 .text.pwm_stop_channels
                0x00000000       0x12 src/ASF/avr32/drivers/pwm/pwm.o
 .text.pwm_sync_update_channel
                0x00000000       0x38 src/ASF/avr32/drivers/pwm/pwm.o
 .text.pwm_async_update_channel
                0x00000000       0x28 src/ASF/avr32/drivers/pwm/pwm.o
 .text          0x00000000        0x0 src/ASF/avr32/drivers/spi/spi.o
 .data          0x00000000        0x0 src/ASF/avr32/drivers/spi/spi.o
 .bss           0x00000000        0x0 src/ASF/avr32/drivers/spi/spi.o
 .text.spi_initSlave
                0x00000000       0x46 src/ASF/avr32/drivers/spi/spi.o
 .text.spi_initTest
                0x00000000       0x10 src/ASF/avr32/drivers/spi/spi.o
 .text.spi_disable
                0x00000000        0x6 src/ASF/avr32/drivers/spi/spi.o
 .text.spi_is_enabled
                0x00000000        0x8 src/ASF/avr32/drivers/spi/spi.o
 .text.spi_writeRegisterEmptyCheck
                0x00000000        0x8 src/ASF/avr32/drivers/spi/spi.o
 .text.spi_variableSlaveWrite
                0x00000000       0x40 src/ASF/avr32/drivers/spi/spi.o
 .text.spi_writeEndCheck
                0x00000000        0x8 src/ASF/avr32/drivers/spi/spi.o
 .text.spi_readRegisterFullCheck
                0x00000000        0x8 src/ASF/avr32/drivers/spi/spi.o
 .text.spi_getStatus
                0x00000000       0x2c src/ASF/avr32/drivers/spi/spi.o
 .text          0x00000000        0x0 src/ASF/avr32/drivers/tc/tc.o
 .data          0x00000000        0x0 src/ASF/avr32/drivers/tc/tc.o
 .bss           0x00000000        0x0 src/ASF/avr32/drivers/tc/tc.o
 .text.tc_get_interrupt_settings
                0x00000000       0x12 src/ASF/avr32/drivers/tc/tc.o
 .text.tc_select_external_clock
                0x00000000       0x2e src/ASF/avr32/drivers/tc/tc.o
 .text.tc_init_capture
                0x00000000       0x58 src/ASF/avr32/drivers/tc/tc.o
 .text.tc_software_trigger
                0x00000000       0x12 src/ASF/avr32/drivers/tc/tc.o
 .text.tc_sync_trigger
                0x00000000        0x8 src/ASF/avr32/drivers/tc/tc.o
 .text.tc_sync_start
                0x00000000       0x12 src/ASF/avr32/drivers/tc/tc.o
 .text.tc_read_sr
                0x00000000       0x12 src/ASF/avr32/drivers/tc/tc.o
 .text.tc_read_tc
                0x00000000       0x16 src/ASF/avr32/drivers/tc/tc.o
 .text.tc_read_ra
                0x00000000       0x16 src/ASF/avr32/drivers/tc/tc.o
 .text.tc_read_rb
                0x00000000       0x16 src/ASF/avr32/drivers/tc/tc.o
 .text.tc_read_rc
                0x00000000       0x16 src/ASF/avr32/drivers/tc/tc.o
 .text.tc_write_ra
                0x00000000       0x34 src/ASF/avr32/drivers/tc/tc.o
 .text.tc_write_rb
                0x00000000       0x34 src/ASF/avr32/drivers/tc/tc.o
 .text          0x00000000        0x0 src/ASF/avr32/drivers/twi/twi.o
 .data          0x00000000        0x0 src/ASF/avr32/drivers/twi/twi.o
 .bss           0x00000000        0x0 src/ASF/avr32/drivers/twi/twi.o
 .text.twi_slave_interrupt_handler
                0x00000000       0xd4 src/ASF/avr32/drivers/twi/twi.o
 .text.twi_mk_addr
                0x00000000       0x22 src/ASF/avr32/drivers/twi/twi.o
 .text.twi_master_write_ex
                0x00000000       0x94 src/ASF/avr32/drivers/twi/twi.o
 .text.twi_is_busy
                0x00000000        0xc src/ASF/avr32/drivers/twi/twi.o
 .text.twi_master_write
                0x00000000       0xb0 src/ASF/avr32/drivers/twi/twi.o
 .text.twi_probe
                0x00000000       0x28 src/ASF/avr32/drivers/twi/twi.o
 .text.twi_master_read
                0x00000000       0xb8 src/ASF/avr32/drivers/twi/twi.o
 .text.twi_disable_interrupt
                0x00000000       0x1e src/ASF/avr32/drivers/twi/twi.o
 .text.twi_slave_init
                0x00000000       0x88 src/ASF/avr32/drivers/twi/twi.o
 .bss.twi_slave_fct
                0x00000000        0xc src/ASF/avr32/drivers/twi/twi.o
 .text          0x00000000        0x0 src/ASF/avr32/utils/startup/startup_uc3.o
 .data          0x00000000        0x0 src/ASF/avr32/utils/startup/startup_uc3.o
 .bss           0x00000000        0x0 src/ASF/avr32/utils/startup/startup_uc3.o
 .reset         0x00000000        0x8 src/ASF/avr32/utils/startup/startup_uc3.o
 .text          0x00000000        0x0 src/ASF/avr32/utils/startup/trampoline_uc3.o
 .data          0x00000000        0x0 src/ASF/avr32/utils/startup/trampoline_uc3.o
 .bss           0x00000000        0x0 src/ASF/avr32/utils/startup/trampoline_uc3.o
 .text          0x00000000        0x0 src/ASF/common/services/storage/ctrl_access/ctrl_access.o
 .data          0x00000000        0x0 src/ASF/common/services/storage/ctrl_access/ctrl_access.o
 .bss           0x00000000        0x0 src/ASF/common/services/storage/ctrl_access/ctrl_access.o
 .debug_abbrev  0x00000000      0x152 src/ASF/common/services/storage/ctrl_access/ctrl_access.o
 .debug_info    0x00000000      0x3b3 src/ASF/common/services/storage/ctrl_access/ctrl_access.o
 .debug_line    0x00000000      0x7d4 src/ASF/common/services/storage/ctrl_access/ctrl_access.o
 .debug_macinfo
                0x00000000    0xe2cab src/ASF/common/services/storage/ctrl_access/ctrl_access.o
 .text.get_nb_lun
                0x00000000        0x2 src/ASF/common/services/storage/ctrl_access/ctrl_access.o
 .text.get_cur_lun
                0x00000000        0x2 src/ASF/common/services/storage/ctrl_access/ctrl_access.o
 .text.mem_test_unit_ready
                0x00000000       0x14 src/ASF/common/services/storage/ctrl_access/ctrl_access.o
 .text.mem_read_capacity
                0x00000000       0x18 src/ASF/common/services/storage/ctrl_access/ctrl_access.o
 .text.mem_sector_size
                0x00000000        0x6 src/ASF/common/services/storage/ctrl_access/ctrl_access.o
 .text.mem_unload
                0x00000000       0x24 src/ASF/common/services/storage/ctrl_access/ctrl_access.o
 .text.mem_wr_protect
                0x00000000       0x14 src/ASF/common/services/storage/ctrl_access/ctrl_access.o
 .text.mem_removal
                0x00000000       0x14 src/ASF/common/services/storage/ctrl_access/ctrl_access.o
 .text.mem_name
                0x00000000       0x10 src/ASF/common/services/storage/ctrl_access/ctrl_access.o
 .rodata.lun_desc
                0x00000000       0x18 src/ASF/common/services/storage/ctrl_access/ctrl_access.o
 .rodata.str1.4
                0x00000000       0x18 src/ASF/common/services/storage/ctrl_access/ctrl_access.o
 .debug_frame   0x00000000       0xc8 src/ASF/common/services/storage/ctrl_access/ctrl_access.o
 .debug_loc     0x00000000      0x208 src/ASF/common/services/storage/ctrl_access/ctrl_access.o
 .debug_pubnames
                0x00000000       0xb2 src/ASF/common/services/storage/ctrl_access/ctrl_access.o
 .debug_aranges
                0x00000000       0x60 src/ASF/common/services/storage/ctrl_access/ctrl_access.o
 .debug_ranges  0x00000000       0x58 src/ASF/common/services/storage/ctrl_access/ctrl_access.o
 .debug_str     0x00000000      0x252 src/ASF/common/services/storage/ctrl_access/ctrl_access.o
 .comment       0x00000000       0x31 src/ASF/common/services/storage/ctrl_access/ctrl_access.o
 .text          0x00000000        0x0 src/audio/audio.o
 .data          0x00000000        0x0 src/audio/audio.o
 .bss           0x00000000        0x0 src/audio/audio.o
 .text.tc0_irq  0x00000000       0x50 src/audio/audio.o
 .text.audio_freqStop
                0x00000000       0x14 src/audio/audio.o
 .text.audio_freqStart
                0x00000000       0x34 src/audio/audio.o
 .text          0x00000000        0x0 src/GFX/fonts.o
 .data          0x00000000        0x0 src/GFX/fonts.o
 .bss           0x00000000        0x0 src/GFX/fonts.o
 .rodata.Button
                0x00000000      0xe80 src/GFX/fonts.o
 .rodata.Digit  0x00000000      0x1e0 src/GFX/fonts.o
 .rodata.Logo   0x00000000      0x120 src/GFX/fonts.o
 .text          0x00000000        0x0 src/GFX/gfx.o
 .data          0x00000000        0x0 src/GFX/gfx.o
 .bss           0x00000000        0x0 src/GFX/gfx.o
 .text.gfx_DrawRectangle
                0x00000000        0x2 src/GFX/gfx.o
 .text.gfx_DrawTriangle
                0x00000000        0x2 src/GFX/gfx.o
 .text.gfx_FillScreen
                0x00000000        0x2 src/GFX/gfx.o
 .text.gfx_DrawCircle
                0x00000000      0x2a0 src/GFX/gfx.o
 .text.gfx_cmdLine
                0x00000000       0xc0 src/GFX/gfx.o
 .text.gfx_DrawTerminalButton
                0x00000000       0x80 src/GFX/gfx.o
 .text.gfx_AddOptionToTerminal
                0x00000000       0xec src/GFX/gfx.o
 .text.gfx_DrawPixel
                0x00000000       0x20 src/GFX/gfx.o
 .text.gfx_DrawLine
                0x00000000      0x19c src/GFX/gfx.o
 .bss.counter.11870
                0x00000000        0x4 src/GFX/gfx.o
 .rodata.C.60.11879
                0x00000000        0x4 src/GFX/gfx.o
 .rodata.str1.4
                0x00000000        0x8 src/GFX/gfx.o
 .text          0x00000000        0x0 src/GFX/gui.o
 .data          0x00000000        0x0 src/GFX/gui.o
 .bss           0x00000000        0x0 src/GFX/gui.o
 .debug_abbrev  0x00000000      0x230 src/GFX/gui.o
 .debug_info    0x00000000      0x7b9 src/GFX/gui.o
 .debug_line    0x00000000      0xaba src/GFX/gui.o
 .debug_macinfo
                0x00000000    0xe4497 src/GFX/gui.o
 .text._musicInput
                0x00000000       0x34 src/GFX/gui.o
 .text._settingsInput
                0x00000000       0x34 src/GFX/gui.o
 .text._alarmInput
                0x00000000       0x88 src/GFX/gui.o
 .text.switchISR
                0x00000000       0x64 src/GFX/gui.o
 .text._mainInput
                0x00000000      0x100 src/GFX/gui.o
 .text._drawButton
                0x00000000       0xe4 src/GFX/gui.o
 .text._alarmMenu
                0x00000000      0x150 src/GFX/gui.o
 .text._settingsMenu
                0x00000000       0xe4 src/GFX/gui.o
 .text._musicMenu
                0x00000000       0xf8 src/GFX/gui.o
 .text._mainMenu
                0x00000000      0x1dc src/GFX/gui.o
 .text.gui_loadingScreen
                0x00000000      0x1dc src/GFX/gui.o
 .text.gui_Init
                0x00000000       0x74 src/GFX/gui.o
 .data.commandChanged
                0x00000000        0x1 src/GFX/gui.o
 .bss.menuChanged
                0x00000000        0x1 src/GFX/gui.o
 .rodata.C.54.11494
                0x00000000        0x4 src/GFX/gui.o
 .rodata.C.50.11490
                0x00000000        0x4 src/GFX/gui.o
 .rodata.C.62.11518
                0x00000000        0x4 src/GFX/gui.o
 .rodata.C.47.11487
                0x00000000        0x8 src/GFX/gui.o
 .rodata.C.56.11496
                0x00000000        0x4 src/GFX/gui.o
 .data.menus    0x00000000       0x10 src/GFX/gui.o
 .rodata.C.68.11570
                0x00000000        0x4 src/GFX/gui.o
 .rodata.C.69.11572
                0x00000000        0x4 src/GFX/gui.o
 .rodata.C.63.11520
                0x00000000        0x4 src/GFX/gui.o
 .rodata.C.51.11491
                0x00000000        0x4 src/GFX/gui.o
 .rodata.C.48.11488
                0x00000000        0x4 src/GFX/gui.o
 .data.selectedOption
                0x00000000        0x1 src/GFX/gui.o
 .data.input    0x00000000       0x10 src/GFX/gui.o
 .rodata.C.55.11495
                0x00000000        0x4 src/GFX/gui.o
 .rodata.str1.4
                0x00000000      0x170 src/GFX/gui.o
 .rodata.C.60.11507
                0x00000000        0x4 src/GFX/gui.o
 .rodata.C.52.11492
                0x00000000        0x4 src/GFX/gui.o
 .bss.binding   0x00000000        0x0 src/GFX/gui.o
 .rodata.C.49.11489
                0x00000000        0x4 src/GFX/gui.o
 .data.textColor
                0x00000000        0x4 src/GFX/gui.o
 .bss.selectedCommand
                0x00000000        0x1 src/GFX/gui.o
 .rodata.C.67.11559
                0x00000000        0x4 src/GFX/gui.o
 .rodata.C.58.11505
                0x00000000        0x4 src/GFX/gui.o
 .rodata.C.61.11508
                0x00000000        0x4 src/GFX/gui.o
 .bss.switchState
                0x00000000        0x1 src/GFX/gui.o
 .rodata.C.57.11497
                0x00000000        0x4 src/GFX/gui.o
 .rodata.C.59.11506
                0x00000000        0x4 src/GFX/gui.o
 .bss.currentMenuId
                0x00000000        0x1 src/GFX/gui.o
 .rodata.C.66.11543
                0x00000000        0x4 src/GFX/gui.o
 .rodata.C.53.11493
                0x00000000        0x4 src/GFX/gui.o
 .bss.needRepaint
                0x00000000        0x1 src/GFX/gui.o
 .debug_frame   0x00000000      0x32c src/GFX/gui.o
 .debug_loc     0x00000000      0x61d src/GFX/gui.o
 .debug_pubnames
                0x00000000      0x133 src/GFX/gui.o
 .debug_aranges
                0x00000000       0x78 src/GFX/gui.o
 .debug_ranges  0x00000000       0x70 src/GFX/gui.o
 .debug_str     0x00000000      0x3ec src/GFX/gui.o
 .comment       0x00000000       0x31 src/GFX/gui.o
 .text          0x00000000        0x0 src/GFX/rectangle.o
 .data          0x00000000        0x0 src/GFX/rectangle.o
 .bss           0x00000000        0x0 src/GFX/rectangle.o
 .text.rectangle_GetWidth
                0x00000000       0x16 src/GFX/rectangle.o
 .text.rectangle_GetHeight
                0x00000000       0x16 src/GFX/rectangle.o
 .text          0x00000000        0x0 src/GFX/screen.o
 .data          0x00000000        0x0 src/GFX/screen.o
 .bss           0x00000000        0x0 src/GFX/screen.o
 .text.screen_SetBacklightStrength
                0x00000000        0x2 src/GFX/screen.o
 .text.screen_TouchZone
                0x00000000        0x2 src/GFX/screen.o
 .text          0x00000000        0x0 src/GFX/vector2.o
 .data          0x00000000        0x0 src/GFX/vector2.o
 .bss           0x00000000        0x0 src/GFX/vector2.o
 .text          0x00000000        0x0 src/init.o
 .data          0x00000000        0x0 src/init.o
 .bss           0x00000000        0x0 src/init.o
 .text.tc0_init
                0x00000000       0x50 src/init.o
 .rodata.WAVEFORM_OPT0.11361
                0x00000000        0x8 src/init.o
 .rodata.TC0_INTERRUPT.11362
                0x00000000        0x4 src/init.o
 .text          0x00000000        0x0 src/mainCentre.o
 .data          0x00000000        0x0 src/mainCentre.o
 .bss           0x00000000        0x0 src/mainCentre.o
 .debug_abbrev  0x00000000      0x146 src/mainCentre.o
 .debug_info    0x00000000      0x2a4 src/mainCentre.o
 .debug_line    0x00000000      0x9a0 src/mainCentre.o
 .debug_macinfo
                0x00000000    0xe465e src/mainCentre.o
 .text.mainCentre
                0x00000000       0xc0 src/mainCentre.o
 .debug_frame   0x00000000       0x38 src/mainCentre.o
 .debug_loc     0x00000000       0x3d src/mainCentre.o
 .debug_pubnames
                0x00000000       0x21 src/mainCentre.o
 .debug_aranges
                0x00000000       0x20 src/mainCentre.o
 .debug_ranges  0x00000000       0x18 src/mainCentre.o
 .debug_str     0x00000000      0x1f7 src/mainCentre.o
 .comment       0x00000000       0x31 src/mainCentre.o
 .text          0x00000000        0x0 src/mainGauche.o
 .data          0x00000000        0x0 src/mainGauche.o
 .bss           0x00000000        0x0 src/mainGauche.o
 .text          0x00000000        0x0 src/RTC/rtc.o
 .data          0x00000000        0x0 src/RTC/rtc.o
 .bss           0x00000000        0x0 src/RTC/rtc.o
 .debug_abbrev  0x00000000      0x211 src/RTC/rtc.o
 .debug_info    0x00000000      0xc57 src/RTC/rtc.o
 .debug_line    0x00000000      0x9ba src/RTC/rtc.o
 .debug_macinfo
                0x00000000    0xe4748 src/RTC/rtc.o
 .text.rtc_setTime
                0x00000000        0x2 src/RTC/rtc.o
 .text.rtc_setNextMinuteInterrupt
                0x00000000        0x2 src/RTC/rtc.o
 .text.rtc_setNextAlarm
                0x00000000        0x2 src/RTC/rtc.o
 .text.rtc_write
                0x00000000       0x30 src/RTC/rtc.o
 .text.rtc_read
                0x00000000       0x4c src/RTC/rtc.o
 .text.rtc_getTime
                0x00000000      0x184 src/RTC/rtc.o
 .bss.buffer    0x00000000       0x10 src/RTC/rtc.o
 .bss.sentData  0x00000000       0x10 src/RTC/rtc.o
 .debug_frame   0x00000000       0xa8 src/RTC/rtc.o
 .debug_loc     0x00000000       0xe5 src/RTC/rtc.o
 .debug_pubnames
                0x00000000       0xb3 src/RTC/rtc.o
 .debug_aranges
                0x00000000       0x48 src/RTC/rtc.o
 .debug_ranges  0x00000000       0x40 src/RTC/rtc.o
 .debug_str     0x00000000      0x3e8 src/RTC/rtc.o
 .comment       0x00000000       0x31 src/RTC/rtc.o
 COMMON         0x00000000       0x57 src/RTC/rtc.o
 .text          0x00000000        0x0 src/SDCard/sdcard.o
 .data          0x00000000        0x0 src/SDCard/sdcard.o
 .bss           0x00000000        0x0 src/SDCard/sdcard.o
 .text          0x00000000        0x0 src/syntax.o
 .data          0x00000000        0x0 src/syntax.o
 .bss           0x00000000        0x0 src/syntax.o
 .debug_abbrev  0x00000000       0xa9 src/syntax.o
 .debug_info    0x00000000       0xfc src/syntax.o
 .debug_line    0x00000000      0x929 src/syntax.o
 .debug_macinfo
                0x00000000    0xe4497 src/syntax.o
 .text.syntax_fonction
                0x00000000        0x2 src/syntax.o
 .bss.externalVariable
                0x00000000        0x1 src/syntax.o
 .debug_frame   0x00000000       0x20 src/syntax.o
 .debug_pubnames
                0x00000000       0x3b src/syntax.o
 .debug_aranges
                0x00000000       0x20 src/syntax.o
 .debug_ranges  0x00000000       0x18 src/syntax.o
 .debug_str     0x00000000      0x134 src/syntax.o
 .comment       0x00000000       0x31 src/syntax.o
 .text          0x00000000        0x0 src/config/conf_cpu.o
 .data          0x00000000        0x0 src/config/conf_cpu.o
 .bss           0x00000000        0x0 src/config/conf_cpu.o
 .text          0x00000000        0x0 src/main.o
 .data          0x00000000        0x0 src/main.o
 .bss           0x00000000        0x0 src/main.o
 .data          0x00000000        0x0 c:/program files (x86)/atmel/studio/7.0/toolchain/avr32/avr32-gnu-toolchain/bin/../lib/gcc/avr32/4.4.7/../../../../avr32/lib/ucr2\libc.a(lib_a-memcpy.o)
 .bss           0x00000000        0x0 c:/program files (x86)/atmel/studio/7.0/toolchain/avr32/avr32-gnu-toolchain/bin/../lib/gcc/avr32/4.4.7/../../../../avr32/lib/ucr2\libc.a(lib_a-memcpy.o)

Memory Configuration

Name             Origin             Length             Attributes
FLASH            0x80000000         0x00040000         axrl !w
CPUSRAM          0x00000004         0x0000fffc         axw !rl
USERPAGE         0x80800000         0x00000200
FACTORYPAGE      0x80800200         0x00000200
*default*        0x00000000         0xffffffff

Linker script and memory map

                0x00001000                _stack_size = 0x1000
LOAD src/ASF/avr32/components/memory/sd_mmc/sd_mmc_spi/sd_mmc_spi.o
LOAD src/ASF/avr32/components/memory/sd_mmc/sd_mmc_spi/sd_mmc_spi_mem.o
LOAD src/ASF/avr32/drivers/flashc/flashc.o
LOAD src/ASF/avr32/drivers/gpio/gpio.o
LOAD src/ASF/avr32/drivers/intc/exception.o
LOAD src/ASF/avr32/drivers/intc/intc.o
LOAD src/ASF/avr32/drivers/pm/pm.o
LOAD src/ASF/avr32/drivers/pm/pm_conf_clocks.o
LOAD src/ASF/avr32/drivers/pm/power_clocks_lib.o
LOAD src/ASF/avr32/drivers/pwm/pwm.o
LOAD src/ASF/avr32/drivers/spi/spi.o
LOAD src/ASF/avr32/drivers/tc/tc.o
LOAD src/ASF/avr32/drivers/twi/twi.o
LOAD src/ASF/avr32/utils/startup/startup_uc3.o
LOAD src/ASF/avr32/utils/startup/trampoline_uc3.o
LOAD src/ASF/common/services/storage/ctrl_access/ctrl_access.o
LOAD src/audio/audio.o
LOAD src/GFX/fonts.o
LOAD src/GFX/gfx.o
LOAD src/GFX/gui.o
LOAD src/GFX/rectangle.o
LOAD src/GFX/screen.o
LOAD src/GFX/vector2.o
LOAD src/init.o
LOAD src/mainCentre.o
LOAD src/mainGauche.o
LOAD src/RTC/rtc.o
LOAD src/SDCard/sdcard.o
LOAD src/syntax.o
LOAD src/config/conf_cpu.o
LOAD src/main.o
START GROUP
LOAD c:/program files (x86)/atmel/studio/7.0/toolchain/avr32/avr32-gnu-toolchain/bin/../lib/gcc/avr32/4.4.7/../../../../avr32/lib/ucr2\libm.a
END GROUP
LOAD c:/program files (x86)/atmel/studio/7.0/toolchain/avr32/avr32-gnu-toolchain/bin/../lib/gcc/avr32/4.4.7/ucr2\libgcc.a
LOAD c:/program files (x86)/atmel/studio/7.0/toolchain/avr32/avr32-gnu-toolchain/bin/../lib/gcc/avr32/4.4.7/../../../../avr32/lib/ucr2\libc.a
LOAD c:/program files (x86)/atmel/studio/7.0/toolchain/avr32/avr32-gnu-toolchain/bin/../lib/gcc/avr32/4.4.7/ucr2\libgcc.a
                0x80000000                PROVIDE (__executable_start, 0x80000000)
                0x80000000                . = 0x80000000

.interp
 *(.interp)

.reset          0x80000000     0x2004
 *(.reset)
 .reset         0x80000000     0x2004 src/ASF/avr32/utils/startup/trampoline_uc3.o
                               0x2008 (size before relaxing)
                0x80000000                _trampoline

.hash
 *(.hash)

.dynsym
 *(.dynsym)

.dynstr
 *(.dynstr)

.gnu.version
 *(.gnu.version)

.gnu.version_d
 *(.gnu.version_d)

.gnu.version_r
 *(.gnu.version_r)

.rel.init
 *(.rel.init)

.rela.init
 *(.rela.init)

.rel.text
 *(.rel.text .rel.text.* .rel.gnu.linkonce.t.*)

.rela.text
 *(.rela.text .rela.text.* .rela.gnu.linkonce.t.*)

.rel.fini
 *(.rel.fini)

.rela.fini
 *(.rela.fini)

.rel.rodata
 *(.rel.rodata .rel.rodata.* .rel.gnu.linkonce.r.*)

.rela.rodata
 *(.rela.rodata .rela.rodata.* .rela.gnu.linkonce.r.*)

.rel.data.rel.ro
 *(.rel.data.rel.ro*)

.rela.data.rel.ro
 *(.rel.data.rel.ro*)

.rel.data
 *(.rel.data .rel.data.* .rel.gnu.linkonce.d.*)

.rela.data
 *(.rela.data .rela.data.* .rela.gnu.linkonce.d.*)

.rel.tdata
 *(.rel.tdata .rel.tdata.* .rel.gnu.linkonce.td.*)

.rela.tdata
 *(.rela.tdata .rela.tdata.* .rela.gnu.linkonce.td.*)

.rel.tbss
 *(.rel.tbss .rel.tbss.* .rel.gnu.linkonce.tb.*)

.rela.tbss
 *(.rela.tbss .rela.tbss.* .rela.gnu.linkonce.tb.*)

.rel.ctors
 *(.rel.ctors)

.rela.ctors
 *(.rela.ctors)

.rel.dtors
 *(.rel.dtors)

.rela.dtors
 *(.rela.dtors)

.rel.got
 *(.rel.got)

.rela.got       0x80002004        0x0
 *(.rela.got)
 .rela.got      0x80002004        0x0 src/ASF/avr32/drivers/flashc/flashc.o

.rel.bss
 *(.rel.bss .rel.bss.* .rel.gnu.linkonce.b.*)

.rela.bss
 *(.rela.bss .rela.bss.* .rela.gnu.linkonce.b.*)

.rel.plt
 *(.rel.plt)

.rela.plt
 *(.rela.plt)

.init
 *(.init)

.plt
 *(.plt)

.text           0x80002004     0x2a9c
 *(.text .stub .text.* .gnu.linkonce.t.*)
 .text.sd_mmc_spi_get_capacity
                0x80002004      0x11c src/ASF/avr32/components/memory/sd_mmc/sd_mmc_spi/sd_mmc_spi.o
                0x80002004                sd_mmc_spi_get_capacity
 .text.sd_mmc_spi_send_and_read
                0x80002120       0x34 src/ASF/avr32/components/memory/sd_mmc/sd_mmc_spi/sd_mmc_spi.o
                0x80002120                sd_mmc_spi_send_and_read
 .text.sd_mmc_spi_wait_not_busy
                0x80002154       0x58 src/ASF/avr32/components/memory/sd_mmc/sd_mmc_spi/sd_mmc_spi.o
                0x80002154                sd_mmc_spi_wait_not_busy
 .text.sd_mmc_spi_command
                0x800021ac       0xc8 src/ASF/avr32/components/memory/sd_mmc/sd_mmc_spi/sd_mmc_spi.o
                0x800021ac                sd_mmc_spi_command
 .text.sd_mmc_spi_send_command
                0x80002274       0x40 src/ASF/avr32/components/memory/sd_mmc/sd_mmc_spi/sd_mmc_spi.o
                0x80002274                sd_mmc_spi_send_command
 .text.sd_mmc_spi_check_presence
                0x800022b4       0x7c src/ASF/avr32/components/memory/sd_mmc/sd_mmc_spi/sd_mmc_spi.o
                0x800022b4                sd_mmc_spi_check_presence
 .text.sd_mmc_spi_check_hc
                0x80002330       0x8c src/ASF/avr32/components/memory/sd_mmc/sd_mmc_spi/sd_mmc_spi.o
                0x80002330                sd_mmc_spi_check_hc
 .text.sd_mmc_spi_get_if
                0x800023bc       0xb8 src/ASF/avr32/components/memory/sd_mmc/sd_mmc_spi/sd_mmc_spi.o
                0x800023bc                sd_mmc_spi_get_if
 .text.sd_mmc_spi_get_csd
                0x80002474       0xf4 src/ASF/avr32/components/memory/sd_mmc/sd_mmc_spi/sd_mmc_spi.o
                0x80002474                sd_mmc_spi_get_csd
 .text.sd_mmc_spi_internal_init
                0x80002568      0x2a4 src/ASF/avr32/components/memory/sd_mmc/sd_mmc_spi/sd_mmc_spi.o
                0x80002568                sd_mmc_spi_internal_init
 .text.sd_mmc_spi_init
                0x8000280c       0x34 src/ASF/avr32/components/memory/sd_mmc/sd_mmc_spi/sd_mmc_spi.o
                0x8000280c                sd_mmc_spi_init
 .text.flashc_set_wait_state
                0x80002840        0xe src/ASF/avr32/drivers/flashc/flashc.o
                0x80002840                flashc_set_wait_state
 .text.gpio_enable_module_pin
                0x8000284e       0x52 src/ASF/avr32/drivers/gpio/gpio.o
                0x8000284e                gpio_enable_module_pin
 .text.gpio_enable_module
                0x800028a0       0x30 src/ASF/avr32/drivers/gpio/gpio.o
                0x800028a0                gpio_enable_module
 .text.gpio_configure_group
                0x800028d0       0x6e src/ASF/avr32/drivers/gpio/gpio.o
                0x800028d0                gpio_configure_group
 .text.gpio_set_gpio_pin
                0x8000293e       0x1c src/ASF/avr32/drivers/gpio/gpio.o
                0x8000293e                gpio_set_gpio_pin
 .text.gpio_set_group_high
                0x8000295a        0xc src/ASF/avr32/drivers/gpio/gpio.o
                0x8000295a                gpio_set_group_high
 .text.gpio_clr_gpio_pin
                0x80002966       0x1c src/ASF/avr32/drivers/gpio/gpio.o
                0x80002966                gpio_clr_gpio_pin
 .text.gpio_set_group_low
                0x80002982        0xc src/ASF/avr32/drivers/gpio/gpio.o
                0x80002982                gpio_set_group_low
 .text._unhandled_interrupt
                0x8000298e        0x2 src/ASF/avr32/drivers/intc/intc.o
 .text.INTC_register_interrupt
                0x80002990       0x80 src/ASF/avr32/drivers/intc/intc.o
                0x80002990                INTC_register_interrupt
 .text.INTC_init_interrupts
                0x80002a10       0x54 src/ASF/avr32/drivers/intc/intc.o
                0x80002a10                INTC_init_interrupts
 .text._get_interrupt_handler
                0x80002a64       0x38 src/ASF/avr32/drivers/intc/intc.o
                0x80002a64                _get_interrupt_handler
 .text.pm_set_osc0_mode
                0x80002a9c        0xa src/ASF/avr32/drivers/pm/pm.o
 *fill*         0x80002aa6        0x2 d703d703
 .text.pm_enable_osc0_crystal
                0x80002aa8       0x3c src/ASF/avr32/drivers/pm/pm.o
                0x80002aa8                pm_enable_osc0_crystal
 .text.pm_enable_clk0_no_wait
                0x80002ae4       0x10 src/ASF/avr32/drivers/pm/pm.o
                0x80002ae4                pm_enable_clk0_no_wait
 .text.pm_wait_for_clk0_ready
                0x80002af4        0xa src/ASF/avr32/drivers/pm/pm.o
                0x80002af4                pm_wait_for_clk0_ready
 *fill*         0x80002afe        0x2 d703d703
 .text.pm_enable_clk0
                0x80002b00       0x1c src/ASF/avr32/drivers/pm/pm.o
                0x80002b00                pm_enable_clk0
 .text.pm_cksel
                0x80002b1c       0x46 src/ASF/avr32/drivers/pm/pm.o
                0x80002b1c                pm_cksel
 .text.pm_pll_setup
                0x80002b62       0x22 src/ASF/avr32/drivers/pm/pm.o
                0x80002b62                pm_pll_setup
 .text.pm_pll_set_option
                0x80002b84       0x1a src/ASF/avr32/drivers/pm/pm.o
                0x80002b84                pm_pll_set_option
 .text.pm_pll_enable
                0x80002b9e        0xe src/ASF/avr32/drivers/pm/pm.o
                0x80002b9e                pm_pll_enable
 .text.pm_wait_for_pll0_locked
                0x80002bac        0xa src/ASF/avr32/drivers/pm/pm.o
                0x80002bac                pm_wait_for_pll0_locked
 .text.pm_switch_to_clock
                0x80002bb6        0xa src/ASF/avr32/drivers/pm/pm.o
                0x80002bb6                pm_switch_to_clock
 .text.pm_switch_to_osc0
                0x80002bc0       0x2c src/ASF/avr32/drivers/pm/pm.o
                0x80002bc0                pm_switch_to_osc0
 .text.pwm_channel_init
                0x80002bec       0x36 src/ASF/avr32/drivers/pwm/pwm.o
                0x80002bec                pwm_channel_init
 .text.pwm_start_channels
                0x80002c22       0x12 src/ASF/avr32/drivers/pwm/pwm.o
                0x80002c22                pwm_start_channels
 .text.pwm_init
                0x80002c34       0x46 src/ASF/avr32/drivers/pwm/pwm.o
                0x80002c34                pwm_init
 .text.getBaudDiv
                0x80002c7a       0x20 src/ASF/avr32/drivers/spi/spi.o
                0x80002c7a                getBaudDiv
 .text.spi_initMaster
                0x80002c9a       0x38 src/ASF/avr32/drivers/spi/spi.o
                0x80002c9a                spi_initMaster
 .text.spi_selectionMode
                0x80002cd2       0x2c src/ASF/avr32/drivers/spi/spi.o
                0x80002cd2                spi_selectionMode
 .text.spi_selectChip
                0x80002cfe       0x4c src/ASF/avr32/drivers/spi/spi.o
                0x80002cfe                spi_selectChip
 .text.spi_unselectChip
                0x80002d4a       0x26 src/ASF/avr32/drivers/spi/spi.o
                0x80002d4a                spi_unselectChip
 .text.spi_setupChipReg
                0x80002d70       0xb8 src/ASF/avr32/drivers/spi/spi.o
                0x80002d70                spi_setupChipReg
 .text.spi_enable
                0x80002e28        0x6 src/ASF/avr32/drivers/spi/spi.o
                0x80002e28                spi_enable
 .text.spi_write
                0x80002e2e       0x1c src/ASF/avr32/drivers/spi/spi.o
                0x80002e2e                spi_write
 .text.spi_read
                0x80002e4a       0x20 src/ASF/avr32/drivers/spi/spi.o
                0x80002e4a                spi_read
 .text.tc_init_waveform
                0x80002e6a       0x9c src/ASF/avr32/drivers/tc/tc.o
                0x80002e6a                tc_init_waveform
 .text.tc_start
                0x80002f06       0x12 src/ASF/avr32/drivers/tc/tc.o
                0x80002f06                tc_start
 .text.tc_stop  0x80002f18       0x12 src/ASF/avr32/drivers/tc/tc.o
                0x80002f18                tc_stop
 .text.tc_write_rc
                0x80002f2a       0x34 src/ASF/avr32/drivers/tc/tc.o
                0x80002f2a                tc_write_rc
 .text.tc_configure_interrupts
                0x80002f5e      0x108 src/ASF/avr32/drivers/tc/tc.o
                0x80002f5e                tc_configure_interrupts
 *fill*         0x80003066        0x2 d703d703
 .text.twi_master_interrupt_handler
                0x80003068       0xbc src/ASF/avr32/drivers/twi/twi.o
 .text.twi_master_init
                0x80003124       0x9c src/ASF/avr32/drivers/twi/twi.o
                0x80003124                twi_master_init
 .text._stext   0x800031c0       0x3c src/ASF/avr32/utils/startup/startup_uc3.o
                                 0x50 (size before relaxing)
                0x800031c0                _stext
 .text._fileVerification
                0x800031fc      0x1d0 src/audio/audio.o
                0x800031fc                _fileVerification
 .text._setOutput
                0x800033cc       0x98 src/audio/audio.o
                0x800033cc                _setOutput
 .text.tc1_irq  0x80003464       0x34 src/audio/audio.o
                0x80003464                tc1_irq
 .text.audio_setVolume
                0x80003498       0x6c src/audio/audio.o
                0x80003498                audio_setVolume
 .text.audio_playFile
                0x80003504      0x1e0 src/audio/audio.o
                0x80003504                audio_playFile
 .text.gfx_BeginNewTerminal
                0x800036e4       0x1c src/GFX/gfx.o
                0x800036e4                gfx_BeginNewTerminal
 .text.gfx_Label
                0x80003700      0x180 src/GFX/gfx.o
                0x80003700                gfx_Label
 .text.gfx_AddLineToTerminal
                0x80003880       0x70 src/GFX/gfx.o
                0x80003880                gfx_AddLineToTerminal
 .text.rectangle_GetArea
                0x800038f0       0x2a src/GFX/rectangle.o
                0x800038f0                rectangle_GetArea
 .text.rectangle_VerifySize
                0x8000391a       0x2a src/GFX/rectangle.o
                0x8000391a                rectangle_VerifySize
 .text.Rect     0x80003944        0xe src/GFX/rectangle.o
                0x80003944                Rect
 *fill*         0x80003952        0x2 d703d703
 .text._writeRegister
                0x80003954       0x80 src/GFX/screen.o
 .text._setStart
                0x800039d4       0x20 src/GFX/screen.o
 .text._setLimits
                0x800039f4       0x30 src/GFX/screen.o
 .text._selectRegister
                0x80003a24       0x48 src/GFX/screen.o
 .text._writeRAM
                0x80003a6c       0x4c src/GFX/screen.o
 .text.screen_SetPixels
                0x80003ab8       0xa0 src/GFX/screen.o
                0x80003ab8                screen_SetPixels
 .text.screen_SetPixel
                0x80003b58       0x3c src/GFX/screen.o
                0x80003b58                screen_SetPixel
 .text.screen_Init
                0x80003b94      0x3dc src/GFX/screen.o
                0x80003b94                screen_Init
 .text.vector2_Add
                0x80003f70       0x22 src/GFX/vector2.o
                0x80003f70                vector2_Add
 *fill*         0x80003f92        0x2 d703d703
 .text.twi_init
                0x80003f94       0x6c src/init.o
                0x80003f94                twi_init
 .text.tc1_init
                0x80004000       0x50 src/init.o
                0x80004000                tc1_init
 .text.spi_init
                0x80004050       0x88 src/init.o
                0x80004050                spi_init
 .text.board_init
                0x800040d8       0x40 src/init.o
                0x800040d8                board_init
 .text.mainGauche
                0x80004118       0x5c src/mainGauche.o
                0x80004118                mainGauche
 .text.sdcard_setFileToRead
                0x80004174       0x80 src/SDCard/sdcard.o
                0x80004174                sdcard_setFileToRead
 .text._readSector
                0x800041f4      0x124 src/SDCard/sdcard.o
 .text.sdcard_getNextSector
                0x80004318      0x114 src/SDCard/sdcard.o
                0x80004318                sdcard_getNextSector
 .text.sdcard_checkPresence
                0x8000442c        0xc src/SDCard/sdcard.o
                0x8000442c                sdcard_checkPresence
 .text.sdcard_mount
                0x80004438      0x3f8 src/SDCard/sdcard.o
                0x80004438                sdcard_mount
 .text.sdcard_init
                0x80004830       0x88 src/SDCard/sdcard.o
                0x80004830                sdcard_init
 .text.sysclk_init
                0x800048b8       0x94 src/config/conf_cpu.o
                0x800048b8                sysclk_init
 .text.main     0x8000494c        0xc src/main.o
                0x8000494c                main
 .text          0x80004958      0x148 c:/program files (x86)/atmel/studio/7.0/toolchain/avr32/avr32-gnu-toolchain/bin/../lib/gcc/avr32/4.4.7/../../../../avr32/lib/ucr2\libc.a(lib_a-memcpy.o)
                0x80004958                memcpy
 *(.text.*personality*)
 *(.gnu.warning)

.exception      0x80004c00      0x200
 .exception     0x80004c00      0x200 src/ASF/avr32/drivers/intc/exception.o
                0x80004c00                _evba
                0x80004d04                _int0
                0x80004d12                _int1
                0x80004d20                _int2
                0x80004d2e                _int3

.fini
 *(.fini)
                0x80004e00                PROVIDE (__etext, .)
                0x80004e00                PROVIDE (_etext, .)
                0x80004e00                PROVIDE (etext, .)

.rodata         0x80004e00     0x3334
 *(.rodata .rodata.* .gnu.linkonce.r.*)
 .rodata._int_handler_table
                0x80004e00       0xa0 src/ASF/avr32/drivers/intc/intc.o
 .rodata.FONT8x8
                0x80004ea0      0x308 src/GFX/fonts.o
                0x80004ea0                FONT8x8
 .rodata.FONT16x12
                0x800051a8     0x2ee0 src/GFX/fonts.o
                0x800051a8                FONT16x12
 .rodata.C.47.11357
                0x80008088       0x20 src/GFX/screen.o
 .rodata.C.48.11358
                0x800080a8       0x10 src/GFX/screen.o
 .rodata.C.49.11368
                0x800080b8        0xc src/init.o
 .rodata.C.47.11351
                0x800080c4       0x20 src/init.o
 .rodata.WAVEFORM_OPT1.11356
                0x800080e4        0x8 src/init.o
 .rodata.C.48.11352
                0x800080ec       0x10 src/init.o
 .rodata.C.50.11369
                0x800080fc       0x10 src/init.o
 .rodata.TC1_INTERRUPT.11357
                0x8000810c        0x4 src/init.o
 .rodata.C.48.11500
                0x80008110        0x4 src/SDCard/sdcard.o
 .rodata.C.47.11479
                0x80008114       0x20 src/SDCard/sdcard.o

.rodata1
 *(.rodata1)

.eh_frame_hdr
 *(.eh_frame_hdr)

.eh_frame
 *(.eh_frame)

.gcc_except_table
 *(.gcc_except_table)
 *(.gcc_except_table.*)

.dalign         0x80008134        0x4
                0x80008138                . = ALIGN (0x8)
 *fill*         0x80008134        0x4 
                0x80008138                PROVIDE (_data_lma, .)
                0x00000004                PROVIDE (_data, ORIGIN (CPUSRAM))
                0x00000004                . = ORIGIN (CPUSRAM)

.eh_frame
 *(.eh_frame)

.gcc_except_table
 *(.gcc_except_table)
 *(.gcc_except_table.*)

.tdata
 *(.tdata .tdata.* .gnu.linkonce.td.*)

.tbss
 *(.tbss .tbss.* .gnu.linkonce.tb.*)
 *(.tcommon)
                0x00000004                PROVIDE (__preinit_array_start, ALIGN (0x4))

.preinit_array
 *(.preinit_array)
                0x00000004                PROVIDE (__preinit_array_end, .)
                0x00000004                PROVIDE (__init_array_start, .)

.init_array
 *(.init_array)
                0x00000004                PROVIDE (__init_array_end, .)
                0x00000004                PROVIDE (__fini_array_start, .)

.fini_array
 *(.fini_array)
                0x00000004                PROVIDE (__fini_array_end, .)

.ctors
 *crtbegin*.o(.ctors)
 *(EXCLUDE_FILE(*crtend*.o) .ctors)
 *(SORT(.ctors.*))
 *(.ctors)

.dtors
 *crtbegin*.o(.dtors)
 *(EXCLUDE_FILE(*crtend*.o) .dtors)
 *(SORT(.dtors.*))
 *(.dtors)

.jcr
 *(.jcr)

.data.rel.ro
 *(.data.rel.ro.local)
 *(.data.rel.ro*)

.dynamic
 *(.dynamic)

.got
 *(.got.plt)
 *(.got)

.data           0x00000004       0x1c load address 0x80008138
 *(.data .data.* .gnu.linkonce.d.*)
 .data.currentVolume
                0x00000004        0x1 src/audio/audio.o
                0x00000004                currentVolume
 *fill*         0x00000005        0x3 
 .data.wavDataPointer.11358
                0x00000008        0x4 src/audio/audio.o
 .data.audio_firstCall.11357
                0x0000000c        0x4 src/audio/audio.o
 .data.sdOptions
                0x00000010       0x10 src/SDCard/sdcard.o
 *(.gnu.linkonce.d.*personality*)

.data1
 *(.data1)

.balign         0x00000020        0x0 load address 0x80008154
                0x00000020                . = ALIGN (0x8)
                0x00000020                _edata = .
                0x00000020                _edata = .
                0x00000020                PROVIDE (edata, .)
                0x00000020                __bss_start = .

.bss            0x00000020     0x1608 load address 0x80008154
 *(.dynbss)
 *(.bss .bss.* .gnu.linkonce.b.*)
 .bss.sd_mmc_opt
                0x00000020       0x10 src/ASF/avr32/components/memory/sd_mmc/sd_mmc_spi/sd_mmc_spi.o
 .bss.sd_mmc_pba_hz
                0x00000030        0x4 src/ASF/avr32/components/memory/sd_mmc/sd_mmc_spi/sd_mmc_spi.o
 .bss.sd_mmc_spi_init_done
                0x00000034        0x1 src/ASF/avr32/components/memory/sd_mmc/sd_mmc_spi/sd_mmc_spi.o
                0x00000034                sd_mmc_spi_init_done
 *fill*         0x00000035        0x3 
 .bss._int_line_handler_table_6
                0x00000038        0x4 src/ASF/avr32/drivers/intc/intc.o
 .bss._int_line_handler_table_7
                0x0000003c        0x4 src/ASF/avr32/drivers/intc/intc.o
 .bss._int_line_handler_table_8
                0x00000040        0x4 src/ASF/avr32/drivers/intc/intc.o
 .bss._int_line_handler_table_9
                0x00000044        0x4 src/ASF/avr32/drivers/intc/intc.o
 .bss._int_line_handler_table_10
                0x00000048        0x4 src/ASF/avr32/drivers/intc/intc.o
 .bss._int_line_handler_table_11
                0x0000004c        0x4 src/ASF/avr32/drivers/intc/intc.o
 .bss._int_line_handler_table_12
                0x00000050        0x4 src/ASF/avr32/drivers/intc/intc.o
 .bss._int_line_handler_table_13
                0x00000054        0x4 src/ASF/avr32/drivers/intc/intc.o
 .bss._int_line_handler_table_14
                0x00000058        0xc src/ASF/avr32/drivers/intc/intc.o
 .bss._int_line_handler_table_15
                0x00000064        0x4 src/ASF/avr32/drivers/intc/intc.o
 .bss._int_line_handler_table_16
                0x00000068        0x4 src/ASF/avr32/drivers/intc/intc.o
 .bss._int_line_handler_table_17
                0x0000006c        0x4 src/ASF/avr32/drivers/intc/intc.o
 .bss._int_line_handler_table_18
                0x00000070        0x4 src/ASF/avr32/drivers/intc/intc.o
 .bss._int_line_handler_table_19
                0x00000074        0x4 src/ASF/avr32/drivers/intc/intc.o
 .bss._int_line_handler_table_0
                0x00000078        0x4 src/ASF/avr32/drivers/intc/intc.o
 .bss._int_line_handler_table_1
                0x0000007c       0x2c src/ASF/avr32/drivers/intc/intc.o
 .bss._int_line_handler_table_2
                0x000000a8       0x24 src/ASF/avr32/drivers/intc/intc.o
 .bss._int_line_handler_table_3
                0x000000cc       0x3c src/ASF/avr32/drivers/intc/intc.o
 .bss._int_line_handler_table_4
                0x00000108        0x4 src/ASF/avr32/drivers/intc/intc.o
 .bss._int_line_handler_table_5
                0x0000010c        0x4 src/ASF/avr32/drivers/intc/intc.o
 .bss.twi_busy  0x00000110        0x1 src/ASF/avr32/drivers/twi/twi.o
 .bss.twi_nack  0x00000111        0x1 src/ASF/avr32/drivers/twi/twi.o
 *fill*         0x00000112        0x2 
 .bss.twi_tx_nb_bytes
                0x00000114        0x4 src/ASF/avr32/drivers/twi/twi.o
 .bss.twi_it_mask
                0x00000118        0x4 src/ASF/avr32/drivers/twi/twi.o
 .bss.twi_inst  0x0000011c        0x4 src/ASF/avr32/drivers/twi/twi.o
 .bss.twi_tx_data
                0x00000120        0x4 src/ASF/avr32/drivers/twi/twi.o
 .bss.twi_rx_nb_bytes
                0x00000124        0x4 src/ASF/avr32/drivers/twi/twi.o
 .bss.twi_rx_data
                0x00000128        0x4 src/ASF/avr32/drivers/twi/twi.o
 .bss.loadNextSample
                0x0000012c        0x1 src/audio/audio.o
                0x0000012c                loadNextSample
 *fill*         0x0000012d        0x1 
 .bss.audioL    0x0000012e        0x2 src/audio/audio.o
                0x0000012e                audioL
 .bss.audioR    0x00000130        0x2 src/audio/audio.o
                0x00000130                audioR
 *fill*         0x00000132        0x2 
 .bss.wavData1  0x00000134      0x200 src/audio/audio.o
                0x00000134                wavData1
 .bss.wavData2  0x00000334      0x200 src/audio/audio.o
                0x00000334                wavData2
 .bss.wavDataIndex.11359
                0x00000534        0x4 src/audio/audio.o
 .bss.newLinePosition
                0x00000538        0x4 src/GFX/gfx.o
 .bss.isFAT32   0x0000053c        0x1 src/SDCard/sdcard.o
                0x0000053c                isFAT32
 *(COMMON)
 *fill*         0x0000053d        0x3 
 COMMON         0x00000540      0x229 src/ASF/avr32/components/memory/sd_mmc/sd_mmc_spi/sd_mmc_spi.o
                0x00000540                data_mem
                0x00000744                capacity
                0x0000074c                capacity_mult
                0x0000074e                erase_group_size
                0x00000750                sd_mmc_spi_last_block_address
                0x00000754                r2
                0x00000756                card_type
                0x00000758                csd
                0x00000768                r1
 *fill*         0x00000769        0x3 
 COMMON         0x0000076c       0x14 src/audio/audio.o
                0x0000076c                fileData
 COMMON         0x00000780      0xea1 src/SDCard/sdcard.o
                0x00000780                sectorsEnd
                0x00000784                cluster
                0x00000788                sector
                0x0000078c                sectorPerCluster
                0x00000790                files
                0x00001410                data
                0x00001610                dataSector
                0x00001614                FATSector
                0x00001618                rootSector
                0x0000161c                clustersFirstSector
                0x00001620                division
                0x00001628                . = ALIGN (0x8)
 *fill*         0x00001621        0x7 
                0x00001628                . = ALIGN (0x8)
                0x00001628                _end = .
                0x00001628                PROVIDE (end, .)
                0x00001628                __heap_start__ = ALIGN (0x8)
                0x0000f000                . = ((ORIGIN (CPUSRAM) + 0xfffc) - _stack_size)
                0x0000f000                __heap_end__ = .

.stab
 *(.stab)

.stabstr
 *(.stabstr)

.stab.excl
 *(.stab.excl)

.stab.exclstr
 *(.stab.exclstr)

.stab.index
 *(.stab.index)

.stab.indexstr
 *(.stab.indexstr)

.comment        0x00000000       0x30
 *(.comment)
 .comment       0x00000000       0x30 src/ASF/avr32/components/memory/sd_mmc/sd_mmc_spi/sd_mmc_spi.o
                                 0x31 (size before relaxing)
 .comment       0x00000000       0x31 src/ASF/avr32/drivers/flashc/flashc.o
 .comment       0x00000000       0x31 src/ASF/avr32/drivers/gpio/gpio.o
 .comment       0x00000000       0x31 src/ASF/avr32/drivers/intc/intc.o
 .comment       0x00000000       0x31 src/ASF/avr32/drivers/pm/pm.o
 .comment       0x00000000       0x31 src/ASF/avr32/drivers/pwm/pwm.o
 .comment       0x00000000       0x31 src/ASF/avr32/drivers/spi/spi.o
 .comment       0x00000000       0x31 src/ASF/avr32/drivers/tc/tc.o
 .comment       0x00000000       0x31 src/ASF/avr32/drivers/twi/twi.o
 .comment       0x00000000       0x31 src/audio/audio.o
 .comment       0x00000000       0x31 src/GFX/fonts.o
 .comment       0x00000000       0x31 src/GFX/gfx.o
 .comment       0x00000000       0x31 src/GFX/rectangle.o
 .comment       0x00000000       0x31 src/GFX/screen.o
 .comment       0x00000000       0x31 src/GFX/vector2.o
 .comment       0x00000000       0x31 src/init.o
 .comment       0x00000000       0x31 src/mainGauche.o
 .comment       0x00000000       0x31 src/SDCard/sdcard.o
 .comment       0x00000000       0x31 src/config/conf_cpu.o
 .comment       0x00000000       0x31 src/main.o

.debug
 *(.debug)

.line
 *(.line)

.debug_srcinfo
 *(.debug_srcinfo)

.debug_sfnames
 *(.debug_sfnames)

.debug_aranges  0x00000000      0xac0
 *(.debug_aranges)
 .debug_aranges
                0x00000000       0xf0 src/ASF/avr32/components/memory/sd_mmc/sd_mmc_spi/sd_mmc_spi.o
 .debug_aranges
                0x000000f0      0x218 src/ASF/avr32/drivers/flashc/flashc.o
 .debug_aranges
                0x00000308      0x100 src/ASF/avr32/drivers/gpio/gpio.o
 .debug_aranges
                0x00000408       0x20 src/ASF/avr32/drivers/intc/exception.o
 .debug_aranges
                0x00000428       0x38 src/ASF/avr32/drivers/intc/intc.o
 .debug_aranges
                0x00000460      0x190 src/ASF/avr32/drivers/pm/pm.o
 .debug_aranges
                0x000005f0       0x48 src/ASF/avr32/drivers/pwm/pwm.o
 .debug_aranges
                0x00000638       0xa8 src/ASF/avr32/drivers/spi/spi.o
 .debug_aranges
                0x000006e0       0xa8 src/ASF/avr32/drivers/tc/tc.o
 .debug_aranges
                0x00000788       0x70 src/ASF/avr32/drivers/twi/twi.o
 .debug_aranges
                0x000007f8       0x28 src/ASF/avr32/utils/startup/startup_uc3.o
 .debug_aranges
                0x00000820       0x20 src/ASF/avr32/utils/startup/trampoline_uc3.o
 .debug_aranges
                0x00000840       0x58 src/audio/audio.o
 .debug_aranges
                0x00000898       0x78 src/GFX/gfx.o
 .debug_aranges
                0x00000910       0x40 src/GFX/rectangle.o
 .debug_aranges
                0x00000950       0x68 src/GFX/screen.o
 .debug_aranges
                0x000009b8       0x20 src/GFX/vector2.o
 .debug_aranges
                0x000009d8       0x40 src/init.o
 .debug_aranges
                0x00000a18       0x20 src/mainGauche.o
 .debug_aranges
                0x00000a38       0x48 src/SDCard/sdcard.o
 .debug_aranges
                0x00000a80       0x20 src/config/conf_cpu.o
 .debug_aranges
                0x00000aa0       0x20 src/main.o

.debug_pubnames
                0x00000000     0x1c18
 *(.debug_pubnames)
 .debug_pubnames
                0x00000000      0x3b1 src/ASF/avr32/components/memory/sd_mmc/sd_mmc_spi/sd_mmc_spi.o
 .debug_pubnames
                0x000003b1      0x771 src/ASF/avr32/drivers/flashc/flashc.o
 .debug_pubnames
                0x00000b22      0x330 src/ASF/avr32/drivers/gpio/gpio.o
 .debug_pubnames
                0x00000e52       0x62 src/ASF/avr32/drivers/intc/intc.o
 .debug_pubnames
                0x00000eb4      0x3ee src/ASF/avr32/drivers/pm/pm.o
 .debug_pubnames
                0x000012a2       0x9a src/ASF/avr32/drivers/pwm/pwm.o
 .debug_pubnames
                0x0000133c      0x178 src/ASF/avr32/drivers/spi/spi.o
 .debug_pubnames
                0x000014b4      0x164 src/ASF/avr32/drivers/tc/tc.o
 .debug_pubnames
                0x00001618       0xb2 src/ASF/avr32/drivers/twi/twi.o
 .debug_pubnames
                0x000016ca       0xff src/audio/audio.o
 .debug_pubnames
                0x000017c9       0x4a src/GFX/fonts.o
 .debug_pubnames
                0x00001813      0x10e src/GFX/gfx.o
 .debug_pubnames
                0x00001921       0x79 src/GFX/rectangle.o
 .debug_pubnames
                0x0000199a       0x80 src/GFX/screen.o
 .debug_pubnames
                0x00001a1a       0x22 src/GFX/vector2.o
 .debug_pubnames
                0x00001a3c       0x55 src/init.o
 .debug_pubnames
                0x00001a91       0x21 src/mainGauche.o
 .debug_pubnames
                0x00001ab2      0x129 src/SDCard/sdcard.o
 .debug_pubnames
                0x00001bdb       0x22 src/config/conf_cpu.o
 .debug_pubnames
                0x00001bfd       0x1b src/main.o

.debug_info     0x00000000    0x1074e
 *(.debug_info .gnu.linkonce.wi.*)
 .debug_info    0x00000000     0x12d6 src/ASF/avr32/components/memory/sd_mmc/sd_mmc_spi/sd_mmc_spi.o
 .debug_info    0x000012d6     0x1c74 src/ASF/avr32/drivers/flashc/flashc.o
 .debug_info    0x00002f4a      0xb1b src/ASF/avr32/drivers/gpio/gpio.o
 .debug_info    0x00003a65       0x88 src/ASF/avr32/drivers/intc/exception.o
 .debug_info    0x00003aed      0x5b3 src/ASF/avr32/drivers/intc/intc.o
 .debug_info    0x000040a0     0x1a59 src/ASF/avr32/drivers/pm/pm.o
 .debug_info    0x00005af9      0xa08 src/ASF/avr32/drivers/pwm/pwm.o
 .debug_info    0x00006501     0x1090 src/ASF/avr32/drivers/spi/spi.o
 .debug_info    0x00007591     0x1183 src/ASF/avr32/drivers/tc/tc.o
 .debug_info    0x00008714      0xfd5 src/ASF/avr32/drivers/twi/twi.o
 .debug_info    0x000096e9       0x87 src/ASF/avr32/utils/startup/startup_uc3.o
 .debug_info    0x00009770       0x8e src/ASF/avr32/utils/startup/trampoline_uc3.o
 .debug_info    0x000097fe     0x166e src/audio/audio.o
 .debug_info    0x0000ae6c      0x184 src/GFX/fonts.o
 .debug_info    0x0000aff0      0x8b3 src/GFX/gfx.o
 .debug_info    0x0000b8a3      0x23d src/GFX/rectangle.o
 .debug_info    0x0000bae0      0x92f src/GFX/screen.o
 .debug_info    0x0000c40f      0x10d src/GFX/vector2.o
 .debug_info    0x0000c51c     0x2039 src/init.o
 .debug_info    0x0000e555      0x117 src/mainGauche.o
 .debug_info    0x0000e66c     0x120a src/SDCard/sdcard.o
 .debug_info    0x0000f876      0xe2c src/config/conf_cpu.o
 .debug_info    0x000106a2       0xac src/main.o

.debug_abbrev   0x00000000     0x26d1
 *(.debug_abbrev)
 .debug_abbrev  0x00000000      0x2a4 src/ASF/avr32/components/memory/sd_mmc/sd_mmc_spi/sd_mmc_spi.o
 .debug_abbrev  0x000002a4      0x331 src/ASF/avr32/drivers/flashc/flashc.o
 .debug_abbrev  0x000005d5      0x28b src/ASF/avr32/drivers/gpio/gpio.o
 .debug_abbrev  0x00000860       0x14 src/ASF/avr32/drivers/intc/exception.o
 .debug_abbrev  0x00000874      0x1f2 src/ASF/avr32/drivers/intc/intc.o
 .debug_abbrev  0x00000a66      0x2d1 src/ASF/avr32/drivers/pm/pm.o
 .debug_abbrev  0x00000d37      0x19d src/ASF/avr32/drivers/pwm/pwm.o
 .debug_abbrev  0x00000ed4      0x281 src/ASF/avr32/drivers/spi/spi.o
 .debug_abbrev  0x00001155      0x25c src/ASF/avr32/drivers/tc/tc.o
 .debug_abbrev  0x000013b1      0x2cb src/ASF/avr32/drivers/twi/twi.o
 .debug_abbrev  0x0000167c       0x12 src/ASF/avr32/utils/startup/startup_uc3.o
 .debug_abbrev  0x0000168e       0x14 src/ASF/avr32/utils/startup/trampoline_uc3.o
 .debug_abbrev  0x000016a2      0x1f9 src/audio/audio.o
 .debug_abbrev  0x0000189b       0x86 src/GFX/fonts.o
 .debug_abbrev  0x00001921      0x24f src/GFX/gfx.o
 .debug_abbrev  0x00001b70       0xf5 src/GFX/rectangle.o
 .debug_abbrev  0x00001c65      0x356 src/GFX/screen.o
 .debug_abbrev  0x00001fbb       0x88 src/GFX/vector2.o
 .debug_abbrev  0x00002043      0x188 src/init.o
 .debug_abbrev  0x000021cb       0x97 src/mainGauche.o
 .debug_abbrev  0x00002262      0x314 src/SDCard/sdcard.o
 .debug_abbrev  0x00002576      0x10d src/config/conf_cpu.o
 .debug_abbrev  0x00002683       0x4e src/main.o

.debug_line     0x00000000     0xb9e8
 *(.debug_line)
 .debug_line    0x00000000      0xadc src/ASF/avr32/components/memory/sd_mmc/sd_mmc_spi/sd_mmc_spi.o
 .debug_line    0x00000adc      0xbc1 src/ASF/avr32/drivers/flashc/flashc.o
 .debug_line    0x0000169d      0x8aa src/ASF/avr32/drivers/gpio/gpio.o
 .debug_line    0x00001f47      0x109 src/ASF/avr32/drivers/intc/exception.o
 .debug_line    0x00002050      0x678 src/ASF/avr32/drivers/intc/intc.o
 .debug_line    0x000026c8      0x9ad src/ASF/avr32/drivers/pm/pm.o
 .debug_line    0x00003075      0x6a9 src/ASF/avr32/drivers/pwm/pwm.o
 .debug_line    0x0000371e      0x7b4 src/ASF/avr32/drivers/spi/spi.o
 .debug_line    0x00003ed2      0x79d src/ASF/avr32/drivers/tc/tc.o
 .debug_line    0x0000466f      0x869 src/ASF/avr32/drivers/twi/twi.o
 .debug_line    0x00004ed8       0xf2 src/ASF/avr32/utils/startup/startup_uc3.o
 .debug_line    0x00004fca       0x67 src/ASF/avr32/utils/startup/trampoline_uc3.o
 .debug_line    0x00005031      0xa05 src/audio/audio.o
 .debug_line    0x00005a36      0x8ce src/GFX/fonts.o
 .debug_line    0x00006304      0xad8 src/GFX/gfx.o
 .debug_line    0x00006ddc      0x949 src/GFX/rectangle.o
 .debug_line    0x00007725      0xa96 src/GFX/screen.o
 .debug_line    0x000081bb      0x8ef src/GFX/vector2.o
 .debug_line    0x00008aaa      0x988 src/init.o
 .debug_line    0x00009432      0x984 src/mainGauche.o
 .debug_line    0x00009db6      0xa5e src/SDCard/sdcard.o
 .debug_line    0x0000a814      0x8f1 src/config/conf_cpu.o
 .debug_line    0x0000b105      0x8e3 src/main.o

.debug_frame    0x00000000     0x1c6c
 *(.debug_frame)
 .debug_frame   0x00000000      0x364 src/ASF/avr32/components/memory/sd_mmc/sd_mmc_spi/sd_mmc_spi.o
 .debug_frame   0x00000364      0x6a4 src/ASF/avr32/drivers/flashc/flashc.o
 .debug_frame   0x00000a08      0x204 src/ASF/avr32/drivers/gpio/gpio.o
 .debug_frame   0x00000c0c       0x64 src/ASF/avr32/drivers/intc/intc.o
 .debug_frame   0x00000c70      0x390 src/ASF/avr32/drivers/pm/pm.o
 .debug_frame   0x00001000       0x70 src/ASF/avr32/drivers/pwm/pwm.o
 .debug_frame   0x00001070      0x158 src/ASF/avr32/drivers/spi/spi.o
 .debug_frame   0x000011c8      0x148 src/ASF/avr32/drivers/tc/tc.o
 .debug_frame   0x00001310      0x130 src/ASF/avr32/drivers/twi/twi.o
 .debug_frame   0x00001440       0xf4 src/audio/audio.o
 .debug_frame   0x00001534      0x328 src/GFX/gfx.o
 .debug_frame   0x0000185c       0x84 src/GFX/rectangle.o
 .debug_frame   0x000018e0      0x140 src/GFX/screen.o
 .debug_frame   0x00001a20       0x28 src/GFX/vector2.o
 .debug_frame   0x00001a48       0x90 src/init.o
 .debug_frame   0x00001ad8       0x3c src/mainGauche.o
 .debug_frame   0x00001b14       0xf8 src/SDCard/sdcard.o
 .debug_frame   0x00001c0c       0x38 src/config/conf_cpu.o
 .debug_frame   0x00001c44       0x28 src/main.o

.debug_str      0x00000000     0x348d
 *(.debug_str)
 .debug_str     0x00000000      0x751 src/ASF/avr32/components/memory/sd_mmc/sd_mmc_spi/sd_mmc_spi.o
                                0x7d3 (size before relaxing)
 .debug_str     0x00000751      0xa82 src/ASF/avr32/drivers/flashc/flashc.o
                                0xc36 (size before relaxing)
 .debug_str     0x000011d3      0x417 src/ASF/avr32/drivers/gpio/gpio.o
                                0x524 (size before relaxing)
 .debug_str     0x000015ea      0x37d src/ASF/avr32/drivers/intc/intc.o
                                0x478 (size before relaxing)
 .debug_str     0x00001967      0x7b5 src/ASF/avr32/drivers/pm/pm.o
                                0x990 (size before relaxing)
 .debug_str     0x0000211c      0x1e3 src/ASF/avr32/drivers/pwm/pwm.o
                                0x332 (size before relaxing)
 .debug_str     0x000022ff      0x1ba src/ASF/avr32/drivers/spi/spi.o
                                0x55d (size before relaxing)
 .debug_str     0x000024b9      0x350 src/ASF/avr32/drivers/tc/tc.o
                                0x4c5 (size before relaxing)
 .debug_str     0x00002809      0x337 src/ASF/avr32/drivers/twi/twi.o
                                0x4bb (size before relaxing)
 .debug_str     0x00002b40      0x18f src/audio/audio.o
                                0x65d (size before relaxing)
 .debug_str     0x00002ccf       0x30 src/GFX/fonts.o
                                0x127 (size before relaxing)
 .debug_str     0x00002cff      0x29f src/GFX/gfx.o
                                0x3e6 (size before relaxing)
 .debug_str     0x00002f9e       0x7d src/GFX/rectangle.o
                                0x1b8 (size before relaxing)
 .debug_str     0x0000301b       0xf7 src/GFX/screen.o
                                0x3ce (size before relaxing)
 .debug_str     0x00003112       0x21 src/GFX/vector2.o
                                0x120 (size before relaxing)
 .debug_str     0x00003133       0xa5 src/init.o
                                0x763 (size before relaxing)
 .debug_str     0x000031d8       0x1f src/mainGauche.o
                                0x125 (size before relaxing)
 .debug_str     0x000031f7      0x263 src/SDCard/sdcard.o
                                0x5c5 (size before relaxing)
 .debug_str     0x0000345a       0x25 src/config/conf_cpu.o
                                0x465 (size before relaxing)
 .debug_str     0x0000347f        0xe src/main.o
                                 0xf1 (size before relaxing)

.debug_loc      0x00000000     0x4579
 *(.debug_loc)
 .debug_loc     0x00000000      0x924 src/ASF/avr32/components/memory/sd_mmc/sd_mmc_spi/sd_mmc_spi.o
 .debug_loc     0x00000924     0x10f4 src/ASF/avr32/drivers/flashc/flashc.o
 .debug_loc     0x00001a18      0x368 src/ASF/avr32/drivers/gpio/gpio.o
 .debug_loc     0x00001d80       0xd3 src/ASF/avr32/drivers/intc/intc.o
 .debug_loc     0x00001e53      0x559 src/ASF/avr32/drivers/pm/pm.o
 .debug_loc     0x000023ac       0xb4 src/ASF/avr32/drivers/pwm/pwm.o
 .debug_loc     0x00002460      0x3bd src/ASF/avr32/drivers/spi/spi.o
 .debug_loc     0x0000281d      0x3ff src/ASF/avr32/drivers/tc/tc.o
 .debug_loc     0x00002c1c      0x42e src/ASF/avr32/drivers/twi/twi.o
 .debug_loc     0x0000304a      0x23b src/audio/audio.o
 .debug_loc     0x00003285      0xae1 src/GFX/gfx.o
 .debug_loc     0x00003d66       0x88 src/GFX/rectangle.o
 .debug_loc     0x00003dee      0x29f src/GFX/screen.o
 .debug_loc     0x0000408d       0x1f src/GFX/vector2.o
 .debug_loc     0x000040ac       0xb3 src/init.o
 .debug_loc     0x0000415f       0x4f src/mainGauche.o
 .debug_loc     0x000041ae      0x35d src/SDCard/sdcard.o
 .debug_loc     0x0000450b       0x4f src/config/conf_cpu.o
 .debug_loc     0x0000455a       0x1f src/main.o

.debug_macinfo  0x00000000  0x11b9d8c
 *(.debug_macinfo)
 .debug_macinfo
                0x00000000    0xe3416 src/ASF/avr32/components/memory/sd_mmc/sd_mmc_spi/sd_mmc_spi.o
 .debug_macinfo
                0x000e3416    0xe0b49 src/ASF/avr32/drivers/flashc/flashc.o
 .debug_macinfo
                0x001c3f5f    0xe0c27 src/ASF/avr32/drivers/gpio/gpio.o
 .debug_macinfo
                0x002a4b86    0xe0cd4 src/ASF/avr32/drivers/intc/intc.o
 .debug_macinfo
                0x0038585a    0xe0a91 src/ASF/avr32/drivers/pm/pm.o
 .debug_macinfo
                0x004662eb    0xe0afc src/ASF/avr32/drivers/pwm/pwm.o
 .debug_macinfo
                0x00546de7    0xe0a75 src/ASF/avr32/drivers/spi/spi.o
 .debug_macinfo
                0x0062785c    0xe130c src/ASF/avr32/drivers/tc/tc.o
 .debug_macinfo
                0x00708b68    0xe1b60 src/ASF/avr32/drivers/twi/twi.o
 .debug_macinfo
                0x007ea6c8    0xe44fa src/audio/audio.o
 .debug_macinfo
                0x008cebc2    0xe433e src/GFX/fonts.o
 .debug_macinfo
                0x009b2f00    0xe4598 src/GFX/gfx.o
 .debug_macinfo
                0x00a97498    0xe4364 src/GFX/rectangle.o
 .debug_macinfo
                0x00b7b7fc    0xe4a90 src/GFX/screen.o
 .debug_macinfo
                0x00c6028c    0xe4350 src/GFX/vector2.o
 .debug_macinfo
                0x00d445dc    0xe454e src/init.o
 .debug_macinfo
                0x00e28b2a    0xe4639 src/mainGauche.o
 .debug_macinfo
                0x00f0d163    0xe44ea src/SDCard/sdcard.o
 .debug_macinfo
                0x00ff164d    0xe43d4 src/config/conf_cpu.o
 .debug_macinfo
                0x010d5a21    0xe436b src/main.o

.debug_weaknames
 *(.debug_weaknames)

.debug_funcnames
 *(.debug_funcnames)

.debug_typenames
 *(.debug_typenames)

.debug_varnames
 *(.debug_varnames)

.stack          0x0000f000     0x1000
                0x0000f000                _stack = .
 *(.stack)
                0x00001000                . = _stack_size
 *fill*         0x0000f000     0x1000 
                0x00010000                _estack = .

.userpage
 *(.userpage .userpage.*)

.factorypage
 *(.factorypage .factorypage.*)

/DISCARD/
 *(.note.GNU-stack)
OUTPUT(Command.elf elf32-avr32)

.debug_ranges   0x00000000      0xb48
 .debug_ranges  0x00000000       0xe8 src/ASF/avr32/components/memory/sd_mmc/sd_mmc_spi/sd_mmc_spi.o
 .debug_ranges  0x000000e8      0x210 src/ASF/avr32/drivers/flashc/flashc.o
 .debug_ranges  0x000002f8       0xf8 src/ASF/avr32/drivers/gpio/gpio.o
 .debug_ranges  0x000003f0       0x48 src/ASF/avr32/drivers/intc/intc.o
 .debug_ranges  0x00000438      0x188 src/ASF/avr32/drivers/pm/pm.o
 .debug_ranges  0x000005c0       0x40 src/ASF/avr32/drivers/pwm/pwm.o
 .debug_ranges  0x00000600       0xa0 src/ASF/avr32/drivers/spi/spi.o
 .debug_ranges  0x000006a0       0xa0 src/ASF/avr32/drivers/tc/tc.o
 .debug_ranges  0x00000740       0x68 src/ASF/avr32/drivers/twi/twi.o
 .debug_ranges  0x000007a8       0x20 src/ASF/avr32/utils/startup/startup_uc3.o
 .debug_ranges  0x000007c8       0x50 src/audio/audio.o
 .debug_ranges  0x00000818       0xa0 src/GFX/gfx.o
 .debug_ranges  0x000008b8       0x38 src/GFX/rectangle.o
 .debug_ranges  0x000008f0      0x168 src/GFX/screen.o
 .debug_ranges  0x00000a58       0x18 src/GFX/vector2.o
 .debug_ranges  0x00000a70       0x38 src/init.o
 .debug_ranges  0x00000aa8       0x18 src/mainGauche.o
 .debug_ranges  0x00000ac0       0x58 src/SDCard/sdcard.o
 .debug_ranges  0x00000b18       0x18 src/config/conf_cpu.o
 .debug_ranges  0x00000b30       0x18 src/main.o
