Archive member included because of file (symbol)

c:/program files (x86)/atmel/studio/7.0/toolchain/avr32/avr32-gnu-toolchain/bin/../lib/gcc/avr32/4.4.7/../../../../avr32/lib/ucr2\libc.a(lib_a-malloc.o)
                              src/GFX/gui.o (malloc)
c:/program files (x86)/atmel/studio/7.0/toolchain/avr32/avr32-gnu-toolchain/bin/../lib/gcc/avr32/4.4.7/../../../../avr32/lib/ucr2\libc.a(lib_a-mallocr.o)
                              c:/program files (x86)/atmel/studio/7.0/toolchain/avr32/avr32-gnu-toolchain/bin/../lib/gcc/avr32/4.4.7/../../../../avr32/lib/ucr2\libc.a(lib_a-malloc.o) (_malloc_r)
c:/program files (x86)/atmel/studio/7.0/toolchain/avr32/avr32-gnu-toolchain/bin/../lib/gcc/avr32/4.4.7/../../../../avr32/lib/ucr2\libc.a(lib_a-memcpy.o)
                              src/ASF/avr32/drivers/flashc/flashc.o (memcpy)
c:/program files (x86)/atmel/studio/7.0/toolchain/avr32/avr32-gnu-toolchain/bin/../lib/gcc/avr32/4.4.7/../../../../avr32/lib/ucr2\libc.a(lib_a-mlock.o)
                              c:/program files (x86)/atmel/studio/7.0/toolchain/avr32/avr32-gnu-toolchain/bin/../lib/gcc/avr32/4.4.7/../../../../avr32/lib/ucr2\libc.a(lib_a-mallocr.o) (__malloc_lock)
c:/program files (x86)/atmel/studio/7.0/toolchain/avr32/avr32-gnu-toolchain/bin/../lib/gcc/avr32/4.4.7/../../../../avr32/lib/ucr2\libc.a(lib_a-sbrkr.o)
                              c:/program files (x86)/atmel/studio/7.0/toolchain/avr32/avr32-gnu-toolchain/bin/../lib/gcc/avr32/4.4.7/../../../../avr32/lib/ucr2\libc.a(lib_a-mallocr.o) (_sbrk_r)
c:/program files (x86)/atmel/studio/7.0/toolchain/avr32/avr32-gnu-toolchain/bin/../lib/gcc/avr32/4.4.7/../../../../avr32/lib/ucr2\libc.a(lib_a-syscalls.o)
                              c:/program files (x86)/atmel/studio/7.0/toolchain/avr32/avr32-gnu-toolchain/bin/../lib/gcc/avr32/4.4.7/../../../../avr32/lib/ucr2\libc.a(lib_a-sbrkr.o) (_sbrk)
c:/program files (x86)/atmel/studio/7.0/toolchain/avr32/avr32-gnu-toolchain/bin/../lib/gcc/avr32/4.4.7/../../../../avr32/lib/ucr2\libc.a(lib_a-errno.o)
                              c:/program files (x86)/atmel/studio/7.0/toolchain/avr32/avr32-gnu-toolchain/bin/../lib/gcc/avr32/4.4.7/../../../../avr32/lib/ucr2\libc.a(lib_a-syscalls.o) (__errno)
c:/program files (x86)/atmel/studio/7.0/toolchain/avr32/avr32-gnu-toolchain/bin/../lib/gcc/avr32/4.4.7/../../../../avr32/lib/ucr2\libc.a(lib_a-freer.o)
                              c:/program files (x86)/atmel/studio/7.0/toolchain/avr32/avr32-gnu-toolchain/bin/../lib/gcc/avr32/4.4.7/../../../../avr32/lib/ucr2\libc.a(lib_a-malloc.o) (_free_r)
c:/program files (x86)/atmel/studio/7.0/toolchain/avr32/avr32-gnu-toolchain/bin/../lib/gcc/avr32/4.4.7/../../../../avr32/lib/ucr2\libc.a(lib_a-impure.o)
                              c:/program files (x86)/atmel/studio/7.0/toolchain/avr32/avr32-gnu-toolchain/bin/../lib/gcc/avr32/4.4.7/../../../../avr32/lib/ucr2\libc.a(lib_a-malloc.o) (_impure_ptr)
c:/program files (x86)/atmel/studio/7.0/toolchain/avr32/avr32-gnu-toolchain/bin/../lib/gcc/avr32/4.4.7/../../../../avr32/lib/ucr2\libc.a(lib_a-reent.o)
                              c:/program files (x86)/atmel/studio/7.0/toolchain/avr32/avr32-gnu-toolchain/bin/../lib/gcc/avr32/4.4.7/../../../../avr32/lib/ucr2\libc.a(lib_a-sbrkr.o) (errno)
c:/program files (x86)/atmel/studio/7.0/toolchain/avr32/avr32-gnu-toolchain/bin/../lib/gcc/avr32/4.4.7/../../../../avr32/lib/ucr2\libc.a(lib_a-findfp.o)
                              c:/program files (x86)/atmel/studio/7.0/toolchain/avr32/avr32-gnu-toolchain/bin/../lib/gcc/avr32/4.4.7/../../../../avr32/lib/ucr2\libc.a(lib_a-impure.o) (__sf_fake_stdin)
c:/program files (x86)/atmel/studio/7.0/toolchain/avr32/avr32-gnu-toolchain/bin/../lib/gcc/avr32/4.4.7/../../../../avr32/lib/ucr2\libc.a(lib_a-fwalk.o)
                              c:/program files (x86)/atmel/studio/7.0/toolchain/avr32/avr32-gnu-toolchain/bin/../lib/gcc/avr32/4.4.7/../../../../avr32/lib/ucr2\libc.a(lib_a-findfp.o) (_fwalk)
c:/program files (x86)/atmel/studio/7.0/toolchain/avr32/avr32-gnu-toolchain/bin/../lib/gcc/avr32/4.4.7/../../../../avr32/lib/ucr2\libc.a(lib_a-memset.o)
                              c:/program files (x86)/atmel/studio/7.0/toolchain/avr32/avr32-gnu-toolchain/bin/../lib/gcc/avr32/4.4.7/../../../../avr32/lib/ucr2\libc.a(lib_a-findfp.o) (memset)
c:/program files (x86)/atmel/studio/7.0/toolchain/avr32/avr32-gnu-toolchain/bin/../lib/gcc/avr32/4.4.7/../../../../avr32/lib/ucr2\libc.a(lib_a-stdio.o)
                              c:/program files (x86)/atmel/studio/7.0/toolchain/avr32/avr32-gnu-toolchain/bin/../lib/gcc/avr32/4.4.7/../../../../avr32/lib/ucr2\libc.a(lib_a-findfp.o) (__sclose)
c:/program files (x86)/atmel/studio/7.0/toolchain/avr32/avr32-gnu-toolchain/bin/../lib/gcc/avr32/4.4.7/../../../../avr32/lib/ucr2\libc.a(lib_a-writer.o)
                              c:/program files (x86)/atmel/studio/7.0/toolchain/avr32/avr32-gnu-toolchain/bin/../lib/gcc/avr32/4.4.7/../../../../avr32/lib/ucr2\libc.a(lib_a-stdio.o) (_write_r)
[...]
Memory Configuration

Name             Origin             Length             Attributes
FLASH            0x80000000         0x00040000         axrl !w
CPUSRAM          0x00000004         0x0000fffc         axw !rl
USERPAGE         0x80800000         0x00000200
FACTORYPAGE      0x80800200         0x00000200
*default*        0x00000000         0xffffffff

Linker script and memory map

                0x00001000                _stack_size = 0x1000
LOAD src/ASF/avr32/components/memory/sd_mmc/sd_mmc_spi/sd_mmc_spi.o
LOAD src/ASF/avr32/components/memory/sd_mmc/sd_mmc_spi/sd_mmc_spi_mem.o
LOAD src/ASF/avr32/drivers/flashc/flashc.o
LOAD src/ASF/avr32/drivers/gpio/gpio.o
LOAD src/ASF/avr32/drivers/intc/exception.o
LOAD src/ASF/avr32/drivers/intc/intc.o
LOAD src/ASF/avr32/drivers/pm/pm.o
LOAD src/ASF/avr32/drivers/pm/pm_conf_clocks.o
LOAD src/ASF/avr32/drivers/pm/power_clocks_lib.o
LOAD src/ASF/avr32/drivers/pwm/pwm.o
LOAD src/ASF/avr32/drivers/spi/spi.o
LOAD src/ASF/avr32/drivers/tc/tc.o
LOAD src/ASF/avr32/utils/startup/startup_uc3.o
LOAD src/ASF/avr32/utils/startup/trampoline_uc3.o
LOAD src/ASF/common/services/storage/ctrl_access/ctrl_access.o
LOAD src/audio/audio.o
LOAD src/GFX/fonts.o
LOAD src/GFX/gfx.o
LOAD src/GFX/gui.o
LOAD src/GFX/rectangle.o
LOAD src/GFX/screen.o
LOAD src/GFX/vector2.o
LOAD src/init.o
LOAD src/mainCentre.o
LOAD src/mainGauche.o
LOAD src/SDCard/sdcard.o
LOAD src/syntax.o
LOAD src/config/conf_cpu.o
LOAD src/main.o
START GROUP
LOAD c:/program files (x86)/atmel/studio/7.0/toolchain/avr32/avr32-gnu-toolchain/bin/../lib/gcc/avr32/4.4.7/../../../../avr32/lib/ucr2\libm.a
END GROUP
LOAD c:/program files (x86)/atmel/studio/7.0/toolchain/avr32/avr32-gnu-toolchain/bin/../lib/gcc/avr32/4.4.7/ucr2\libgcc.a
LOAD c:/program files (x86)/atmel/studio/7.0/toolchain/avr32/avr32-gnu-toolchain/bin/../lib/gcc/avr32/4.4.7/../../../../avr32/lib/ucr2\libc.a
LOAD c:/program files (x86)/atmel/studio/7.0/toolchain/avr32/avr32-gnu-toolchain/bin/../lib/gcc/avr32/4.4.7/ucr2\libgcc.a
                0x80000000                PROVIDE (__executable_start, 0x80000000)
                0x80000000                . = 0x80000000

.interp
 *(.interp)

.reset          0x80000000     0x2004
 *(.reset)
 .reset         0x80000000     0x2004 src/ASF/avr32/utils/startup/trampoline_uc3.o
                               0x2008 (size before relaxing)
                0x80000000                _trampoline

.hash
 *(.hash)

.dynsym
 *(.dynsym)

.dynstr
 *(.dynstr)

.gnu.version
 *(.gnu.version)

.gnu.version_d
 *(.gnu.version_d)

.gnu.version_r
 *(.gnu.version_r)

.rel.init
 *(.rel.init)

.rela.init
 *(.rela.init)

.rel.text
 *(.rel.text .rel.text.* .rel.gnu.linkonce.t.*)

.rela.text
 *(.rela.text .rela.text.* .rela.gnu.linkonce.t.*)

.rel.fini
 *(.rel.fini)

.rela.fini
 *(.rela.fini)

.rel.rodata
 *(.rel.rodata .rel.rodata.* .rel.gnu.linkonce.r.*)

.rela.rodata
 *(.rela.rodata .rela.rodata.* .rela.gnu.linkonce.r.*)

.rel.data.rel.ro
 *(.rel.data.rel.ro*)

.rela.data.rel.ro
 *(.rel.data.rel.ro*)

.rel.data
 *(.rel.data .rel.data.* .rel.gnu.linkonce.d.*)

.rela.data
 *(.rela.data .rela.data.* .rela.gnu.linkonce.d.*)

.rel.tdata
 *(.rel.tdata .rel.tdata.* .rel.gnu.linkonce.td.*)

.rela.tdata
 *(.rela.tdata .rela.tdata.* .rela.gnu.linkonce.td.*)

.rel.tbss
 *(.rel.tbss .rel.tbss.* .rel.gnu.linkonce.tb.*)

.rela.tbss
 *(.rela.tbss .rela.tbss.* .rela.gnu.linkonce.tb.*)

.rel.ctors
 *(.rel.ctors)

.rela.ctors
 *(.rela.ctors)

.rel.dtors
 *(.rel.dtors)

.rela.dtors
 *(.rela.dtors)

.rel.got
 *(.rel.got)

.rela.got       0x80002004        0x0
 *(.rela.got)
 .rela.got      0x80002004        0x0 src/ASF/avr32/drivers/flashc/flashc.o

.rel.bss
 *(.rel.bss .rel.bss.* .rel.gnu.linkonce.b.*)

.rela.bss
 *(.rela.bss .rela.bss.* .rela.gnu.linkonce.b.*)

.rel.plt
 *(.rel.plt)

.rela.plt
 *(.rela.plt)

.init
 *(.init)

.plt
 *(.plt)

.text           0x80002004     0x21f8
 *(.text .stub .text.* .gnu.linkonce.t.*)
 .text.flashc_set_wait_state
                0x80002004        0xe src/ASF/avr32/drivers/flashc/flashc.o
                0x80002004                flashc_set_wait_state
 .text.gpio_enable_module_pin
                0x80002012       0x52 src/ASF/avr32/drivers/gpio/gpio.o
                0x80002012                gpio_enable_module_pin
 .text.gpio_enable_module
                0x80002064       0x30 src/ASF/avr32/drivers/gpio/gpio.o
                0x80002064                gpio_enable_module
 .text.gpio_set_gpio_pin
                0x80002094       0x1c src/ASF/avr32/drivers/gpio/gpio.o
                0x80002094                gpio_set_gpio_pin
 .text.gpio_clr_gpio_pin
                0x800020b0       0x1c src/ASF/avr32/drivers/gpio/gpio.o
                0x800020b0                gpio_clr_gpio_pin
 .text._get_interrupt_handler
                0x800020cc       0x38 src/ASF/avr32/drivers/intc/intc.o
                0x800020cc                _get_interrupt_handler
 .text.pm_set_osc0_mode
                0x80002104        0xa src/ASF/avr32/drivers/pm/pm.o
 *fill*         0x8000210e        0x2 d703d703
 .text.pm_enable_osc0_crystal
                0x80002110       0x3c src/ASF/avr32/drivers/pm/pm.o
                0x80002110                pm_enable_osc0_crystal
 .text.pm_enable_clk0_no_wait
                0x8000214c       0x10 src/ASF/avr32/drivers/pm/pm.o
                0x8000214c                pm_enable_clk0_no_wait
 .text.pm_wait_for_clk0_ready
                0x8000215c        0xa src/ASF/avr32/drivers/pm/pm.o
                0x8000215c                pm_wait_for_clk0_ready
 *fill*         0x80002166        0x2 d703d703
 .text.pm_enable_clk0
                0x80002168       0x1c src/ASF/avr32/drivers/pm/pm.o
                0x80002168                pm_enable_clk0
 .text.pm_cksel
                0x80002184       0x46 src/ASF/avr32/drivers/pm/pm.o
                0x80002184                pm_cksel
 .text.pm_pll_setup
                0x800021ca       0x22 src/ASF/avr32/drivers/pm/pm.o
                0x800021ca                pm_pll_setup
 .text.pm_pll_set_option
                0x800021ec       0x1a src/ASF/avr32/drivers/pm/pm.o
                0x800021ec                pm_pll_set_option
 .text.pm_pll_enable
                0x80002206        0xe src/ASF/avr32/drivers/pm/pm.o
                0x80002206                pm_pll_enable
 .text.pm_wait_for_pll0_locked
                0x80002214        0xa src/ASF/avr32/drivers/pm/pm.o
                0x80002214                pm_wait_for_pll0_locked
 .text.pm_switch_to_clock
                0x8000221e        0xa src/ASF/avr32/drivers/pm/pm.o
                0x8000221e                pm_switch_to_clock
 .text.pm_switch_to_osc0
                0x80002228       0x2c src/ASF/avr32/drivers/pm/pm.o
                0x80002228                pm_switch_to_osc0
 .text.pwm_channel_init
                0x80002254       0x36 src/ASF/avr32/drivers/pwm/pwm.o
                0x80002254                pwm_channel_init
 .text.pwm_start_channels
                0x8000228a       0x12 src/ASF/avr32/drivers/pwm/pwm.o
                0x8000228a                pwm_start_channels
 .text.pwm_init
                0x8000229c       0x46 src/ASF/avr32/drivers/pwm/pwm.o
                0x8000229c                pwm_init
 .text.getBaudDiv
                0x800022e2       0x20 src/ASF/avr32/drivers/spi/spi.o
                0x800022e2                getBaudDiv
 .text.spi_initMaster
                0x80002302       0x38 src/ASF/avr32/drivers/spi/spi.o
                0x80002302                spi_initMaster
 .text.spi_selectionMode
                0x8000233a       0x2c src/ASF/avr32/drivers/spi/spi.o
                0x8000233a                spi_selectionMode
 .text.spi_selectChip
                0x80002366       0x4c src/ASF/avr32/drivers/spi/spi.o
                0x80002366                spi_selectChip
 .text.spi_unselectChip
                0x800023b2       0x26 src/ASF/avr32/drivers/spi/spi.o
                0x800023b2                spi_unselectChip
 .text.spi_setupChipReg
                0x800023d8       0xb8 src/ASF/avr32/drivers/spi/spi.o
                0x800023d8                spi_setupChipReg
 .text.spi_enable
                0x80002490        0x6 src/ASF/avr32/drivers/spi/spi.o
                0x80002490                spi_enable
 .text.spi_write
                0x80002496       0x1c src/ASF/avr32/drivers/spi/spi.o
                0x80002496                spi_write
 *fill*         0x800024b2        0x2 d703d703
 .text._stext   0x800024b4       0x40 src/ASF/avr32/utils/startup/startup_uc3.o
                                 0x50 (size before relaxing)
                0x800024b4                _stext
 .text.gfx_Label
                0x800024f4      0x180 src/GFX/gfx.o
                0x800024f4                gfx_Label
 .text.gfx_DrawLine
                0x80002674      0x19c src/GFX/gfx.o
                0x80002674                gfx_DrawLine
 .text.gfx_DrawCircle
                0x80002810      0x2a0 src/GFX/gfx.o
                0x80002810                gfx_DrawCircle
 .text.mainMenu
                0x80002ab0      0x48c src/GFX/gui.o
                0x80002ab0                mainMenu
 .text.gui_loadingScreen
                0x80002f3c      0x1d4 src/GFX/gui.o
                0x80002f3c                gui_loadingScreen
 .text.gui_InitMenus
                0x80003110       0xcc src/GFX/gui.o
                0x80003110                gui_InitMenus
 .text.rectangle_GetArea
                0x800031dc       0x2a src/GFX/rectangle.o
                0x800031dc                rectangle_GetArea
 .text.rectangle_VerifySize
                0x80003206       0x2a src/GFX/rectangle.o
                0x80003206                rectangle_VerifySize
 .text.Rect     0x80003230        0xe src/GFX/rectangle.o
                0x80003230                Rect
 *fill*         0x8000323e        0x2 d703d703
 .text._writeRegister
                0x80003240       0x80 src/GFX/screen.o
 .text._setStart
                0x800032c0       0x20 src/GFX/screen.o
 .text._setLimits
                0x800032e0       0x30 src/GFX/screen.o
 .text._selectRegister
                0x80003310       0x48 src/GFX/screen.o
 .text._writeRAM
                0x80003358       0x4c src/GFX/screen.o
 .text.screen_SetPixels
                0x800033a4       0xa0 src/GFX/screen.o
                0x800033a4                screen_SetPixels
 .text.screen_SetPixel
                0x80003444       0x3c src/GFX/screen.o
                0x80003444                screen_SetPixel
 .text.screen_Init
                0x80003480      0x3dc src/GFX/screen.o
                0x80003480                screen_Init
 .text.vector2_Add
                0x8000385c       0x22 src/GFX/vector2.o
                0x8000385c                vector2_Add
 *fill*         0x8000387e        0x2 d703d703
 .text.mainCentre
                0x80003880       0x70 src/mainCentre.o
                0x80003880                mainCentre
 .text.sdcard_Init
                0x800038f0       0x88 src/SDCard/sdcard.o
                0x800038f0                sdcard_Init
 .text.sysclk_init
                0x80003978       0x94 src/config/conf_cpu.o
                0x80003978                sysclk_init
 .text.main     0x80003a0c        0xc src/main.o
                0x80003a0c                main
 .text.malloc   0x80003a18       0x10 c:/program files (x86)/atmel/studio/7.0/toolchain/avr32/avr32-gnu-toolchain/bin/../lib/gcc/avr32/4.4.7/../../../../avr32/lib/ucr2\libc.a(lib_a-malloc.o)
                                 0x18 (size before relaxing)
                0x80003a18                malloc
 .text._malloc_r
                0x80003a28      0x41c c:/program files (x86)/atmel/studio/7.0/toolchain/avr32/avr32-gnu-toolchain/bin/../lib/gcc/avr32/4.4.7/../../../../avr32/lib/ucr2\libc.a(lib_a-mallocr.o)
                                0x450 (size before relaxing)
                0x80003a28                _malloc_r
 .text          0x80003e44      0x148 c:/program files (x86)/atmel/studio/7.0/toolchain/avr32/avr32-gnu-toolchain/bin/../lib/gcc/avr32/4.4.7/../../../../avr32/lib/ucr2\libc.a(lib_a-memcpy.o)
                0x80003e44                memcpy
 .text.__malloc_lock
                0x80003f8c        0x2 c:/program files (x86)/atmel/studio/7.0/toolchain/avr32/avr32-gnu-toolchain/bin/../lib/gcc/avr32/4.4.7/../../../../avr32/lib/ucr2\libc.a(lib_a-mlock.o)
                0x80003f8c                __malloc_lock
 .text.__malloc_unlock
                0x80003f8e        0x2 c:/program files (x86)/atmel/studio/7.0/toolchain/avr32/avr32-gnu-toolchain/bin/../lib/gcc/avr32/4.4.7/../../../../avr32/lib/ucr2\libc.a(lib_a-mlock.o)
                0x80003f8e                __malloc_unlock
 .text._sbrk_r  0x80003f90       0x20 c:/program files (x86)/atmel/studio/7.0/toolchain/avr32/avr32-gnu-toolchain/bin/../lib/gcc/avr32/4.4.7/../../../../avr32/lib/ucr2\libc.a(lib_a-sbrkr.o)
                                 0x28 (size before relaxing)
                0x80003f90                _sbrk_r
 .text._sbrk    0x80003fb0       0x38 c:/program files (x86)/atmel/studio/7.0/toolchain/avr32/avr32-gnu-toolchain/bin/../lib/gcc/avr32/4.4.7/../../../../avr32/lib/ucr2\libc.a(lib_a-syscalls.o)
                                 0x40 (size before relaxing)
                0x80003fb0                _sbrk
 .text.__errno  0x80003fe8        0xc c:/program files (x86)/atmel/studio/7.0/toolchain/avr32/avr32-gnu-toolchain/bin/../lib/gcc/avr32/4.4.7/../../../../avr32/lib/ucr2\libc.a(lib_a-errno.o)
                0x80003fe8                __errno
 .text._malloc_trim_r
                0x80003ff4       0x88 c:/program files (x86)/atmel/studio/7.0/toolchain/avr32/avr32-gnu-toolchain/bin/../lib/gcc/avr32/4.4.7/../../../../avr32/lib/ucr2\libc.a(lib_a-freer.o)
                                 0xa8 (size before relaxing)
                0x80003ff4                _malloc_trim_r
 .text._free_r  0x8000407c      0x180 c:/program files (x86)/atmel/studio/7.0/toolchain/avr32/avr32-gnu-toolchain/bin/../lib/gcc/avr32/4.4.7/../../../../avr32/lib/ucr2\libc.a(lib_a-freer.o)
                                0x1a0 (size before relaxing)
                0x8000407c                _free_r
 *(.text.*personality*)
 *(.gnu.warning)

.exception      0x80004200      0x200
 .exception     0x80004200      0x200 src/ASF/avr32/drivers/intc/exception.o
                0x80004200                _evba
                0x80004304                _int0
                0x80004312                _int1
                0x80004320                _int2
                0x8000432e                _int3

.fini
 *(.fini)
                0x80004400                PROVIDE (__etext, .)
                0x80004400                PROVIDE (_etext, .)
                0x80004400                PROVIDE (etext, .)

.rodata         0x80004400     0x3468
 *(.rodata .rodata.* .gnu.linkonce.r.*)
 .rodata._int_handler_table
                0x80004400       0xa0 src/ASF/avr32/drivers/intc/intc.o
 .rodata.FONT8x8
                0x800044a0      0x308 src/GFX/fonts.o
                0x800044a0                FONT8x8
 .rodata.FONT16x12
                0x800047a8     0x2ee0 src/GFX/fonts.o
                0x800047a8                FONT16x12
 .rodata.C.52.11394
                0x80007688        0x4 src/GFX/gui.o
 .rodata.C.67.11452
                0x8000768c        0x4 src/GFX/gui.o
 .rodata.C.63.11448
                0x80007690        0x4 src/GFX/gui.o
 .rodata.C.75.11460
                0x80007694        0x4 src/GFX/gui.o
 .rodata.C.74.11459
                0x80007698        0x4 src/GFX/gui.o
 .rodata.C.61.11403
                0x8000769c        0x4 src/GFX/gui.o
 .rodata.C.56.11398
                0x800076a0        0x4 src/GFX/gui.o
 .rodata.C.50.11363
                0x800076a4        0x4 src/GFX/gui.o
 .rodata.C.53.11395
                0x800076a8        0x4 src/GFX/gui.o
 .rodata.C.68.11453
                0x800076ac        0x4 src/GFX/gui.o
 .rodata.C.70.11455
                0x800076b0        0x4 src/GFX/gui.o
 .rodata.C.57.11399
                0x800076b4        0x4 src/GFX/gui.o
 .rodata.C.59.11401
                0x800076b8        0x4 src/GFX/gui.o
 .rodata.C.64.11449
                0x800076bc        0x4 src/GFX/gui.o
 .rodata.C.54.11396
                0x800076c0        0x4 src/GFX/gui.o
 .rodata.C.71.11456
                0x800076c4        0x4 src/GFX/gui.o
 .rodata.C.65.11450
                0x800076c8        0x4 src/GFX/gui.o
 .rodata.C.72.11457
                0x800076cc        0x4 src/GFX/gui.o
 .rodata.C.49.11362
                0x800076d0        0x4 src/GFX/gui.o
 .rodata.C.55.11397
                0x800076d4        0x4 src/GFX/gui.o
 .rodata.C.51.11393
                0x800076d8        0x8 src/GFX/gui.o
 .rodata.C.66.11451
                0x800076e0        0x4 src/GFX/gui.o
 .rodata.C.62.11447
                0x800076e4        0x4 src/GFX/gui.o
 .rodata.C.69.11454
                0x800076e8        0x4 src/GFX/gui.o
 .rodata.C.73.11458
                0x800076ec        0x4 src/GFX/gui.o
 .rodata.C.60.11402
                0x800076f0        0x4 src/GFX/gui.o
 .rodata.C.58.11400
                0x800076f4        0x4 src/GFX/gui.o
 .rodata.str1.4
                0x800076f8       0xba src/GFX/gui.o
                                 0xbc (size before relaxing)
 *fill*         0x800077b2        0x2 
 .rodata.C.47.11308
                0x800077b4       0x20 src/GFX/screen.o
 .rodata.C.48.11309
                0x800077d4       0x10 src/GFX/screen.o
 .rodata.C.47.11345
                0x800077e4       0x20 src/SDCard/sdcard.o
 .rodata.str1.4
                0x80007804        0x4 c:/program files (x86)/atmel/studio/7.0/toolchain/avr32/avr32-gnu-toolchain/bin/../lib/gcc/avr32/4.4.7/../../../../avr32/lib/ucr2\libc.a(lib_a-impure.o)
 .rodata.__sf_fake_stdin
                0x80007808       0x20 c:/program files (x86)/atmel/studio/7.0/toolchain/avr32/avr32-gnu-toolchain/bin/../lib/gcc/avr32/4.4.7/../../../../avr32/lib/ucr2\libc.a(lib_a-findfp.o)
                0x80007808                __sf_fake_stdin
 .rodata.__sf_fake_stdout
                0x80007828       0x20 c:/program files (x86)/atmel/studio/7.0/toolchain/avr32/avr32-gnu-toolchain/bin/../lib/gcc/avr32/4.4.7/../../../../avr32/lib/ucr2\libc.a(lib_a-findfp.o)
                0x80007828                __sf_fake_stdout
 .rodata.__sf_fake_stderr
                0x80007848       0x20 c:/program files (x86)/atmel/studio/7.0/toolchain/avr32/avr32-gnu-toolchain/bin/../lib/gcc/avr32/4.4.7/../../../../avr32/lib/ucr2\libc.a(lib_a-findfp.o)
                0x80007848                __sf_fake_stderr

.rodata1
 *(.rodata1)

.eh_frame_hdr
 *(.eh_frame_hdr)

.eh_frame
 *(.eh_frame)

.gcc_except_table
 *(.gcc_except_table)
 *(.gcc_except_table.*)

.dalign         0x80007868        0x0
                0x80007868                . = ALIGN (0x8)
                0x80007868                PROVIDE (_data_lma, .)
                0x00000004                PROVIDE (_data, ORIGIN (CPUSRAM))
                0x00000004                . = ORIGIN (CPUSRAM)

.eh_frame
 *(.eh_frame)

.gcc_except_table
 *(.gcc_except_table)
 *(.gcc_except_table.*)

.tdata
 *(.tdata .tdata.* .gnu.linkonce.td.*)

.tbss
 *(.tbss .tbss.* .gnu.linkonce.tb.*)
 *(.tcommon)
                0x00000004                PROVIDE (__preinit_array_start, ALIGN (0x4))

.preinit_array
 *(.preinit_array)
                0x00000004                PROVIDE (__preinit_array_end, .)
                0x00000004                PROVIDE (__init_array_start, .)

.init_array
 *(.init_array)
                0x00000004                PROVIDE (__init_array_end, .)
                0x00000004                PROVIDE (__fini_array_start, .)

.fini_array
 *(.fini_array)
                0x00000004                PROVIDE (__fini_array_end, .)

.ctors
 *crtbegin*.o(.ctors)
 *(EXCLUDE_FILE(*crtend*.o) .ctors)
 *(SORT(.ctors.*))
 *(.ctors)

.dtors
 *crtbegin*.o(.dtors)
 *(EXCLUDE_FILE(*crtend*.o) .dtors)
 *(SORT(.dtors.*))
 *(.dtors)

.jcr
 *(.jcr)

.data.rel.ro
 *(.data.rel.ro.local)
 *(.data.rel.ro*)

.dynamic
 *(.dynamic)

.got
 *(.got.plt)
 *(.got)

.data           0x00000004      0x514 load address 0x80007868
 *(.data .data.* .gnu.linkonce.d.*)
 .data.sdOptions
                0x00000004       0x10 src/SDCard/sdcard.o
 .data.__malloc_av_
                0x00000014      0x408 c:/program files (x86)/atmel/studio/7.0/toolchain/avr32/avr32-gnu-toolchain/bin/../lib/gcc/avr32/4.4.7/../../../../avr32/lib/ucr2\libc.a(lib_a-mallocr.o)
                0x00000014                __malloc_av_
 .data.__malloc_trim_threshold
                0x0000041c        0x4 c:/program files (x86)/atmel/studio/7.0/toolchain/avr32/avr32-gnu-toolchain/bin/../lib/gcc/avr32/4.4.7/../../../../avr32/lib/ucr2\libc.a(lib_a-mallocr.o)
                0x0000041c                __malloc_trim_threshold
 .data.__malloc_sbrk_base
                0x00000420        0x4 c:/program files (x86)/atmel/studio/7.0/toolchain/avr32/avr32-gnu-toolchain/bin/../lib/gcc/avr32/4.4.7/../../../../avr32/lib/ucr2\libc.a(lib_a-mallocr.o)
                0x00000420                __malloc_sbrk_base
 .data.impure_data
                0x00000424       0xf0 c:/program files (x86)/atmel/studio/7.0/toolchain/avr32/avr32-gnu-toolchain/bin/../lib/gcc/avr32/4.4.7/../../../../avr32/lib/ucr2\libc.a(lib_a-impure.o)
 .data._impure_ptr
                0x00000514        0x4 c:/program files (x86)/atmel/studio/7.0/toolchain/avr32/avr32-gnu-toolchain/bin/../lib/gcc/avr32/4.4.7/../../../../avr32/lib/ucr2\libc.a(lib_a-impure.o)
                0x00000514                _impure_ptr
 *(.gnu.linkonce.d.*personality*)

.data1
 *(.data1)

.balign         0x00000518        0x0 load address 0x80007d7c
                0x00000518                . = ALIGN (0x8)
                0x00000518                _edata = .
                0x00000518                _edata = .
                0x00000518                PROVIDE (edata, .)
                0x00000518                __bss_start = .

.bss            0x00000518      0x118 load address 0x80007d7c
 *(.dynbss)
 *(.bss .bss.* .gnu.linkonce.b.*)
 .bss._int_line_handler_table_6
                0x00000518        0x4 src/ASF/avr32/drivers/intc/intc.o
 .bss._int_line_handler_table_7
                0x0000051c        0x4 src/ASF/avr32/drivers/intc/intc.o
 .bss._int_line_handler_table_8
                0x00000520        0x4 src/ASF/avr32/drivers/intc/intc.o
 .bss._int_line_handler_table_9
                0x00000524        0x4 src/ASF/avr32/drivers/intc/intc.o
 .bss._int_line_handler_table_10
                0x00000528        0x4 src/ASF/avr32/drivers/intc/intc.o
 .bss._int_line_handler_table_11
                0x0000052c        0x4 src/ASF/avr32/drivers/intc/intc.o
 .bss._int_line_handler_table_12
                0x00000530        0x4 src/ASF/avr32/drivers/intc/intc.o
 .bss._int_line_handler_table_13
                0x00000534        0x4 src/ASF/avr32/drivers/intc/intc.o
 .bss._int_line_handler_table_14
                0x00000538        0xc src/ASF/avr32/drivers/intc/intc.o
 .bss._int_line_handler_table_15
                0x00000544        0x4 src/ASF/avr32/drivers/intc/intc.o
 .bss._int_line_handler_table_16
                0x00000548        0x4 src/ASF/avr32/drivers/intc/intc.o
 .bss._int_line_handler_table_17
                0x0000054c        0x4 src/ASF/avr32/drivers/intc/intc.o
 .bss._int_line_handler_table_18
                0x00000550        0x4 src/ASF/avr32/drivers/intc/intc.o
 .bss._int_line_handler_table_19
                0x00000554        0x4 src/ASF/avr32/drivers/intc/intc.o
 .bss._int_line_handler_table_0
                0x00000558        0x4 src/ASF/avr32/drivers/intc/intc.o
 .bss._int_line_handler_table_1
                0x0000055c       0x2c src/ASF/avr32/drivers/intc/intc.o
 .bss._int_line_handler_table_2
                0x00000588       0x24 src/ASF/avr32/drivers/intc/intc.o
 .bss._int_line_handler_table_3
                0x000005ac       0x3c src/ASF/avr32/drivers/intc/intc.o
 .bss._int_line_handler_table_4
                0x000005e8        0x4 src/ASF/avr32/drivers/intc/intc.o
 .bss._int_line_handler_table_5
                0x000005ec        0x4 src/ASF/avr32/drivers/intc/intc.o
 .bss.__malloc_max_total_mem
                0x000005f0        0x4 c:/program files (x86)/atmel/studio/7.0/toolchain/avr32/avr32-gnu-toolchain/bin/../lib/gcc/avr32/4.4.7/../../../../avr32/lib/ucr2\libc.a(lib_a-mallocr.o)
                0x000005f0                __malloc_max_total_mem
 .bss.__malloc_max_sbrked_mem
                0x000005f4        0x4 c:/program files (x86)/atmel/studio/7.0/toolchain/avr32/avr32-gnu-toolchain/bin/../lib/gcc/avr32/4.4.7/../../../../avr32/lib/ucr2\libc.a(lib_a-mallocr.o)
                0x000005f4                __malloc_max_sbrked_mem
 .bss.__malloc_top_pad
                0x000005f8        0x4 c:/program files (x86)/atmel/studio/7.0/toolchain/avr32/avr32-gnu-toolchain/bin/../lib/gcc/avr32/4.4.7/../../../../avr32/lib/ucr2\libc.a(lib_a-mallocr.o)
                0x000005f8                __malloc_top_pad
 .bss.__malloc_current_mallinfo
                0x000005fc       0x28 c:/program files (x86)/atmel/studio/7.0/toolchain/avr32/avr32-gnu-toolchain/bin/../lib/gcc/avr32/4.4.7/../../../../avr32/lib/ucr2\libc.a(lib_a-mallocr.o)
                0x000005fc                __malloc_current_mallinfo
 .bss.cur_heap_pos.1869
                0x00000624        0x4 c:/program files (x86)/atmel/studio/7.0/toolchain/avr32/avr32-gnu-toolchain/bin/../lib/gcc/avr32/4.4.7/../../../../avr32/lib/ucr2\libc.a(lib_a-syscalls.o)
 *(COMMON)
 COMMON         0x00000628        0x4 src/GFX/gui.o
                0x00000628                menus
 COMMON         0x0000062c        0x4 c:/program files (x86)/atmel/studio/7.0/toolchain/avr32/avr32-gnu-toolchain/bin/../lib/gcc/avr32/4.4.7/../../../../avr32/lib/ucr2\libc.a(lib_a-reent.o)
                0x0000062c                errno
                0x00000630                . = ALIGN (0x8)
                0x00000630                . = ALIGN (0x8)
                0x00000630                _end = .
                0x00000630                PROVIDE (end, .)
                0x00000630                __heap_start__ = ALIGN (0x8)
                0x0000f000                . = ((ORIGIN (CPUSRAM) + 0xfffc) - _stack_size)
                0x0000f000                __heap_end__ = .

.stab
 *(.stab)

.stabstr
 *(.stabstr)

.stab.excl
 *(.stab.excl)

.stab.exclstr
 *(.stab.exclstr)

.stab.index
 *(.stab.index)

.stab.indexstr
 *(.stab.indexstr)

.comment        0x00000000       0x30
 *(.comment)
 .comment       0x00000000       0x30 src/ASF/avr32/drivers/flashc/flashc.o
                                 0x31 (size before relaxing)
 .comment       0x00000000       0x31 src/ASF/avr32/drivers/gpio/gpio.o
 .comment       0x00000000       0x31 src/ASF/avr32/drivers/intc/intc.o
 .comment       0x00000000       0x31 src/ASF/avr32/drivers/pm/pm.o
 .comment       0x00000000       0x31 src/ASF/avr32/drivers/pwm/pwm.o
 .comment       0x00000000       0x31 src/ASF/avr32/drivers/spi/spi.o
 .comment       0x00000000       0x31 src/GFX/fonts.o
 .comment       0x00000000       0x31 src/GFX/gfx.o
 .comment       0x00000000       0x31 src/GFX/gui.o
 .comment       0x00000000       0x31 src/GFX/rectangle.o
 .comment       0x00000000       0x31 src/GFX/screen.o
 .comment       0x00000000       0x31 src/GFX/vector2.o
 .comment       0x00000000       0x31 src/mainCentre.o
 .comment       0x00000000       0x31 src/SDCard/sdcard.o
 .comment       0x00000000       0x31 src/config/conf_cpu.o
 .comment       0x00000000       0x31 src/main.o
 .comment       0x00000000       0x31 c:/program files (x86)/atmel/studio/7.0/toolchain/avr32/avr32-gnu-toolchain/bin/../lib/gcc/avr32/4.4.7/../../../../avr32/lib/ucr2\libc.a(lib_a-malloc.o)
 .comment       0x00000000       0x31 c:/program files (x86)/atmel/studio/7.0/toolchain/avr32/avr32-gnu-toolchain/bin/../lib/gcc/avr32/4.4.7/../../../../avr32/lib/ucr2\libc.a(lib_a-mallocr.o)
 .comment       0x00000000       0x31 c:/program files (x86)/atmel/studio/7.0/toolchain/avr32/avr32-gnu-toolchain/bin/../lib/gcc/avr32/4.4.7/../../../../avr32/lib/ucr2\libc.a(lib_a-mlock.o)
 .comment       0x00000000       0x31 c:/program files (x86)/atmel/studio/7.0/toolchain/avr32/avr32-gnu-toolchain/bin/../lib/gcc/avr32/4.4.7/../../../../avr32/lib/ucr2\libc.a(lib_a-sbrkr.o)
 .comment       0x00000000       0x31 c:/program files (x86)/atmel/studio/7.0/toolchain/avr32/avr32-gnu-toolchain/bin/../lib/gcc/avr32/4.4.7/../../../../avr32/lib/ucr2\libc.a(lib_a-syscalls.o)
 .comment       0x00000000       0x31 c:/program files (x86)/atmel/studio/7.0/toolchain/avr32/avr32-gnu-toolchain/bin/../lib/gcc/avr32/4.4.7/../../../../avr32/lib/ucr2\libc.a(lib_a-errno.o)
 .comment       0x00000000       0x31 c:/program files (x86)/atmel/studio/7.0/toolchain/avr32/avr32-gnu-toolchain/bin/../lib/gcc/avr32/4.4.7/../../../../avr32/lib/ucr2\libc.a(lib_a-freer.o)
 .comment       0x00000000       0x31 c:/program files (x86)/atmel/studio/7.0/toolchain/avr32/avr32-gnu-toolchain/bin/../lib/gcc/avr32/4.4.7/../../../../avr32/lib/ucr2\libc.a(lib_a-impure.o)
 .comment       0x00000000       0x31 c:/program files (x86)/atmel/studio/7.0/toolchain/avr32/avr32-gnu-toolchain/bin/../lib/gcc/avr32/4.4.7/../../../../avr32/lib/ucr2\libc.a(lib_a-reent.o)
 .comment       0x00000000       0x31 c:/program files (x86)/atmel/studio/7.0/toolchain/avr32/avr32-gnu-toolchain/bin/../lib/gcc/avr32/4.4.7/../../../../avr32/lib/ucr2\libc.a(lib_a-findfp.o)

.debug
 *(.debug)

.line
 *(.line)

.debug_srcinfo
 *(.debug_srcinfo)

.debug_sfnames
 *(.debug_sfnames)

.debug_aranges  0x00000000      0xaa0
 *(.debug_aranges)
 .debug_aranges
                0x00000000      0x218 src/ASF/avr32/drivers/flashc/flashc.o
 .debug_aranges
                0x00000218      0x100 src/ASF/avr32/drivers/gpio/gpio.o
 .debug_aranges
                0x00000318       0x20 src/ASF/avr32/drivers/intc/exception.o
 .debug_aranges
                0x00000338       0x38 src/ASF/avr32/drivers/intc/intc.o
 .debug_aranges
                0x00000370      0x190 src/ASF/avr32/drivers/pm/pm.o
 .debug_aranges
                0x00000500       0x48 src/ASF/avr32/drivers/pwm/pwm.o
 .debug_aranges
                0x00000548       0xa8 src/ASF/avr32/drivers/spi/spi.o
 .debug_aranges
                0x000005f0       0x28 src/ASF/avr32/utils/startup/startup_uc3.o
 .debug_aranges
                0x00000618       0x20 src/ASF/avr32/utils/startup/trampoline_uc3.o
 .debug_aranges
                0x00000638       0x50 src/GFX/gfx.o
 .debug_aranges
                0x00000688       0x30 src/GFX/gui.o
 .debug_aranges
                0x000006b8       0x40 src/GFX/rectangle.o
 .debug_aranges
                0x000006f8       0x68 src/GFX/screen.o
 .debug_aranges
                0x00000760       0x20 src/GFX/vector2.o
 .debug_aranges
                0x00000780       0x20 src/mainCentre.o
 .debug_aranges
                0x000007a0       0x40 src/SDCard/sdcard.o
 .debug_aranges
                0x000007e0       0x20 src/config/conf_cpu.o
 .debug_aranges
                0x00000800       0x20 src/main.o
 .debug_aranges
                0x00000820       0x28 c:/program files (x86)/atmel/studio/7.0/toolchain/avr32/avr32-gnu-toolchain/bin/../lib/gcc/avr32/4.4.7/../../../../avr32/lib/ucr2\libc.a(lib_a-malloc.o)
 .debug_aranges
                0x00000848       0x20 c:/program files (x86)/atmel/studio/7.0/toolchain/avr32/avr32-gnu-toolchain/bin/../lib/gcc/avr32/4.4.7/../../../../avr32/lib/ucr2\libc.a(lib_a-mallocr.o)
 .debug_aranges
                0x00000868       0x28 c:/program files (x86)/atmel/studio/7.0/toolchain/avr32/avr32-gnu-toolchain/bin/../lib/gcc/avr32/4.4.7/../../../../avr32/lib/ucr2\libc.a(lib_a-mlock.o)
 .debug_aranges
                0x00000890       0x20 c:/program files (x86)/atmel/studio/7.0/toolchain/avr32/avr32-gnu-toolchain/bin/../lib/gcc/avr32/4.4.7/../../../../avr32/lib/ucr2\libc.a(lib_a-sbrkr.o)
 .debug_aranges
                0x000008b0       0xf8 c:/program files (x86)/atmel/studio/7.0/toolchain/avr32/avr32-gnu-toolchain/bin/../lib/gcc/avr32/4.4.7/../../../../avr32/lib/ucr2\libc.a(lib_a-syscalls.o)
 .debug_aranges
                0x000009a8       0x20 c:/program files (x86)/atmel/studio/7.0/toolchain/avr32/avr32-gnu-toolchain/bin/../lib/gcc/avr32/4.4.7/../../../../avr32/lib/ucr2\libc.a(lib_a-errno.o)
 .debug_aranges
                0x000009c8       0x28 c:/program files (x86)/atmel/studio/7.0/toolchain/avr32/avr32-gnu-toolchain/bin/../lib/gcc/avr32/4.4.7/../../../../avr32/lib/ucr2\libc.a(lib_a-freer.o)
 .debug_aranges
                0x000009f0       0x30 c:/program files (x86)/atmel/studio/7.0/toolchain/avr32/avr32-gnu-toolchain/bin/../lib/gcc/avr32/4.4.7/../../../../avr32/lib/ucr2\libc.a(lib_a-reent.o)
 .debug_aranges
                0x00000a20       0x80 c:/program files (x86)/atmel/studio/7.0/toolchain/avr32/avr32-gnu-toolchain/bin/../lib/gcc/avr32/4.4.7/../../../../avr32/lib/ucr2\libc.a(lib_a-findfp.o)

.debug_pubnames
                0x00000000     0x18f2
 *(.debug_pubnames)
 .debug_pubnames
                0x00000000      0x771 src/ASF/avr32/drivers/flashc/flashc.o
 .debug_pubnames
                0x00000771      0x330 src/ASF/avr32/drivers/gpio/gpio.o
 .debug_pubnames
                0x00000aa1       0x62 src/ASF/avr32/drivers/intc/intc.o
 .debug_pubnames
                0x00000b03      0x3ee src/ASF/avr32/drivers/pm/pm.o
 .debug_pubnames
                0x00000ef1       0x9a src/ASF/avr32/drivers/pwm/pwm.o
 .debug_pubnames
                0x00000f8b      0x178 src/ASF/avr32/drivers/spi/spi.o
 .debug_pubnames
                0x00001103       0x4a src/GFX/fonts.o
 .debug_pubnames
                0x0000114d       0x94 src/GFX/gfx.o
 .debug_pubnames
                0x000011e1       0x51 src/GFX/gui.o
 .debug_pubnames
                0x00001232       0x79 src/GFX/rectangle.o
 .debug_pubnames
                0x000012ab       0x80 src/GFX/screen.o
 .debug_pubnames
                0x0000132b       0x22 src/GFX/vector2.o
 .debug_pubnames
                0x0000134d       0x21 src/mainCentre.o
 .debug_pubnames
                0x0000136e       0x99 src/SDCard/sdcard.o
 .debug_pubnames
                0x00001407       0x22 src/config/conf_cpu.o
 .debug_pubnames
                0x00001429       0x1b src/main.o
 .debug_pubnames
                0x00001444       0x26 c:/program files (x86)/atmel/studio/7.0/toolchain/avr32/avr32-gnu-toolchain/bin/../lib/gcc/avr32/4.4.7/../../../../avr32/lib/ucr2\libc.a(lib_a-malloc.o)
 .debug_pubnames
                0x0000146a       0xce c:/program files (x86)/atmel/studio/7.0/toolchain/avr32/avr32-gnu-toolchain/bin/../lib/gcc/avr32/4.4.7/../../../../avr32/lib/ucr2\libc.a(lib_a-mallocr.o)
 .debug_pubnames
                0x00001538       0x38 c:/program files (x86)/atmel/studio/7.0/toolchain/avr32/avr32-gnu-toolchain/bin/../lib/gcc/avr32/4.4.7/../../../../avr32/lib/ucr2\libc.a(lib_a-mlock.o)
 .debug_pubnames
                0x00001570       0x1e c:/program files (x86)/atmel/studio/7.0/toolchain/avr32/avr32-gnu-toolchain/bin/../lib/gcc/avr32/4.4.7/../../../../avr32/lib/ucr2\libc.a(lib_a-sbrkr.o)
 .debug_pubnames
                0x0000158e      0x171 c:/program files (x86)/atmel/studio/7.0/toolchain/avr32/avr32-gnu-toolchain/bin/../lib/gcc/avr32/4.4.7/../../../../avr32/lib/ucr2\libc.a(lib_a-syscalls.o)
 .debug_pubnames
                0x000016ff       0x1e c:/program files (x86)/atmel/studio/7.0/toolchain/avr32/avr32-gnu-toolchain/bin/../lib/gcc/avr32/4.4.7/../../../../avr32/lib/ucr2\libc.a(lib_a-errno.o)
 .debug_pubnames
                0x0000171d       0x31 c:/program files (x86)/atmel/studio/7.0/toolchain/avr32/avr32-gnu-toolchain/bin/../lib/gcc/avr32/4.4.7/../../../../avr32/lib/ucr2\libc.a(lib_a-freer.o)
 .debug_pubnames
                0x0000174e       0x39 c:/program files (x86)/atmel/studio/7.0/toolchain/avr32/avr32-gnu-toolchain/bin/../lib/gcc/avr32/4.4.7/../../../../avr32/lib/ucr2\libc.a(lib_a-impure.o)
 .debug_pubnames
                0x00001787       0x52 c:/program files (x86)/atmel/studio/7.0/toolchain/avr32/avr32-gnu-toolchain/bin/../lib/gcc/avr32/4.4.7/../../../../avr32/lib/ucr2\libc.a(lib_a-reent.o)
 .debug_pubnames
                0x000017d9      0x119 c:/program files (x86)/atmel/studio/7.0/toolchain/avr32/avr32-gnu-toolchain/bin/../lib/gcc/avr32/4.4.7/../../../../avr32/lib/ucr2\libc.a(lib_a-findfp.o)

.debug_info     0x00000000    0x103be
 *(.debug_info .gnu.linkonce.wi.*)
 .debug_info    0x00000000     0x1c74 src/ASF/avr32/drivers/flashc/flashc.o
 .debug_info    0x00001c74      0xb1b src/ASF/avr32/drivers/gpio/gpio.o
 .debug_info    0x0000278f       0x86 src/ASF/avr32/drivers/intc/exception.o
 .debug_info    0x00002815      0x5b3 src/ASF/avr32/drivers/intc/intc.o
 .debug_info    0x00002dc8     0x1a59 src/ASF/avr32/drivers/pm/pm.o
 .debug_info    0x00004821      0xa08 src/ASF/avr32/drivers/pwm/pwm.o
 .debug_info    0x00005229     0x1090 src/ASF/avr32/drivers/spi/spi.o
 .debug_info    0x000062b9       0x85 src/ASF/avr32/utils/startup/startup_uc3.o
 .debug_info    0x0000633e       0x8c src/ASF/avr32/utils/startup/trampoline_uc3.o
 .debug_info    0x000063ca      0x184 src/GFX/fonts.o
 .debug_info    0x0000654e      0x521 src/GFX/gfx.o
 .debug_info    0x00006a6f      0x59c src/GFX/gui.o
 .debug_info    0x0000700b      0x23d src/GFX/rectangle.o
 .debug_info    0x00007248      0x92f src/GFX/screen.o
 .debug_info    0x00007b77      0x10d src/GFX/vector2.o
 .debug_info    0x00007c84      0x280 src/mainCentre.o
 .debug_info    0x00007f04     0x12e3 src/SDCard/sdcard.o
 .debug_info    0x000091e7      0xe2c src/config/conf_cpu.o
 .debug_info    0x0000a013       0xac src/main.o
 .debug_info    0x0000a0bf      0x8ea c:/program files (x86)/atmel/studio/7.0/toolchain/avr32/avr32-gnu-toolchain/bin/../lib/gcc/avr32/4.4.7/../../../../avr32/lib/ucr2\libc.a(lib_a-malloc.o)
 .debug_info    0x0000a9a9      0xc4e c:/program files (x86)/atmel/studio/7.0/toolchain/avr32/avr32-gnu-toolchain/bin/../lib/gcc/avr32/4.4.7/../../../../avr32/lib/ucr2\libc.a(lib_a-mallocr.o)
 .debug_info    0x0000b5f7      0x8cf c:/program files (x86)/atmel/studio/7.0/toolchain/avr32/avr32-gnu-toolchain/bin/../lib/gcc/avr32/4.4.7/../../../../avr32/lib/ucr2\libc.a(lib_a-mlock.o)
 .debug_info    0x0000bec6      0x8de c:/program files (x86)/atmel/studio/7.0/toolchain/avr32/avr32-gnu-toolchain/bin/../lib/gcc/avr32/4.4.7/../../../../avr32/lib/ucr2\libc.a(lib_a-sbrkr.o)
 .debug_info    0x0000c7a4      0x93a c:/program files (x86)/atmel/studio/7.0/toolchain/avr32/avr32-gnu-toolchain/bin/../lib/gcc/avr32/4.4.7/../../../../avr32/lib/ucr2\libc.a(lib_a-syscalls.o)
 .debug_info    0x0000d0de      0x8a6 c:/program files (x86)/atmel/studio/7.0/toolchain/avr32/avr32-gnu-toolchain/bin/../lib/gcc/avr32/4.4.7/../../../../avr32/lib/ucr2\libc.a(lib_a-errno.o)
 .debug_info    0x0000d984      0xb3d c:/program files (x86)/atmel/studio/7.0/toolchain/avr32/avr32-gnu-toolchain/bin/../lib/gcc/avr32/4.4.7/../../../../avr32/lib/ucr2\libc.a(lib_a-freer.o)
 .debug_info    0x0000e4c1      0x960 c:/program files (x86)/atmel/studio/7.0/toolchain/avr32/avr32-gnu-toolchain/bin/../lib/gcc/avr32/4.4.7/../../../../avr32/lib/ucr2\libc.a(lib_a-impure.o)
 .debug_info    0x0000ee21      0x973 c:/program files (x86)/atmel/studio/7.0/toolchain/avr32/avr32-gnu-toolchain/bin/../lib/gcc/avr32/4.4.7/../../../../avr32/lib/ucr2\libc.a(lib_a-reent.o)
 .debug_info    0x0000f794      0xc2a c:/program files (x86)/atmel/studio/7.0/toolchain/avr32/avr32-gnu-toolchain/bin/../lib/gcc/avr32/4.4.7/../../../../avr32/lib/ucr2\libc.a(lib_a-findfp.o)

.debug_abbrev   0x00000000     0x2e50
 *(.debug_abbrev)
 .debug_abbrev  0x00000000      0x331 src/ASF/avr32/drivers/flashc/flashc.o
 .debug_abbrev  0x00000331      0x28b src/ASF/avr32/drivers/gpio/gpio.o
 .debug_abbrev  0x000005bc       0x14 src/ASF/avr32/drivers/intc/exception.o
 .debug_abbrev  0x000005d0      0x1f2 src/ASF/avr32/drivers/intc/intc.o
 .debug_abbrev  0x000007c2      0x2d1 src/ASF/avr32/drivers/pm/pm.o
 .debug_abbrev  0x00000a93      0x19d src/ASF/avr32/drivers/pwm/pwm.o
 .debug_abbrev  0x00000c30      0x281 src/ASF/avr32/drivers/spi/spi.o
 .debug_abbrev  0x00000eb1       0x12 src/ASF/avr32/utils/startup/startup_uc3.o
 .debug_abbrev  0x00000ec3       0x14 src/ASF/avr32/utils/startup/trampoline_uc3.o
 .debug_abbrev  0x00000ed7       0x86 src/GFX/fonts.o
 .debug_abbrev  0x00000f5d      0x1e7 src/GFX/gfx.o
 .debug_abbrev  0x00001144      0x213 src/GFX/gui.o
 .debug_abbrev  0x00001357       0xf5 src/GFX/rectangle.o
 .debug_abbrev  0x0000144c      0x356 src/GFX/screen.o
 .debug_abbrev  0x000017a2       0x88 src/GFX/vector2.o
 .debug_abbrev  0x0000182a      0x133 src/mainCentre.o
 .debug_abbrev  0x0000195d      0x2ac src/SDCard/sdcard.o
 .debug_abbrev  0x00001c09      0x10d src/config/conf_cpu.o
 .debug_abbrev  0x00001d16       0x4e src/main.o
 .debug_abbrev  0x00001d64      0x178 c:/program files (x86)/atmel/studio/7.0/toolchain/avr32/avr32-gnu-toolchain/bin/../lib/gcc/avr32/4.4.7/../../../../avr32/lib/ucr2\libc.a(lib_a-malloc.o)
 .debug_abbrev  0x00001edc      0x205 c:/program files (x86)/atmel/studio/7.0/toolchain/avr32/avr32-gnu-toolchain/bin/../lib/gcc/avr32/4.4.7/../../../../avr32/lib/ucr2\libc.a(lib_a-mallocr.o)
 .debug_abbrev  0x000020e1      0x15b c:/program files (x86)/atmel/studio/7.0/toolchain/avr32/avr32-gnu-toolchain/bin/../lib/gcc/avr32/4.4.7/../../../../avr32/lib/ucr2\libc.a(lib_a-mlock.o)
 .debug_abbrev  0x0000223c      0x17f c:/program files (x86)/atmel/studio/7.0/toolchain/avr32/avr32-gnu-toolchain/bin/../lib/gcc/avr32/4.4.7/../../../../avr32/lib/ucr2\libc.a(lib_a-sbrkr.o)
 .debug_abbrev  0x000023bb      0x19a c:/program files (x86)/atmel/studio/7.0/toolchain/avr32/avr32-gnu-toolchain/bin/../lib/gcc/avr32/4.4.7/../../../../avr32/lib/ucr2\libc.a(lib_a-syscalls.o)
 .debug_abbrev  0x00002555      0x150 c:/program files (x86)/atmel/studio/7.0/toolchain/avr32/avr32-gnu-toolchain/bin/../lib/gcc/avr32/4.4.7/../../../../avr32/lib/ucr2\libc.a(lib_a-errno.o)
 .debug_abbrev  0x000026a5      0x1d9 c:/program files (x86)/atmel/studio/7.0/toolchain/avr32/avr32-gnu-toolchain/bin/../lib/gcc/avr32/4.4.7/../../../../avr32/lib/ucr2\libc.a(lib_a-freer.o)
 .debug_abbrev  0x0000287e      0x160 c:/program files (x86)/atmel/studio/7.0/toolchain/avr32/avr32-gnu-toolchain/bin/../lib/gcc/avr32/4.4.7/../../../../avr32/lib/ucr2\libc.a(lib_a-impure.o)
 .debug_abbrev  0x000029de      0x1e6 c:/program files (x86)/atmel/studio/7.0/toolchain/avr32/avr32-gnu-toolchain/bin/../lib/gcc/avr32/4.4.7/../../../../avr32/lib/ucr2\libc.a(lib_a-reent.o)
 .debug_abbrev  0x00002bc4      0x28c c:/program files (x86)/atmel/studio/7.0/toolchain/avr32/avr32-gnu-toolchain/bin/../lib/gcc/avr32/4.4.7/../../../../avr32/lib/ucr2\libc.a(lib_a-findfp.o)

.debug_line     0x00000000     0xb38e
 *(.debug_line)
 .debug_line    0x00000000      0xbc1 src/ASF/avr32/drivers/flashc/flashc.o
 .debug_line    0x00000bc1      0x8aa src/ASF/avr32/drivers/gpio/gpio.o
 .debug_line    0x0000146b      0x109 src/ASF/avr32/drivers/intc/exception.o
 .debug_line    0x00001574      0x678 src/ASF/avr32/drivers/intc/intc.o
 .debug_line    0x00001bec      0x9ad src/ASF/avr32/drivers/pm/pm.o
 .debug_line    0x00002599      0x6a9 src/ASF/avr32/drivers/pwm/pwm.o
 .debug_line    0x00002c42      0x7b4 src/ASF/avr32/drivers/spi/spi.o
 .debug_line    0x000033f6       0xf2 src/ASF/avr32/utils/startup/startup_uc3.o
 .debug_line    0x000034e8       0x67 src/ASF/avr32/utils/startup/trampoline_uc3.o
 .debug_line    0x0000354f      0x89a src/GFX/fonts.o
 .debug_line    0x00003de9      0x9ee src/GFX/gfx.o
 .debug_line    0x000047d7      0x9d8 src/GFX/gui.o
 .debug_line    0x000051af      0x915 src/GFX/rectangle.o
 .debug_line    0x00005ac4      0xa62 src/GFX/screen.o
 .debug_line    0x00006526      0x8bb src/GFX/vector2.o
 .debug_line    0x00006de1      0x960 src/mainCentre.o
 .debug_line    0x00007741      0x9d6 src/SDCard/sdcard.o
 .debug_line    0x00008117      0x8bd src/config/conf_cpu.o
 .debug_line    0x000089d4      0x8df src/main.o
 .debug_line    0x000092b3      0x255 c:/program files (x86)/atmel/studio/7.0/toolchain/avr32/avr32-gnu-toolchain/bin/../lib/gcc/avr32/4.4.7/../../../../avr32/lib/ucr2\libc.a(lib_a-malloc.o)
 .debug_line    0x00009508      0x571 c:/program files (x86)/atmel/studio/7.0/toolchain/avr32/avr32-gnu-toolchain/bin/../lib/gcc/avr32/4.4.7/../../../../avr32/lib/ucr2\libc.a(lib_a-mallocr.o)
 .debug_line    0x00009a79      0x1d4 c:/program files (x86)/atmel/studio/7.0/toolchain/avr32/avr32-gnu-toolchain/bin/../lib/gcc/avr32/4.4.7/../../../../avr32/lib/ucr2\libc.a(lib_a-mlock.o)
 .debug_line    0x00009c4d      0x258 c:/program files (x86)/atmel/studio/7.0/toolchain/avr32/avr32-gnu-toolchain/bin/../lib/gcc/avr32/4.4.7/../../../../avr32/lib/ucr2\libc.a(lib_a-sbrkr.o)
 .debug_line    0x00009ea5      0x58e c:/program files (x86)/atmel/studio/7.0/toolchain/avr32/avr32-gnu-toolchain/bin/../lib/gcc/avr32/4.4.7/../../../../avr32/lib/ucr2\libc.a(lib_a-syscalls.o)
 .debug_line    0x0000a433      0x1ce c:/program files (x86)/atmel/studio/7.0/toolchain/avr32/avr32-gnu-toolchain/bin/../lib/gcc/avr32/4.4.7/../../../../avr32/lib/ucr2\libc.a(lib_a-errno.o)
 .debug_line    0x0000a601      0x34c c:/program files (x86)/atmel/studio/7.0/toolchain/avr32/avr32-gnu-toolchain/bin/../lib/gcc/avr32/4.4.7/../../../../avr32/lib/ucr2\libc.a(lib_a-freer.o)
 .debug_line    0x0000a94d      0x1a8 c:/program files (x86)/atmel/studio/7.0/toolchain/avr32/avr32-gnu-toolchain/bin/../lib/gcc/avr32/4.4.7/../../../../avr32/lib/ucr2\libc.a(lib_a-impure.o)
 .debug_line    0x0000aaf5      0x2ec c:/program files (x86)/atmel/studio/7.0/toolchain/avr32/avr32-gnu-toolchain/bin/../lib/gcc/avr32/4.4.7/../../../../avr32/lib/ucr2\libc.a(lib_a-reent.o)
 .debug_line    0x0000ade1      0x5ad c:/program files (x86)/atmel/studio/7.0/toolchain/avr32/avr32-gnu-toolchain/bin/../lib/gcc/avr32/4.4.7/../../../../avr32/lib/ucr2\libc.a(lib_a-findfp.o)

.debug_frame    0x00000000     0x1b14
 *(.debug_frame)
 .debug_frame   0x00000000      0x6a4 src/ASF/avr32/drivers/flashc/flashc.o
 .debug_frame   0x000006a4      0x204 src/ASF/avr32/drivers/gpio/gpio.o
 .debug_frame   0x000008a8       0x64 src/ASF/avr32/drivers/intc/intc.o
 .debug_frame   0x0000090c      0x390 src/ASF/avr32/drivers/pm/pm.o
 .debug_frame   0x00000c9c       0x70 src/ASF/avr32/drivers/pwm/pwm.o
 .debug_frame   0x00000d0c      0x158 src/ASF/avr32/drivers/spi/spi.o
 .debug_frame   0x00000e64      0x1f8 src/GFX/gfx.o
 .debug_frame   0x0000105c      0x230 src/GFX/gui.o
 .debug_frame   0x0000128c       0x84 src/GFX/rectangle.o
 .debug_frame   0x00001310      0x140 src/GFX/screen.o
 .debug_frame   0x00001450       0x28 src/GFX/vector2.o
 .debug_frame   0x00001478       0x28 src/mainCentre.o
 .debug_frame   0x000014a0       0xdc src/SDCard/sdcard.o
 .debug_frame   0x0000157c       0x38 src/config/conf_cpu.o
 .debug_frame   0x000015b4       0x28 src/main.o
 .debug_frame   0x000015dc       0x40 c:/program files (x86)/atmel/studio/7.0/toolchain/avr32/avr32-gnu-toolchain/bin/../lib/gcc/avr32/4.4.7/../../../../avr32/lib/ucr2\libc.a(lib_a-malloc.o)
 .debug_frame   0x0000161c       0x40 c:/program files (x86)/atmel/studio/7.0/toolchain/avr32/avr32-gnu-toolchain/bin/../lib/gcc/avr32/4.4.7/../../../../avr32/lib/ucr2\libc.a(lib_a-mallocr.o)
 .debug_frame   0x0000165c       0x30 c:/program files (x86)/atmel/studio/7.0/toolchain/avr32/avr32-gnu-toolchain/bin/../lib/gcc/avr32/4.4.7/../../../../avr32/lib/ucr2\libc.a(lib_a-mlock.o)
 .debug_frame   0x0000168c       0x34 c:/program files (x86)/atmel/studio/7.0/toolchain/avr32/avr32-gnu-toolchain/bin/../lib/gcc/avr32/4.4.7/../../../../avr32/lib/ucr2\libc.a(lib_a-sbrkr.o)
 .debug_frame   0x000016c0      0x220 c:/program files (x86)/atmel/studio/7.0/toolchain/avr32/avr32-gnu-toolchain/bin/../lib/gcc/avr32/4.4.7/../../../../avr32/lib/ucr2\libc.a(lib_a-syscalls.o)
 .debug_frame   0x000018e0       0x20 c:/program files (x86)/atmel/studio/7.0/toolchain/avr32/avr32-gnu-toolchain/bin/../lib/gcc/avr32/4.4.7/../../../../avr32/lib/ucr2\libc.a(lib_a-errno.o)
 .debug_frame   0x00001900       0x58 c:/program files (x86)/atmel/studio/7.0/toolchain/avr32/avr32-gnu-toolchain/bin/../lib/gcc/avr32/4.4.7/../../../../avr32/lib/ucr2\libc.a(lib_a-freer.o)
 .debug_frame   0x00001958       0x80 c:/program files (x86)/atmel/studio/7.0/toolchain/avr32/avr32-gnu-toolchain/bin/../lib/gcc/avr32/4.4.7/../../../../avr32/lib/ucr2\libc.a(lib_a-reent.o)
 .debug_frame   0x000019d8      0x13c c:/program files (x86)/atmel/studio/7.0/toolchain/avr32/avr32-gnu-toolchain/bin/../lib/gcc/avr32/4.4.7/../../../../avr32/lib/ucr2\libc.a(lib_a-findfp.o)

.debug_str      0x00000000     0x35a2
 *(.debug_str)
 .debug_str     0x00000000      0xb4e src/ASF/avr32/drivers/flashc/flashc.o
                                0xc34 (size before relaxing)
 .debug_str     0x00000b4e      0x41c src/ASF/avr32/drivers/gpio/gpio.o
                                0x522 (size before relaxing)
 .debug_str     0x00000f6a      0x37d src/ASF/avr32/drivers/intc/intc.o
                                0x476 (size before relaxing)
 .debug_str     0x000012e7      0x7ad src/ASF/avr32/drivers/pm/pm.o
                                0x98e (size before relaxing)
 .debug_str     0x00001a94      0x200 src/ASF/avr32/drivers/pwm/pwm.o
                                0x330 (size before relaxing)
 .debug_str     0x00001c94      0x41e src/ASF/avr32/drivers/spi/spi.o
                                0x55b (size before relaxing)
 .debug_str     0x000020b2       0x37 src/GFX/fonts.o
                                0x125 (size before relaxing)
 .debug_str     0x000020e9      0x158 src/GFX/gfx.o
                                0x27a (size before relaxing)
 .debug_str     0x00002241      0x103 src/GFX/gui.o
                                0x265 (size before relaxing)
 .debug_str     0x00002344       0x7d src/GFX/rectangle.o
                                0x1b6 (size before relaxing)
 .debug_str     0x000023c1       0xff src/GFX/screen.o
                                0x3cc (size before relaxing)
 .debug_str     0x000024c0       0x21 src/GFX/vector2.o
                                0x11e (size before relaxing)
 .debug_str     0x000024e1       0x1f src/mainCentre.o
                                0x1d2 (size before relaxing)
 .debug_str     0x00002500      0x2ef src/SDCard/sdcard.o
                                0x613 (size before relaxing)
 .debug_str     0x000027ef       0x25 src/config/conf_cpu.o
                                0x463 (size before relaxing)
 .debug_str     0x00002814        0xe src/main.o
                                 0xef (size before relaxing)
 .debug_str     0x00002822      0x3a2 c:/program files (x86)/atmel/studio/7.0/toolchain/avr32/avr32-gnu-toolchain/bin/../lib/gcc/avr32/4.4.7/../../../../avr32/lib/ucr2\libc.a(lib_a-malloc.o)
                                0x4c4 (size before relaxing)
 .debug_str     0x00002bc4      0x23b c:/program files (x86)/atmel/studio/7.0/toolchain/avr32/avr32-gnu-toolchain/bin/../lib/gcc/avr32/4.4.7/../../../../avr32/lib/ucr2\libc.a(lib_a-mallocr.o)
                                0x699 (size before relaxing)
 .debug_str     0x00002dff       0xa0 c:/program files (x86)/atmel/studio/7.0/toolchain/avr32/avr32-gnu-toolchain/bin/../lib/gcc/avr32/4.4.7/../../../../avr32/lib/ucr2\libc.a(lib_a-mlock.o)
                                0x4cb (size before relaxing)
 .debug_str     0x00002e9f       0x83 c:/program files (x86)/atmel/studio/7.0/toolchain/avr32/avr32-gnu-toolchain/bin/../lib/gcc/avr32/4.4.7/../../../../avr32/lib/ucr2\libc.a(lib_a-sbrkr.o)
                                0x4b4 (size before relaxing)
 .debug_str     0x00002f22      0x32a c:/program files (x86)/atmel/studio/7.0/toolchain/avr32/avr32-gnu-toolchain/bin/../lib/gcc/avr32/4.4.7/../../../../avr32/lib/ucr2\libc.a(lib_a-syscalls.o)
                                0x43d (size before relaxing)
 .debug_str     0x0000324c       0x74 c:/program files (x86)/atmel/studio/7.0/toolchain/avr32/avr32-gnu-toolchain/bin/../lib/gcc/avr32/4.4.7/../../../../avr32/lib/ucr2\libc.a(lib_a-errno.o)
                                0x4ab (size before relaxing)
 .debug_str     0x000032c0       0x3c c:/program files (x86)/atmel/studio/7.0/toolchain/avr32/avr32-gnu-toolchain/bin/../lib/gcc/avr32/4.4.7/../../../../avr32/lib/ucr2\libc.a(lib_a-freer.o)
                                0x5eb (size before relaxing)
 .debug_str     0x000032fc       0xcb c:/program files (x86)/atmel/studio/7.0/toolchain/avr32/avr32-gnu-toolchain/bin/../lib/gcc/avr32/4.4.7/../../../../avr32/lib/ucr2\libc.a(lib_a-impure.o)
                                0x502 (size before relaxing)
 .debug_str     0x000033c7       0xa6 c:/program files (x86)/atmel/studio/7.0/toolchain/avr32/avr32-gnu-toolchain/bin/../lib/gcc/avr32/4.4.7/../../../../avr32/lib/ucr2\libc.a(lib_a-reent.o)
                                0x4e8 (size before relaxing)
 .debug_str     0x0000346d      0x135 c:/program files (x86)/atmel/studio/7.0/toolchain/avr32/avr32-gnu-toolchain/bin/../lib/gcc/avr32/4.4.7/../../../../avr32/lib/ucr2\libc.a(lib_a-findfp.o)
                                0x5dc (size before relaxing)

.debug_loc      0x00000000     0x411c
 *(.debug_loc)
 .debug_loc     0x00000000     0x10f4 src/ASF/avr32/drivers/flashc/flashc.o
 .debug_loc     0x000010f4      0x368 src/ASF/avr32/drivers/gpio/gpio.o
 .debug_loc     0x0000145c       0xd3 src/ASF/avr32/drivers/intc/intc.o
 .debug_loc     0x0000152f      0x559 src/ASF/avr32/drivers/pm/pm.o
 .debug_loc     0x00001a88       0xb4 src/ASF/avr32/drivers/pwm/pwm.o
 .debug_loc     0x00001b3c      0x3bd src/ASF/avr32/drivers/spi/spi.o
 .debug_loc     0x00001ef9      0x6ea src/GFX/gfx.o
 .debug_loc     0x000025e3      0x536 src/GFX/gui.o
 .debug_loc     0x00002b19       0x88 src/GFX/rectangle.o
 .debug_loc     0x00002ba1      0x29f src/GFX/screen.o
 .debug_loc     0x00002e40       0x1f src/GFX/vector2.o
 .debug_loc     0x00002e5f       0x3d src/mainCentre.o
 .debug_loc     0x00002e9c      0x311 src/SDCard/sdcard.o
 .debug_loc     0x000031ad       0x4f src/config/conf_cpu.o
 .debug_loc     0x000031fc       0x1f src/main.o
 .debug_loc     0x0000321b       0x64 c:/program files (x86)/atmel/studio/7.0/toolchain/avr32/avr32-gnu-toolchain/bin/../lib/gcc/avr32/4.4.7/../../../../avr32/lib/ucr2\libc.a(lib_a-malloc.o)
 .debug_loc     0x0000327f      0x59a c:/program files (x86)/atmel/studio/7.0/toolchain/avr32/avr32-gnu-toolchain/bin/../lib/gcc/avr32/4.4.7/../../../../avr32/lib/ucr2\libc.a(lib_a-mallocr.o)
 .debug_loc     0x00003819       0x63 c:/program files (x86)/atmel/studio/7.0/toolchain/avr32/avr32-gnu-toolchain/bin/../lib/gcc/avr32/4.4.7/../../../../avr32/lib/ucr2\libc.a(lib_a-sbrkr.o)
 .debug_loc     0x0000387c      0x268 c:/program files (x86)/atmel/studio/7.0/toolchain/avr32/avr32-gnu-toolchain/bin/../lib/gcc/avr32/4.4.7/../../../../avr32/lib/ucr2\libc.a(lib_a-syscalls.o)
 .debug_loc     0x00003ae4      0x32c c:/program files (x86)/atmel/studio/7.0/toolchain/avr32/avr32-gnu-toolchain/bin/../lib/gcc/avr32/4.4.7/../../../../avr32/lib/ucr2\libc.a(lib_a-freer.o)
 .debug_loc     0x00003e10      0x10a c:/program files (x86)/atmel/studio/7.0/toolchain/avr32/avr32-gnu-toolchain/bin/../lib/gcc/avr32/4.4.7/../../../../avr32/lib/ucr2\libc.a(lib_a-reent.o)
 .debug_loc     0x00003f1a      0x202 c:/program files (x86)/atmel/studio/7.0/toolchain/avr32/avr32-gnu-toolchain/bin/../lib/gcc/avr32/4.4.7/../../../../avr32/lib/ucr2\libc.a(lib_a-findfp.o)

.debug_macinfo  0x00000000   0xe2e838
 *(.debug_macinfo)
 .debug_macinfo
                0x00000000    0xe0b49 src/ASF/avr32/drivers/flashc/flashc.o
 .debug_macinfo
                0x000e0b49    0xe0c27 src/ASF/avr32/drivers/gpio/gpio.o
 .debug_macinfo
                0x001c1770    0xe0cd4 src/ASF/avr32/drivers/intc/intc.o
 .debug_macinfo
                0x002a2444    0xe0a91 src/ASF/avr32/drivers/pm/pm.o
 .debug_macinfo
                0x00382ed5    0xe0afc src/ASF/avr32/drivers/pwm/pwm.o
 .debug_macinfo
                0x004639d1    0xe0a75 src/ASF/avr32/drivers/spi/spi.o
 .debug_macinfo
                0x00544446    0xe4244 src/GFX/fonts.o
 .debug_macinfo
                0x0062868a    0xe437e src/GFX/gfx.o
 .debug_macinfo
                0x0070ca08    0xe439c src/GFX/gui.o
 .debug_macinfo
                0x007f0da4    0xe426a src/GFX/rectangle.o
 .debug_macinfo
                0x008d500e    0xe4996 src/GFX/screen.o
 .debug_macinfo
                0x009b99a4    0xe4256 src/GFX/vector2.o
 .debug_macinfo
                0x00a9dbfa    0xe4425 src/mainCentre.o
 .debug_macinfo
                0x00b8201f    0xe4255 src/SDCard/sdcard.o
 .debug_macinfo
                0x00c66274    0xe42da src/config/conf_cpu.o
 .debug_macinfo
                0x00d4a54e    0xe42ea src/main.o

.debug_weaknames
 *(.debug_weaknames)

.debug_funcnames
 *(.debug_funcnames)

.debug_typenames
 *(.debug_typenames)

.debug_varnames
 *(.debug_varnames)

.stack          0x0000f000     0x1000
                0x0000f000                _stack = .
 *(.stack)
                0x00001000                . = _stack_size
 *fill*         0x0000f000     0x1000 
                0x00010000                _estack = .

.userpage
 *(.userpage .userpage.*)

.factorypage
 *(.factorypage .factorypage.*)

/DISCARD/
 *(.note.GNU-stack)
OUTPUT(Command.elf elf32-avr32)

.debug_ranges   0x00000000      0xc50
 .debug_ranges  0x00000000      0x210 src/ASF/avr32/drivers/flashc/flashc.o
 .debug_ranges  0x00000210       0xf8 src/ASF/avr32/drivers/gpio/gpio.o
 .debug_ranges  0x00000308       0x48 src/ASF/avr32/drivers/intc/intc.o
 .debug_ranges  0x00000350      0x188 src/ASF/avr32/drivers/pm/pm.o
 .debug_ranges  0x000004d8       0x40 src/ASF/avr32/drivers/pwm/pwm.o
 .debug_ranges  0x00000518       0xa0 src/ASF/avr32/drivers/spi/spi.o
 .debug_ranges  0x000005b8       0x20 src/ASF/avr32/utils/startup/startup_uc3.o
 .debug_ranges  0x000005d8       0x78 src/GFX/gfx.o
 .debug_ranges  0x00000650       0xe8 src/GFX/gui.o
 .debug_ranges  0x00000738       0x38 src/GFX/rectangle.o
 .debug_ranges  0x00000770      0x168 src/GFX/screen.o
 .debug_ranges  0x000008d8       0x18 src/GFX/vector2.o
 .debug_ranges  0x000008f0       0x18 src/mainCentre.o
 .debug_ranges  0x00000908       0xa8 src/SDCard/sdcard.o
 .debug_ranges  0x000009b0       0x18 src/config/conf_cpu.o
 .debug_ranges  0x000009c8       0x18 src/main.o
 .debug_ranges  0x000009e0       0x20 c:/program files (x86)/atmel/studio/7.0/toolchain/avr32/avr32-gnu-toolchain/bin/../lib/gcc/avr32/4.4.7/../../../../avr32/lib/ucr2\libc.a(lib_a-malloc.o)
 .debug_ranges  0x00000a00       0x18 c:/program files (x86)/atmel/studio/7.0/toolchain/avr32/avr32-gnu-toolchain/bin/../lib/gcc/avr32/4.4.7/../../../../avr32/lib/ucr2\libc.a(lib_a-mallocr.o)
 .debug_ranges  0x00000a18       0x20 c:/program files (x86)/atmel/studio/7.0/toolchain/avr32/avr32-gnu-toolchain/bin/../lib/gcc/avr32/4.4.7/../../../../avr32/lib/ucr2\libc.a(lib_a-mlock.o)
 .debug_ranges  0x00000a38       0x18 c:/program files (x86)/atmel/studio/7.0/toolchain/avr32/avr32-gnu-toolchain/bin/../lib/gcc/avr32/4.4.7/../../../../avr32/lib/ucr2\libc.a(lib_a-sbrkr.o)
 .debug_ranges  0x00000a50       0xf0 c:/program files (x86)/atmel/studio/7.0/toolchain/avr32/avr32-gnu-toolchain/bin/../lib/gcc/avr32/4.4.7/../../../../avr32/lib/ucr2\libc.a(lib_a-syscalls.o)
 .debug_ranges  0x00000b40       0x18 c:/program files (x86)/atmel/studio/7.0/toolchain/avr32/avr32-gnu-toolchain/bin/../lib/gcc/avr32/4.4.7/../../../../avr32/lib/ucr2\libc.a(lib_a-errno.o)
 .debug_ranges  0x00000b58       0x20 c:/program files (x86)/atmel/studio/7.0/toolchain/avr32/avr32-gnu-toolchain/bin/../lib/gcc/avr32/4.4.7/../../../../avr32/lib/ucr2\libc.a(lib_a-freer.o)
 .debug_ranges  0x00000b78       0x28 c:/program files (x86)/atmel/studio/7.0/toolchain/avr32/avr32-gnu-toolchain/bin/../lib/gcc/avr32/4.4.7/../../../../avr32/lib/ucr2\libc.a(lib_a-reent.o)
 .debug_ranges  0x00000ba0       0xb0 c:/program files (x86)/atmel/studio/7.0/toolchain/avr32/avr32-gnu-toolchain/bin/../lib/gcc/avr32/4.4.7/../../../../avr32/lib/ucr2\libc.a(lib_a-findfp.o)
